Data filtering and preprocessing took 0.04 seconds.
Running seed: 6
Running seed: 13
Running seed: 42
Running seed: 69
Running seed: 100
Average scores:	 rmse: 72.85±11.28	 r2: 0.78±0.05
Filename: (ECFP3_count_512-COUNT)_(GPytorchMAP_TanimotoMatern32-Matern32_(count:x)+(fp:x))_hypOFF_Standard_Standard_random_fp_permutation_GPU
Data filtering and preprocessing took 0.03 seconds.
Running seed: 6
Running seed: 13
Running seed: 42
Running seed: 69
Running seed: 100
Average scores:	 rmse: 9.27±1.22	 r2: 0.67±0.12
Filename: (ECFP3_count_512-COUNT)_(GPytorchMAP_TanimotoMatern32-Matern32_(count:x)+(fp:x))_hypOFF_Standard_Standard_random_fp_permutation_GPU
Data filtering and preprocessing took 0.02 seconds.
Running seed: 6
Running seed: 13
Running seed: 42
Running seed: 69
Running seed: 100
Average scores:	 rmse: 10.78±1.36	 r2: 0.68±0.08
Filename: (ECFP3_count_512-COUNT)_(GPytorchMAP_TanimotoMatern32-Matern32_(count:x)+(fp:x))_hypOFF_Standard_Standard_random_fp_permutation_GPU
Data filtering and preprocessing took 0.02 seconds.
Running seed: 6
Running seed: 13
Running seed: 42
Running seed: 69
Running seed: 100
Average scores:	 rmse: 10.34±1.07	 r2: 0.35±0.09
Filename: (ECFP3_count_512-COUNT)_(GPytorchMAP_TanimotoMatern32-Matern32_(count:x)+(fp:x))_hypOFF_Standard_Standard_random_fp_permutation_GPU
Data filtering and preprocessing took 0.02 seconds.
Running seed: 6
Running seed: 13
Running seed: 42
Running seed: 69
Running seed: 100
Average scores:	 rmse: 10.34±1.27	 r2: 0.71±0.07
Filename: (ECFP3_count_512-COUNT)_(GPytorchMAP_TanimotoMatern32-Matern32_(count:x)+(fp:x))_hypOFF_Standard_Standard_random_fp_permutation_GPU
Data filtering and preprocessing took 0.02 seconds.
Running seed: 6
Running seed: 13
Running seed: 42
Running seed: 69
Running seed: 100
Average scores:	 rmse: 10.34±1.07	 r2: 0.35±0.09
Filename: (ECFP3_count_512-COUNT)_(GPytorchMAP_TanimotoMatern32-Matern32_(count:x)+(fp:x))_hypOFF_Standard_Standard_random_fp_permutation_GPU

------------------------------------------------------------
Sender: LSF System <lsfadmin@gpu26>
Subject: Job 286669: <gpmap_all_20260915_7> in cluster <Hazel> Done

Job <gpmap_all_20260915_7> was submitted from host <login02.hpc.ncsu.edu> by user <sdehgha2> in cluster <Hazel> at Tue Sep 15 01:56:07 2026
Job was executed on host(s) <gpu26>, in queue <gpu>, as user <sdehgha2> in cluster <Hazel> at Tue Sep 15 04:27:27 2026
</home/sdehgha2> was used as the home directory.
</share/ddomlab/sdehgha2/working_space/GP_collab/code_python/training/hpc_submit_training_GP> was used as the working directory.
Started at Tue Sep 15 04:27:27 2026
Terminated at Tue Sep 15 06:37:36 2026
Results reported at Tue Sep 15 06:37:36 2026

Your job looked like:

------------------------------------------------------------
# LSBATCH: User input
#BSUB -n 1
#BSUB -W 20:20
#BSUB -q gpu
#BSUB -gpu "num=1:mode=shared:mps=no"
#BSUB -R "rusage[mem=32GB]"
#BSUB -R "select[a10 || a30 || a100 || l40 || h100]"
#BSUB -J "gpmap_all_20260915_7"
#BSUB -o "/share/ddomlab/sdehgha2/working_space/GP_collab/results/HPC_history/hpc_20260915/Understanding and Designing a High-Performance Ultrafiltration Membrane Using Machine Learning/GPytorchMAP_cleaned_dataset_Ultrafiltration_Membrane_imputed_TanimotoMatern32_Matern32_(count:x)+(fp:x)_GPU.out"
#BSUB -e "/share/ddomlab/sdehgha2/working_space/GP_collab/results/HPC_history/hpc_20260915/Understanding and Designing a High-Performance Ultrafiltration Membrane Using Machine Learning/GPytorchMAP_cleaned_dataset_Ultrafiltration_Membrane_imputed_TanimotoMatern32_Matern32_(count:x)+(fp:x)_GPU.err"

source ~/.bashrc
module load cuda/12.1
module load gcc/9.3.0
conda activate /usr/local/usrapps/ddomlab/sdehgha2/env12

python ../train_structure_numerical.py --K_fp "TanimotoMatern32"                                         --K_count "Matern32"                                         --Kernel_mixing_method "(count:x)+(fp:x)"                                         --paper "Understanding and Designing a High-Performance Ultrafiltration Membrane Using Machine Learning"                                         --dataset "cleaned_dataset_Ultrafiltration Membrane_imputed"                                         --regressor_type "GPytorchMAP"

------------------------------------------------------------

Successfully completed.

Resource usage summary:

    CPU time :                                   7769.29 sec.
    Max Memory :                                 1 GB
    Average Memory :                             1.00 GB
    Total Requested Memory :                     32.00 GB
    Delta Memory :                               31.00 GB
    Max Swap :                                   -
    Max Processes :                              5
    Max Threads :                                9
    Run time :                                   7828 sec.
    Turnaround time :                            16889 sec.

The output (if any) is above this job summary.



PS:

Read file </share/ddomlab/sdehgha2/working_space/GP_collab/results/HPC_history/hpc_20260915/Understanding and Designing a High-Performance Ultrafiltration Membrane Using Machine Learning/GPytorchMAP_cleaned_dataset_Ultrafiltration_Membrane_imputed_TanimotoMatern32_Matern32_(count:x)+(fp:x)_GPU.err> for stderr output of this job.

