
------------------------------------------------------------
Sender: LSF System <lsfadmin@gpu17>
Subject: Job 991601: <structure_numerical_20260811> in cluster <Hazel> Exited

Job <structure_numerical_20260811> was submitted from host <gpu17> by user <sdehgha2> in cluster <Hazel> at Tue Aug 11 01:23:00 2026
Job was executed on host(s) <gpu17>, in queue <gpu>, as user <sdehgha2> in cluster <Hazel> at Tue Aug 11 01:23:00 2026
</home/sdehgha2> was used as the home directory.
</share/ddomlab/sdehgha2/working_space/GP_collab/code_python/training/hpc_submit_training_GP> was used as the working directory.
Started at Tue Aug 11 01:23:00 2026
Terminated at Tue Aug 11 01:23:57 2026
Results reported at Tue Aug 11 01:23:57 2026

Your job looked like:

------------------------------------------------------------
# LSBATCH: User input


#BSUB -n 1
#BSUB -W 40
#BSUB -q gpu
#BSUB -gpu "num=1:mode=shared:mps=no"
#BSUB -R "rusage[mem=32GB]"
#BSUB -J "structure_numerical_20260811"
#BSUB -o "/share/ddomlab/sdehgha2/working_space/GP_collab/results/HPC_history/hpc_20260811/Robust Learning from Literature Data_Model Generalizability and Uncertainty for Predicting Conjugated Polymer Solution Conformation/GPytorchMAP_TanimotoMatern32_Matern32_(count:x)+(fp:x)_GPU.out"
#BSUB -e "/share/ddomlab/sdehgha2/working_space/GP_collab/results/HPC_history/hpc_20260811/Robust Learning from Literature Data_Model Generalizability and Uncertainty for Predicting Conjugated Polymer Solution Conformation/GPytorchMAP_TanimotoMatern32_Matern32_(count:x)+(fp:x)_GPU.err"

source ~/.bashrc
module load cuda/12.1
module load gcc/9.3.0
conda activate /usr/local/usrapps/ddomlab/sdehgha2/env12

python ../train_structure_numerical.py --K_fp TanimotoMatern32                                         --K_count Matern32                                         --Kernel_mixing_method "(count:x)+(fp:x)"                                         --paper "Robust Learning from Literature Data_Model Generalizability and Uncertainty for Predicting Conjugated Polymer Solution Conformation"                                         --dataset "Rg data with clusters aging imputed"                                         --regressor_type "GPytorchMAP" 


------------------------------------------------------------

Exited with exit code 1.

Resource usage summary:

    CPU time :                                   13.93 sec.
    Max Memory :                                 -
    Average Memory :                             -
    Total Requested Memory :                     32.00 GB
    Delta Memory :                               -
    Max Swap :                                   -
    Max Processes :                              4
    Max Threads :                                5
    Run time :                                   35 sec.
    Turnaround time :                            57 sec.

The output (if any) is above this job summary.



PS:

Read file </share/ddomlab/sdehgha2/working_space/GP_collab/results/HPC_history/hpc_20260811/Robust Learning from Literature Data_Model Generalizability and Uncertainty for Predicting Conjugated Polymer Solution Conformation/GPytorchMAP_TanimotoMatern32_Matern32_(count:x)+(fp:x)_GPU.err> for stderr output of this job.


------------------------------------------------------------
Sender: LSF System <lsfadmin@gpu16>
Subject: Job 991666: <structure_numerical_20260811> in cluster <Hazel> Exited

Job <structure_numerical_20260811> was submitted from host <gpu16> by user <sdehgha2> in cluster <Hazel> at Tue Aug 11 05:31:19 2026
Job was executed on host(s) <gpu16>, in queue <gpu>, as user <sdehgha2> in cluster <Hazel> at Tue Aug 11 05:31:20 2026
</home/sdehgha2> was used as the home directory.
</share/ddomlab/sdehgha2/working_space/GP_collab/code_python/training/hpc_submit_training_GP> was used as the working directory.
Started at Tue Aug 11 05:31:20 2026
Terminated at Tue Aug 11 05:31:20 2026
Results reported at Tue Aug 11 05:31:20 2026
Cannot open your job file: /home/sdehgha2/.lsbatch/1786440679.991666
Exited.


The output (if any) is above this job summary.



PS:

Read file </share/ddomlab/sdehgha2/working_space/GP_collab/results/HPC_history/hpc_20260811/Robust Learning from Literature Data_Model Generalizability and Uncertainty for Predicting Conjugated Polymer Solution Conformation/GPytorchMAP_TanimotoMatern32_Matern32_(count:x)+(fp:x)_GPU.err> for stderr output of this job.

