MGK regressor, only scaling numerical features
Running seed: 6

------------------------------------------------------------
Sender: LSF System <lsfadmin@gpu33>
Subject: Job 992470: <structure_numerical_20260811> in cluster <Hazel> Exited

Job <structure_numerical_20260811> was submitted from host <gpu33> by user <sdehgha2> in cluster <Hazel> at Tue Aug 11 14:02:53 2026
Job was executed on host(s) <gpu33>, in queue <short_gpu>, as user <sdehgha2> in cluster <Hazel> at Tue Aug 11 14:02:53 2026
</home/sdehgha2> was used as the home directory.
</share/ddomlab/sdehgha2/working_space/GP_collab/code_python/training/hpc_submit_training_GP> was used as the working directory.
Started at Tue Aug 11 14:02:53 2026
Terminated at Tue Aug 11 14:03:32 2026
Results reported at Tue Aug 11 14:03:32 2026

Your job looked like:

------------------------------------------------------------
# LSBATCH: User input



#BSUB -n 1
#BSUB -W 1:05
#BSUB -q "short_gpu"
#BSUB -gpu "num=1:mode=shared:mps=no"
#BSUB -R "rusage[mem=32GB]"
#BSUB -R "select[a10 || a30 || a100 || l40 || h100]"
#BSUB -J "structure_numerical_20260811"
#BSUB -o "/share/ddomlab/sdehgha2/working_space/GP_collab/results/HPC_history/hpc_20260811/Robust Learning from Literature Data_Model Generalizability and Uncertainty for Predicting Conjugated Polymer Solution Conformation/MGK_(count:+)x(graph:x)_per_feature_GPU.out"
#BSUB -e "/share/ddomlab/sdehgha2/working_space/GP_collab/results/HPC_history/hpc_20260811/Robust Learning from Literature Data_Model Generalizability and Uncertainty for Predicting Conjugated Polymer Solution Conformation/MGK_(count:+)x(graph:x)_per_feature_GPU.err"

source ~/.bashrc
module load cuda/12.1
module load gcc/9.3.0
conda activate /usr/local/usrapps/ddomlab/sdehgha2/env12

python ../train_structure_numerical.py  --K_fp Graph                                         --K_count Matern32                                         --Kernel_mixing_method "(count:+)x(graph:x)"                                         --paper "Robust Learning from Literature Data_Model Generalizability and Uncertainty for Predicting Conjugated Polymer Solution Conformation"                                         --dataset "Rg data with clusters aging imputed"                                         --kernel_feature_mode per_feature                                         --regressor_type "MGK" 



------------------------------------------------------------

Exited with exit code 1.

Resource usage summary:

    CPU time :                                   28.43 sec.
    Max Memory :                                 1 GB
    Average Memory :                             0.75 GB
    Total Requested Memory :                     32.00 GB
    Delta Memory :                               31.00 GB
    Max Swap :                                   -
    Max Processes :                              10
    Max Threads :                                15
    Run time :                                   39 sec.
    Turnaround time :                            39 sec.

The output (if any) is above this job summary.



PS:

Read file </share/ddomlab/sdehgha2/working_space/GP_collab/results/HPC_history/hpc_20260811/Robust Learning from Literature Data_Model Generalizability and Uncertainty for Predicting Conjugated Polymer Solution Conformation/MGK_(count:+)x(graph:x)_per_feature_GPU.err> for stderr output of this job.

MGK regressor, only scaling numerical features
Running seed: 6
Running seed: 13
Running seed: 42
Average scores:	 rmse: 0.21±0.05	 r2: 0.87±0.05
Filename: (MG-COUNT)_(MGK_Graph-Matern32_(count:+)x(graph:x))_hypOFF_Standard_Standard_GPU

------------------------------------------------------------
Sender: LSF System <lsfadmin@gpu33>
Subject: Job 992483: <structure_numerical_20260811> in cluster <Hazel> Done

Job <structure_numerical_20260811> was submitted from host <gpu33> by user <sdehgha2> in cluster <Hazel> at Tue Aug 11 14:18:35 2026
Job was executed on host(s) <gpu33>, in queue <short_gpu>, as user <sdehgha2> in cluster <Hazel> at Tue Aug 11 14:18:35 2026
</home/sdehgha2> was used as the home directory.
</share/ddomlab/sdehgha2/working_space/GP_collab/code_python/training/hpc_submit_training_GP> was used as the working directory.
Started at Tue Aug 11 14:18:35 2026
Terminated at Tue Aug 11 14:26:40 2026
Results reported at Tue Aug 11 14:26:40 2026

Your job looked like:

------------------------------------------------------------
# LSBATCH: User input



#BSUB -n 1
#BSUB -W 1:05
#BSUB -q "short_gpu"
#BSUB -gpu "num=1:mode=shared:mps=no"
#BSUB -R "rusage[mem=32GB]"
#BSUB -R "select[a10 || a30 || a100 || l40 || h100]"
#BSUB -J "structure_numerical_20260811"
#BSUB -o "/share/ddomlab/sdehgha2/working_space/GP_collab/results/HPC_history/hpc_20260811/Robust Learning from Literature Data_Model Generalizability and Uncertainty for Predicting Conjugated Polymer Solution Conformation/MGK_(count:+)x(graph:x)_per_feature_GPU.out"
#BSUB -e "/share/ddomlab/sdehgha2/working_space/GP_collab/results/HPC_history/hpc_20260811/Robust Learning from Literature Data_Model Generalizability and Uncertainty for Predicting Conjugated Polymer Solution Conformation/MGK_(count:+)x(graph:x)_per_feature_GPU.err"

source ~/.bashrc
module load cuda/12.1
module load gcc/9.3.0
conda activate /usr/local/usrapps/ddomlab/sdehgha2/env12

python ../train_structure_numerical.py  --K_fp Graph                                         --K_count Matern32                                         --Kernel_mixing_method "(count:+)x(graph:x)"                                         --paper "Robust Learning from Literature Data_Model Generalizability and Uncertainty for Predicting Conjugated Polymer Solution Conformation"                                         --dataset "Rg data with clusters aging imputed"                                         --kernel_feature_mode per_feature                                         --regressor_type "MGK" 



------------------------------------------------------------

Successfully completed.

Resource usage summary:

    CPU time :                                   475.41 sec.
    Max Memory :                                 1 GB
    Average Memory :                             0.94 GB
    Total Requested Memory :                     32.00 GB
    Delta Memory :                               31.00 GB
    Max Swap :                                   -
    Max Processes :                              10
    Max Threads :                                16
    Run time :                                   485 sec.
    Turnaround time :                            485 sec.

The output (if any) is above this job summary.



PS:

Read file </share/ddomlab/sdehgha2/working_space/GP_collab/results/HPC_history/hpc_20260811/Robust Learning from Literature Data_Model Generalizability and Uncertainty for Predicting Conjugated Polymer Solution Conformation/MGK_(count:+)x(graph:x)_per_feature_GPU.err> for stderr output of this job.

