Running seed: 6
Running seed: 13
Running seed: 42
Average scores:	 rmse: 6.86±0.51	 r2: 0.95±0.01
Filename: (ECFP3_count_512-COUNT)_(GpyroHMC_TanimotoMatern32-Matern32_product)_hypOFF_Standard_Standard

------------------------------------------------------------
Sender: LSF System <lsfadmin@c047n03>
Subject: Job 373344: <structure_numerical_20260601> in cluster <Hazel> Done

Job <structure_numerical_20260601> was submitted from host <c044n04> by user <sdehgha2> in cluster <Hazel> at Mon Jun  1 22:43:14 2026
Job was executed on host(s) <4*c047n03>, in queue <short>, as user <sdehgha2> in cluster <Hazel> at Mon Jun  1 22:43:15 2026
</home/sdehgha2> was used as the home directory.
</share/ddomlab/sdehgha2/working_space/GP_collab/code_python/training/hpc_submit_training_GP> was used as the working directory.
Started at Mon Jun  1 22:43:15 2026
Terminated at Mon Jun  1 23:59:00 2026
Results reported at Mon Jun  1 23:59:00 2026

Your job looked like:

------------------------------------------------------------
# LSBATCH: User input

#BSUB -n 4
#BSUB -W 1:20
#BSUB -R span[hosts=1]
#BSUB -R "rusage[mem=32GB]"
#BSUB -J "structure_numerical_20260601"
#BSUB -o "/share/ddomlab/sdehgha2/working_space/GP_collab/results/HPC_history/hpc_20260601/Miniaturization of Popular Reactions from the Medicinal Chemists Toolbox for Ultrahigh_Throughput Experimentation/GpyroHMC_TanimotoMatern32_Matern32_product.out"
#BSUB -e "/share/ddomlab/sdehgha2/working_space/GP_collab/results/HPC_history/hpc_20260601/Miniaturization of Popular Reactions from the Medicinal Chemists Toolbox for Ultrahigh_Throughput Experimentation/GpyroHMC_TanimotoMatern32_Matern32_product.err"

source ~/.bashrc
conda activate /usr/local/usrapps/ddomlab/sdehgha2/env12
python ../train_structure_numerical.py --K_fp TanimotoMatern32                                         --K_count Matern32                                         --Kernel_mixing_method product                                         --dataset "cleaned_suzuki_synthesis"                                         --paper "Miniaturization of Popular Reactions from the Medicinal Chemists Toolbox for Ultrahigh_Throughput Experimentation"                                         --regressor_type "GpyroHMC" 



------------------------------------------------------------

Successfully completed.

Resource usage summary:

    CPU time :                                   4521.81 sec.
    Max Memory :                                 5 GB
    Average Memory :                             2.61 GB
    Total Requested Memory :                     32.00 GB
    Delta Memory :                               27.00 GB
    Max Swap :                                   -
    Max Processes :                              4
    Max Threads :                                6
    Run time :                                   4564 sec.
    Turnaround time :                            4546 sec.

The output (if any) is above this job summary.



PS:

Read file </share/ddomlab/sdehgha2/working_space/GP_collab/results/HPC_history/hpc_20260601/Miniaturization of Popular Reactions from the Medicinal Chemists Toolbox for Ultrahigh_Throughput Experimentation/GpyroHMC_TanimotoMatern32_Matern32_product.err> for stderr output of this job.

