Running seed: 6

------------------------------------------------------------
Sender: LSF System <lsfadmin@gpu11>
Subject: Job 406166: <structure_numerical_20260605> in cluster <Hazel> Exited

Job <structure_numerical_20260605> was submitted from host <gpu10> by user <sdehgha2> in cluster <Hazel> at Fri Jun  5 10:20:18 2026
Job was executed on host(s) <gpu11>, in queue <gpu>, as user <sdehgha2> in cluster <Hazel> at Fri Jun  5 10:53:58 2026
</home/sdehgha2> was used as the home directory.
</share/ddomlab/sdehgha2/working_space/GP_collab/code_python/training/hpc_submit_training_GP> was used as the working directory.
Started at Fri Jun  5 10:53:58 2026
Terminated at Fri Jun  5 10:54:44 2026
Results reported at Fri Jun  5 10:54:44 2026

Your job looked like:

------------------------------------------------------------
# LSBATCH: User input

#BSUB -n 1
#BSUB -W 35:35
#BSUB -q gpu
#BSUB -R "select[a10]"
#BSUB -gpu "num=1:mode=shared:mps=no"
#BSUB -R "rusage[mem=16GB]"
#BSUB -J "structure_numerical_20260605"
#BSUB -o "/share/ddomlab/sdehgha2/working_space/GP_collab/results/HPC_history/hpc_20260605/Machine Learning for Polymer Design to Enhance Pervaporation-Based Organic Recovery/GpyroHMC_TanimotoMatern32_Matern32_product_GPU.out"
#BSUB -e "/share/ddomlab/sdehgha2/working_space/GP_collab/results/HPC_history/hpc_20260605/Machine Learning for Polymer Design to Enhance Pervaporation-Based Organic Recovery/GpyroHMC_TanimotoMatern32_Matern32_product_GPU.err"

source ~/.bashrc
module load cuda/12.1
module load gcc/9.3.0
conda activate /usr/local/usrapps/ddomlab/sdehgha2/env12

python ../train_structure_numerical.py --K_fp TanimotoMatern32                                         --K_count Matern32                                         --Kernel_mixing_method product                                         --dataset "separation_data_imputed"                                         --paper "Machine Learning for Polymer Design to Enhance Pervaporation-Based Organic Recovery"                                         --regressor_type "GpyroHMC" 




------------------------------------------------------------

Exited with exit code 1.

Resource usage summary:

    CPU time :                                   15.22 sec.
    Max Memory :                                 -
    Average Memory :                             -
    Total Requested Memory :                     16.00 GB
    Delta Memory :                               -
    Max Swap :                                   -
    Max Processes :                              4
    Max Threads :                                6
    Run time :                                   46 sec.
    Turnaround time :                            2066 sec.

The output (if any) is above this job summary.



PS:

Read file </share/ddomlab/sdehgha2/working_space/GP_collab/results/HPC_history/hpc_20260605/Machine Learning for Polymer Design to Enhance Pervaporation-Based Organic Recovery/GpyroHMC_TanimotoMatern32_Matern32_product_GPU.err> for stderr output of this job.

Running seed: 6
Running seed: 13
Running seed: 42
Average scores:	 rmse: 0.27±0.02	 r2: 0.87±0.02
Filename: (ECFP3_count_512-COUNT)_(GpyroHMC_TanimotoMatern32-Matern32_product)_hypOFF_Standard_Standard_GPU

------------------------------------------------------------
Sender: LSF System <lsfadmin@gpu10>
Subject: Job 406164: <structure_numerical_20260605> in cluster <Hazel> Done

Job <structure_numerical_20260605> was submitted from host <gpu10> by user <sdehgha2> in cluster <Hazel> at Fri Jun  5 10:20:16 2026
Job was executed on host(s) <gpu10>, in queue <gpu>, as user <sdehgha2> in cluster <Hazel> at Fri Jun  5 10:53:00 2026
</home/sdehgha2> was used as the home directory.
</share/ddomlab/sdehgha2/working_space/GP_collab/code_python/training/hpc_submit_training_GP> was used as the working directory.
Started at Fri Jun  5 10:53:00 2026
Terminated at Fri Jun  5 11:36:37 2026
Results reported at Fri Jun  5 11:36:37 2026

Your job looked like:

------------------------------------------------------------
# LSBATCH: User input

#BSUB -n 1
#BSUB -W 35:35
#BSUB -q gpu
#BSUB -R "select[a10]"
#BSUB -gpu "num=1:mode=shared:mps=no"
#BSUB -R "rusage[mem=16GB]"
#BSUB -J "structure_numerical_20260605"
#BSUB -o "/share/ddomlab/sdehgha2/working_space/GP_collab/results/HPC_history/hpc_20260605/Machine Learning for Polymer Design to Enhance Pervaporation-Based Organic Recovery/GpyroHMC_TanimotoMatern32_Matern32_product_GPU.out"
#BSUB -e "/share/ddomlab/sdehgha2/working_space/GP_collab/results/HPC_history/hpc_20260605/Machine Learning for Polymer Design to Enhance Pervaporation-Based Organic Recovery/GpyroHMC_TanimotoMatern32_Matern32_product_GPU.err"

source ~/.bashrc
module load cuda/12.1
module load gcc/9.3.0
conda activate /usr/local/usrapps/ddomlab/sdehgha2/env12

python ../train_structure_numerical.py --K_fp TanimotoMatern32                                         --K_count Matern32                                         --Kernel_mixing_method product                                         --dataset "flux_data_imputed"                                         --paper "Machine Learning for Polymer Design to Enhance Pervaporation-Based Organic Recovery"                                         --regressor_type "GpyroHMC" 




------------------------------------------------------------

Successfully completed.

Resource usage summary:

    CPU time :                                   2573.70 sec.
    Max Memory :                                 3 GB
    Average Memory :                             2.03 GB
    Total Requested Memory :                     16.00 GB
    Delta Memory :                               13.00 GB
    Max Swap :                                   -
    Max Processes :                              4
    Max Threads :                                9
    Run time :                                   2642 sec.
    Turnaround time :                            4581 sec.

The output (if any) is above this job summary.



PS:

Read file </share/ddomlab/sdehgha2/working_space/GP_collab/results/HPC_history/hpc_20260605/Machine Learning for Polymer Design to Enhance Pervaporation-Based Organic Recovery/GpyroHMC_TanimotoMatern32_Matern32_product_GPU.err> for stderr output of this job.

Running seed: 6
Running seed: 13
Running seed: 42
Average scores:	 rmse: 0.32±0.03	 r2: 0.88±0.02
Filename: (ECFP3_count_512-COUNT)_(GpyroHMC_TanimotoMatern32-Matern32_product)_hypOFF_Standard_Standard_GPU

------------------------------------------------------------
Sender: LSF System <lsfadmin@gpu10>
Subject: Job 407667: <structure_numerical_20260605> in cluster <Hazel> Done

Job <structure_numerical_20260605> was submitted from host <gpu10> by user <sdehgha2> in cluster <Hazel> at Fri Jun  5 17:40:44 2026
Job was executed on host(s) <gpu10>, in queue <gpu>, as user <sdehgha2> in cluster <Hazel> at Fri Jun  5 17:40:44 2026
</home/sdehgha2> was used as the home directory.
</share/ddomlab/sdehgha2/working_space/GP_collab/code_python/training/hpc_submit_training_GP> was used as the working directory.
Started at Fri Jun  5 17:40:44 2026
Terminated at Fri Jun  5 18:10:02 2026
Results reported at Fri Jun  5 18:10:02 2026

Your job looked like:

------------------------------------------------------------
# LSBATCH: User input

#BSUB -n 1
#BSUB -W 4:35
#BSUB -q gpu
#BSUB -R "select[a10]"
#BSUB -gpu "num=1:mode=exclusive_process:mps=yes"
#BSUB -R "rusage[mem=32GB]"
#BSUB -J "structure_numerical_20260605"
#BSUB -o "/share/ddomlab/sdehgha2/working_space/GP_collab/results/HPC_history/hpc_20260605/Machine Learning for Polymer Design to Enhance Pervaporation-Based Organic Recovery/GpyroHMC_TanimotoMatern32_Matern32_product_GPU.out"
#BSUB -e "/share/ddomlab/sdehgha2/working_space/GP_collab/results/HPC_history/hpc_20260605/Machine Learning for Polymer Design to Enhance Pervaporation-Based Organic Recovery/GpyroHMC_TanimotoMatern32_Matern32_product_GPU.err"

source ~/.bashrc
module load cuda/12.1
module load gcc/9.3.0
conda activate /usr/local/usrapps/ddomlab/sdehgha2/env12

python ../train_structure_numerical.py --K_fp TanimotoMatern32                                         --K_count Matern32                                         --Kernel_mixing_method product                                         --dataset "separation_data_imputed"                                         --paper "Machine Learning for Polymer Design to Enhance Pervaporation-Based Organic Recovery"                                         --regressor_type "GpyroHMC" 




------------------------------------------------------------

Successfully completed.

Resource usage summary:

    CPU time :                                   1727.00 sec.
    Max Memory :                                 3 GB
    Average Memory :                             2.03 GB
    Total Requested Memory :                     32.00 GB
    Delta Memory :                               29.00 GB
    Max Swap :                                   -
    Max Processes :                              4
    Max Threads :                                11
    Run time :                                   1755 sec.
    Turnaround time :                            1758 sec.

The output (if any) is above this job summary.



PS:

Read file </share/ddomlab/sdehgha2/working_space/GP_collab/results/HPC_history/hpc_20260605/Machine Learning for Polymer Design to Enhance Pervaporation-Based Organic Recovery/GpyroHMC_TanimotoMatern32_Matern32_product_GPU.err> for stderr output of this job.

