Data filtering and preprocessing took 0.05 seconds.
Running seed: 6
Running seed: 13
Running seed: 42
Average scores:	 rmse: 0.21±0.02	 r2: 0.9±0.02
Filename: (ECFP3_count_512-COUNT)_(GpyroHMC_TanimotoMatern32-Matern32_(count:+)x(fp:x))_hypOFF_Standard_Standard_GPU
Data filtering and preprocessing took 0.03 seconds.
Running seed: 6
Running seed: 13
Running seed: 42
Average scores:	 rmse: 0.28±0.03	 r2: 0.97±0.01
Filename: (ECFP3_count_512-COUNT)_(GpyroHMC_TanimotoMatern32-Matern32_(count:+)x(fp:x))_hypOFF_Standard_Standard_GPU

------------------------------------------------------------
Sender: LSF System <lsfadmin@gpu16>
Subject: Job 330573: <gpyrohmc_missing_20261001_5> in cluster <Hazel> Done

Job <gpyrohmc_missing_20261001_5> was submitted from host <login03.hpc.ncsu.edu> by user <sdehgha2> in cluster <Hazel> at Thu Oct  1 17:20:15 2026
Job was executed on host(s) <gpu16>, in queue <gpu>, as user <sdehgha2> in cluster <Hazel> at Thu Oct  1 17:54:41 2026
</home/sdehgha2> was used as the home directory.
</share/ddomlab/sdehgha2/working_space/GP_collab/code_python/training/hpc_submit_training_GP> was used as the working directory.
Started at Thu Oct  1 17:54:41 2026
Terminated at Thu Oct  1 18:26:19 2026
Results reported at Thu Oct  1 18:26:19 2026

Your job looked like:

------------------------------------------------------------
# LSBATCH: User input
#BSUB -n 1
#BSUB -W 65:10
#BSUB -q gpu
#BSUB -gpu "num=1:mode=shared:mps=no"
#BSUB -R "rusage[mem=32GB]"
#BSUB -R "select[a10 || a30 || a100 || l40 || h100]"
#BSUB -J "gpyrohmc_missing_20261001_5"
#BSUB -o "/share/ddomlab/sdehgha2/working_space/GP_collab/results/HPC_history/hpc_20261001/Machine Learning-Enabled Prediction and High-Throughput Screening of Polymer Membranes for Pervaporation Separation/GpyroHMC_cleaned_dataset_pervaporation_membranes_wang_TanimotoMatern32_Matern32_(count:+)x(fp:x)_GPU.out"
#BSUB -e "/share/ddomlab/sdehgha2/working_space/GP_collab/results/HPC_history/hpc_20261001/Machine Learning-Enabled Prediction and High-Throughput Screening of Polymer Membranes for Pervaporation Separation/GpyroHMC_cleaned_dataset_pervaporation_membranes_wang_TanimotoMatern32_Matern32_(count:+)x(fp:x)_GPU.err"

source ~/.bashrc
module load cuda/12.1
module load gcc/9.3.0
conda activate /usr/local/usrapps/ddomlab/sdehgha2/env12

python ../train_structure_numerical.py --K_fp "TanimotoMatern32"                                       --K_count "Matern32"                                       --Kernel_mixing_method "(count:+)x(fp:x)"                                       --paper "Machine Learning-Enabled Prediction and High-Throughput Screening of Polymer Membranes for Pervaporation Separation"                                       --dataset "cleaned_dataset_pervaporation_membranes_wang"                                       --regressor_type "GpyroHMC"

------------------------------------------------------------

Successfully completed.

Resource usage summary:

    CPU time :                                   1873.13 sec.
    Max Memory :                                 4 GB
    Average Memory :                             2.53 GB
    Total Requested Memory :                     32.00 GB
    Delta Memory :                               28.00 GB
    Max Swap :                                   -
    Max Processes :                              5
    Max Threads :                                10
    Run time :                                   1903 sec.
    Turnaround time :                            3964 sec.

The output (if any) is above this job summary.



PS:

Read file </share/ddomlab/sdehgha2/working_space/GP_collab/results/HPC_history/hpc_20261001/Machine Learning-Enabled Prediction and High-Throughput Screening of Polymer Membranes for Pervaporation Separation/GpyroHMC_cleaned_dataset_pervaporation_membranes_wang_TanimotoMatern32_Matern32_(count:+)x(fp:x)_GPU.err> for stderr output of this job.

