
------------------------------------------------------------
Sender: LSF System <lsfadmin@gpu15>
Subject: Job 328100: <gpmap_all_20261001_13> in cluster <Hazel> Exited

Job <gpmap_all_20261001_13> was submitted from host <login02.hpc.ncsu.edu> by user <sdehgha2> in cluster <Hazel> at Thu Oct  1 11:52:32 2026
Job was executed on host(s) <gpu15>, in queue <short_gpu>, as user <sdehgha2> in cluster <Hazel> at Thu Oct  1 12:01:30 2026
</home/sdehgha2> was used as the home directory.
</share/ddomlab/sdehgha2/working_space/GP_collab/code_python/training/hpc_submit_training_GP> was used as the working directory.
Started at Thu Oct  1 12:01:30 2026
Terminated at Thu Oct  1 14:54:02 2026
Results reported at Thu Oct  1 14:54:02 2026

Your job looked like:

------------------------------------------------------------
# LSBATCH: User input
                
#BSUB -n 1
#BSUB -W 1:59
#BSUB -q short_gpu
#BSUB -gpu "num=1:mode=shared:mps=no"
#BSUB -R "rusage[mem=32GB]"
#BSUB -R "select[a10 || a30 || a100 || l40 || h100]"
#BSUB -J "gpmap_all_20261001_13"
#BSUB -o "/share/ddomlab/sdehgha2/working_space/GP_collab/results/HPC_history/hpc_20261001/Machine Learning-Enabled Prediction and High-Throughput Screening of Polymer Membranes for Pervaporation Separation/GPytorchMAP_cleaned_dataset_pervaporation_membranes_wang_Matern32_Matern32_sum_GPU.out"
#BSUB -e "/share/ddomlab/sdehgha2/working_space/GP_collab/results/HPC_history/hpc_20261001/Machine Learning-Enabled Prediction and High-Throughput Screening of Polymer Membranes for Pervaporation Separation/GPytorchMAP_cleaned_dataset_pervaporation_membranes_wang_Matern32_Matern32_sum_GPU.err"

source ~/.bashrc
module load cuda/12.1
module load gcc/9.3.0
conda activate /usr/local/usrapps/ddomlab/sdehgha2/env12

python ../train_structure_numerical.py --K_fp "Matern32"                                         --K_count "Matern32"                                         --Kernel_mixing_method "sum"                                         --paper "Machine Learning-Enabled Prediction and High-Throughput Screening of Polymer Membranes for Pervaporation Separation"                                         --dataset "cleaned_dataset_pervaporation_membranes_wang"                                         --regressor_type "GPytorchMAP"                                         --clustering_method "continuous_cluster"


------------------------------------------------------------

TERM_RUNLIMIT: job killed after reaching LSF run time limit.
Exited with signal termination: 3, and core dumped.

Resource usage summary:

    CPU time :                                   0.17 sec.
    Max Memory :                                 -
    Average Memory :                             -
    Total Requested Memory :                     32.00 GB
    Delta Memory :                               -
    Max Swap :                                   -
    Max Processes :                              1
    Max Threads :                                1
    Run time :                                   0 sec.
    Turnaround time :                            10890 sec.

The output (if any) is above this job summary.



PS:

Read file </share/ddomlab/sdehgha2/working_space/GP_collab/results/HPC_history/hpc_20261001/Machine Learning-Enabled Prediction and High-Throughput Screening of Polymer Membranes for Pervaporation Separation/GPytorchMAP_cleaned_dataset_pervaporation_membranes_wang_Matern32_Matern32_sum_GPU.err> for stderr output of this job.

