MGK regressor, only scaling numerical features
Running seed: 6
Running seed: 13
Running seed: 42
Average scores:	 rmse: 9.86±0.6	 r2: 0.9±0.01
Filename: (MG-COUNT)_(MGK_Graph-Matern52_(count:+)x(graph:x))_hypOFF_Standard_Standard_GPU

------------------------------------------------------------
Sender: LSF System <lsfadmin@gpu16>
Subject: Job 328086: <mgk_missing_20261001_10> in cluster <Hazel> Done

Job <mgk_missing_20261001_10> was submitted from host <login02.hpc.ncsu.edu> by user <sdehgha2> in cluster <Hazel> at Thu Oct  1 11:46:53 2026
Job was executed on host(s) <2*gpu16>, in queue <gpu>, as user <sdehgha2> in cluster <Hazel> at Thu Oct  1 11:51:23 2026
</home/sdehgha2> was used as the home directory.
</share/ddomlab/sdehgha2/working_space/GP_collab/code_python/training/hpc_submit_training_GP> was used as the working directory.
Started at Thu Oct  1 11:51:23 2026
Terminated at Thu Oct  1 12:24:44 2026
Results reported at Thu Oct  1 12:24:44 2026

Your job looked like:

------------------------------------------------------------
# LSBATCH: User input
#BSUB -n 2
#BSUB -W 55:55
#BSUB -q gpu
#BSUB -gpu "num=1:mode=shared:mps=no"
#BSUB -R "rusage[mem=32GB]"
#BSUB -R "select[a10 || a30 || a100 || l40 || h100]"
#BSUB -J "mgk_missing_20261001_10"
#BSUB -o "/share/ddomlab/sdehgha2/working_space/GP_collab/results/HPC_history/hpc_20261001/Miniaturization of Popular Reactions from the Medicinal Chemists Toolbox for Ultrahigh_Throughput Experimentation/MGK_cleaned_suzuki_synthesis_Matern52_(count:+)x(graph:x)_per_feature_GPU.out"
#BSUB -e "/share/ddomlab/sdehgha2/working_space/GP_collab/results/HPC_history/hpc_20261001/Miniaturization of Popular Reactions from the Medicinal Chemists Toolbox for Ultrahigh_Throughput Experimentation/MGK_cleaned_suzuki_synthesis_Matern52_(count:+)x(graph:x)_per_feature_GPU.err"

source ~/.bashrc
module load cuda/12.1
module load gcc/9.3.0
conda activate /usr/local/usrapps/ddomlab/sdehgha2/env12

python ../train_structure_numerical.py --K_fp "Graph"                                       --K_count "Matern52"                                       --Kernel_mixing_method "(count:+)x(graph:x)"                                       --paper "Miniaturization of Popular Reactions from the Medicinal Chemists Toolbox for Ultrahigh_Throughput Experimentation"                                       --dataset "cleaned_suzuki_synthesis"                                       --kernel_feature_mode "per_feature"                                       --regressor_type "MGK"

------------------------------------------------------------

Successfully completed.

Resource usage summary:

    CPU time :                                   1988.00 sec.
    Max Memory :                                 1 GB
    Average Memory :                             0.99 GB
    Total Requested Memory :                     32.00 GB
    Delta Memory :                               31.00 GB
    Max Swap :                                   -
    Max Processes :                              14
    Max Threads :                                18
    Run time :                                   2026 sec.
    Turnaround time :                            2271 sec.

The output (if any) is above this job summary.



PS:

Read file </share/ddomlab/sdehgha2/working_space/GP_collab/results/HPC_history/hpc_20261001/Miniaturization of Popular Reactions from the Medicinal Chemists Toolbox for Ultrahigh_Throughput Experimentation/MGK_cleaned_suzuki_synthesis_Matern52_(count:+)x(graph:x)_per_feature_GPU.err> for stderr output of this job.

