Running seed: 42
No hyperparameter optimization

------------------------------------------------------------
Sender: LSF System <lsfadmin@c020n01>
Subject: Job 894022: <structure_numerical_20260105> in cluster <Hazel> Exited

Job <structure_numerical_20260105> was submitted from host <c207n07> by user <sdehgha2> in cluster <Hazel> at Mon Jan  5 16:46:34 2026
Job was executed on host(s) <6*c020n01>, in queue <single_chassis>, as user <sdehgha2> in cluster <Hazel> at Mon Jan  5 16:46:34 2026
</tmp/.lsbtmp404534> was used as the home directory.
</share/ddomlab/sdehgha2/working-space/main/_colab_GP/GP_collab/code_/training/hpc_submit_training_GP> was used as the working directory.
Started at Mon Jan  5 16:46:34 2026
Terminated at Mon Jan  5 16:49:19 2026
Results reported at Mon Jan  5 16:49:19 2026

Your job looked like:

------------------------------------------------------------
# LSBATCH: User input



#BSUB -n 6
#BSUB -W 10:00
#BSUB -R span[hosts=1]
#BSUB -R "rusage[mem=32GB]"
#BSUB -J "structure_numerical_20260105"
#BSUB -o "/share/ddomlab/sdehgha2/working-space/main/_colab_GP/GP_collab/results/HPC_history/hpc_20260105/GpyroMCMC_Matern52_Matern32_product.out"
#BSUB -e "/share/ddomlab/sdehgha2/working-space/main/_colab_GP/GP_collab/results/HPC_history/hpc_20260105/GpyroMCMC_Matern52_Matern32_product.err"

source ~/.bashrc
conda activate /usr/local/usrapps/ddomlab/sdehgha2/torch_cpu
python ../train_structure_numerical.py --K_fp Matern52                                         --K_count Matern32                                         --Kernel_mixing_method product 


------------------------------------------------------------

Exited with exit code 1.

Resource usage summary:

    CPU time :                                   293.00 sec.
    Max Memory :                                 2 GB
    Average Memory :                             1.25 GB
    Total Requested Memory :                     32.00 GB
    Delta Memory :                               30.00 GB
    Max Swap :                                   -
    Max Processes :                              38
    Max Threads :                                43
    Run time :                                   171 sec.
    Turnaround time :                            165 sec.

The output (if any) is above this job summary.



PS:

Read file </share/ddomlab/sdehgha2/working-space/main/_colab_GP/GP_collab/results/HPC_history/hpc_20260105/GpyroMCMC_Matern52_Matern32_product.err> for stderr output of this job.

Running seed: 42
No hyperparameter optimization
Running seed: 13
No hyperparameter optimization
Average scores:	 rmse: 86.2±3.75	 r2: 0.71±0.03
Filename: (ECFP3_count_512-COUNT)_(GpyroMCMC_Matern52-Matern32_product)_mean_hypOFF_Standard_Standard_ARD
Running seed: 42
No hyperparameter optimization

------------------------------------------------------------
Sender: LSF System <lsfadmin@c017n01>
Subject: Job 894095: <structure_numerical_20260105> in cluster <Hazel> Exited

Job <structure_numerical_20260105> was submitted from host <c207n09> by user <sdehgha2> in cluster <Hazel> at Mon Jan  5 17:04:06 2026
Job was executed on host(s) <6*c017n01>, in queue <single_chassis>, as user <sdehgha2> in cluster <Hazel> at Mon Jan  5 17:04:07 2026
</tmp/.lsbtmp404534> was used as the home directory.
</share/ddomlab/sdehgha2/working-space/main/_colab_GP/GP_collab/code_/training/hpc_submit_training_GP> was used as the working directory.
Started at Mon Jan  5 17:04:07 2026
Terminated at Mon Jan  5 17:04:19 2026
Results reported at Mon Jan  5 17:04:19 2026

Your job looked like:

------------------------------------------------------------
# LSBATCH: User input



#BSUB -n 6
#BSUB -W 10:00
#BSUB -R span[hosts=1]
#BSUB -R "rusage[mem=32GB]"
#BSUB -J "structure_numerical_20260105"
#BSUB -o "/share/ddomlab/sdehgha2/working-space/main/_colab_GP/GP_collab/results/HPC_history/hpc_20260105/GpyroMCMC_Matern52_Matern32_product.out"
#BSUB -e "/share/ddomlab/sdehgha2/working-space/main/_colab_GP/GP_collab/results/HPC_history/hpc_20260105/GpyroMCMC_Matern52_Matern32_product.err"

source ~/.bashrc
conda activate /usr/local/usrapps/ddomlab/sdehgha2/torch_cpu
python ../train_structure_numerical.py --K_fp Matern52                                         --K_count Matern32                                         --Kernel_mixing_method product 


------------------------------------------------------------

Exited with exit code 1.

Resource usage summary:

    CPU time :                                   6.38 sec.
    Max Memory :                                 -
    Average Memory :                             -
    Total Requested Memory :                     32.00 GB
    Delta Memory :                               -
    Max Swap :                                   -
    Max Processes :                              4
    Max Threads :                                5
    Run time :                                   31 sec.
    Turnaround time :                            13 sec.

The output (if any) is above this job summary.



PS:

Read file </share/ddomlab/sdehgha2/working-space/main/_colab_GP/GP_collab/results/HPC_history/hpc_20260105/GpyroMCMC_Matern52_Matern32_product.err> for stderr output of this job.

Running seed: 42
No hyperparameter optimization
Running seed: 13
No hyperparameter optimization
Average scores:	 rmse: 9.57±0.57	 r2: 0.67±0.05
Filename: (ECFP3_count_512-COUNT)_(GpyroMCMC_Matern52-Matern32_product)_mean_hypOFF_Standard_Standard_ARD
Running seed: 42
No hyperparameter optimization
Running seed: 13
No hyperparameter optimization
Running seed: 13
No hyperparameter optimization
Average scores:	 rmse: 0.28±0.05	 r2: 0.78±0.08
Filename: (ECFP3_count_512-COUNT)_(GpyroMCMC_Matern52-Matern32_product)_hypOFF_Standard_Standard_ARD

------------------------------------------------------------
Sender: LSF System <lsfadmin@c019n02>
Subject: Job 894125: <structure_numerical_20260105> in cluster <Hazel> Done

Job <structure_numerical_20260105> was submitted from host <c207n09> by user <sdehgha2> in cluster <Hazel> at Mon Jan  5 17:06:17 2026
Job was executed on host(s) <6*c019n02>, in queue <single_chassis>, as user <sdehgha2> in cluster <Hazel> at Mon Jan  5 17:06:18 2026
</tmp/.lsbtmp404534> was used as the home directory.
</share/ddomlab/sdehgha2/working-space/main/_colab_GP/GP_collab/code_/training/hpc_submit_training_GP> was used as the working directory.
Started at Mon Jan  5 17:06:18 2026
Terminated at Mon Jan  5 17:11:13 2026
Results reported at Mon Jan  5 17:11:13 2026

Your job looked like:

------------------------------------------------------------
# LSBATCH: User input



#BSUB -n 6
#BSUB -W 10:00
#BSUB -R span[hosts=1]
#BSUB -R "rusage[mem=32GB]"
#BSUB -J "structure_numerical_20260105"
#BSUB -o "/share/ddomlab/sdehgha2/working-space/main/_colab_GP/GP_collab/results/HPC_history/hpc_20260105/GpyroMCMC_Matern52_Matern32_product.out"
#BSUB -e "/share/ddomlab/sdehgha2/working-space/main/_colab_GP/GP_collab/results/HPC_history/hpc_20260105/GpyroMCMC_Matern52_Matern32_product.err"

source ~/.bashrc
conda activate /usr/local/usrapps/ddomlab/sdehgha2/torch_cpu
python ../train_structure_numerical.py --K_fp Matern52                                         --K_count Matern32                                         --Kernel_mixing_method product 


------------------------------------------------------------

Successfully completed.

Resource usage summary:

    CPU time :                                   528.00 sec.
    Max Memory :                                 3 GB
    Average Memory :                             1.83 GB
    Total Requested Memory :                     32.00 GB
    Delta Memory :                               29.00 GB
    Max Swap :                                   -
    Max Processes :                              38
    Max Threads :                                45
    Run time :                                   323 sec.
    Turnaround time :                            296 sec.

The output (if any) is above this job summary.



PS:

Read file </share/ddomlab/sdehgha2/working-space/main/_colab_GP/GP_collab/results/HPC_history/hpc_20260105/GpyroMCMC_Matern52_Matern32_product.err> for stderr output of this job.

Average scores:	 rmse: 12.42±0.98	 r2: 0.58±0.05
Filename: (ECFP3_count_512-COUNT)_(GpyroMCMC_Matern52-Matern32_product)_mean_hypOFF_Standard_Standard_ARD
Running seed: 42
No hyperparameter optimization
Running seed: 13
No hyperparameter optimization
Average scores:	 rmse: 10.97±0.58	 r2: 0.27±0.03
Filename: (ECFP3_count_512-COUNT)_(GpyroMCMC_Matern52-Matern32_product)_mean_hypOFF_Standard_Standard_ARD
Running seed: 42
No hyperparameter optimization
Running seed: 13
No hyperparameter optimization
Average scores:	 rmse: 11.85±0.76	 r2: 0.63±0.06
Filename: (ECFP3_count_512-COUNT)_(GpyroMCMC_Matern52-Matern32_product)_mean_hypOFF_Standard_Standard_ARD
Running seed: 42
No hyperparameter optimization
Running seed: 13
No hyperparameter optimization

------------------------------------------------------------
Sender: LSF System <lsfadmin@c026n04>
Subject: Job 894064: <structure_numerical_20260105> in cluster <Hazel> Exited

Job <structure_numerical_20260105> was submitted from host <c207n14> by user <sdehgha2> in cluster <Hazel> at Mon Jan  5 16:57:46 2026
Job was executed on host(s) <6*c026n04>, in queue <single_chassis>, as user <sdehgha2> in cluster <Hazel> at Mon Jan  5 16:57:47 2026
</tmp/.lsbtmp404534> was used as the home directory.
</share/ddomlab/sdehgha2/working-space/main/_colab_GP/GP_collab/code_/training/hpc_submit_training_GP> was used as the working directory.
Started at Mon Jan  5 16:57:47 2026
Terminated at Mon Jan  5 17:24:02 2026
Results reported at Mon Jan  5 17:24:02 2026

Your job looked like:

------------------------------------------------------------
# LSBATCH: User input



#BSUB -n 6
#BSUB -W 10:00
#BSUB -R span[hosts=1]
#BSUB -R "rusage[mem=32GB]"
#BSUB -J "structure_numerical_20260105"
#BSUB -o "/share/ddomlab/sdehgha2/working-space/main/_colab_GP/GP_collab/results/HPC_history/hpc_20260105/GpyroMCMC_Matern52_Matern32_product.out"
#BSUB -e "/share/ddomlab/sdehgha2/working-space/main/_colab_GP/GP_collab/results/HPC_history/hpc_20260105/GpyroMCMC_Matern52_Matern32_product.err"

source ~/.bashrc
conda activate /usr/local/usrapps/ddomlab/sdehgha2/torch_cpu
python ../train_structure_numerical.py --K_fp Matern52                                         --K_count Matern32                                         --Kernel_mixing_method product 


------------------------------------------------------------

TERM_OWNER: job killed by owner.
Exited with exit code 130.

Resource usage summary:

    CPU time :                                   3036.53 sec.
    Max Memory :                                 6 GB
    Average Memory :                             3.75 GB
    Total Requested Memory :                     32.00 GB
    Delta Memory :                               26.00 GB
    Max Swap :                                   -
    Max Processes :                              38
    Max Threads :                                47
    Run time :                                   1596 sec.
    Turnaround time :                            1576 sec.

The output (if any) is above this job summary.



PS:

Read file </share/ddomlab/sdehgha2/working-space/main/_colab_GP/GP_collab/results/HPC_history/hpc_20260105/GpyroMCMC_Matern52_Matern32_product.err> for stderr output of this job.

Running seed: 6
No hyperparameter optimization
Running seed: 6
No hyperparameter optimization
Running seed: 6
No hyperparameter optimization
Running seed: 13
No hyperparameter optimization
Running seed: 42
No hyperparameter optimization
Running seed: 13
No hyperparameter optimization
Running seed: 42
No hyperparameter optimization
Average scores:	 rmse: 0.21±0.05	 r2: 0.87±0.07
Filename: (ECFP3_count_512-COUNT)_(GpyroMCMC_Matern52-Matern32_product)_hypOFF_Standard_Standard_ARD

------------------------------------------------------------
Sender: LSF System <lsfadmin@c022n01>
Subject: Job 894417: <structure_numerical_20260105> in cluster <Hazel> Done

Job <structure_numerical_20260105> was submitted from host <c207n07> by user <sdehgha2> in cluster <Hazel> at Mon Jan  5 17:30:08 2026
Job was executed on host(s) <6*c022n01>, in queue <single_chassis>, as user <sdehgha2> in cluster <Hazel> at Mon Jan  5 17:30:08 2026
</tmp/.lsbtmp404534> was used as the home directory.
</share/ddomlab/sdehgha2/working-space/main/_colab_GP/GP_collab/code_/training/hpc_submit_training_GP> was used as the working directory.
Started at Mon Jan  5 17:30:08 2026
Terminated at Mon Jan  5 17:44:05 2026
Results reported at Mon Jan  5 17:44:05 2026

Your job looked like:

------------------------------------------------------------
# LSBATCH: User input



#BSUB -n 6
#BSUB -W 10:00
#BSUB -R span[hosts=1]
#BSUB -R "rusage[mem=32GB]"
#BSUB -J "structure_numerical_20260105"
#BSUB -o "/share/ddomlab/sdehgha2/working-space/main/_colab_GP/GP_collab/results/HPC_history/hpc_20260105/GpyroMCMC_Matern52_Matern32_product.out"
#BSUB -e "/share/ddomlab/sdehgha2/working-space/main/_colab_GP/GP_collab/results/HPC_history/hpc_20260105/GpyroMCMC_Matern52_Matern32_product.err"

source ~/.bashrc
conda activate /usr/local/usrapps/ddomlab/sdehgha2/torch_cpu
python ../train_structure_numerical.py --K_fp Matern52                                         --K_count Matern32                                         --Kernel_mixing_method product 


------------------------------------------------------------

Successfully completed.

Resource usage summary:

    CPU time :                                   3929.54 sec.
    Max Memory :                                 6 GB
    Average Memory :                             4.17 GB
    Total Requested Memory :                     32.00 GB
    Delta Memory :                               26.00 GB
    Max Swap :                                   -
    Max Processes :                              38
    Max Threads :                                50
    Run time :                                   856 sec.
    Turnaround time :                            837 sec.

The output (if any) is above this job summary.



PS:

Read file </share/ddomlab/sdehgha2/working-space/main/_colab_GP/GP_collab/results/HPC_history/hpc_20260105/GpyroMCMC_Matern52_Matern32_product.err> for stderr output of this job.

Running seed: 6
No hyperparameter optimization
Average scores:	 rmse: 71.32±10.55	 r2: 0.79±0.06
Filename: (ECFP3_count_512-COUNT)_(GpyroMCMC_Matern52-Matern32_product)_mean_hypOFF_Standard_Standard_ARD
Running seed: 6
No hyperparameter optimization
Running seed: 13
No hyperparameter optimization
Running seed: 42
No hyperparameter optimization
Average scores:	 rmse: 9.16±1.34	 r2: 0.67±0.13
Filename: (ECFP3_count_512-COUNT)_(GpyroMCMC_Matern52-Matern32_product)_mean_hypOFF_Standard_Standard_ARD
Running seed: 6
No hyperparameter optimization
Running seed: 6
No hyperparameter optimization
Running seed: 13
No hyperparameter optimization
Running seed: 42
No hyperparameter optimization
Average scores:	 rmse: 10.2±1.41	 r2: 0.71±0.08
Filename: (ECFP3_count_512-COUNT)_(GpyroMCMC_Matern52-Matern32_product)_mean_hypOFF_Standard_Standard_ARD
Running seed: 6
No hyperparameter optimization
Running seed: 6
No hyperparameter optimization
Running seed: 13
No hyperparameter optimization
Running seed: 42
No hyperparameter optimization
Average scores:	 rmse: 10.04±1.27	 r2: 0.38±0.09
Filename: (ECFP3_count_512-COUNT)_(GpyroMCMC_Matern52-Matern32_product)_mean_hypOFF_Standard_Standard_ARD
Running seed: 6
No hyperparameter optimization
Running seed: 13
No hyperparameter optimization
Running seed: 42
No hyperparameter optimization
Running seed: 13
No hyperparameter optimization
Average scores:	 rmse: 9.74±1.56	 r2: 0.74±0.08
Filename: (ECFP3_count_512-COUNT)_(GpyroMCMC_Matern52-Matern32_product)_mean_hypOFF_Standard_Standard_ARD
Running seed: 6
No hyperparameter optimization
Running seed: 13
No hyperparameter optimization
Running seed: 42
No hyperparameter optimization
Average scores:	 rmse: 10.08±1.38	 r2: 0.38±0.1
Filename: (ECFP3_count_512-COUNT)_(GpyroMCMC_Matern52-Matern32_product)_mean_hypOFF_Standard_Standard_ARD

------------------------------------------------------------
Sender: LSF System <lsfadmin@c012n03>
Subject: Job 894449: <structure_numerical_20260105> in cluster <Hazel> Done

Job <structure_numerical_20260105> was submitted from host <c207n07> by user <sdehgha2> in cluster <Hazel> at Mon Jan  5 17:31:16 2026
Job was executed on host(s) <6*c012n03>, in queue <single_chassis>, as user <sdehgha2> in cluster <Hazel> at Mon Jan  5 17:31:17 2026
</tmp/.lsbtmp404534> was used as the home directory.
</share/ddomlab/sdehgha2/working-space/main/_colab_GP/GP_collab/code_/training/hpc_submit_training_GP> was used as the working directory.
Started at Mon Jan  5 17:31:17 2026
Terminated at Mon Jan  5 18:50:49 2026
Results reported at Mon Jan  5 18:50:49 2026

Your job looked like:

------------------------------------------------------------
# LSBATCH: User input



#BSUB -n 6
#BSUB -W 10:00
#BSUB -R span[hosts=1]
#BSUB -R "rusage[mem=32GB]"
#BSUB -J "structure_numerical_20260105"
#BSUB -o "/share/ddomlab/sdehgha2/working-space/main/_colab_GP/GP_collab/results/HPC_history/hpc_20260105/GpyroMCMC_Matern52_Matern32_product.out"
#BSUB -e "/share/ddomlab/sdehgha2/working-space/main/_colab_GP/GP_collab/results/HPC_history/hpc_20260105/GpyroMCMC_Matern52_Matern32_product.err"

source ~/.bashrc
conda activate /usr/local/usrapps/ddomlab/sdehgha2/torch_cpu
python ../train_structure_numerical.py --K_fp Matern52                                         --K_count Matern32                                         --Kernel_mixing_method product 


------------------------------------------------------------

Successfully completed.

Resource usage summary:

    CPU time :                                   22286.55 sec.
    Max Memory :                                 14 GB
    Average Memory :                             8.70 GB
    Total Requested Memory :                     32.00 GB
    Delta Memory :                               18.00 GB
    Max Swap :                                   -
    Max Processes :                              38
    Max Threads :                                52
    Run time :                                   4787 sec.
    Turnaround time :                            4773 sec.

The output (if any) is above this job summary.



PS:

Read file </share/ddomlab/sdehgha2/working-space/main/_colab_GP/GP_collab/results/HPC_history/hpc_20260105/GpyroMCMC_Matern52_Matern32_product.err> for stderr output of this job.

Running seed: 42
No hyperparameter optimization
Running seed: 13
No hyperparameter optimization
Average scores:	 rmse: 0.2±0.04	 r2: 0.9±0.04
Filename: (ECFP3_count_512-COUNT)_(GpyroMCMC_Matern52-Matern32_product)_hypOFF_Standard_Standard_ARD
Running seed: 6
No hyperparameter optimization
Running seed: 13
No hyperparameter optimization
Running seed: 42
No hyperparameter optimization
Running seed: 42
No hyperparameter optimization
Average scores:	 rmse: 0.25±0.06	 r2: 0.98±0.01
Filename: (ECFP3_count_512-COUNT)_(GpyroMCMC_Matern52-Matern32_product)_hypOFF_Standard_Standard_ARD

------------------------------------------------------------
Sender: LSF System <lsfadmin@c013n04>
Subject: Job 894592: <structure_numerical_20260105> in cluster <Hazel> Done

Job <structure_numerical_20260105> was submitted from host <c024n02> by user <sdehgha2> in cluster <Hazel> at Mon Jan  5 18:14:34 2026
Job was executed on host(s) <6*c013n04>, in queue <single_chassis>, as user <sdehgha2> in cluster <Hazel> at Mon Jan  5 18:17:29 2026
</tmp/.lsbtmp404534> was used as the home directory.
</share/ddomlab/sdehgha2/working-space/main/_colab_GP/GP_collab/code_/training/hpc_submit_training_GP> was used as the working directory.
Started at Mon Jan  5 18:17:29 2026
Terminated at Mon Jan  5 20:17:34 2026
Results reported at Mon Jan  5 20:17:34 2026

Your job looked like:

------------------------------------------------------------
# LSBATCH: User input



#BSUB -n 6
#BSUB -W 10:00
#BSUB -R span[hosts=1]
#BSUB -R "rusage[mem=32GB]"
#BSUB -J "structure_numerical_20260105"
#BSUB -o "/share/ddomlab/sdehgha2/working-space/main/_colab_GP/GP_collab/results/HPC_history/hpc_20260105/GpyroMCMC_Matern52_Matern32_product.out"
#BSUB -e "/share/ddomlab/sdehgha2/working-space/main/_colab_GP/GP_collab/results/HPC_history/hpc_20260105/GpyroMCMC_Matern52_Matern32_product.err"

source ~/.bashrc
conda activate /usr/local/usrapps/ddomlab/sdehgha2/torch_cpu
python ../train_structure_numerical.py --K_fp Matern52                                         --K_count Matern32                                         --Kernel_mixing_method product 


------------------------------------------------------------

Successfully completed.

Resource usage summary:

    CPU time :                                   33491.10 sec.
    Max Memory :                                 13 GB
    Average Memory :                             8.33 GB
    Total Requested Memory :                     32.00 GB
    Delta Memory :                               19.00 GB
    Max Swap :                                   -
    Max Processes :                              38
    Max Threads :                                46
    Run time :                                   7231 sec.
    Turnaround time :                            7380 sec.

The output (if any) is above this job summary.



PS:

Read file </share/ddomlab/sdehgha2/working-space/main/_colab_GP/GP_collab/results/HPC_history/hpc_20260105/GpyroMCMC_Matern52_Matern32_product.err> for stderr output of this job.

Average scores:	 rmse: 2.95±0.22	 r2: 0.08±0.04
Filename: (ECFP3_count_512-COUNT)_(GpyroMCMC_Matern52-Matern32_product)_hypOFF_Standard_Standard_ARD

------------------------------------------------------------
Sender: LSF System <lsfadmin@c002n01>
Subject: Job 894481: <structure_numerical_20260105> in cluster <Hazel> Done

Job <structure_numerical_20260105> was submitted from host <c203n01> by user <sdehgha2> in cluster <Hazel> at Mon Jan  5 17:37:36 2026
Job was executed on host(s) <6*c002n01>, in queue <single_chassis>, as user <sdehgha2> in cluster <Hazel> at Mon Jan  5 17:37:36 2026
</tmp/.lsbtmp404534> was used as the home directory.
</share/ddomlab/sdehgha2/working-space/main/_colab_GP/GP_collab/code_/training/hpc_submit_training_GP> was used as the working directory.
Started at Mon Jan  5 17:37:36 2026
Terminated at Mon Jan  5 21:23:29 2026
Results reported at Mon Jan  5 21:23:29 2026

Your job looked like:

------------------------------------------------------------
# LSBATCH: User input



#BSUB -n 6
#BSUB -W 10:00
#BSUB -R span[hosts=1]
#BSUB -R "rusage[mem=32GB]"
#BSUB -J "structure_numerical_20260105"
#BSUB -o "/share/ddomlab/sdehgha2/working-space/main/_colab_GP/GP_collab/results/HPC_history/hpc_20260105/GpyroMCMC_Matern52_Matern32_product.out"
#BSUB -e "/share/ddomlab/sdehgha2/working-space/main/_colab_GP/GP_collab/results/HPC_history/hpc_20260105/GpyroMCMC_Matern52_Matern32_product.err"

source ~/.bashrc
conda activate /usr/local/usrapps/ddomlab/sdehgha2/torch_cpu
python ../train_structure_numerical.py --K_fp Matern52                                         --K_count Matern32                                         --Kernel_mixing_method product 


------------------------------------------------------------

Successfully completed.

Resource usage summary:

    CPU time :                                   58711.00 sec.
    Max Memory :                                 6 GB
    Average Memory :                             4.92 GB
    Total Requested Memory :                     32.00 GB
    Delta Memory :                               26.00 GB
    Max Swap :                                   -
    Max Processes :                              38
    Max Threads :                                46
    Run time :                                   13564 sec.
    Turnaround time :                            13553 sec.

The output (if any) is above this job summary.



PS:

Read file </share/ddomlab/sdehgha2/working-space/main/_colab_GP/GP_collab/results/HPC_history/hpc_20260105/GpyroMCMC_Matern52_Matern32_product.err> for stderr output of this job.

Running seed: 13
No hyperparameter optimization
Running seed: 13
No hyperparameter optimization
Running seed: 42
No hyperparameter optimization
Running seed: 42
No hyperparameter optimization
Average scores:	 rmse: 0.33±0.03	 r2: 0.87±0.02
Filename: (ECFP3_count_512-COUNT)_(GpyroMCMC_Matern52-Matern32_product)_hypOFF_Standard_Standard_ARD

------------------------------------------------------------
Sender: LSF System <lsfadmin@c024n04>
Subject: Job 894542: <structure_numerical_20260105> in cluster <Hazel> Done

Job <structure_numerical_20260105> was submitted from host <c203n14> by user <sdehgha2> in cluster <Hazel> at Mon Jan  5 17:48:20 2026
Job was executed on host(s) <6*c024n04>, in queue <single_chassis>, as user <sdehgha2> in cluster <Hazel> at Mon Jan  5 17:57:10 2026
</tmp/.lsbtmp404534> was used as the home directory.
</share/ddomlab/sdehgha2/working-space/main/_colab_GP/GP_collab/code_/training/hpc_submit_training_GP> was used as the working directory.
Started at Mon Jan  5 17:57:10 2026
Terminated at Tue Jan  6 19:39:21 2026
Results reported at Tue Jan  6 19:39:21 2026

Your job looked like:

------------------------------------------------------------
# LSBATCH: User input



#BSUB -n 6
#BSUB -W 33:00
#BSUB -R span[hosts=1]
#BSUB -R "rusage[mem=32GB]"
#BSUB -J "structure_numerical_20260105"
#BSUB -o "/share/ddomlab/sdehgha2/working-space/main/_colab_GP/GP_collab/results/HPC_history/hpc_20260105/GpyroMCMC_Matern52_Matern32_product.out"
#BSUB -e "/share/ddomlab/sdehgha2/working-space/main/_colab_GP/GP_collab/results/HPC_history/hpc_20260105/GpyroMCMC_Matern52_Matern32_product.err"

source ~/.bashrc
conda activate /usr/local/usrapps/ddomlab/sdehgha2/torch_cpu
python ../train_structure_numerical.py --K_fp Matern52                                         --K_count Matern32                                         --Kernel_mixing_method product 


------------------------------------------------------------

Successfully completed.

Resource usage summary:

    CPU time :                                   433467.00 sec.
    Max Memory :                                 57 GB
    Average Memory :                             36.61 GB
    Total Requested Memory :                     32.00 GB
    Delta Memory :                               -25.00 GB
    Max Swap :                                   10 GB
    Max Processes :                              38
    Max Threads :                                47
    Run time :                                   92532 sec.
    Turnaround time :                            93061 sec.

The output (if any) is above this job summary.



PS:

Read file </share/ddomlab/sdehgha2/working-space/main/_colab_GP/GP_collab/results/HPC_history/hpc_20260105/GpyroMCMC_Matern52_Matern32_product.err> for stderr output of this job.

Average scores:	 rmse: 0.27±0.02	 r2: 0.87±0.02
Filename: (ECFP3_count_512-COUNT)_(GpyroMCMC_Matern52-Matern32_product)_hypOFF_Standard_Standard_ARD

------------------------------------------------------------
Sender: LSF System <lsfadmin@c016n02>
Subject: Job 894513: <structure_numerical_20260105> in cluster <Hazel> Done

Job <structure_numerical_20260105> was submitted from host <c207n09> by user <sdehgha2> in cluster <Hazel> at Mon Jan  5 17:47:16 2026
Job was executed on host(s) <6*c016n02>, in queue <single_chassis>, as user <sdehgha2> in cluster <Hazel> at Mon Jan  5 17:47:17 2026
</tmp/.lsbtmp404534> was used as the home directory.
</share/ddomlab/sdehgha2/working-space/main/_colab_GP/GP_collab/code_/training/hpc_submit_training_GP> was used as the working directory.
Started at Mon Jan  5 17:47:17 2026
Terminated at Tue Jan  6 22:47:45 2026
Results reported at Tue Jan  6 22:47:45 2026

Your job looked like:

------------------------------------------------------------
# LSBATCH: User input



#BSUB -n 6
#BSUB -W 33:00
#BSUB -R span[hosts=1]
#BSUB -R "rusage[mem=32GB]"
#BSUB -J "structure_numerical_20260105"
#BSUB -o "/share/ddomlab/sdehgha2/working-space/main/_colab_GP/GP_collab/results/HPC_history/hpc_20260105/GpyroMCMC_Matern52_Matern32_product.out"
#BSUB -e "/share/ddomlab/sdehgha2/working-space/main/_colab_GP/GP_collab/results/HPC_history/hpc_20260105/GpyroMCMC_Matern52_Matern32_product.err"

source ~/.bashrc
conda activate /usr/local/usrapps/ddomlab/sdehgha2/torch_cpu
python ../train_structure_numerical.py --K_fp Matern52                                         --K_count Matern32                                         --Kernel_mixing_method product 


------------------------------------------------------------

Successfully completed.

Resource usage summary:

    CPU time :                                   490851.00 sec.
    Max Memory :                                 41 GB
    Average Memory :                             32.39 GB
    Total Requested Memory :                     32.00 GB
    Delta Memory :                               -9.00 GB
    Max Swap :                                   7 GB
    Max Processes :                              38
    Max Threads :                                47
    Run time :                                   104435 sec.
    Turnaround time :                            104429 sec.

The output (if any) is above this job summary.



PS:

Read file </share/ddomlab/sdehgha2/working-space/main/_colab_GP/GP_collab/results/HPC_history/hpc_20260105/GpyroMCMC_Matern52_Matern32_product.err> for stderr output of this job.

