Running seed: 42
No hyperparameter optimization

------------------------------------------------------------
Sender: LSF System <lsfadmin@c203n14>
Subject: Job 894013: <structure_numerical_20260105> in cluster <Hazel> Exited

Job <structure_numerical_20260105> was submitted from host <c207n07> by user <sdehgha2> in cluster <Hazel> at Mon Jan  5 16:46:30 2026
Job was executed on host(s) <6*c203n14>, in queue <single_chassis>, as user <sdehgha2> in cluster <Hazel> at Mon Jan  5 16:46:31 2026
</tmp/.lsbtmp404534> was used as the home directory.
</share/ddomlab/sdehgha2/working-space/main/_colab_GP/GP_collab/code_/training/hpc_submit_training_GP> was used as the working directory.
Started at Mon Jan  5 16:46:31 2026
Terminated at Mon Jan  5 16:49:27 2026
Results reported at Mon Jan  5 16:49:27 2026

Your job looked like:

------------------------------------------------------------
# LSBATCH: User input



#BSUB -n 6
#BSUB -W 10:00
#BSUB -R span[hosts=1]
#BSUB -R "rusage[mem=32GB]"
#BSUB -J "structure_numerical_20260105"
#BSUB -o "/share/ddomlab/sdehgha2/working-space/main/_colab_GP/GP_collab/results/HPC_history/hpc_20260105/GpyroMCMC_Matern52_Matern32_sum.out"
#BSUB -e "/share/ddomlab/sdehgha2/working-space/main/_colab_GP/GP_collab/results/HPC_history/hpc_20260105/GpyroMCMC_Matern52_Matern32_sum.err"

source ~/.bashrc
conda activate /usr/local/usrapps/ddomlab/sdehgha2/torch_cpu
python ../train_structure_numerical.py --K_fp Matern52                                         --K_count Matern32                                         --Kernel_mixing_method sum 


------------------------------------------------------------

Exited with exit code 1.

Resource usage summary:

    CPU time :                                   307.00 sec.
    Max Memory :                                 2 GB
    Average Memory :                             1.25 GB
    Total Requested Memory :                     32.00 GB
    Delta Memory :                               30.00 GB
    Max Swap :                                   -
    Max Processes :                              26
    Max Threads :                                31
    Run time :                                   197 sec.
    Turnaround time :                            177 sec.

The output (if any) is above this job summary.



PS:

Read file </share/ddomlab/sdehgha2/working-space/main/_colab_GP/GP_collab/results/HPC_history/hpc_20260105/GpyroMCMC_Matern52_Matern32_sum.err> for stderr output of this job.

Running seed: 42
No hyperparameter optimization
Running seed: 13
No hyperparameter optimization
Average scores:	 rmse: 103.69±7.81	 r2: 0.58±0.07
Filename: (ECFP3_count_512-COUNT)_(GpyroMCMC_Matern52-Matern32_sum)_mean_hypOFF_Standard_Standard_ARD
Running seed: 42
No hyperparameter optimization

------------------------------------------------------------
Sender: LSF System <lsfadmin@c200n13>
Subject: Job 894086: <structure_numerical_20260105> in cluster <Hazel> Exited

Job <structure_numerical_20260105> was submitted from host <c207n09> by user <sdehgha2> in cluster <Hazel> at Mon Jan  5 17:04:02 2026
Job was executed on host(s) <6*c200n13>, in queue <single_chassis>, as user <sdehgha2> in cluster <Hazel> at Mon Jan  5 17:04:03 2026
</tmp/.lsbtmp404534> was used as the home directory.
</share/ddomlab/sdehgha2/working-space/main/_colab_GP/GP_collab/code_/training/hpc_submit_training_GP> was used as the working directory.
Started at Mon Jan  5 17:04:03 2026
Terminated at Mon Jan  5 17:04:16 2026
Results reported at Mon Jan  5 17:04:16 2026

Your job looked like:

------------------------------------------------------------
# LSBATCH: User input



#BSUB -n 6
#BSUB -W 10:00
#BSUB -R span[hosts=1]
#BSUB -R "rusage[mem=32GB]"
#BSUB -J "structure_numerical_20260105"
#BSUB -o "/share/ddomlab/sdehgha2/working-space/main/_colab_GP/GP_collab/results/HPC_history/hpc_20260105/GpyroMCMC_Matern52_Matern32_sum.out"
#BSUB -e "/share/ddomlab/sdehgha2/working-space/main/_colab_GP/GP_collab/results/HPC_history/hpc_20260105/GpyroMCMC_Matern52_Matern32_sum.err"

source ~/.bashrc
conda activate /usr/local/usrapps/ddomlab/sdehgha2/torch_cpu
python ../train_structure_numerical.py --K_fp Matern52                                         --K_count Matern32                                         --Kernel_mixing_method sum 


------------------------------------------------------------

Exited with exit code 1.

Resource usage summary:

    CPU time :                                   7.06 sec.
    Max Memory :                                 -
    Average Memory :                             -
    Total Requested Memory :                     32.00 GB
    Delta Memory :                               -
    Max Swap :                                   -
    Max Processes :                              4
    Max Threads :                                5
    Run time :                                   28 sec.
    Turnaround time :                            14 sec.

The output (if any) is above this job summary.



PS:

Read file </share/ddomlab/sdehgha2/working-space/main/_colab_GP/GP_collab/results/HPC_history/hpc_20260105/GpyroMCMC_Matern52_Matern32_sum.err> for stderr output of this job.

Running seed: 42
No hyperparameter optimization
Running seed: 13
No hyperparameter optimization
Average scores:	 rmse: 12.78±0.2	 r2: 0.42±0.04
Filename: (ECFP3_count_512-COUNT)_(GpyroMCMC_Matern52-Matern32_sum)_mean_hypOFF_Standard_Standard_ARD
Running seed: 42
No hyperparameter optimization
Running seed: 13
No hyperparameter optimization
Running seed: 13
No hyperparameter optimization
Average scores:	 rmse: 0.37±0.03	 r2: 0.61±0.05
Filename: (ECFP3_count_512-COUNT)_(GpyroMCMC_Matern52-Matern32_sum)_hypOFF_Standard_Standard_ARD

------------------------------------------------------------
Sender: LSF System <lsfadmin@c200n07>
Subject: Job 894116: <structure_numerical_20260105> in cluster <Hazel> Done

Job <structure_numerical_20260105> was submitted from host <c207n09> by user <sdehgha2> in cluster <Hazel> at Mon Jan  5 17:06:14 2026
Job was executed on host(s) <6*c200n07>, in queue <single_chassis>, as user <sdehgha2> in cluster <Hazel> at Mon Jan  5 17:06:15 2026
</tmp/.lsbtmp404534> was used as the home directory.
</share/ddomlab/sdehgha2/working-space/main/_colab_GP/GP_collab/code_/training/hpc_submit_training_GP> was used as the working directory.
Started at Mon Jan  5 17:06:15 2026
Terminated at Mon Jan  5 17:10:53 2026
Results reported at Mon Jan  5 17:10:53 2026

Your job looked like:

------------------------------------------------------------
# LSBATCH: User input



#BSUB -n 6
#BSUB -W 10:00
#BSUB -R span[hosts=1]
#BSUB -R "rusage[mem=32GB]"
#BSUB -J "structure_numerical_20260105"
#BSUB -o "/share/ddomlab/sdehgha2/working-space/main/_colab_GP/GP_collab/results/HPC_history/hpc_20260105/GpyroMCMC_Matern52_Matern32_sum.out"
#BSUB -e "/share/ddomlab/sdehgha2/working-space/main/_colab_GP/GP_collab/results/HPC_history/hpc_20260105/GpyroMCMC_Matern52_Matern32_sum.err"

source ~/.bashrc
conda activate /usr/local/usrapps/ddomlab/sdehgha2/torch_cpu
python ../train_structure_numerical.py --K_fp Matern52                                         --K_count Matern32                                         --Kernel_mixing_method sum 


------------------------------------------------------------

Successfully completed.

Resource usage summary:

    CPU time :                                   503.59 sec.
    Max Memory :                                 2 GB
    Average Memory :                             1.42 GB
    Total Requested Memory :                     32.00 GB
    Delta Memory :                               30.00 GB
    Max Swap :                                   -
    Max Processes :                              26
    Max Threads :                                33
    Run time :                                   305 sec.
    Turnaround time :                            279 sec.

The output (if any) is above this job summary.



PS:

Read file </share/ddomlab/sdehgha2/working-space/main/_colab_GP/GP_collab/results/HPC_history/hpc_20260105/GpyroMCMC_Matern52_Matern32_sum.err> for stderr output of this job.

Average scores:	 rmse: 14.58±0.95	 r2: 0.42±0.05
Filename: (ECFP3_count_512-COUNT)_(GpyroMCMC_Matern52-Matern32_sum)_mean_hypOFF_Standard_Standard_ARD
Running seed: 42
No hyperparameter optimization
Running seed: 13
No hyperparameter optimization
Average scores:	 rmse: 11.15±0.5	 r2: 0.24±0.05
Filename: (ECFP3_count_512-COUNT)_(GpyroMCMC_Matern52-Matern32_sum)_mean_hypOFF_Standard_Standard_ARD
Running seed: 42
No hyperparameter optimization
Running seed: 13
No hyperparameter optimization
Average scores:	 rmse: 14.58±0.85	 r2: 0.44±0.08
Filename: (ECFP3_count_512-COUNT)_(GpyroMCMC_Matern52-Matern32_sum)_mean_hypOFF_Standard_Standard_ARD
Running seed: 42
No hyperparameter optimization

------------------------------------------------------------
Sender: LSF System <lsfadmin@c200n04>
Subject: Job 894055: <structure_numerical_20260105> in cluster <Hazel> Exited

Job <structure_numerical_20260105> was submitted from host <c207n14> by user <sdehgha2> in cluster <Hazel> at Mon Jan  5 16:57:43 2026
Job was executed on host(s) <6*c200n04>, in queue <single_chassis>, as user <sdehgha2> in cluster <Hazel> at Mon Jan  5 16:57:44 2026
</tmp/.lsbtmp404534> was used as the home directory.
</share/ddomlab/sdehgha2/working-space/main/_colab_GP/GP_collab/code_/training/hpc_submit_training_GP> was used as the working directory.
Started at Mon Jan  5 16:57:44 2026
Terminated at Mon Jan  5 17:24:01 2026
Results reported at Mon Jan  5 17:24:01 2026

Your job looked like:

------------------------------------------------------------
# LSBATCH: User input



#BSUB -n 6
#BSUB -W 10:00
#BSUB -R span[hosts=1]
#BSUB -R "rusage[mem=32GB]"
#BSUB -J "structure_numerical_20260105"
#BSUB -o "/share/ddomlab/sdehgha2/working-space/main/_colab_GP/GP_collab/results/HPC_history/hpc_20260105/GpyroMCMC_Matern52_Matern32_sum.out"
#BSUB -e "/share/ddomlab/sdehgha2/working-space/main/_colab_GP/GP_collab/results/HPC_history/hpc_20260105/GpyroMCMC_Matern52_Matern32_sum.err"

source ~/.bashrc
conda activate /usr/local/usrapps/ddomlab/sdehgha2/torch_cpu
python ../train_structure_numerical.py --K_fp Matern52                                         --K_count Matern32                                         --Kernel_mixing_method sum 


------------------------------------------------------------

TERM_OWNER: job killed by owner.
Exited with exit code 130.

Resource usage summary:

    CPU time :                                   3054.00 sec.
    Max Memory :                                 5 GB
    Average Memory :                             3.38 GB
    Total Requested Memory :                     32.00 GB
    Delta Memory :                               27.00 GB
    Max Swap :                                   -
    Max Processes :                              26
    Max Threads :                                35
    Run time :                                   1593 sec.
    Turnaround time :                            1578 sec.

The output (if any) is above this job summary.



PS:

Read file </share/ddomlab/sdehgha2/working-space/main/_colab_GP/GP_collab/results/HPC_history/hpc_20260105/GpyroMCMC_Matern52_Matern32_sum.err> for stderr output of this job.

Running seed: 6
No hyperparameter optimization
Running seed: 6
No hyperparameter optimization
Running seed: 6
No hyperparameter optimization
Running seed: 13
No hyperparameter optimization
Running seed: 42
No hyperparameter optimization
Running seed: 13
No hyperparameter optimization
Running seed: 42
No hyperparameter optimization
Average scores:	 rmse: 0.33±0.04	 r2: 0.69±0.06
Filename: (ECFP3_count_512-COUNT)_(GpyroMCMC_Matern52-Matern32_sum)_hypOFF_Standard_Standard_ARD

------------------------------------------------------------
Sender: LSF System <lsfadmin@c203n14>
Subject: Job 894407: <structure_numerical_20260105> in cluster <Hazel> Done

Job <structure_numerical_20260105> was submitted from host <c207n07> by user <sdehgha2> in cluster <Hazel> at Mon Jan  5 17:30:04 2026
Job was executed on host(s) <6*c203n14>, in queue <single_chassis>, as user <sdehgha2> in cluster <Hazel> at Mon Jan  5 17:30:05 2026
</tmp/.lsbtmp404534> was used as the home directory.
</share/ddomlab/sdehgha2/working-space/main/_colab_GP/GP_collab/code_/training/hpc_submit_training_GP> was used as the working directory.
Started at Mon Jan  5 17:30:05 2026
Terminated at Mon Jan  5 17:44:02 2026
Results reported at Mon Jan  5 17:44:02 2026

Your job looked like:

------------------------------------------------------------
# LSBATCH: User input



#BSUB -n 6
#BSUB -W 10:00
#BSUB -R span[hosts=1]
#BSUB -R "rusage[mem=32GB]"
#BSUB -J "structure_numerical_20260105"
#BSUB -o "/share/ddomlab/sdehgha2/working-space/main/_colab_GP/GP_collab/results/HPC_history/hpc_20260105/GpyroMCMC_Matern52_Matern32_sum.out"
#BSUB -e "/share/ddomlab/sdehgha2/working-space/main/_colab_GP/GP_collab/results/HPC_history/hpc_20260105/GpyroMCMC_Matern52_Matern32_sum.err"

source ~/.bashrc
conda activate /usr/local/usrapps/ddomlab/sdehgha2/torch_cpu
python ../train_structure_numerical.py --K_fp Matern52                                         --K_count Matern32                                         --Kernel_mixing_method sum 


------------------------------------------------------------

Successfully completed.

Resource usage summary:

    CPU time :                                   3491.00 sec.
    Max Memory :                                 6 GB
    Average Memory :                             4.17 GB
    Total Requested Memory :                     32.00 GB
    Delta Memory :                               26.00 GB
    Max Swap :                                   -
    Max Processes :                              26
    Max Threads :                                39
    Run time :                                   840 sec.
    Turnaround time :                            838 sec.

The output (if any) is above this job summary.



PS:

Read file </share/ddomlab/sdehgha2/working-space/main/_colab_GP/GP_collab/results/HPC_history/hpc_20260105/GpyroMCMC_Matern52_Matern32_sum.err> for stderr output of this job.

Average scores:	 rmse: 90.78±11.29	 r2: 0.66±0.08
Filename: (ECFP3_count_512-COUNT)_(GpyroMCMC_Matern52-Matern32_sum)_mean_hypOFF_Standard_Standard_ARD
Running seed: 6
No hyperparameter optimization
Running seed: 6
No hyperparameter optimization
Running seed: 13
No hyperparameter optimization
Running seed: 6
No hyperparameter optimization
Running seed: 42
No hyperparameter optimization
Average scores:	 rmse: 12.35±1.37	 r2: 0.41±0.2
Filename: (ECFP3_count_512-COUNT)_(GpyroMCMC_Matern52-Matern32_sum)_mean_hypOFF_Standard_Standard_ARD
Running seed: 6
No hyperparameter optimization
Running seed: 13
No hyperparameter optimization
Running seed: 42
No hyperparameter optimization
Average scores:	 rmse: 10.93±1.14	 r2: 0.67±0.06
Filename: (ECFP3_count_512-COUNT)_(GpyroMCMC_Matern52-Matern32_sum)_mean_hypOFF_Standard_Standard_ARD
Running seed: 6
No hyperparameter optimization
Running seed: 13
No hyperparameter optimization
Running seed: 13
No hyperparameter optimization
Running seed: 42
No hyperparameter optimization
Average scores:	 rmse: 10.02±1.29	 r2: 0.38±0.12
Filename: (ECFP3_count_512-COUNT)_(GpyroMCMC_Matern52-Matern32_sum)_mean_hypOFF_Standard_Standard_ARD
Running seed: 6
No hyperparameter optimization
Running seed: 13
No hyperparameter optimization
Running seed: 42
No hyperparameter optimization
Running seed: 6
No hyperparameter optimization
Average scores:	 rmse: 12.89±2.19	 r2: 0.55±0.18
Filename: (ECFP3_count_512-COUNT)_(GpyroMCMC_Matern52-Matern32_sum)_mean_hypOFF_Standard_Standard_ARD
Running seed: 6
No hyperparameter optimization
Running seed: 13
No hyperparameter optimization
Running seed: 13
No hyperparameter optimization
Running seed: 42
No hyperparameter optimization
Running seed: 42
No hyperparameter optimization
Average scores:	 rmse: 10.09±1.2	 r2: 0.37±0.1
Filename: (ECFP3_count_512-COUNT)_(GpyroMCMC_Matern52-Matern32_sum)_mean_hypOFF_Standard_Standard_ARD

------------------------------------------------------------
Sender: LSF System <lsfadmin@c200n13>
Subject: Job 894440: <structure_numerical_20260105> in cluster <Hazel> Done

Job <structure_numerical_20260105> was submitted from host <c207n07> by user <sdehgha2> in cluster <Hazel> at Mon Jan  5 17:31:12 2026
Job was executed on host(s) <6*c200n13>, in queue <single_chassis>, as user <sdehgha2> in cluster <Hazel> at Mon Jan  5 17:31:13 2026
</tmp/.lsbtmp404534> was used as the home directory.
</share/ddomlab/sdehgha2/working-space/main/_colab_GP/GP_collab/code_/training/hpc_submit_training_GP> was used as the working directory.
Started at Mon Jan  5 17:31:13 2026
Terminated at Mon Jan  5 19:02:46 2026
Results reported at Mon Jan  5 19:02:46 2026

Your job looked like:

------------------------------------------------------------
# LSBATCH: User input



#BSUB -n 6
#BSUB -W 10:00
#BSUB -R span[hosts=1]
#BSUB -R "rusage[mem=32GB]"
#BSUB -J "structure_numerical_20260105"
#BSUB -o "/share/ddomlab/sdehgha2/working-space/main/_colab_GP/GP_collab/results/HPC_history/hpc_20260105/GpyroMCMC_Matern52_Matern32_sum.out"
#BSUB -e "/share/ddomlab/sdehgha2/working-space/main/_colab_GP/GP_collab/results/HPC_history/hpc_20260105/GpyroMCMC_Matern52_Matern32_sum.err"

source ~/.bashrc
conda activate /usr/local/usrapps/ddomlab/sdehgha2/torch_cpu
python ../train_structure_numerical.py --K_fp Matern52                                         --K_count Matern32                                         --Kernel_mixing_method sum 


------------------------------------------------------------

Successfully completed.

Resource usage summary:

    CPU time :                                   25846.07 sec.
    Max Memory :                                 8 GB
    Average Memory :                             5.38 GB
    Total Requested Memory :                     32.00 GB
    Delta Memory :                               24.00 GB
    Max Swap :                                   -
    Max Processes :                              26
    Max Threads :                                39
    Run time :                                   5496 sec.
    Turnaround time :                            5494 sec.

The output (if any) is above this job summary.



PS:

Read file </share/ddomlab/sdehgha2/working-space/main/_colab_GP/GP_collab/results/HPC_history/hpc_20260105/GpyroMCMC_Matern52_Matern32_sum.err> for stderr output of this job.

Running seed: 42
No hyperparameter optimization
Average scores:	 rmse: 0.27±0.02	 r2: 0.83±0.03
Filename: (ECFP3_count_512-COUNT)_(GpyroMCMC_Matern52-Matern32_sum)_hypOFF_Standard_Standard_ARD
Running seed: 6
No hyperparameter optimization
Running seed: 13
No hyperparameter optimization
Average scores:	 rmse: 2.22±0.16	 r2: 0.48±0.07
Filename: (ECFP3_count_512-COUNT)_(GpyroMCMC_Matern52-Matern32_sum)_hypOFF_Standard_Standard_ARD

------------------------------------------------------------
Sender: LSF System <lsfadmin@c004n02>
Subject: Job 894472: <structure_numerical_20260105> in cluster <Hazel> Done

Job <structure_numerical_20260105> was submitted from host <c203n01> by user <sdehgha2> in cluster <Hazel> at Mon Jan  5 17:37:32 2026
Job was executed on host(s) <6*c004n02>, in queue <single_chassis>, as user <sdehgha2> in cluster <Hazel> at Mon Jan  5 17:37:33 2026
</tmp/.lsbtmp404534> was used as the home directory.
</share/ddomlab/sdehgha2/working-space/main/_colab_GP/GP_collab/code_/training/hpc_submit_training_GP> was used as the working directory.
Started at Mon Jan  5 17:37:33 2026
Terminated at Mon Jan  5 19:35:23 2026
Results reported at Mon Jan  5 19:35:23 2026

Your job looked like:

------------------------------------------------------------
# LSBATCH: User input



#BSUB -n 6
#BSUB -W 10:00
#BSUB -R span[hosts=1]
#BSUB -R "rusage[mem=32GB]"
#BSUB -J "structure_numerical_20260105"
#BSUB -o "/share/ddomlab/sdehgha2/working-space/main/_colab_GP/GP_collab/results/HPC_history/hpc_20260105/GpyroMCMC_Matern52_Matern32_sum.out"
#BSUB -e "/share/ddomlab/sdehgha2/working-space/main/_colab_GP/GP_collab/results/HPC_history/hpc_20260105/GpyroMCMC_Matern52_Matern32_sum.err"

source ~/.bashrc
conda activate /usr/local/usrapps/ddomlab/sdehgha2/torch_cpu
python ../train_structure_numerical.py --K_fp Matern52                                         --K_count Matern32                                         --Kernel_mixing_method sum 


------------------------------------------------------------

Successfully completed.

Resource usage summary:

    CPU time :                                   30358.03 sec.
    Max Memory :                                 7 GB
    Average Memory :                             4.94 GB
    Total Requested Memory :                     32.00 GB
    Delta Memory :                               25.00 GB
    Max Swap :                                   -
    Max Processes :                              38
    Max Threads :                                46
    Run time :                                   7081 sec.
    Turnaround time :                            7071 sec.

The output (if any) is above this job summary.



PS:

Read file </share/ddomlab/sdehgha2/working-space/main/_colab_GP/GP_collab/results/HPC_history/hpc_20260105/GpyroMCMC_Matern52_Matern32_sum.err> for stderr output of this job.

Running seed: 42
No hyperparameter optimization
Average scores:	 rmse: 0.35±0.04	 r2: 0.95±0.01
Filename: (ECFP3_count_512-COUNT)_(GpyroMCMC_Matern52-Matern32_sum)_hypOFF_Standard_Standard_ARD

------------------------------------------------------------
Sender: LSF System <lsfadmin@c009n04>
Subject: Job 894583: <structure_numerical_20260105> in cluster <Hazel> Done

Job <structure_numerical_20260105> was submitted from host <c024n02> by user <sdehgha2> in cluster <Hazel> at Mon Jan  5 18:14:30 2026
Job was executed on host(s) <6*c009n04>, in queue <single_chassis>, as user <sdehgha2> in cluster <Hazel> at Mon Jan  5 18:43:29 2026
</tmp/.lsbtmp404534> was used as the home directory.
</share/ddomlab/sdehgha2/working-space/main/_colab_GP/GP_collab/code_/training/hpc_submit_training_GP> was used as the working directory.
Started at Mon Jan  5 18:43:29 2026
Terminated at Mon Jan  5 20:00:59 2026
Results reported at Mon Jan  5 20:00:59 2026

Your job looked like:

------------------------------------------------------------
# LSBATCH: User input



#BSUB -n 6
#BSUB -W 10:00
#BSUB -R span[hosts=1]
#BSUB -R "rusage[mem=32GB]"
#BSUB -J "structure_numerical_20260105"
#BSUB -o "/share/ddomlab/sdehgha2/working-space/main/_colab_GP/GP_collab/results/HPC_history/hpc_20260105/GpyroMCMC_Matern52_Matern32_sum.out"
#BSUB -e "/share/ddomlab/sdehgha2/working-space/main/_colab_GP/GP_collab/results/HPC_history/hpc_20260105/GpyroMCMC_Matern52_Matern32_sum.err"

source ~/.bashrc
conda activate /usr/local/usrapps/ddomlab/sdehgha2/torch_cpu
python ../train_structure_numerical.py --K_fp Matern52                                         --K_count Matern32                                         --Kernel_mixing_method sum 


------------------------------------------------------------

Successfully completed.

Resource usage summary:

    CPU time :                                   22002.44 sec.
    Max Memory :                                 13 GB
    Average Memory :                             8.49 GB
    Total Requested Memory :                     32.00 GB
    Delta Memory :                               19.00 GB
    Max Swap :                                   -
    Max Processes :                              38
    Max Threads :                                46
    Run time :                                   4669 sec.
    Turnaround time :                            6389 sec.

The output (if any) is above this job summary.



PS:

Read file </share/ddomlab/sdehgha2/working-space/main/_colab_GP/GP_collab/results/HPC_history/hpc_20260105/GpyroMCMC_Matern52_Matern32_sum.err> for stderr output of this job.

Running seed: 13
No hyperparameter optimization
Running seed: 13
No hyperparameter optimization
Running seed: 42
No hyperparameter optimization
Running seed: 42
No hyperparameter optimization
Average scores:	 rmse: 0.48±0.02	 r2: 0.73±0.02
Filename: (ECFP3_count_512-COUNT)_(GpyroMCMC_Matern52-Matern32_sum)_hypOFF_Standard_Standard_ARD

------------------------------------------------------------
Sender: LSF System <lsfadmin@c007n01>
Subject: Job 894532: <structure_numerical_20260105> in cluster <Hazel> Done

Job <structure_numerical_20260105> was submitted from host <c203n14> by user <sdehgha2> in cluster <Hazel> at Mon Jan  5 17:48:16 2026
Job was executed on host(s) <6*c007n01>, in queue <single_chassis>, as user <sdehgha2> in cluster <Hazel> at Mon Jan  5 17:51:08 2026
</tmp/.lsbtmp404534> was used as the home directory.
</share/ddomlab/sdehgha2/working-space/main/_colab_GP/GP_collab/code_/training/hpc_submit_training_GP> was used as the working directory.
Started at Mon Jan  5 17:51:08 2026
Terminated at Tue Jan  6 06:49:15 2026
Results reported at Tue Jan  6 06:49:15 2026

Your job looked like:

------------------------------------------------------------
# LSBATCH: User input



#BSUB -n 6
#BSUB -W 33:00
#BSUB -R span[hosts=1]
#BSUB -R "rusage[mem=32GB]"
#BSUB -J "structure_numerical_20260105"
#BSUB -o "/share/ddomlab/sdehgha2/working-space/main/_colab_GP/GP_collab/results/HPC_history/hpc_20260105/GpyroMCMC_Matern52_Matern32_sum.out"
#BSUB -e "/share/ddomlab/sdehgha2/working-space/main/_colab_GP/GP_collab/results/HPC_history/hpc_20260105/GpyroMCMC_Matern52_Matern32_sum.err"

source ~/.bashrc
conda activate /usr/local/usrapps/ddomlab/sdehgha2/torch_cpu
python ../train_structure_numerical.py --K_fp Matern52                                         --K_count Matern32                                         --Kernel_mixing_method sum 


------------------------------------------------------------

Successfully completed.

Resource usage summary:

    CPU time :                                   224959.28 sec.
    Max Memory :                                 62 GB
    Average Memory :                             46.78 GB
    Total Requested Memory :                     32.00 GB
    Delta Memory :                               -30.00 GB
    Max Swap :                                   -
    Max Processes :                              38
    Max Threads :                                46
    Run time :                                   46712 sec.
    Turnaround time :                            46859 sec.

The output (if any) is above this job summary.



PS:

Read file </share/ddomlab/sdehgha2/working-space/main/_colab_GP/GP_collab/results/HPC_history/hpc_20260105/GpyroMCMC_Matern52_Matern32_sum.err> for stderr output of this job.

Average scores:	 rmse: 0.37±0.01	 r2: 0.75±0.03
Filename: (ECFP3_count_512-COUNT)_(GpyroMCMC_Matern52-Matern32_sum)_hypOFF_Standard_Standard_ARD

------------------------------------------------------------
Sender: LSF System <lsfadmin@c200n04>
Subject: Job 894504: <structure_numerical_20260105> in cluster <Hazel> Done

Job <structure_numerical_20260105> was submitted from host <c207n09> by user <sdehgha2> in cluster <Hazel> at Mon Jan  5 17:47:13 2026
Job was executed on host(s) <6*c200n04>, in queue <single_chassis>, as user <sdehgha2> in cluster <Hazel> at Mon Jan  5 17:47:14 2026
</tmp/.lsbtmp404534> was used as the home directory.
</share/ddomlab/sdehgha2/working-space/main/_colab_GP/GP_collab/code_/training/hpc_submit_training_GP> was used as the working directory.
Started at Mon Jan  5 17:47:14 2026
Terminated at Tue Jan  6 11:54:49 2026
Results reported at Tue Jan  6 11:54:49 2026

Your job looked like:

------------------------------------------------------------
# LSBATCH: User input



#BSUB -n 6
#BSUB -W 33:00
#BSUB -R span[hosts=1]
#BSUB -R "rusage[mem=32GB]"
#BSUB -J "structure_numerical_20260105"
#BSUB -o "/share/ddomlab/sdehgha2/working-space/main/_colab_GP/GP_collab/results/HPC_history/hpc_20260105/GpyroMCMC_Matern52_Matern32_sum.out"
#BSUB -e "/share/ddomlab/sdehgha2/working-space/main/_colab_GP/GP_collab/results/HPC_history/hpc_20260105/GpyroMCMC_Matern52_Matern32_sum.err"

source ~/.bashrc
conda activate /usr/local/usrapps/ddomlab/sdehgha2/torch_cpu
python ../train_structure_numerical.py --K_fp Matern52                                         --K_count Matern32                                         --Kernel_mixing_method sum 


------------------------------------------------------------

Successfully completed.

Resource usage summary:

    CPU time :                                   313689.56 sec.
    Max Memory :                                 35 GB
    Average Memory :                             31.73 GB
    Total Requested Memory :                     32.00 GB
    Delta Memory :                               -3.00 GB
    Max Swap :                                   -
    Max Processes :                              26
    Max Threads :                                34
    Run time :                                   65269 sec.
    Turnaround time :                            65256 sec.

The output (if any) is above this job summary.



PS:

Read file </share/ddomlab/sdehgha2/working-space/main/_colab_GP/GP_collab/results/HPC_history/hpc_20260105/GpyroMCMC_Matern52_Matern32_sum.err> for stderr output of this job.

