Running seed: 42
No hyperparameter optimization

------------------------------------------------------------
Sender: LSF System <lsfadmin@c014n03>
Subject: Job 894033: <structure_numerical_20260105> in cluster <Hazel> Exited

Job <structure_numerical_20260105> was submitted from host <c207n07> by user <sdehgha2> in cluster <Hazel> at Mon Jan  5 16:46:38 2026
Job was executed on host(s) <6*c014n03>, in queue <single_chassis>, as user <sdehgha2> in cluster <Hazel> at Mon Jan  5 16:46:39 2026
</tmp/.lsbtmp404534> was used as the home directory.
</share/ddomlab/sdehgha2/working-space/main/_colab_GP/GP_collab/code_/training/hpc_submit_training_GP> was used as the working directory.
Started at Mon Jan  5 16:46:39 2026
Terminated at Mon Jan  5 16:48:45 2026
Results reported at Mon Jan  5 16:48:45 2026

Your job looked like:

------------------------------------------------------------
# LSBATCH: User input



#BSUB -n 6
#BSUB -W 10:00
#BSUB -R span[hosts=1]
#BSUB -R "rusage[mem=32GB]"
#BSUB -J "structure_numerical_20260105"
#BSUB -o "/share/ddomlab/sdehgha2/working-space/main/_colab_GP/GP_collab/results/HPC_history/hpc_20260105/GpyroMCMC_Matern52_RBF_averageProduct.out"
#BSUB -e "/share/ddomlab/sdehgha2/working-space/main/_colab_GP/GP_collab/results/HPC_history/hpc_20260105/GpyroMCMC_Matern52_RBF_averageProduct.err"

source ~/.bashrc
conda activate /usr/local/usrapps/ddomlab/sdehgha2/torch_cpu
python ../train_structure_numerical.py --K_fp Matern52                                         --K_count RBF                                         --Kernel_mixing_method averageProduct 


------------------------------------------------------------

Exited with exit code 1.

Resource usage summary:

    CPU time :                                   222.57 sec.
    Max Memory :                                 2 GB
    Average Memory :                             1.00 GB
    Total Requested Memory :                     32.00 GB
    Delta Memory :                               30.00 GB
    Max Swap :                                   -
    Max Processes :                              38
    Max Threads :                                43
    Run time :                                   137 sec.
    Turnaround time :                            127 sec.

The output (if any) is above this job summary.



PS:

Read file </share/ddomlab/sdehgha2/working-space/main/_colab_GP/GP_collab/results/HPC_history/hpc_20260105/GpyroMCMC_Matern52_RBF_averageProduct.err> for stderr output of this job.

Running seed: 42
No hyperparameter optimization
Running seed: 13
No hyperparameter optimization
Average scores:	 rmse: 95.22±4.26	 r2: 0.65±0.02
Filename: (ECFP3_count_512-COUNT)_(GpyroMCMC_Matern52-RBF_averageProduct)_mean_hypOFF_Standard_Standard_ARD
Running seed: 42
No hyperparameter optimization
Running seed: 13
No hyperparameter optimization
Average scores:	 rmse: 10.76±0.29	 r2: 0.59±0.03
Filename: (ECFP3_count_512-COUNT)_(GpyroMCMC_Matern52-RBF_averageProduct)_mean_hypOFF_Standard_Standard_ARD
Running seed: 42
No hyperparameter optimization

------------------------------------------------------------
Sender: LSF System <lsfadmin@c009n04>
Subject: Job 894106: <structure_numerical_20260105> in cluster <Hazel> Exited

Job <structure_numerical_20260105> was submitted from host <c207n09> by user <sdehgha2> in cluster <Hazel> at Mon Jan  5 17:04:10 2026
Job was executed on host(s) <6*c009n04>, in queue <single_chassis>, as user <sdehgha2> in cluster <Hazel> at Mon Jan  5 17:04:11 2026
</tmp/.lsbtmp404534> was used as the home directory.
</share/ddomlab/sdehgha2/working-space/main/_colab_GP/GP_collab/code_/training/hpc_submit_training_GP> was used as the working directory.
Started at Mon Jan  5 17:04:11 2026
Terminated at Mon Jan  5 17:04:26 2026
Results reported at Mon Jan  5 17:04:26 2026

Your job looked like:

------------------------------------------------------------
# LSBATCH: User input



#BSUB -n 6
#BSUB -W 10:00
#BSUB -R span[hosts=1]
#BSUB -R "rusage[mem=32GB]"
#BSUB -J "structure_numerical_20260105"
#BSUB -o "/share/ddomlab/sdehgha2/working-space/main/_colab_GP/GP_collab/results/HPC_history/hpc_20260105/GpyroMCMC_Matern52_RBF_averageProduct.out"
#BSUB -e "/share/ddomlab/sdehgha2/working-space/main/_colab_GP/GP_collab/results/HPC_history/hpc_20260105/GpyroMCMC_Matern52_RBF_averageProduct.err"

source ~/.bashrc
conda activate /usr/local/usrapps/ddomlab/sdehgha2/torch_cpu
python ../train_structure_numerical.py --K_fp Matern52                                         --K_count RBF                                         --Kernel_mixing_method averageProduct 


------------------------------------------------------------

Exited with exit code 1.

Resource usage summary:

    CPU time :                                   7.36 sec.
    Max Memory :                                 -
    Average Memory :                             -
    Total Requested Memory :                     32.00 GB
    Delta Memory :                               -
    Max Swap :                                   -
    Max Processes :                              4
    Max Threads :                                5
    Run time :                                   40 sec.
    Turnaround time :                            16 sec.

The output (if any) is above this job summary.



PS:

Read file </share/ddomlab/sdehgha2/working-space/main/_colab_GP/GP_collab/results/HPC_history/hpc_20260105/GpyroMCMC_Matern52_RBF_averageProduct.err> for stderr output of this job.

Running seed: 42
No hyperparameter optimization
Running seed: 13
No hyperparameter optimization
Average scores:	 rmse: 12.83±1.22	 r2: 0.55±0.08
Filename: (ECFP3_count_512-COUNT)_(GpyroMCMC_Matern52-RBF_averageProduct)_mean_hypOFF_Standard_Standard_ARD
Running seed: 42
No hyperparameter optimization
Running seed: 13
No hyperparameter optimization
Running seed: 13
No hyperparameter optimization
Average scores:	 rmse: 0.33±0.02	 r2: 0.7±0.04
Filename: (ECFP3_count_512-COUNT)_(GpyroMCMC_Matern52-RBF_averageProduct)_hypOFF_Standard_Standard_ARD

------------------------------------------------------------
Sender: LSF System <lsfadmin@c004n02>
Subject: Job 894136: <structure_numerical_20260105> in cluster <Hazel> Done

Job <structure_numerical_20260105> was submitted from host <c207n09> by user <sdehgha2> in cluster <Hazel> at Mon Jan  5 17:06:21 2026
Job was executed on host(s) <6*c004n02>, in queue <single_chassis>, as user <sdehgha2> in cluster <Hazel> at Mon Jan  5 17:06:22 2026
</tmp/.lsbtmp404534> was used as the home directory.
</share/ddomlab/sdehgha2/working-space/main/_colab_GP/GP_collab/code_/training/hpc_submit_training_GP> was used as the working directory.
Started at Mon Jan  5 17:06:22 2026
Terminated at Mon Jan  5 17:10:07 2026
Results reported at Mon Jan  5 17:10:07 2026

Your job looked like:

------------------------------------------------------------
# LSBATCH: User input



#BSUB -n 6
#BSUB -W 10:00
#BSUB -R span[hosts=1]
#BSUB -R "rusage[mem=32GB]"
#BSUB -J "structure_numerical_20260105"
#BSUB -o "/share/ddomlab/sdehgha2/working-space/main/_colab_GP/GP_collab/results/HPC_history/hpc_20260105/GpyroMCMC_Matern52_RBF_averageProduct.out"
#BSUB -e "/share/ddomlab/sdehgha2/working-space/main/_colab_GP/GP_collab/results/HPC_history/hpc_20260105/GpyroMCMC_Matern52_RBF_averageProduct.err"

source ~/.bashrc
conda activate /usr/local/usrapps/ddomlab/sdehgha2/torch_cpu
python ../train_structure_numerical.py --K_fp Matern52                                         --K_count RBF                                         --Kernel_mixing_method averageProduct 


------------------------------------------------------------

Successfully completed.

Resource usage summary:

    CPU time :                                   380.00 sec.
    Max Memory :                                 3 GB
    Average Memory :                             1.70 GB
    Total Requested Memory :                     32.00 GB
    Delta Memory :                               29.00 GB
    Max Swap :                                   -
    Max Processes :                              38
    Max Threads :                                45
    Run time :                                   252 sec.
    Turnaround time :                            226 sec.

The output (if any) is above this job summary.



PS:

Read file </share/ddomlab/sdehgha2/working-space/main/_colab_GP/GP_collab/results/HPC_history/hpc_20260105/GpyroMCMC_Matern52_RBF_averageProduct.err> for stderr output of this job.

Average scores:	 rmse: 11.33±0.57	 r2: 0.22±0.05
Filename: (ECFP3_count_512-COUNT)_(GpyroMCMC_Matern52-RBF_averageProduct)_mean_hypOFF_Standard_Standard_ARD
Running seed: 42
No hyperparameter optimization
Running seed: 13
No hyperparameter optimization
Average scores:	 rmse: 12.94±0.93	 r2: 0.56±0.07
Filename: (ECFP3_count_512-COUNT)_(GpyroMCMC_Matern52-RBF_averageProduct)_mean_hypOFF_Standard_Standard_ARD
Running seed: 42
No hyperparameter optimization
Running seed: 13
No hyperparameter optimization
Average scores:	 rmse: 11.28±0.71	 r2: 0.23±0.08
Filename: (ECFP3_count_512-COUNT)_(GpyroMCMC_Matern52-RBF_averageProduct)_mean_hypOFF_Standard_Standard_ARD

------------------------------------------------------------
Sender: LSF System <lsfadmin@c016n03>
Subject: Job 894075: <structure_numerical_20260105> in cluster <Hazel> Done

Job <structure_numerical_20260105> was submitted from host <c207n14> by user <sdehgha2> in cluster <Hazel> at Mon Jan  5 16:57:50 2026
Job was executed on host(s) <6*c016n03>, in queue <single_chassis>, as user <sdehgha2> in cluster <Hazel> at Mon Jan  5 16:57:51 2026
</tmp/.lsbtmp404534> was used as the home directory.
</share/ddomlab/sdehgha2/working-space/main/_colab_GP/GP_collab/code_/training/hpc_submit_training_GP> was used as the working directory.
Started at Mon Jan  5 16:57:51 2026
Terminated at Mon Jan  5 17:16:06 2026
Results reported at Mon Jan  5 17:16:06 2026

Your job looked like:

------------------------------------------------------------
# LSBATCH: User input



#BSUB -n 6
#BSUB -W 10:00
#BSUB -R span[hosts=1]
#BSUB -R "rusage[mem=32GB]"
#BSUB -J "structure_numerical_20260105"
#BSUB -o "/share/ddomlab/sdehgha2/working-space/main/_colab_GP/GP_collab/results/HPC_history/hpc_20260105/GpyroMCMC_Matern52_RBF_averageProduct.out"
#BSUB -e "/share/ddomlab/sdehgha2/working-space/main/_colab_GP/GP_collab/results/HPC_history/hpc_20260105/GpyroMCMC_Matern52_RBF_averageProduct.err"

source ~/.bashrc
conda activate /usr/local/usrapps/ddomlab/sdehgha2/torch_cpu
python ../train_structure_numerical.py --K_fp Matern52                                         --K_count RBF                                         --Kernel_mixing_method averageProduct 


------------------------------------------------------------

Successfully completed.

Resource usage summary:

    CPU time :                                   2048.17 sec.
    Max Memory :                                 7 GB
    Average Memory :                             4.19 GB
    Total Requested Memory :                     32.00 GB
    Delta Memory :                               25.00 GB
    Max Swap :                                   -
    Max Processes :                              38
    Max Threads :                                50
    Run time :                                   1117 sec.
    Turnaround time :                            1096 sec.

The output (if any) is above this job summary.



PS:

Read file </share/ddomlab/sdehgha2/working-space/main/_colab_GP/GP_collab/results/HPC_history/hpc_20260105/GpyroMCMC_Matern52_RBF_averageProduct.err> for stderr output of this job.

Running seed: 6
No hyperparameter optimization
Running seed: 6
No hyperparameter optimization
Running seed: 13
No hyperparameter optimization
Running seed: 42
No hyperparameter optimization
Running seed: 6
No hyperparameter optimization
Running seed: 13
No hyperparameter optimization
Running seed: 42
No hyperparameter optimization
Average scores:	 rmse: 0.31±0.08	 r2: 0.71±0.14
Filename: (ECFP3_count_512-COUNT)_(GpyroMCMC_Matern52-RBF_averageProduct)_hypOFF_Standard_Standard_ARD

------------------------------------------------------------
Sender: LSF System <lsfadmin@c024n04>
Subject: Job 894428: <structure_numerical_20260105> in cluster <Hazel> Done

Job <structure_numerical_20260105> was submitted from host <c207n07> by user <sdehgha2> in cluster <Hazel> at Mon Jan  5 17:30:12 2026
Job was executed on host(s) <6*c024n04>, in queue <single_chassis>, as user <sdehgha2> in cluster <Hazel> at Mon Jan  5 17:30:13 2026
</tmp/.lsbtmp404534> was used as the home directory.
</share/ddomlab/sdehgha2/working-space/main/_colab_GP/GP_collab/code_/training/hpc_submit_training_GP> was used as the working directory.
Started at Mon Jan  5 17:30:13 2026
Terminated at Mon Jan  5 17:43:05 2026
Results reported at Mon Jan  5 17:43:05 2026

Your job looked like:

------------------------------------------------------------
# LSBATCH: User input



#BSUB -n 6
#BSUB -W 10:00
#BSUB -R span[hosts=1]
#BSUB -R "rusage[mem=32GB]"
#BSUB -J "structure_numerical_20260105"
#BSUB -o "/share/ddomlab/sdehgha2/working-space/main/_colab_GP/GP_collab/results/HPC_history/hpc_20260105/GpyroMCMC_Matern52_RBF_averageProduct.out"
#BSUB -e "/share/ddomlab/sdehgha2/working-space/main/_colab_GP/GP_collab/results/HPC_history/hpc_20260105/GpyroMCMC_Matern52_RBF_averageProduct.err"

source ~/.bashrc
conda activate /usr/local/usrapps/ddomlab/sdehgha2/torch_cpu
python ../train_structure_numerical.py --K_fp Matern52                                         --K_count RBF                                         --Kernel_mixing_method averageProduct 


------------------------------------------------------------

Successfully completed.

Resource usage summary:

    CPU time :                                   3341.00 sec.
    Max Memory :                                 6 GB
    Average Memory :                             4.25 GB
    Total Requested Memory :                     32.00 GB
    Delta Memory :                               26.00 GB
    Max Swap :                                   -
    Max Processes :                              38
    Max Threads :                                51
    Run time :                                   785 sec.
    Turnaround time :                            773 sec.

The output (if any) is above this job summary.



PS:

Read file </share/ddomlab/sdehgha2/working-space/main/_colab_GP/GP_collab/results/HPC_history/hpc_20260105/GpyroMCMC_Matern52_RBF_averageProduct.err> for stderr output of this job.

Running seed: 6
No hyperparameter optimization
Average scores:	 rmse: 81.68±12.83	 r2: 0.73±0.07
Filename: (ECFP3_count_512-COUNT)_(GpyroMCMC_Matern52-RBF_averageProduct)_mean_hypOFF_Standard_Standard_ARD
Running seed: 6
No hyperparameter optimization
Running seed: 13
No hyperparameter optimization
Running seed: 42
No hyperparameter optimization
Average scores:	 rmse: 9.91±1.11	 r2: 0.62±0.13
Filename: (ECFP3_count_512-COUNT)_(GpyroMCMC_Matern52-RBF_averageProduct)_mean_hypOFF_Standard_Standard_ARD
Running seed: 6
No hyperparameter optimization
Running seed: 6
No hyperparameter optimization
Running seed: 13
No hyperparameter optimization
Running seed: 42
No hyperparameter optimization
Average scores:	 rmse: 10.35±1.06	 r2: 0.7±0.06
Filename: (ECFP3_count_512-COUNT)_(GpyroMCMC_Matern52-RBF_averageProduct)_mean_hypOFF_Standard_Standard_ARD
Running seed: 6
No hyperparameter optimization
Running seed: 13
No hyperparameter optimization
Running seed: 42
No hyperparameter optimization
Running seed: 6
No hyperparameter optimization
Average scores:	 rmse: 9.32±1.24	 r2: 0.46±0.09
Filename: (ECFP3_count_512-COUNT)_(GpyroMCMC_Matern52-RBF_averageProduct)_mean_hypOFF_Standard_Standard_ARD
Running seed: 6
No hyperparameter optimization
Running seed: 13
No hyperparameter optimization
Running seed: 13
No hyperparameter optimization
Running seed: 42
No hyperparameter optimization
Average scores:	 rmse: 10.69±1.41	 r2: 0.69±0.08
Filename: (ECFP3_count_512-COUNT)_(GpyroMCMC_Matern52-RBF_averageProduct)_mean_hypOFF_Standard_Standard_ARD
Running seed: 6
No hyperparameter optimization
Running seed: 13
No hyperparameter optimization
Running seed: 42
No hyperparameter optimization
Running seed: 42
No hyperparameter optimization
Average scores:	 rmse: 9.41±1.22	 r2: 0.45±0.1
Filename: (ECFP3_count_512-COUNT)_(GpyroMCMC_Matern52-RBF_averageProduct)_mean_hypOFF_Standard_Standard_ARD

------------------------------------------------------------
Sender: LSF System <lsfadmin@c202n07>
Subject: Job 894460: <structure_numerical_20260105> in cluster <Hazel> Done

Job <structure_numerical_20260105> was submitted from host <c207n07> by user <sdehgha2> in cluster <Hazel> at Mon Jan  5 17:31:21 2026
Job was executed on host(s) <6*c202n07>, in queue <single_chassis>, as user <sdehgha2> in cluster <Hazel> at Mon Jan  5 17:32:12 2026
</tmp/.lsbtmp404534> was used as the home directory.
</share/ddomlab/sdehgha2/working-space/main/_colab_GP/GP_collab/code_/training/hpc_submit_training_GP> was used as the working directory.
Started at Mon Jan  5 17:32:12 2026
Terminated at Mon Jan  5 18:54:33 2026
Results reported at Mon Jan  5 18:54:33 2026

Your job looked like:

------------------------------------------------------------
# LSBATCH: User input



#BSUB -n 6
#BSUB -W 10:00
#BSUB -R span[hosts=1]
#BSUB -R "rusage[mem=32GB]"
#BSUB -J "structure_numerical_20260105"
#BSUB -o "/share/ddomlab/sdehgha2/working-space/main/_colab_GP/GP_collab/results/HPC_history/hpc_20260105/GpyroMCMC_Matern52_RBF_averageProduct.out"
#BSUB -e "/share/ddomlab/sdehgha2/working-space/main/_colab_GP/GP_collab/results/HPC_history/hpc_20260105/GpyroMCMC_Matern52_RBF_averageProduct.err"

source ~/.bashrc
conda activate /usr/local/usrapps/ddomlab/sdehgha2/torch_cpu
python ../train_structure_numerical.py --K_fp Matern52                                         --K_count RBF                                         --Kernel_mixing_method averageProduct 


------------------------------------------------------------

Successfully completed.

Resource usage summary:

    CPU time :                                   22827.37 sec.
    Max Memory :                                 13 GB
    Average Memory :                             7.45 GB
    Total Requested Memory :                     32.00 GB
    Delta Memory :                               19.00 GB
    Max Swap :                                   -
    Max Processes :                              30
    Max Threads :                                43
    Run time :                                   4967 sec.
    Turnaround time :                            4992 sec.

The output (if any) is above this job summary.



PS:

Read file </share/ddomlab/sdehgha2/working-space/main/_colab_GP/GP_collab/results/HPC_history/hpc_20260105/GpyroMCMC_Matern52_RBF_averageProduct.err> for stderr output of this job.

Average scores:	 rmse: 0.23±0.03	 r2: 0.88±0.04
Filename: (ECFP3_count_512-COUNT)_(GpyroMCMC_Matern52-RBF_averageProduct)_hypOFF_Standard_Standard_ARD
Running seed: 6
No hyperparameter optimization
Running seed: 13
No hyperparameter optimization
Running seed: 42
No hyperparameter optimization
Average scores:	 rmse: 0.31±0.06	 r2: 0.96±0.02
Filename: (ECFP3_count_512-COUNT)_(GpyroMCMC_Matern52-RBF_averageProduct)_hypOFF_Standard_Standard_ARD

------------------------------------------------------------
Sender: LSF System <lsfadmin@c008n03>
Subject: Job 894603: <structure_numerical_20260105> in cluster <Hazel> Done

Job <structure_numerical_20260105> was submitted from host <c024n02> by user <sdehgha2> in cluster <Hazel> at Mon Jan  5 18:14:38 2026
Job was executed on host(s) <6*c008n03>, in queue <single_chassis>, as user <sdehgha2> in cluster <Hazel> at Mon Jan  5 18:24:09 2026
</tmp/.lsbtmp404534> was used as the home directory.
</share/ddomlab/sdehgha2/working-space/main/_colab_GP/GP_collab/code_/training/hpc_submit_training_GP> was used as the working directory.
Started at Mon Jan  5 18:24:09 2026
Terminated at Mon Jan  5 19:44:15 2026
Results reported at Mon Jan  5 19:44:15 2026

Your job looked like:

------------------------------------------------------------
# LSBATCH: User input



#BSUB -n 6
#BSUB -W 10:00
#BSUB -R span[hosts=1]
#BSUB -R "rusage[mem=32GB]"
#BSUB -J "structure_numerical_20260105"
#BSUB -o "/share/ddomlab/sdehgha2/working-space/main/_colab_GP/GP_collab/results/HPC_history/hpc_20260105/GpyroMCMC_Matern52_RBF_averageProduct.out"
#BSUB -e "/share/ddomlab/sdehgha2/working-space/main/_colab_GP/GP_collab/results/HPC_history/hpc_20260105/GpyroMCMC_Matern52_RBF_averageProduct.err"

source ~/.bashrc
conda activate /usr/local/usrapps/ddomlab/sdehgha2/torch_cpu
python ../train_structure_numerical.py --K_fp Matern52                                         --K_count RBF                                         --Kernel_mixing_method averageProduct 


------------------------------------------------------------

Successfully completed.

Resource usage summary:

    CPU time :                                   21739.31 sec.
    Max Memory :                                 10 GB
    Average Memory :                             6.21 GB
    Total Requested Memory :                     32.00 GB
    Delta Memory :                               22.00 GB
    Max Swap :                                   1 GB
    Max Processes :                              38
    Max Threads :                                46
    Run time :                                   4808 sec.
    Turnaround time :                            5377 sec.

The output (if any) is above this job summary.



PS:

Read file </share/ddomlab/sdehgha2/working-space/main/_colab_GP/GP_collab/results/HPC_history/hpc_20260105/GpyroMCMC_Matern52_RBF_averageProduct.err> for stderr output of this job.

Running seed: 13
No hyperparameter optimization
Running seed: 42
No hyperparameter optimization
Running seed: 13
No hyperparameter optimization
Average scores:	 rmse: 2.91±0.22	 r2: 0.11±0.04
Filename: (ECFP3_count_512-COUNT)_(GpyroMCMC_Matern52-RBF_averageProduct)_hypOFF_Standard_Standard_ARD

------------------------------------------------------------
Sender: LSF System <lsfadmin@c202n07>
Subject: Job 894492: <structure_numerical_20260105> in cluster <Hazel> Done

Job <structure_numerical_20260105> was submitted from host <c203n01> by user <sdehgha2> in cluster <Hazel> at Mon Jan  5 17:37:40 2026
Job was executed on host(s) <6*c202n07>, in queue <single_chassis>, as user <sdehgha2> in cluster <Hazel> at Mon Jan  5 17:41:09 2026
</tmp/.lsbtmp404534> was used as the home directory.
</share/ddomlab/sdehgha2/working-space/main/_colab_GP/GP_collab/code_/training/hpc_submit_training_GP> was used as the working directory.
Started at Mon Jan  5 17:41:09 2026
Terminated at Tue Jan  6 01:38:15 2026
Results reported at Tue Jan  6 01:38:15 2026

Your job looked like:

------------------------------------------------------------
# LSBATCH: User input



#BSUB -n 6
#BSUB -W 10:00
#BSUB -R span[hosts=1]
#BSUB -R "rusage[mem=32GB]"
#BSUB -J "structure_numerical_20260105"
#BSUB -o "/share/ddomlab/sdehgha2/working-space/main/_colab_GP/GP_collab/results/HPC_history/hpc_20260105/GpyroMCMC_Matern52_RBF_averageProduct.out"
#BSUB -e "/share/ddomlab/sdehgha2/working-space/main/_colab_GP/GP_collab/results/HPC_history/hpc_20260105/GpyroMCMC_Matern52_RBF_averageProduct.err"

source ~/.bashrc
conda activate /usr/local/usrapps/ddomlab/sdehgha2/torch_cpu
python ../train_structure_numerical.py --K_fp Matern52                                         --K_count RBF                                         --Kernel_mixing_method averageProduct 


------------------------------------------------------------

Successfully completed.

Resource usage summary:

    CPU time :                                   106367.06 sec.
    Max Memory :                                 5 GB
    Average Memory :                             3.20 GB
    Total Requested Memory :                     32.00 GB
    Delta Memory :                               27.00 GB
    Max Swap :                                   -
    Max Processes :                              30
    Max Threads :                                38
    Run time :                                   28627 sec.
    Turnaround time :                            28835 sec.

The output (if any) is above this job summary.



PS:

Read file </share/ddomlab/sdehgha2/working-space/main/_colab_GP/GP_collab/results/HPC_history/hpc_20260105/GpyroMCMC_Matern52_RBF_averageProduct.err> for stderr output of this job.

Running seed: 13
No hyperparameter optimization
Running seed: 42
No hyperparameter optimization
Running seed: 42
No hyperparameter optimization
Average scores:	 rmse: 0.45±0.03	 r2: 0.76±0.02
Filename: (ECFP3_count_512-COUNT)_(GpyroMCMC_Matern52-RBF_averageProduct)_hypOFF_Standard_Standard_ARD

------------------------------------------------------------
Sender: LSF System <lsfadmin@c001n01>
Subject: Job 894553: <structure_numerical_20260105> in cluster <Hazel> Done

Job <structure_numerical_20260105> was submitted from host <c203n14> by user <sdehgha2> in cluster <Hazel> at Mon Jan  5 17:48:24 2026
Job was executed on host(s) <6*c001n01>, in queue <single_chassis>, as user <sdehgha2> in cluster <Hazel> at Mon Jan  5 18:01:40 2026
</tmp/.lsbtmp404534> was used as the home directory.
</share/ddomlab/sdehgha2/working-space/main/_colab_GP/GP_collab/code_/training/hpc_submit_training_GP> was used as the working directory.
Started at Mon Jan  5 18:01:40 2026
Terminated at Tue Jan  6 13:26:23 2026
Results reported at Tue Jan  6 13:26:23 2026

Your job looked like:

------------------------------------------------------------
# LSBATCH: User input



#BSUB -n 6
#BSUB -W 33:00
#BSUB -R span[hosts=1]
#BSUB -R "rusage[mem=32GB]"
#BSUB -J "structure_numerical_20260105"
#BSUB -o "/share/ddomlab/sdehgha2/working-space/main/_colab_GP/GP_collab/results/HPC_history/hpc_20260105/GpyroMCMC_Matern52_RBF_averageProduct.out"
#BSUB -e "/share/ddomlab/sdehgha2/working-space/main/_colab_GP/GP_collab/results/HPC_history/hpc_20260105/GpyroMCMC_Matern52_RBF_averageProduct.err"

source ~/.bashrc
conda activate /usr/local/usrapps/ddomlab/sdehgha2/torch_cpu
python ../train_structure_numerical.py --K_fp Matern52                                         --K_count RBF                                         --Kernel_mixing_method averageProduct 


------------------------------------------------------------

Successfully completed.

Resource usage summary:

    CPU time :                                   311200.00 sec.
    Max Memory :                                 30 GB
    Average Memory :                             24.91 GB
    Total Requested Memory :                     32.00 GB
    Delta Memory :                               2.00 GB
    Max Swap :                                   1 GB
    Max Processes :                              38
    Max Threads :                                46
    Run time :                                   69908 sec.
    Turnaround time :                            70679 sec.

The output (if any) is above this job summary.



PS:

Read file </share/ddomlab/sdehgha2/working-space/main/_colab_GP/GP_collab/results/HPC_history/hpc_20260105/GpyroMCMC_Matern52_RBF_averageProduct.err> for stderr output of this job.

Average scores:	 rmse: 0.45±0.03	 r2: 0.76±0.03
Filename: (ECFP3_count_512-COUNT)_(GpyroMCMC_Matern52-RBF_averageProduct)_hypOFF_Standard_Standard_ARD

------------------------------------------------------------
Sender: LSF System <lsfadmin@c207n09>
Subject: Job 894524: <structure_numerical_20260105> in cluster <Hazel> Done

Job <structure_numerical_20260105> was submitted from host <c207n09> by user <sdehgha2> in cluster <Hazel> at Mon Jan  5 17:47:20 2026
Job was executed on host(s) <6*c207n09>, in queue <single_chassis>, as user <sdehgha2> in cluster <Hazel> at Mon Jan  5 17:48:10 2026
</tmp/.lsbtmp404534> was used as the home directory.
</share/ddomlab/sdehgha2/working-space/main/_colab_GP/GP_collab/code_/training/hpc_submit_training_GP> was used as the working directory.
Started at Mon Jan  5 17:48:10 2026
Terminated at Tue Jan  6 20:44:23 2026
Results reported at Tue Jan  6 20:44:23 2026

Your job looked like:

------------------------------------------------------------
# LSBATCH: User input



#BSUB -n 6
#BSUB -W 33:00
#BSUB -R span[hosts=1]
#BSUB -R "rusage[mem=32GB]"
#BSUB -J "structure_numerical_20260105"
#BSUB -o "/share/ddomlab/sdehgha2/working-space/main/_colab_GP/GP_collab/results/HPC_history/hpc_20260105/GpyroMCMC_Matern52_RBF_averageProduct.out"
#BSUB -e "/share/ddomlab/sdehgha2/working-space/main/_colab_GP/GP_collab/results/HPC_history/hpc_20260105/GpyroMCMC_Matern52_RBF_averageProduct.err"

source ~/.bashrc
conda activate /usr/local/usrapps/ddomlab/sdehgha2/torch_cpu
python ../train_structure_numerical.py --K_fp Matern52                                         --K_count RBF                                         --Kernel_mixing_method averageProduct 


------------------------------------------------------------

Successfully completed.

Resource usage summary:

    CPU time :                                   427300.25 sec.
    Max Memory :                                 29 GB
    Average Memory :                             23.97 GB
    Total Requested Memory :                     32.00 GB
    Delta Memory :                               3.00 GB
    Max Swap :                                   4 GB
    Max Processes :                              26
    Max Threads :                                34
    Run time :                                   96983 sec.
    Turnaround time :                            97023 sec.

The output (if any) is above this job summary.



PS:

Read file </share/ddomlab/sdehgha2/working-space/main/_colab_GP/GP_collab/results/HPC_history/hpc_20260105/GpyroMCMC_Matern52_RBF_averageProduct.err> for stderr output of this job.

