Running seed: 42
No hyperparameter optimization

------------------------------------------------------------
Sender: LSF System <lsfadmin@c202n07>
Subject: Job 894012: <structure_numerical_20260105> in cluster <Hazel> Exited

Job <structure_numerical_20260105> was submitted from host <c207n07> by user <sdehgha2> in cluster <Hazel> at Mon Jan  5 16:46:30 2026
Job was executed on host(s) <6*c202n07>, in queue <single_chassis>, as user <sdehgha2> in cluster <Hazel> at Mon Jan  5 16:46:30 2026
</tmp/.lsbtmp404534> was used as the home directory.
</share/ddomlab/sdehgha2/working-space/main/_colab_GP/GP_collab/code_/training/hpc_submit_training_GP> was used as the working directory.
Started at Mon Jan  5 16:46:30 2026
Terminated at Mon Jan  5 16:48:54 2026
Results reported at Mon Jan  5 16:48:54 2026

Your job looked like:

------------------------------------------------------------
# LSBATCH: User input



#BSUB -n 6
#BSUB -W 10:00
#BSUB -R span[hosts=1]
#BSUB -R "rusage[mem=32GB]"
#BSUB -J "structure_numerical_20260105"
#BSUB -o "/share/ddomlab/sdehgha2/working-space/main/_colab_GP/GP_collab/results/HPC_history/hpc_20260105/GpyroMCMC_Matern32_RBF_sum.out"
#BSUB -e "/share/ddomlab/sdehgha2/working-space/main/_colab_GP/GP_collab/results/HPC_history/hpc_20260105/GpyroMCMC_Matern32_RBF_sum.err"

source ~/.bashrc
conda activate /usr/local/usrapps/ddomlab/sdehgha2/torch_cpu
python ../train_structure_numerical.py --K_fp Matern32                                         --K_count RBF                                         --Kernel_mixing_method sum 


------------------------------------------------------------

Exited with exit code 1.

Resource usage summary:

    CPU time :                                   240.09 sec.
    Max Memory :                                 2 GB
    Average Memory :                             1.00 GB
    Total Requested Memory :                     32.00 GB
    Delta Memory :                               30.00 GB
    Max Swap :                                   -
    Max Processes :                              30
    Max Threads :                                35
    Run time :                                   152 sec.
    Turnaround time :                            144 sec.

The output (if any) is above this job summary.



PS:

Read file </share/ddomlab/sdehgha2/working-space/main/_colab_GP/GP_collab/results/HPC_history/hpc_20260105/GpyroMCMC_Matern32_RBF_sum.err> for stderr output of this job.

Running seed: 42
No hyperparameter optimization
Running seed: 13
No hyperparameter optimization
Average scores:	 rmse: 105.6±4.99	 r2: 0.56±0.04
Filename: (ECFP3_count_512-COUNT)_(GpyroMCMC_Matern32-RBF_sum)_mean_hypOFF_Standard_Standard_ARD
Running seed: 42
No hyperparameter optimization
Running seed: 13
No hyperparameter optimization

------------------------------------------------------------
Sender: LSF System <lsfadmin@c200n04>
Subject: Job 894085: <structure_numerical_20260105> in cluster <Hazel> Exited

Job <structure_numerical_20260105> was submitted from host <c207n09> by user <sdehgha2> in cluster <Hazel> at Mon Jan  5 17:04:02 2026
Job was executed on host(s) <6*c200n04>, in queue <single_chassis>, as user <sdehgha2> in cluster <Hazel> at Mon Jan  5 17:04:03 2026
</tmp/.lsbtmp404534> was used as the home directory.
</share/ddomlab/sdehgha2/working-space/main/_colab_GP/GP_collab/code_/training/hpc_submit_training_GP> was used as the working directory.
Started at Mon Jan  5 17:04:03 2026
Terminated at Mon Jan  5 17:04:15 2026
Results reported at Mon Jan  5 17:04:15 2026

Your job looked like:

------------------------------------------------------------
# LSBATCH: User input



#BSUB -n 6
#BSUB -W 10:00
#BSUB -R span[hosts=1]
#BSUB -R "rusage[mem=32GB]"
#BSUB -J "structure_numerical_20260105"
#BSUB -o "/share/ddomlab/sdehgha2/working-space/main/_colab_GP/GP_collab/results/HPC_history/hpc_20260105/GpyroMCMC_Matern32_RBF_sum.out"
#BSUB -e "/share/ddomlab/sdehgha2/working-space/main/_colab_GP/GP_collab/results/HPC_history/hpc_20260105/GpyroMCMC_Matern32_RBF_sum.err"

source ~/.bashrc
conda activate /usr/local/usrapps/ddomlab/sdehgha2/torch_cpu
python ../train_structure_numerical.py --K_fp Matern32                                         --K_count RBF                                         --Kernel_mixing_method sum 


------------------------------------------------------------

Exited with exit code 1.

Resource usage summary:

    CPU time :                                   6.90 sec.
    Max Memory :                                 -
    Average Memory :                             -
    Total Requested Memory :                     32.00 GB
    Delta Memory :                               -
    Max Swap :                                   -
    Max Processes :                              4
    Max Threads :                                5
    Run time :                                   27 sec.
    Turnaround time :                            13 sec.

The output (if any) is above this job summary.



PS:

Read file </share/ddomlab/sdehgha2/working-space/main/_colab_GP/GP_collab/results/HPC_history/hpc_20260105/GpyroMCMC_Matern32_RBF_sum.err> for stderr output of this job.

Running seed: 42
No hyperparameter optimization
Average scores:	 rmse: 12.92±0.32	 r2: 0.4±0.05
Filename: (ECFP3_count_512-COUNT)_(GpyroMCMC_Matern32-RBF_sum)_mean_hypOFF_Standard_Standard_ARD
Running seed: 42
No hyperparameter optimization
Running seed: 13
No hyperparameter optimization
Average scores:	 rmse: 15.58±1.35	 r2: 0.34±0.09
Filename: (ECFP3_count_512-COUNT)_(GpyroMCMC_Matern32-RBF_sum)_mean_hypOFF_Standard_Standard_ARD
Running seed: 42
No hyperparameter optimization
Running seed: 13
No hyperparameter optimization
Average scores:	 rmse: 0.4±0.03	 r2: 0.56±0.07
Filename: (ECFP3_count_512-COUNT)_(GpyroMCMC_Matern32-RBF_sum)_hypOFF_Standard_Standard_ARD

------------------------------------------------------------
Sender: LSF System <lsfadmin@c200n04>
Subject: Job 894115: <structure_numerical_20260105> in cluster <Hazel> Done

Job <structure_numerical_20260105> was submitted from host <c207n09> by user <sdehgha2> in cluster <Hazel> at Mon Jan  5 17:06:14 2026
Job was executed on host(s) <6*c200n04>, in queue <single_chassis>, as user <sdehgha2> in cluster <Hazel> at Mon Jan  5 17:06:14 2026
</tmp/.lsbtmp404534> was used as the home directory.
</share/ddomlab/sdehgha2/working-space/main/_colab_GP/GP_collab/code_/training/hpc_submit_training_GP> was used as the working directory.
Started at Mon Jan  5 17:06:14 2026
Terminated at Mon Jan  5 17:10:58 2026
Results reported at Mon Jan  5 17:10:58 2026

Your job looked like:

------------------------------------------------------------
# LSBATCH: User input



#BSUB -n 6
#BSUB -W 10:00
#BSUB -R span[hosts=1]
#BSUB -R "rusage[mem=32GB]"
#BSUB -J "structure_numerical_20260105"
#BSUB -o "/share/ddomlab/sdehgha2/working-space/main/_colab_GP/GP_collab/results/HPC_history/hpc_20260105/GpyroMCMC_Matern32_RBF_sum.out"
#BSUB -e "/share/ddomlab/sdehgha2/working-space/main/_colab_GP/GP_collab/results/HPC_history/hpc_20260105/GpyroMCMC_Matern32_RBF_sum.err"

source ~/.bashrc
conda activate /usr/local/usrapps/ddomlab/sdehgha2/torch_cpu
python ../train_structure_numerical.py --K_fp Matern32                                         --K_count RBF                                         --Kernel_mixing_method sum 


------------------------------------------------------------

Successfully completed.

Resource usage summary:

    CPU time :                                   517.47 sec.
    Max Memory :                                 2 GB
    Average Memory :                             1.50 GB
    Total Requested Memory :                     32.00 GB
    Delta Memory :                               30.00 GB
    Max Swap :                                   -
    Max Processes :                              26
    Max Threads :                                33
    Run time :                                   313 sec.
    Turnaround time :                            284 sec.

The output (if any) is above this job summary.



PS:

Read file </share/ddomlab/sdehgha2/working-space/main/_colab_GP/GP_collab/results/HPC_history/hpc_20260105/GpyroMCMC_Matern32_RBF_sum.err> for stderr output of this job.

Running seed: 13
No hyperparameter optimization
Average scores:	 rmse: 11.64±0.47	 r2: 0.18±0.05
Filename: (ECFP3_count_512-COUNT)_(GpyroMCMC_Matern32-RBF_sum)_mean_hypOFF_Standard_Standard_ARD
Running seed: 42
No hyperparameter optimization
Running seed: 13
No hyperparameter optimization
Average scores:	 rmse: 15.31±0.95	 r2: 0.38±0.09
Filename: (ECFP3_count_512-COUNT)_(GpyroMCMC_Matern32-RBF_sum)_mean_hypOFF_Standard_Standard_ARD
Running seed: 42
No hyperparameter optimization
Running seed: 13
No hyperparameter optimization
Average scores:	 rmse: 11.58±0.53	 r2: 0.19±0.05
Filename: (ECFP3_count_512-COUNT)_(GpyroMCMC_Matern32-RBF_sum)_mean_hypOFF_Standard_Standard_ARD

------------------------------------------------------------
Sender: LSF System <lsfadmin@c203n01>
Subject: Job 894054: <structure_numerical_20260105> in cluster <Hazel> Done

Job <structure_numerical_20260105> was submitted from host <c207n14> by user <sdehgha2> in cluster <Hazel> at Mon Jan  5 16:57:43 2026
Job was executed on host(s) <6*c203n01>, in queue <single_chassis>, as user <sdehgha2> in cluster <Hazel> at Mon Jan  5 16:57:44 2026
</tmp/.lsbtmp404534> was used as the home directory.
</share/ddomlab/sdehgha2/working-space/main/_colab_GP/GP_collab/code_/training/hpc_submit_training_GP> was used as the working directory.
Started at Mon Jan  5 16:57:44 2026
Terminated at Mon Jan  5 17:21:35 2026
Results reported at Mon Jan  5 17:21:35 2026

Your job looked like:

------------------------------------------------------------
# LSBATCH: User input



#BSUB -n 6
#BSUB -W 10:00
#BSUB -R span[hosts=1]
#BSUB -R "rusage[mem=32GB]"
#BSUB -J "structure_numerical_20260105"
#BSUB -o "/share/ddomlab/sdehgha2/working-space/main/_colab_GP/GP_collab/results/HPC_history/hpc_20260105/GpyroMCMC_Matern32_RBF_sum.out"
#BSUB -e "/share/ddomlab/sdehgha2/working-space/main/_colab_GP/GP_collab/results/HPC_history/hpc_20260105/GpyroMCMC_Matern32_RBF_sum.err"

source ~/.bashrc
conda activate /usr/local/usrapps/ddomlab/sdehgha2/torch_cpu
python ../train_structure_numerical.py --K_fp Matern32                                         --K_count RBF                                         --Kernel_mixing_method sum 


------------------------------------------------------------

Successfully completed.

Resource usage summary:

    CPU time :                                   2725.00 sec.
    Max Memory :                                 6 GB
    Average Memory :                             3.67 GB
    Total Requested Memory :                     32.00 GB
    Delta Memory :                               26.00 GB
    Max Swap :                                   -
    Max Processes :                              26
    Max Threads :                                36
    Run time :                                   1438 sec.
    Turnaround time :                            1432 sec.

The output (if any) is above this job summary.



PS:

Read file </share/ddomlab/sdehgha2/working-space/main/_colab_GP/GP_collab/results/HPC_history/hpc_20260105/GpyroMCMC_Matern32_RBF_sum.err> for stderr output of this job.

Running seed: 6
No hyperparameter optimization
Running seed: 6
No hyperparameter optimization
Running seed: 13
No hyperparameter optimization
Running seed: 42
No hyperparameter optimization
Running seed: 6
No hyperparameter optimization
Running seed: 13
No hyperparameter optimization
Running seed: 42
No hyperparameter optimization
Average scores:	 rmse: 0.36±0.04	 r2: 0.64±0.07
Filename: (ECFP3_count_512-COUNT)_(GpyroMCMC_Matern32-RBF_sum)_hypOFF_Standard_Standard_ARD

------------------------------------------------------------
Sender: LSF System <lsfadmin@c202n07>
Subject: Job 894406: <structure_numerical_20260105> in cluster <Hazel> Done

Job <structure_numerical_20260105> was submitted from host <c207n07> by user <sdehgha2> in cluster <Hazel> at Mon Jan  5 17:30:03 2026
Job was executed on host(s) <6*c202n07>, in queue <single_chassis>, as user <sdehgha2> in cluster <Hazel> at Mon Jan  5 17:30:04 2026
</tmp/.lsbtmp404534> was used as the home directory.
</share/ddomlab/sdehgha2/working-space/main/_colab_GP/GP_collab/code_/training/hpc_submit_training_GP> was used as the working directory.
Started at Mon Jan  5 17:30:04 2026
Terminated at Mon Jan  5 17:41:08 2026
Results reported at Mon Jan  5 17:41:08 2026

Your job looked like:

------------------------------------------------------------
# LSBATCH: User input



#BSUB -n 6
#BSUB -W 10:00
#BSUB -R span[hosts=1]
#BSUB -R "rusage[mem=32GB]"
#BSUB -J "structure_numerical_20260105"
#BSUB -o "/share/ddomlab/sdehgha2/working-space/main/_colab_GP/GP_collab/results/HPC_history/hpc_20260105/GpyroMCMC_Matern32_RBF_sum.out"
#BSUB -e "/share/ddomlab/sdehgha2/working-space/main/_colab_GP/GP_collab/results/HPC_history/hpc_20260105/GpyroMCMC_Matern32_RBF_sum.err"

source ~/.bashrc
conda activate /usr/local/usrapps/ddomlab/sdehgha2/torch_cpu
python ../train_structure_numerical.py --K_fp Matern32                                         --K_count RBF                                         --Kernel_mixing_method sum 


------------------------------------------------------------

Successfully completed.

Resource usage summary:

    CPU time :                                   2960.00 sec.
    Max Memory :                                 6 GB
    Average Memory :                             4.04 GB
    Total Requested Memory :                     32.00 GB
    Delta Memory :                               26.00 GB
    Max Swap :                                   -
    Max Processes :                              30
    Max Threads :                                43
    Run time :                                   686 sec.
    Turnaround time :                            665 sec.

The output (if any) is above this job summary.



PS:

Read file </share/ddomlab/sdehgha2/working-space/main/_colab_GP/GP_collab/results/HPC_history/hpc_20260105/GpyroMCMC_Matern32_RBF_sum.err> for stderr output of this job.

Average scores:	 rmse: 96.78±11.3	 r2: 0.62±0.08
Filename: (ECFP3_count_512-COUNT)_(GpyroMCMC_Matern32-RBF_sum)_mean_hypOFF_Standard_Standard_ARD
Running seed: 6
No hyperparameter optimization
Running seed: 13
No hyperparameter optimization
Running seed: 6
No hyperparameter optimization
Running seed: 42
No hyperparameter optimization
Average scores:	 rmse: 12.7±1.39	 r2: 0.38±0.2
Filename: (ECFP3_count_512-COUNT)_(GpyroMCMC_Matern32-RBF_sum)_mean_hypOFF_Standard_Standard_ARD
Running seed: 6
No hyperparameter optimization
Running seed: 13
No hyperparameter optimization
Running seed: 13
No hyperparameter optimization
Running seed: 42
No hyperparameter optimization
Running seed: 6
No hyperparameter optimization
Average scores:	 rmse: 11.48±1.24	 r2: 0.63±0.07
Filename: (ECFP3_count_512-COUNT)_(GpyroMCMC_Matern32-RBF_sum)_mean_hypOFF_Standard_Standard_ARD
Running seed: 6
No hyperparameter optimization
Running seed: 6
No hyperparameter optimization
Running seed: 13
No hyperparameter optimization
Running seed: 42
No hyperparameter optimization
Running seed: 42
No hyperparameter optimization
Running seed: 13
No hyperparameter optimization
Average scores:	 rmse: 10.55±1.31	 r2: 0.31±0.12
Filename: (ECFP3_count_512-COUNT)_(GpyroMCMC_Matern32-RBF_sum)_mean_hypOFF_Standard_Standard_ARD
Running seed: 6
No hyperparameter optimization
Running seed: 13
No hyperparameter optimization
Running seed: 42
No hyperparameter optimization
Running seed: 42
No hyperparameter optimization
Average scores:	 rmse: 13.61±2.3	 r2: 0.5±0.18
Filename: (ECFP3_count_512-COUNT)_(GpyroMCMC_Matern32-RBF_sum)_mean_hypOFF_Standard_Standard_ARD
Running seed: 6
No hyperparameter optimization
Running seed: 13
No hyperparameter optimization
Average scores:	 rmse: 2.21±0.17	 r2: 0.48±0.07
Filename: (ECFP3_count_512-COUNT)_(GpyroMCMC_Matern32-RBF_sum)_hypOFF_Standard_Standard_ARD

------------------------------------------------------------
Sender: LSF System <lsfadmin@c009n01>
Subject: Job 894471: <structure_numerical_20260105> in cluster <Hazel> Done

Job <structure_numerical_20260105> was submitted from host <c203n01> by user <sdehgha2> in cluster <Hazel> at Mon Jan  5 17:37:32 2026
Job was executed on host(s) <6*c009n01>, in queue <single_chassis>, as user <sdehgha2> in cluster <Hazel> at Mon Jan  5 17:37:33 2026
</tmp/.lsbtmp404534> was used as the home directory.
</share/ddomlab/sdehgha2/working-space/main/_colab_GP/GP_collab/code_/training/hpc_submit_training_GP> was used as the working directory.
Started at Mon Jan  5 17:37:33 2026
Terminated at Mon Jan  5 18:49:16 2026
Results reported at Mon Jan  5 18:49:16 2026

Your job looked like:

------------------------------------------------------------
# LSBATCH: User input



#BSUB -n 6
#BSUB -W 10:00
#BSUB -R span[hosts=1]
#BSUB -R "rusage[mem=32GB]"
#BSUB -J "structure_numerical_20260105"
#BSUB -o "/share/ddomlab/sdehgha2/working-space/main/_colab_GP/GP_collab/results/HPC_history/hpc_20260105/GpyroMCMC_Matern32_RBF_sum.out"
#BSUB -e "/share/ddomlab/sdehgha2/working-space/main/_colab_GP/GP_collab/results/HPC_history/hpc_20260105/GpyroMCMC_Matern32_RBF_sum.err"

source ~/.bashrc
conda activate /usr/local/usrapps/ddomlab/sdehgha2/torch_cpu
python ../train_structure_numerical.py --K_fp Matern32                                         --K_count RBF                                         --Kernel_mixing_method sum 


------------------------------------------------------------

Successfully completed.

Resource usage summary:

    CPU time :                                   19169.17 sec.
    Max Memory :                                 7 GB
    Average Memory :                             5.05 GB
    Total Requested Memory :                     32.00 GB
    Delta Memory :                               25.00 GB
    Max Swap :                                   -
    Max Processes :                              38
    Max Threads :                                46
    Run time :                                   4315 sec.
    Turnaround time :                            4304 sec.

The output (if any) is above this job summary.



PS:

Read file </share/ddomlab/sdehgha2/working-space/main/_colab_GP/GP_collab/results/HPC_history/hpc_20260105/GpyroMCMC_Matern32_RBF_sum.err> for stderr output of this job.

Average scores:	 rmse: 0.28±0.02	 r2: 0.81±0.03
Filename: (ECFP3_count_512-COUNT)_(GpyroMCMC_Matern32-RBF_sum)_hypOFF_Standard_Standard_ARD
Running seed: 6
No hyperparameter optimization
Running seed: 42
No hyperparameter optimization
Average scores:	 rmse: 10.57±1.3	 r2: 0.31±0.12
Filename: (ECFP3_count_512-COUNT)_(GpyroMCMC_Matern32-RBF_sum)_mean_hypOFF_Standard_Standard_ARD

------------------------------------------------------------
Sender: LSF System <lsfadmin@c200n04>
Subject: Job 894439: <structure_numerical_20260105> in cluster <Hazel> Done

Job <structure_numerical_20260105> was submitted from host <c207n07> by user <sdehgha2> in cluster <Hazel> at Mon Jan  5 17:31:12 2026
Job was executed on host(s) <6*c200n04>, in queue <single_chassis>, as user <sdehgha2> in cluster <Hazel> at Mon Jan  5 17:31:13 2026
</tmp/.lsbtmp404534> was used as the home directory.
</share/ddomlab/sdehgha2/working-space/main/_colab_GP/GP_collab/code_/training/hpc_submit_training_GP> was used as the working directory.
Started at Mon Jan  5 17:31:13 2026
Terminated at Mon Jan  5 18:51:21 2026
Results reported at Mon Jan  5 18:51:21 2026

Your job looked like:

------------------------------------------------------------
# LSBATCH: User input



#BSUB -n 6
#BSUB -W 10:00
#BSUB -R span[hosts=1]
#BSUB -R "rusage[mem=32GB]"
#BSUB -J "structure_numerical_20260105"
#BSUB -o "/share/ddomlab/sdehgha2/working-space/main/_colab_GP/GP_collab/results/HPC_history/hpc_20260105/GpyroMCMC_Matern32_RBF_sum.out"
#BSUB -e "/share/ddomlab/sdehgha2/working-space/main/_colab_GP/GP_collab/results/HPC_history/hpc_20260105/GpyroMCMC_Matern32_RBF_sum.err"

source ~/.bashrc
conda activate /usr/local/usrapps/ddomlab/sdehgha2/torch_cpu
python ../train_structure_numerical.py --K_fp Matern32                                         --K_count RBF                                         --Kernel_mixing_method sum 


------------------------------------------------------------

Successfully completed.

Resource usage summary:

    CPU time :                                   21282.00 sec.
    Max Memory :                                 12 GB
    Average Memory :                             7.77 GB
    Total Requested Memory :                     32.00 GB
    Delta Memory :                               20.00 GB
    Max Swap :                                   -
    Max Processes :                              26
    Max Threads :                                39
    Run time :                                   4812 sec.
    Turnaround time :                            4809 sec.

The output (if any) is above this job summary.



PS:

Read file </share/ddomlab/sdehgha2/working-space/main/_colab_GP/GP_collab/results/HPC_history/hpc_20260105/GpyroMCMC_Matern32_RBF_sum.err> for stderr output of this job.

Running seed: 13
No hyperparameter optimization
Running seed: 42
No hyperparameter optimization
Average scores:	 rmse: 0.37±0.04	 r2: 0.95±0.01
Filename: (ECFP3_count_512-COUNT)_(GpyroMCMC_Matern32-RBF_sum)_hypOFF_Standard_Standard_ARD

------------------------------------------------------------
Sender: LSF System <lsfadmin@c018n04>
Subject: Job 894582: <structure_numerical_20260105> in cluster <Hazel> Done

Job <structure_numerical_20260105> was submitted from host <c024n02> by user <sdehgha2> in cluster <Hazel> at Mon Jan  5 18:14:29 2026
Job was executed on host(s) <6*c018n04>, in queue <single_chassis>, as user <sdehgha2> in cluster <Hazel> at Mon Jan  5 18:15:28 2026
</tmp/.lsbtmp404534> was used as the home directory.
</share/ddomlab/sdehgha2/working-space/main/_colab_GP/GP_collab/code_/training/hpc_submit_training_GP> was used as the working directory.
Started at Mon Jan  5 18:15:28 2026
Terminated at Mon Jan  5 19:26:37 2026
Results reported at Mon Jan  5 19:26:37 2026

Your job looked like:

------------------------------------------------------------
# LSBATCH: User input



#BSUB -n 6
#BSUB -W 10:00
#BSUB -R span[hosts=1]
#BSUB -R "rusage[mem=32GB]"
#BSUB -J "structure_numerical_20260105"
#BSUB -o "/share/ddomlab/sdehgha2/working-space/main/_colab_GP/GP_collab/results/HPC_history/hpc_20260105/GpyroMCMC_Matern32_RBF_sum.out"
#BSUB -e "/share/ddomlab/sdehgha2/working-space/main/_colab_GP/GP_collab/results/HPC_history/hpc_20260105/GpyroMCMC_Matern32_RBF_sum.err"

source ~/.bashrc
conda activate /usr/local/usrapps/ddomlab/sdehgha2/torch_cpu
python ../train_structure_numerical.py --K_fp Matern32                                         --K_count RBF                                         --Kernel_mixing_method sum 


------------------------------------------------------------

Successfully completed.

Resource usage summary:

    CPU time :                                   18603.00 sec.
    Max Memory :                                 10 GB
    Average Memory :                             6.35 GB
    Total Requested Memory :                     32.00 GB
    Delta Memory :                               22.00 GB
    Max Swap :                                   -
    Max Processes :                              38
    Max Threads :                                46
    Run time :                                   4268 sec.
    Turnaround time :                            4328 sec.

The output (if any) is above this job summary.



PS:

Read file </share/ddomlab/sdehgha2/working-space/main/_colab_GP/GP_collab/results/HPC_history/hpc_20260105/GpyroMCMC_Matern32_RBF_sum.err> for stderr output of this job.

Running seed: 13
No hyperparameter optimization
Running seed: 13
No hyperparameter optimization
Running seed: 42
No hyperparameter optimization
Running seed: 42
No hyperparameter optimization
Average scores:	 rmse: 0.44±0.02	 r2: 0.64±0.03
Filename: (ECFP3_count_512-COUNT)_(GpyroMCMC_Matern32-RBF_sum)_hypOFF_Standard_Standard_ARD

------------------------------------------------------------
Sender: LSF System <lsfadmin@c203n01>
Subject: Job 894503: <structure_numerical_20260105> in cluster <Hazel> Done

Job <structure_numerical_20260105> was submitted from host <c207n09> by user <sdehgha2> in cluster <Hazel> at Mon Jan  5 17:47:13 2026
Job was executed on host(s) <6*c203n01>, in queue <single_chassis>, as user <sdehgha2> in cluster <Hazel> at Mon Jan  5 17:47:14 2026
</tmp/.lsbtmp404534> was used as the home directory.
</share/ddomlab/sdehgha2/working-space/main/_colab_GP/GP_collab/code_/training/hpc_submit_training_GP> was used as the working directory.
Started at Mon Jan  5 17:47:14 2026
Terminated at Tue Jan  6 07:09:29 2026
Results reported at Tue Jan  6 07:09:29 2026

Your job looked like:

------------------------------------------------------------
# LSBATCH: User input



#BSUB -n 6
#BSUB -W 33:00
#BSUB -R span[hosts=1]
#BSUB -R "rusage[mem=32GB]"
#BSUB -J "structure_numerical_20260105"
#BSUB -o "/share/ddomlab/sdehgha2/working-space/main/_colab_GP/GP_collab/results/HPC_history/hpc_20260105/GpyroMCMC_Matern32_RBF_sum.out"
#BSUB -e "/share/ddomlab/sdehgha2/working-space/main/_colab_GP/GP_collab/results/HPC_history/hpc_20260105/GpyroMCMC_Matern32_RBF_sum.err"

source ~/.bashrc
conda activate /usr/local/usrapps/ddomlab/sdehgha2/torch_cpu
python ../train_structure_numerical.py --K_fp Matern32                                         --K_count RBF                                         --Kernel_mixing_method sum 


------------------------------------------------------------

Successfully completed.

Resource usage summary:

    CPU time :                                   229927.44 sec.
    Max Memory :                                 25 GB
    Average Memory :                             22.31 GB
    Total Requested Memory :                     32.00 GB
    Delta Memory :                               7.00 GB
    Max Swap :                                   -
    Max Processes :                              26
    Max Threads :                                34
    Run time :                                   48150 sec.
    Turnaround time :                            48136 sec.

The output (if any) is above this job summary.



PS:

Read file </share/ddomlab/sdehgha2/working-space/main/_colab_GP/GP_collab/results/HPC_history/hpc_20260105/GpyroMCMC_Matern32_RBF_sum.err> for stderr output of this job.

Average scores:	 rmse: 0.54±0.02	 r2: 0.66±0.02
Filename: (ECFP3_count_512-COUNT)_(GpyroMCMC_Matern32-RBF_sum)_hypOFF_Standard_Standard_ARD

------------------------------------------------------------
Sender: LSF System <lsfadmin@c018n04>
Subject: Job 894531: <structure_numerical_20260105> in cluster <Hazel> Done

Job <structure_numerical_20260105> was submitted from host <c203n14> by user <sdehgha2> in cluster <Hazel> at Mon Jan  5 17:48:16 2026
Job was executed on host(s) <6*c018n04>, in queue <single_chassis>, as user <sdehgha2> in cluster <Hazel> at Mon Jan  5 18:08:27 2026
</tmp/.lsbtmp404534> was used as the home directory.
</share/ddomlab/sdehgha2/working-space/main/_colab_GP/GP_collab/code_/training/hpc_submit_training_GP> was used as the working directory.
Started at Mon Jan  5 18:08:27 2026
Terminated at Tue Jan  6 08:36:56 2026
Results reported at Tue Jan  6 08:36:56 2026

Your job looked like:

------------------------------------------------------------
# LSBATCH: User input



#BSUB -n 6
#BSUB -W 33:00
#BSUB -R span[hosts=1]
#BSUB -R "rusage[mem=32GB]"
#BSUB -J "structure_numerical_20260105"
#BSUB -o "/share/ddomlab/sdehgha2/working-space/main/_colab_GP/GP_collab/results/HPC_history/hpc_20260105/GpyroMCMC_Matern32_RBF_sum.out"
#BSUB -e "/share/ddomlab/sdehgha2/working-space/main/_colab_GP/GP_collab/results/HPC_history/hpc_20260105/GpyroMCMC_Matern32_RBF_sum.err"

source ~/.bashrc
conda activate /usr/local/usrapps/ddomlab/sdehgha2/torch_cpu
python ../train_structure_numerical.py --K_fp Matern32                                         --K_count RBF                                         --Kernel_mixing_method sum 


------------------------------------------------------------

Successfully completed.

Resource usage summary:

    CPU time :                                   201175.48 sec.
    Max Memory :                                 32 GB
    Average Memory :                             21.02 GB
    Total Requested Memory :                     32.00 GB
    Delta Memory :                               0.00 GB
    Max Swap :                                   -
    Max Processes :                              38
    Max Threads :                                47
    Run time :                                   52137 sec.
    Turnaround time :                            53320 sec.

The output (if any) is above this job summary.



PS:

Read file </share/ddomlab/sdehgha2/working-space/main/_colab_GP/GP_collab/results/HPC_history/hpc_20260105/GpyroMCMC_Matern32_RBF_sum.err> for stderr output of this job.

