Running seed: 6
No hyperparameter optimization
Running seed: 13
No hyperparameter optimization
Running seed: 42
No hyperparameter optimization
Average scores:	 rmse: 0.22±0.05	 r2: 0.86±0.07
Filename: (ECFP3_count_512-COUNT)_(GPytorchMAP_TanimotoMatern32-Matern32_product)_hypOFF_Standard_Standard

------------------------------------------------------------
Sender: LSF System <lsfadmin@n0377>
Subject: Job 957629: <structure_numerical_20260114> in cluster <Hazel> Done

Job <structure_numerical_20260114> was submitted from host <c050n01> by user <sdehgha2> in cluster <Hazel> at Wed Jan 14 00:42:03 2026
Job was executed on host(s) <6*n0377>, in queue <short>, as user <sdehgha2> in cluster <Hazel> at Wed Jan 14 00:42:13 2026
</tmp/.lsbtmp404534> was used as the home directory.
</share/ddomlab/sdehgha2/working-space/main/_colab_GP/GP_collab/code_python/training/hpc_submit_training_GP> was used as the working directory.
Started at Wed Jan 14 00:42:13 2026
Terminated at Wed Jan 14 00:45:22 2026
Results reported at Wed Jan 14 00:45:22 2026

Your job looked like:

------------------------------------------------------------
# LSBATCH: User input



#BSUB -n 6
#BSUB -W 2:00
#BSUB -R span[hosts=1]
#BSUB -R "rusage[mem=32GB]"
#BSUB -J "structure_numerical_20260114"
#BSUB -o "/share/ddomlab/sdehgha2/working-space/main/_colab_GP/GP_collab/results/HPC_history/hpc_20260114/Robust Learning from Literature Data_Model Generalizability and Uncertainty for Predicting Conjugated Polymer Solution Conformation/GPytorchMAP_TanimotoMatern32_Matern32_product.out"
#BSUB -e "/share/ddomlab/sdehgha2/working-space/main/_colab_GP/GP_collab/results/HPC_history/hpc_20260114/Robust Learning from Literature Data_Model Generalizability and Uncertainty for Predicting Conjugated Polymer Solution Conformation/GPytorchMAP_TanimotoMatern32_Matern32_product.err"

source ~/.bashrc
conda activate /usr/local/usrapps/ddomlab/sdehgha2/torch_cpu
python ../train_structure_numerical.py --K_fp TanimotoMatern32                                         --K_count Matern32                                         --Kernel_mixing_method product                                         --paper "Robust Learning from Literature Data_Model Generalizability and Uncertainty for Predicting Conjugated Polymer Solution Conformation"                                         --dataset "Rg data with clusters aging imputed" 

------------------------------------------------------------

Successfully completed.

Resource usage summary:

    CPU time :                                   517.00 sec.
    Max Memory :                                 7 GB
    Average Memory :                             3.00 GB
    Total Requested Memory :                     32.00 GB
    Delta Memory :                               25.00 GB
    Max Swap :                                   -
    Max Processes :                              70
    Max Threads :                                73
    Run time :                                   204 sec.
    Turnaround time :                            199 sec.

The output (if any) is above this job summary.



PS:

Read file </share/ddomlab/sdehgha2/working-space/main/_colab_GP/GP_collab/results/HPC_history/hpc_20260114/Robust Learning from Literature Data_Model Generalizability and Uncertainty for Predicting Conjugated Polymer Solution Conformation/GPytorchMAP_TanimotoMatern32_Matern32_product.err> for stderr output of this job.

