Data filtering and preprocessing took 0.20 seconds.
Running seed: 6
Running seed: 13
Running seed: 42
Average scores:	 rmse: 2.15±0.16	 r2: 0.51±0.07
Filename: (ECFP3_count_512-COUNT)_(GPytorchMAP_TanimotoRBF-Matern52_(count:+)x(fp:+))_hypOFF_Standard_Standard_GPU

------------------------------------------------------------
Sender: LSF System <lsfadmin@gpu33>
Subject: Job 33668: <structure_numerical_20260822_GPytorchMAP> in cluster <Hazel> Done

Job <structure_numerical_20260822_GPytorchMAP> was submitted from host <login01.hpc.ncsu.edu> by user <sdehgha2> in cluster <Hazel> at Sat Aug 22 17:07:21 2026
Job was executed on host(s) <gpu33>, in queue <short_gpu>, as user <sdehgha2> in cluster <Hazel> at Sat Aug 22 17:54:10 2026
</home/sdehgha2> was used as the home directory.
</share/ddomlab/sdehgha2/working_space/GP_collab/code_python/training/hpc_submit_training_GP> was used as the working directory.
Started at Sat Aug 22 17:54:10 2026
Terminated at Sat Aug 22 17:56:07 2026
Results reported at Sat Aug 22 17:56:07 2026

Your job looked like:

------------------------------------------------------------
# LSBATCH: User input


#BSUB -n 1
#BSUB -W 1:59
#BSUB -q short_gpu
#BSUB -gpu "num=1:mode=shared:mps=no"
#BSUB -R "rusage[mem=8GB]"
#BSUB -R "select[a10 || a30 || a100 || l40 || h100]"
#BSUB -J "structure_numerical_20260822_GPytorchMAP"
#BSUB -o "/share/ddomlab/sdehgha2/working_space/GP_collab/results/HPC_history/hpc_20260822/Beyond molecular structure_ critically assessing machine learning for designing organic photovoltaic materials and devices/GPytorchMAP_TanimotoRBF_Matern52_(count:+)x(fp:+)_GPU.out"
#BSUB -e "/share/ddomlab/sdehgha2/working_space/GP_collab/results/HPC_history/hpc_20260822/Beyond molecular structure_ critically assessing machine learning for designing organic photovoltaic materials and devices/GPytorchMAP_TanimotoRBF_Matern52_(count:+)x(fp:+)_GPU.err"

source ~/.bashrc
module load cuda/12.1
module load gcc/9.3.0
conda activate /usr/local/usrapps/ddomlab/sdehgha2/env12

python ../train_structure_numerical.py  --K_fp TanimotoRBF                                         --K_count Matern52                                         --Kernel_mixing_method "(count:+)x(fp:+)"                                         --paper "Beyond molecular structure_ critically assessing machine learning for designing organic photovoltaic materials and devices"                                         --dataset "Beyond molecular structure_seifrid_imputed"                                         --regressor_type "GPytorchMAP" 


------------------------------------------------------------

Successfully completed.

Resource usage summary:

    CPU time :                                   109.11 sec.
    Max Memory :                                 1 GB
    Average Memory :                             0.83 GB
    Total Requested Memory :                     8.00 GB
    Delta Memory :                               7.00 GB
    Max Swap :                                   -
    Max Processes :                              6
    Max Threads :                                9
    Run time :                                   128 sec.
    Turnaround time :                            2926 sec.

The output (if any) is above this job summary.



PS:

Read file </share/ddomlab/sdehgha2/working_space/GP_collab/results/HPC_history/hpc_20260822/Beyond molecular structure_ critically assessing machine learning for designing organic photovoltaic materials and devices/GPytorchMAP_TanimotoRBF_Matern52_(count:+)x(fp:+)_GPU.err> for stderr output of this job.

