alphabet 
 ['(', ')', '-', '1', '6', 'c', '4', '+', '2', '7', ']', '=', 'i', 'L', 's', 'n', '*', 'B', '@', '.', 'O', '#', '3', '5', '/', 'S', 'N', '[', 'r', 'C'] 
 length of alphabet 30
maxlen 127
Running seed: 6
No hyperparameter optimization

------------------------------------------------------------
Sender: LSF System <lsfadmin@gpu15>
Subject: Job 361416: <structure_numerical_20260304> in cluster <Hazel> Exited

Job <structure_numerical_20260304> was submitted from host <gpu15> by user <sdehgha2> in cluster <Hazel> at Wed Mar  4 09:37:45 2026
Job was executed on host(s) <2*gpu15>, in queue <gpu>, as user <sdehgha2> in cluster <Hazel> at Wed Mar  4 09:38:42 2026
</home/sdehgha2> was used as the home directory.
</share/ddomlab/sdehgha2/working_space/GP_collab/code_python/training/hpc_submit_training_GP> was used as the working directory.
Started at Wed Mar  4 09:38:42 2026
Terminated at Wed Mar  4 10:16:44 2026
Results reported at Wed Mar  4 10:16:44 2026

Your job looked like:

------------------------------------------------------------
# LSBATCH: User input


#BSUB -n 2
#BSUB -W 40
#BSUB -q gpu
#BSUB -gpu "num=1:mode=shared:mps=no"
#BSUB -R "rusage[mem=32GB]"
#BSUB -J "structure_numerical_20260304"
#BSUB -o "/share/ddomlab/sdehgha2/working_space/GP_collab/results/HPC_history/hpc_20260304/Robust Learning from Literature Data_Model Generalizability and Uncertainty for Predicting Conjugated Polymer Solution Conformation/GPytorchMAP_SSK_RBF_product_GPU.out"
#BSUB -e "/share/ddomlab/sdehgha2/working_space/GP_collab/results/HPC_history/hpc_20260304/Robust Learning from Literature Data_Model Generalizability and Uncertainty for Predicting Conjugated Polymer Solution Conformation/GPytorchMAP_SSK_RBF_product_GPU.err"

source ~/.bashrc
module load cuda/12.6
conda activate /usr/local/usrapps/ddomlab/sdehgha2/gpu_please

python ../train_structure_numerical.py --K_fp SSK                                         --K_count RBF                                         --Kernel_mixing_method product                                         --paper "Robust Learning from Literature Data_Model Generalizability and Uncertainty for Predicting Conjugated Polymer Solution Conformation"                                         --dataset "Rg data with clusters aging imputed"


------------------------------------------------------------

TERM_OWNER: job killed by owner.
Exited with exit code 130.

Resource usage summary:

    CPU time :                                   2252.35 sec.
    Max Memory :                                 2 GB
    Average Memory :                             1.93 GB
    Total Requested Memory :                     32.00 GB
    Delta Memory :                               30.00 GB
    Max Swap :                                   -
    Max Processes :                              4
    Max Threads :                                9
    Run time :                                   2305 sec.
    Turnaround time :                            2339 sec.

The output (if any) is above this job summary.



PS:

Read file </share/ddomlab/sdehgha2/working_space/GP_collab/results/HPC_history/hpc_20260304/Robust Learning from Literature Data_Model Generalizability and Uncertainty for Predicting Conjugated Polymer Solution Conformation/GPytorchMAP_SSK_RBF_product_GPU.err> for stderr output of this job.

