Data filtering and preprocessing took 0.01 seconds.
Running seed: 6
Running seed: 13
Running seed: 42
Average scores:	 rmse: 0.22±0.03	 r2: 0.88±0.03
Filename: (COUNT)_(GPytorchMAP_RBF_product)_hypOFF_Standard_Standard_GPU
Data filtering and preprocessing took 0.00 seconds.
Running seed: 6
Running seed: 13
Running seed: 42
Average scores:	 rmse: 0.29±0.03	 r2: 0.97±0.01
Filename: (COUNT)_(GPytorchMAP_RBF_product)_hypOFF_Standard_Standard_GPU

------------------------------------------------------------
Sender: LSF System <lsfadmin@gpu16>
Subject: Job 253033: <numerical_only_20260902_24> in cluster <Hazel> Done

Job <numerical_only_20260902_24> was submitted from host <login02.hpc.ncsu.edu> by user <sdehgha2> in cluster <Hazel> at Wed Sep  2 22:40:04 2026
Job was executed on host(s) <gpu16>, in queue <short_gpu>, as user <sdehgha2> in cluster <Hazel> at Wed Sep  2 22:53:02 2026
</home/sdehgha2> was used as the home directory.
</share/ddomlab/sdehgha2/working_space/GP_collab/code_python/training/hpc_submit_training_GP> was used as the working directory.
Started at Wed Sep  2 22:53:02 2026
Terminated at Wed Sep  2 22:55:26 2026
Results reported at Wed Sep  2 22:55:26 2026

Your job looked like:

------------------------------------------------------------
# LSBATCH: User input


#BSUB -n 1
#BSUB -W 1:59
#BSUB -q short_gpu
#BSUB -gpu "num=1:mode=shared:mps=no"
#BSUB -R "rusage[mem=32GB]"
#BSUB -R "select[a10 || a30 || a100 || l40 || h100]"
#BSUB -J "numerical_only_20260902_24"
#BSUB -o "/share/ddomlab/sdehgha2/working_space/GP_collab/results/HPC_history/hpc_20260902/Machine Learning-Enabled Prediction and High-Throughput Screening of Polymer Membranes for Pervaporation Separation/GPytorchMAP_cleaned_dataset_pervaporation_membranes_wang_RBF_product_GPU.out"
#BSUB -e "/share/ddomlab/sdehgha2/working_space/GP_collab/results/HPC_history/hpc_20260902/Machine Learning-Enabled Prediction and High-Throughput Screening of Polymer Membranes for Pervaporation Separation/GPytorchMAP_cleaned_dataset_pervaporation_membranes_wang_RBF_product_GPU.err"

source ~/.bashrc
module load cuda/12.1
module load gcc/9.3.0
conda activate /usr/local/usrapps/ddomlab/sdehgha2/env12

python ../train_numerical.py --K_count "RBF"                              --Kernel_mixing_method "product"                              --paper "Machine Learning-Enabled Prediction and High-Throughput Screening of Polymer Membranes for Pervaporation Separation"                              --dataset "cleaned_dataset_pervaporation_membranes_wang"                              --regressor_type "GPytorchMAP"


------------------------------------------------------------

Successfully completed.

Resource usage summary:

    CPU time :                                   114.19 sec.
    Max Memory :                                 -
    Average Memory :                             -
    Total Requested Memory :                     32.00 GB
    Delta Memory :                               -
    Max Swap :                                   -
    Max Processes :                              4
    Max Threads :                                5
    Run time :                                   15 sec.
    Turnaround time :                            922 sec.

The output (if any) is above this job summary.



PS:

Read file </share/ddomlab/sdehgha2/working_space/GP_collab/results/HPC_history/hpc_20260902/Machine Learning-Enabled Prediction and High-Throughput Screening of Polymer Membranes for Pervaporation Separation/GPytorchMAP_cleaned_dataset_pervaporation_membranes_wang_RBF_product_GPU.err> for stderr output of this job.

