Data filtering and preprocessing took 0.00 seconds.
Running seed: 6
Running seed: 13
Running seed: 42
Average scores:	 rmse: 0.27±0.02	 r2: 0.83±0.02
Filename: (COUNT)_(GPytorchMAP_Matern52_sum)_hypOFF_Standard_Standard_GPU
Data filtering and preprocessing took 0.00 seconds.
Running seed: 6
Running seed: 13
Running seed: 42
Average scores:	 rmse: 0.37±0.03	 r2: 0.95±0.01
Filename: (COUNT)_(GPytorchMAP_Matern52_sum)_hypOFF_Standard_Standard_GPU

------------------------------------------------------------
Sender: LSF System <lsfadmin@gpu33>
Subject: Job 253029: <numerical_only_20260902_20> in cluster <Hazel> Done

Job <numerical_only_20260902_20> was submitted from host <login02.hpc.ncsu.edu> by user <sdehgha2> in cluster <Hazel> at Wed Sep  2 22:40:03 2026
Job was executed on host(s) <gpu33>, in queue <short_gpu>, as user <sdehgha2> in cluster <Hazel> at Wed Sep  2 22:50:38 2026
</home/sdehgha2> was used as the home directory.
</share/ddomlab/sdehgha2/working_space/GP_collab/code_python/training/hpc_submit_training_GP> was used as the working directory.
Started at Wed Sep  2 22:50:38 2026
Terminated at Wed Sep  2 22:52:35 2026
Results reported at Wed Sep  2 22:52:35 2026

Your job looked like:

------------------------------------------------------------
# LSBATCH: User input


#BSUB -n 1
#BSUB -W 1:59
#BSUB -q short_gpu
#BSUB -gpu "num=1:mode=shared:mps=no"
#BSUB -R "rusage[mem=32GB]"
#BSUB -R "select[a10 || a30 || a100 || l40 || h100]"
#BSUB -J "numerical_only_20260902_20"
#BSUB -o "/share/ddomlab/sdehgha2/working_space/GP_collab/results/HPC_history/hpc_20260902/Machine Learning-Enabled Prediction and High-Throughput Screening of Polymer Membranes for Pervaporation Separation/GPytorchMAP_cleaned_dataset_pervaporation_membranes_wang_Matern52_sum_GPU.out"
#BSUB -e "/share/ddomlab/sdehgha2/working_space/GP_collab/results/HPC_history/hpc_20260902/Machine Learning-Enabled Prediction and High-Throughput Screening of Polymer Membranes for Pervaporation Separation/GPytorchMAP_cleaned_dataset_pervaporation_membranes_wang_Matern52_sum_GPU.err"

source ~/.bashrc
module load cuda/12.1
module load gcc/9.3.0
conda activate /usr/local/usrapps/ddomlab/sdehgha2/env12

python ../train_numerical.py --K_count "Matern52"                              --Kernel_mixing_method "sum"                              --paper "Machine Learning-Enabled Prediction and High-Throughput Screening of Polymer Membranes for Pervaporation Separation"                              --dataset "cleaned_dataset_pervaporation_membranes_wang"                              --regressor_type "GPytorchMAP"


------------------------------------------------------------

Successfully completed.

Resource usage summary:

    CPU time :                                   106.60 sec.
    Max Memory :                                 1 GB
    Average Memory :                             1.00 GB
    Total Requested Memory :                     32.00 GB
    Delta Memory :                               31.00 GB
    Max Swap :                                   -
    Max Processes :                              4
    Max Threads :                                9
    Run time :                                   117 sec.
    Turnaround time :                            752 sec.

The output (if any) is above this job summary.



PS:

Read file </share/ddomlab/sdehgha2/working_space/GP_collab/results/HPC_history/hpc_20260902/Machine Learning-Enabled Prediction and High-Throughput Screening of Polymer Membranes for Pervaporation Separation/GPytorchMAP_cleaned_dataset_pervaporation_membranes_wang_Matern52_sum_GPU.err> for stderr output of this job.

