MGK regressor, only scaling numerical features
Running seed: 6
Running seed: 13
Running seed: 42
Average scores:	 rmse: 0.19±0.02	 r2: 0.91±0.02
Filename: (MG-COUNT)_(MGK_Graph-RBF_(count:x)+(graph:x))_hypOFF_Standard_Standard_GPU
MGK regressor, only scaling numerical features
Running seed: 6
Running seed: 13
Running seed: 42
Average scores:	 rmse: 0.24±0.08	 r2: 0.98±0.02
Filename: (MG-COUNT)_(MGK_Graph-RBF_(count:x)+(graph:x))_hypOFF_Standard_Standard_GPU

------------------------------------------------------------
Sender: LSF System <lsfadmin@gpu16>
Subject: Job 340720: <mgk_missing_20261004_4> in cluster <Hazel> Done

Job <mgk_missing_20261004_4> was submitted from host <login01.hpc.ncsu.edu> by user <sdehgha2> in cluster <Hazel> at Sun Oct  4 18:05:55 2026
Job was executed on host(s) <2*gpu16>, in queue <gpu>, as user <sdehgha2> in cluster <Hazel> at Tue Oct  6 09:31:30 2026
</home/sdehgha2> was used as the home directory.
</share/ddomlab/sdehgha2/working_space/GP_collab/code_python/training/hpc_submit_training_GP> was used as the working directory.
Started at Tue Oct  6 09:31:30 2026
Terminated at Tue Oct  6 10:40:28 2026
Results reported at Tue Oct  6 10:40:28 2026

Your job looked like:

------------------------------------------------------------
# LSBATCH: User input
#BSUB -n 2
#BSUB -W 71:50
#BSUB -q gpu
#BSUB -gpu "num=1:mode=shared:mps=no"
#BSUB -R "rusage[mem=32GB]"
#BSUB -R "select[a10 || a30 || a100 || l40 || h100]"
#BSUB -J "mgk_missing_20261004_4"
#BSUB -o "/share/ddomlab/sdehgha2/working_space/GP_collab/results/HPC_history/hpc_20261004/Machine Learning-Enabled Prediction and High-Throughput Screening of Polymer Membranes for Pervaporation Separation/MGK_cleaned_dataset_pervaporation_membranes_wang_RBF_(count:x)+(graph:x)_per_feature_GPU.out"
#BSUB -e "/share/ddomlab/sdehgha2/working_space/GP_collab/results/HPC_history/hpc_20261004/Machine Learning-Enabled Prediction and High-Throughput Screening of Polymer Membranes for Pervaporation Separation/MGK_cleaned_dataset_pervaporation_membranes_wang_RBF_(count:x)+(graph:x)_per_feature_GPU.err"

source ~/.bashrc
module load cuda/12.1
module load gcc/9.3.0
conda activate /usr/local/usrapps/ddomlab/sdehgha2/env12

python ../train_structure_numerical.py --K_fp "Graph"                                       --K_count "RBF"                                       --Kernel_mixing_method "(count:x)+(graph:x)"                                       --paper "Machine Learning-Enabled Prediction and High-Throughput Screening of Polymer Membranes for Pervaporation Separation"                                       --dataset "cleaned_dataset_pervaporation_membranes_wang"                                       --kernel_feature_mode "per_feature"                                       --regressor_type "MGK"

------------------------------------------------------------

Successfully completed.

Resource usage summary:

    CPU time :                                   4130.06 sec.
    Max Memory :                                 1 GB
    Average Memory :                             0.99 GB
    Total Requested Memory :                     32.00 GB
    Delta Memory :                               31.00 GB
    Max Swap :                                   -
    Max Processes :                              14
    Max Threads :                                20
    Run time :                                   4157 sec.
    Turnaround time :                            146073 sec.

The output (if any) is above this job summary.



PS:

Read file </share/ddomlab/sdehgha2/working_space/GP_collab/results/HPC_history/hpc_20261004/Machine Learning-Enabled Prediction and High-Throughput Screening of Polymer Membranes for Pervaporation Separation/MGK_cleaned_dataset_pervaporation_membranes_wang_RBF_(count:x)+(graph:x)_per_feature_GPU.err> for stderr output of this job.

