MGK regressor, only scaling numerical features
Running seed: 6
Running seed: 13
Running seed: 42
Average scores:	 rmse: 0.32±0.03	 r2: 0.81±0.03
Filename: (MG-COUNT)_(MGK_Graph-Matern52_(count:+)x(graph:x))_hypOFF_Standard_Standard_GPU

------------------------------------------------------------
Sender: LSF System <lsfadmin@gpu15>
Subject: Job 285627: <mgk_all_20260914_12> in cluster <Hazel> Done

Job <mgk_all_20260914_12> was submitted from host <login03.hpc.ncsu.edu> by user <sdehgha2> in cluster <Hazel> at Mon Sep 14 17:38:11 2026
Job was executed on host(s) <gpu15>, in queue <gpu>, as user <sdehgha2> in cluster <Hazel> at Mon Sep 14 18:47:13 2026
</home/sdehgha2> was used as the home directory.
</share/ddomlab/sdehgha2/working_space/GP_collab/code_python/training/hpc_submit_training_GP> was used as the working directory.
Started at Mon Sep 14 18:47:13 2026
Terminated at Mon Sep 14 21:13:47 2026
Results reported at Mon Sep 14 21:13:47 2026

Your job looked like:

------------------------------------------------------------
# LSBATCH: User input
#BSUB -n 1
#BSUB -W 20:20
#BSUB -q gpu
#BSUB -gpu "num=1:mode=shared:mps=no"
#BSUB -R "rusage[mem=32GB]"
#BSUB -R "select[a10 || a30 || a100 || l40 || h100]"
#BSUB -J "mgk_all_20260914_12"
#BSUB -o "/share/ddomlab/sdehgha2/working_space/GP_collab/results/HPC_history/hpc_20260914/Machine Learning for Polymer Design to Enhance Pervaporation-Based Organic Recovery/MGK_flux_data_imputed_(count:+)x(graph:x)_per_feature_Matern52_GPU.out"
#BSUB -e "/share/ddomlab/sdehgha2/working_space/GP_collab/results/HPC_history/hpc_20260914/Machine Learning for Polymer Design to Enhance Pervaporation-Based Organic Recovery/MGK_flux_data_imputed_(count:+)x(graph:x)_per_feature_Matern52_GPU.err"

source ~/.bashrc
module load cuda/12.1
module load gcc/9.3.0
conda activate /usr/local/usrapps/ddomlab/sdehgha2/env12

python ../train_structure_numerical.py  --K_fp "Graph"                                         --K_count "Matern52"                                         --Kernel_mixing_method "(count:+)x(graph:x)"                                         --paper "Machine Learning for Polymer Design to Enhance Pervaporation-Based Organic Recovery"                                         --dataset "flux_data_imputed"                                         --kernel_feature_mode "per_feature"                                         --regressor_type "MGK"

------------------------------------------------------------

Successfully completed.

Resource usage summary:

    CPU time :                                   8746.39 sec.
    Max Memory :                                 4 GB
    Average Memory :                             1.21 GB
    Total Requested Memory :                     32.00 GB
    Delta Memory :                               28.00 GB
    Max Swap :                                   -
    Max Processes :                              10
    Max Threads :                                16
    Run time :                                   8795 sec.
    Turnaround time :                            12936 sec.

The output (if any) is above this job summary.



PS:

Read file </share/ddomlab/sdehgha2/working_space/GP_collab/results/HPC_history/hpc_20260914/Machine Learning for Polymer Design to Enhance Pervaporation-Based Organic Recovery/MGK_flux_data_imputed_(count:+)x(graph:x)_per_feature_Matern52_GPU.err> for stderr output of this job.

