MGK regressor, only scaling numerical features
Running seed: 6
Running seed: 13
Running seed: 42
Average scores:	 rmse: 0.43±0.03	 r2: 0.66±0.04
Filename: (MG-COUNT)_(MGK_Graph-RBF_sum)_hypOFF_Standard_Standard_GPU

------------------------------------------------------------
Sender: LSF System <lsfadmin@gpu15>
Subject: Job 285634: <mgk_all_20260914_19> in cluster <Hazel> Done

Job <mgk_all_20260914_19> was submitted from host <login03.hpc.ncsu.edu> by user <sdehgha2> in cluster <Hazel> at Mon Sep 14 17:38:13 2026
Job was executed on host(s) <gpu15>, in queue <gpu>, as user <sdehgha2> in cluster <Hazel> at Mon Sep 14 18:52:14 2026
</home/sdehgha2> was used as the home directory.
</share/ddomlab/sdehgha2/working_space/GP_collab/code_python/training/hpc_submit_training_GP> was used as the working directory.
Started at Mon Sep 14 18:52:14 2026
Terminated at Mon Sep 14 23:37:12 2026
Results reported at Mon Sep 14 23:37:12 2026

Your job looked like:

------------------------------------------------------------
# LSBATCH: User input
#BSUB -n 1
#BSUB -W 20:20
#BSUB -q gpu
#BSUB -gpu "num=1:mode=shared:mps=no"
#BSUB -R "rusage[mem=32GB]"
#BSUB -R "select[a10 || a30 || a100 || l40 || h100]"
#BSUB -J "mgk_all_20260914_19"
#BSUB -o "/share/ddomlab/sdehgha2/working_space/GP_collab/results/HPC_history/hpc_20260914/Machine Learning for Polymer Design to Enhance Pervaporation-Based Organic Recovery/MGK_flux_data_imputed_sum_per_feature_RBF_GPU.out"
#BSUB -e "/share/ddomlab/sdehgha2/working_space/GP_collab/results/HPC_history/hpc_20260914/Machine Learning for Polymer Design to Enhance Pervaporation-Based Organic Recovery/MGK_flux_data_imputed_sum_per_feature_RBF_GPU.err"

source ~/.bashrc
module load cuda/12.1
module load gcc/9.3.0
conda activate /usr/local/usrapps/ddomlab/sdehgha2/env12

python ../train_structure_numerical.py  --K_fp "Graph"                                         --K_count "RBF"                                         --Kernel_mixing_method "sum"                                         --paper "Machine Learning for Polymer Design to Enhance Pervaporation-Based Organic Recovery"                                         --dataset "flux_data_imputed"                                         --kernel_feature_mode "per_feature"                                         --regressor_type "MGK"

------------------------------------------------------------

Successfully completed.

Resource usage summary:

    CPU time :                                   17028.34 sec.
    Max Memory :                                 5 GB
    Average Memory :                             1.32 GB
    Total Requested Memory :                     32.00 GB
    Delta Memory :                               27.00 GB
    Max Swap :                                   -
    Max Processes :                              14
    Max Threads :                                18
    Run time :                                   17123 sec.
    Turnaround time :                            21539 sec.

The output (if any) is above this job summary.



PS:

Read file </share/ddomlab/sdehgha2/working_space/GP_collab/results/HPC_history/hpc_20260914/Machine Learning for Polymer Design to Enhance Pervaporation-Based Organic Recovery/MGK_flux_data_imputed_sum_per_feature_RBF_GPU.err> for stderr output of this job.

