Traceback (most recent call last):
  File "/gpfs_common/share03/ddomlab/sdehgha2/working_space/GP_collab/code_python/training/hpc_submit_training_GP/../train_structure_numerical.py", line 99, in <module>
    main_structural_numerical(
  File "/gpfs_common/share03/ddomlab/sdehgha2/working_space/GP_collab/code_python/training/hpc_submit_training_GP/../train_structure_numerical.py", line 49, in main_structural_numerical
    scores, predictions  =   train_regressor(
                             ^^^^^^^^^^^^^^^^
  File "/gpfs_common/share03/ddomlab/sdehgha2/working_space/GP_collab/code_python/training/training_utils_gp_special.py", line 88, in train_regressor
    scores, predictions = _prepare_data(
                          ^^^^^^^^^^^^^^
  File "/gpfs_common/share03/ddomlab/sdehgha2/working_space/GP_collab/code_python/training/training_utils_gp_special.py", line 237, in _prepare_data
    score,predication = run(
                        ^^^^
  File "/gpfs_common/share03/ddomlab/sdehgha2/working_space/GP_collab/code_python/training/training_utils_gp_special.py", line 406, in run
    model = optimized_models(
            ^^^^^^^^^^^^^^^^^
  File "/gpfs_common/share03/ddomlab/sdehgha2/working_space/GP_collab/code_python/training/all_factories.py", line 176, in optimized_models
    return GPytorchMAPRegressor(
           ^^^^^^^^^^^^^^^^^^^^^
TypeError: GPytorchMAPRegressor.__init__() got an unexpected keyword argument 'n_epochs'
Traceback (most recent call last):
  File "/gpfs_common/share03/ddomlab/sdehgha2/working_space/GP_collab/code_python/training/hpc_submit_training_GP/../train_structure_numerical.py", line 99, in <module>
    main_structural_numerical(
  File "/gpfs_common/share03/ddomlab/sdehgha2/working_space/GP_collab/code_python/training/hpc_submit_training_GP/../train_structure_numerical.py", line 49, in main_structural_numerical
    scores, predictions  =   train_regressor(
                             ^^^^^^^^^^^^^^^^
  File "/gpfs_common/share03/ddomlab/sdehgha2/working_space/GP_collab/code_python/training/training_utils_gp_special.py", line 88, in train_regressor
    scores, predictions = _prepare_data(
                          ^^^^^^^^^^^^^^
  File "/gpfs_common/share03/ddomlab/sdehgha2/working_space/GP_collab/code_python/training/training_utils_gp_special.py", line 237, in _prepare_data
    score,predication = run(
                        ^^^^
  File "/gpfs_common/share03/ddomlab/sdehgha2/working_space/GP_collab/code_python/training/training_utils_gp_special.py", line 432, in run
    scores, predictions = gp_cross_validate_regressor(regressor, regressor_type, X, y, cv_outer, return_ls=False, UQ=True)
                          ^^^^^^^^^^^^^^^^^^^^^^^^^^^^^^^^^^^^^^^^^^^^^^^^^^^^^^^^^^^^^^^^^^^^^^^^^^^^^^^^^^^^^^^^^^^^^^^^
  File "/gpfs_common/share03/ddomlab/sdehgha2/working_space/GP_collab/code_python/training/scoring.py", line 533, in gp_cross_validate_regressor
    score, predictions = gp_cross_validate(
                         ^^^^^^^^^^^^^^^^^^
  File "/gpfs_common/share03/ddomlab/sdehgha2/working_space/GP_collab/code_python/training/scoring.py", line 494, in gp_cross_validate
    parallel_results = Parallel(n_jobs=n_jobs, verbose=0, pre_dispatch="all")(
                       ^^^^^^^^^^^^^^^^^^^^^^^^^^^^^^^^^^^^^^^^^^^^^^^^^^^^^^^
  File "/usr/local/usrapps/ddomlab/sdehgha2/env12/lib/python3.12/site-packages/joblib/parallel.py", line 1986, in __call__
    return output if self.return_generator else list(output)
                                                ^^^^^^^^^^^^
  File "/usr/local/usrapps/ddomlab/sdehgha2/env12/lib/python3.12/site-packages/joblib/parallel.py", line 1914, in _get_sequential_output
    res = func(*args, **kwargs)
          ^^^^^^^^^^^^^^^^^^^^^
  File "/gpfs_common/share03/ddomlab/sdehgha2/working_space/GP_collab/code_python/training/scoring.py", line 414, in _gp_fit_predict_score
    model.fit(X_train, y_train)
  File "/usr/local/usrapps/ddomlab/sdehgha2/env12/lib/python3.12/site-packages/sklearn/base.py", line 1336, in wrapper
    return fit_method(estimator, *args, **kwargs)
           ^^^^^^^^^^^^^^^^^^^^^^^^^^^^^^^^^^^^^^
  File "/usr/local/usrapps/ddomlab/sdehgha2/env12/lib/python3.12/site-packages/sklearn/pipeline.py", line 621, in fit
    self._final_estimator.fit(Xt, y, **last_step_params["fit"])
  File "/gpfs_common/share03/ddomlab/sdehgha2/working_space/GP_collab/code_python/training/GPytorch_kernel_mix.py", line 488, in fit
    self._gp_model = GPMix(X_train, y_train, self.feat_idx,
                     ^^^^^^^^^^^^^^^^^^^^^^^^^^^^^^^^^^^^^^
  File "/gpfs_common/share03/ddomlab/sdehgha2/working_space/GP_collab/code_python/training/GPytorch_kernel_mix.py", line 352, in __init__
    InverseGammaPrior(5.0, 5.0),
    ^^^^^^^^^^^^^^^^^^^^^^^^^^^
  File "/usr/local/usrapps/ddomlab/sdehgha2/env12/lib/python3.12/site-packages/pyro/distributions/distribution.py", line 26, in __call__
    return super().__call__(*args, **kwargs)
           ^^^^^^^^^^^^^^^^^^^^^^^^^^^^^^^^^
  File "/gpfs_common/share03/ddomlab/sdehgha2/working_space/GP_collab/code_python/training/GPytorch_kernel_mix.py", line 47, in __init__
    TModule.__init__(self)
  File "/usr/local/usrapps/ddomlab/sdehgha2/env12/lib/python3.12/site-packages/gpytorch/module.py", line 72, in __init__
    super().__init__()
    ^^^^^^^^^^^^^^^^
TypeError: super(type, obj): obj must be an instance or subtype of type
Traceback (most recent call last):
  File "/gpfs_common/share03/ddomlab/sdehgha2/working_space/GP_collab/code_python/training/hpc_submit_training_GP/../train_structure_numerical.py", line 99, in <module>
    main_structural_numerical(
  File "/gpfs_common/share03/ddomlab/sdehgha2/working_space/GP_collab/code_python/training/hpc_submit_training_GP/../train_structure_numerical.py", line 49, in main_structural_numerical
    scores, predictions  =   train_regressor(
                             ^^^^^^^^^^^^^^^^
  File "/gpfs_common/share03/ddomlab/sdehgha2/working_space/GP_collab/code_python/training/training_utils_gp_special.py", line 88, in train_regressor
    scores, predictions = _prepare_data(
                          ^^^^^^^^^^^^^^
  File "/gpfs_common/share03/ddomlab/sdehgha2/working_space/GP_collab/code_python/training/training_utils_gp_special.py", line 237, in _prepare_data
    score,predication = run(
                        ^^^^
  File "/gpfs_common/share03/ddomlab/sdehgha2/working_space/GP_collab/code_python/training/training_utils_gp_special.py", line 432, in run
    scores, predictions = gp_cross_validate_regressor(
                          ^^^^^^^^^^^^^^^^^^^^^^^^^^^^
  File "/gpfs_common/share03/ddomlab/sdehgha2/working_space/GP_collab/code_python/training/scoring.py", line 533, in gp_cross_validate_regressor
    score, predictions = gp_cross_validate(
                         ^^^^^^^^^^^^^^^^^^
  File "/gpfs_common/share03/ddomlab/sdehgha2/working_space/GP_collab/code_python/training/scoring.py", line 494, in gp_cross_validate
    parallel_results = Parallel(n_jobs=n_jobs, verbose=0, require="sharedmem")(
                       ^^^^^^^^^^^^^^^^^^^^^^^^^^^^^^^^^^^^^^^^^^^^^^^^^^^^^^^^
  File "/usr/local/usrapps/ddomlab/sdehgha2/env12/lib/python3.12/site-packages/joblib/parallel.py", line 1986, in __call__
    return output if self.return_generator else list(output)
                                                ^^^^^^^^^^^^
  File "/usr/local/usrapps/ddomlab/sdehgha2/env12/lib/python3.12/site-packages/joblib/parallel.py", line 1914, in _get_sequential_output
    res = func(*args, **kwargs)
          ^^^^^^^^^^^^^^^^^^^^^
  File "/gpfs_common/share03/ddomlab/sdehgha2/working_space/GP_collab/code_python/training/scoring.py", line 417, in _gp_fit_predict_score
    y_result = model.predict(X_test, return_std=UQ)
               ^^^^^^^^^^^^^^^^^^^^^^^^^^^^^^^^^^^^
  File "/usr/local/usrapps/ddomlab/sdehgha2/env12/lib/python3.12/site-packages/sklearn/pipeline.py", line 740, in predict
    check_is_fitted(self)
  File "/usr/local/usrapps/ddomlab/sdehgha2/env12/lib/python3.12/site-packages/sklearn/utils/validation.py", line 1705, in check_is_fitted
    raise NotFittedError(msg % {"name": type(estimator).__name__})
sklearn.exceptions.NotFittedError: This Pipeline instance is not fitted yet. Call 'fit' with appropriate arguments before using this estimator.
/usr/local/usrapps/ddomlab/sdehgha2/env12/lib/python3.12/site-packages/torch/cuda/__init__.py:435: UserWarning: 
    Found GPU0 Tesla P100-PCIE-16GB which is of cuda capability 6.0.
    Minimum and Maximum cuda capability supported by this version of PyTorch is
    (7.0) - (12.0)
    
  queued_call()
/usr/local/usrapps/ddomlab/sdehgha2/env12/lib/python3.12/site-packages/torch/cuda/__init__.py:435: UserWarning: 
    Please install PyTorch with a following CUDA
    configurations:  12.6 following instructions at
    https://pytorch.org/get-started/locally/
    
  queued_call()
/usr/local/usrapps/ddomlab/sdehgha2/env12/lib/python3.12/site-packages/torch/cuda/__init__.py:435: UserWarning: 
Tesla P100-PCIE-16GB with CUDA capability sm_60 is not compatible with the current PyTorch installation.
The current PyTorch install supports CUDA capabilities sm_70 sm_75 sm_80 sm_86 sm_90 sm_100 sm_120.
If you want to use the Tesla P100-PCIE-16GB GPU with PyTorch, please check the instructions at https://pytorch.org/get-started/locally/

  queued_call()
Traceback (most recent call last):
  File "/gpfs_common/share03/ddomlab/sdehgha2/working_space/GP_collab/code_python/training/hpc_submit_training_GP/../train_structure_numerical.py", line 98, in <module>
    main_structural_numerical(
  File "/gpfs_common/share03/ddomlab/sdehgha2/working_space/GP_collab/code_python/training/hpc_submit_training_GP/../train_structure_numerical.py", line 49, in main_structural_numerical
    scores, predictions  =   train_regressor(
                             ^^^^^^^^^^^^^^^^
  File "/gpfs_common/share03/ddomlab/sdehgha2/working_space/GP_collab/code_python/training/training_utils_gp_special.py", line 88, in train_regressor
    scores, predictions = _prepare_data(
                          ^^^^^^^^^^^^^^
  File "/gpfs_common/share03/ddomlab/sdehgha2/working_space/GP_collab/code_python/training/training_utils_gp_special.py", line 237, in _prepare_data
    score,predication = run(
                        ^^^^
  File "/gpfs_common/share03/ddomlab/sdehgha2/working_space/GP_collab/code_python/training/training_utils_gp_special.py", line 432, in run
    scores, predictions = gp_cross_validate_regressor(
                          ^^^^^^^^^^^^^^^^^^^^^^^^^^^^
  File "/gpfs_common/share03/ddomlab/sdehgha2/working_space/GP_collab/code_python/training/scoring.py", line 533, in gp_cross_validate_regressor
    score, predictions = gp_cross_validate(
                         ^^^^^^^^^^^^^^^^^^
  File "/gpfs_common/share03/ddomlab/sdehgha2/working_space/GP_collab/code_python/training/scoring.py", line 494, in gp_cross_validate
    parallel_results = Parallel(n_jobs=n_jobs, verbose=0, require="sharedmem")(
                       ^^^^^^^^^^^^^^^^^^^^^^^^^^^^^^^^^^^^^^^^^^^^^^^^^^^^^^^^
  File "/usr/local/usrapps/ddomlab/sdehgha2/env12/lib/python3.12/site-packages/joblib/parallel.py", line 1986, in __call__
    return output if self.return_generator else list(output)
                                                ^^^^^^^^^^^^
  File "/usr/local/usrapps/ddomlab/sdehgha2/env12/lib/python3.12/site-packages/joblib/parallel.py", line 1914, in _get_sequential_output
    res = func(*args, **kwargs)
          ^^^^^^^^^^^^^^^^^^^^^
  File "/gpfs_common/share03/ddomlab/sdehgha2/working_space/GP_collab/code_python/training/scoring.py", line 414, in _gp_fit_predict_score
    model.fit(X_train, y_train)
  File "/usr/local/usrapps/ddomlab/sdehgha2/env12/lib/python3.12/site-packages/sklearn/base.py", line 1336, in wrapper
    return fit_method(estimator, *args, **kwargs)
           ^^^^^^^^^^^^^^^^^^^^^^^^^^^^^^^^^^^^^^
  File "/usr/local/usrapps/ddomlab/sdehgha2/env12/lib/python3.12/site-packages/sklearn/pipeline.py", line 621, in fit
    self._final_estimator.fit(Xt, y, **last_step_params["fit"])
  File "/gpfs_common/share03/ddomlab/sdehgha2/working_space/GP_collab/code_python/training/GPytorch_kernel_mix.py", line 968, in fit
    self.regressor_.fit(X, y)
  File "/gpfs_common/share03/ddomlab/sdehgha2/working_space/GP_collab/code_python/training/GPytorch_kernel_mix.py", line 739, in fit
    X_train = self._prepare_X(X_train, fit=True)
              ^^^^^^^^^^^^^^^^^^^^^^^^^^^^^^^^^^
  File "/gpfs_common/share03/ddomlab/sdehgha2/working_space/GP_collab/code_python/training/GPytorch_kernel_mix.py", line 730, in _prepare_X
    return torch.as_tensor(
           ^^^^^^^^^^^^^^^^
torch.AcceleratorError: CUDA error: no kernel image is available for execution on the device
Search for `cudaErrorNoKernelImageForDevice' in https://docs.nvidia.com/cuda/cuda-runtime-api/group__CUDART__TYPES.html for more information.
CUDA kernel errors might be asynchronously reported at some other API call, so the stacktrace below might be incorrect.
For debugging consider passing CUDA_LAUNCH_BLOCKING=1
Compile with `TORCH_USE_CUDA_DSA` to enable device-side assertions.

Traceback (most recent call last):
  File "/gpfs_common/share03/ddomlab/sdehgha2/working_space/GP_collab/code_python/training/hpc_submit_training_GP/../train_structure_numerical.py", line 98, in <module>
    main_structural_numerical(
  File "/gpfs_common/share03/ddomlab/sdehgha2/working_space/GP_collab/code_python/training/hpc_submit_training_GP/../train_structure_numerical.py", line 49, in main_structural_numerical
    scores, predictions  =   train_regressor(
                             ^^^^^^^^^^^^^^^^
  File "/gpfs_common/share03/ddomlab/sdehgha2/working_space/GP_collab/code_python/training/training_utils_gp_special.py", line 88, in train_regressor
    scores, predictions = _prepare_data(
                          ^^^^^^^^^^^^^^
  File "/gpfs_common/share03/ddomlab/sdehgha2/working_space/GP_collab/code_python/training/training_utils_gp_special.py", line 237, in _prepare_data
    score,predication = run(
                        ^^^^
  File "/gpfs_common/share03/ddomlab/sdehgha2/working_space/GP_collab/code_python/training/training_utils_gp_special.py", line 432, in run
    scores, predictions = gp_cross_validate_regressor(
                          ^^^^^^^^^^^^^^^^^^^^^^^^^^^^
  File "/gpfs_common/share03/ddomlab/sdehgha2/working_space/GP_collab/code_python/training/scoring.py", line 533, in gp_cross_validate_regressor
    score, predictions = gp_cross_validate(
                         ^^^^^^^^^^^^^^^^^^
  File "/gpfs_common/share03/ddomlab/sdehgha2/working_space/GP_collab/code_python/training/scoring.py", line 494, in gp_cross_validate
    parallel_results = Parallel(n_jobs=n_jobs, verbose=0, require="sharedmem")(
                       ^^^^^^^^^^^^^^^^^^^^^^^^^^^^^^^^^^^^^^^^^^^^^^^^^^^^^^^^
  File "/usr/local/usrapps/ddomlab/sdehgha2/env12/lib/python3.12/site-packages/joblib/parallel.py", line 1986, in __call__
    return output if self.return_generator else list(output)
                                                ^^^^^^^^^^^^
  File "/usr/local/usrapps/ddomlab/sdehgha2/env12/lib/python3.12/site-packages/joblib/parallel.py", line 1914, in _get_sequential_output
    res = func(*args, **kwargs)
          ^^^^^^^^^^^^^^^^^^^^^
  File "/gpfs_common/share03/ddomlab/sdehgha2/working_space/GP_collab/code_python/training/scoring.py", line 414, in _gp_fit_predict_score
    model.fit(X_train, y_train)
  File "/usr/local/usrapps/ddomlab/sdehgha2/env12/lib/python3.12/site-packages/sklearn/base.py", line 1336, in wrapper
    return fit_method(estimator, *args, **kwargs)
           ^^^^^^^^^^^^^^^^^^^^^^^^^^^^^^^^^^^^^^
  File "/usr/local/usrapps/ddomlab/sdehgha2/env12/lib/python3.12/site-packages/sklearn/pipeline.py", line 621, in fit
    self._final_estimator.fit(Xt, y, **last_step_params["fit"])
  File "/gpfs_common/share03/ddomlab/sdehgha2/working_space/GP_collab/code_python/training/GPytorch_kernel_mix.py", line 950, in fit
    self.regressor_ = GPytorchMAPRegressor(
                      ^^^^^^^^^^^^^^^^^^^^^
TypeError: GPytorchMAPRegressor.__init__() got an unexpected keyword argument 'cuda_avail'
