Running seed: 6
Running seed: 13
Running seed: 42
Average scores:	 rmse: 86.02±11.43	 r2: 0.7±0.07
Filename: (ECFP3_count_512-COUNT)_(GPytorchMAP_TanimotoRBF-Matern32_sum)_mean_hypOFF_Standard_Standard
Running seed: 6
Running seed: 13
Running seed: 42
Average scores:	 rmse: 10.48±1.7	 r2: 0.58±0.16
Filename: (ECFP3_count_512-COUNT)_(GPytorchMAP_TanimotoRBF-Matern32_sum)_mean_hypOFF_Standard_Standard
Running seed: 6
Running seed: 13
Running seed: 42
Average scores:	 rmse: 10.3±1.18	 r2: 0.7±0.06
Filename: (ECFP3_count_512-COUNT)_(GPytorchMAP_TanimotoRBF-Matern32_sum)_mean_hypOFF_Standard_Standard
Running seed: 6
Running seed: 13
Running seed: 42
Average scores:	 rmse: 9.42±1.11	 r2: 0.45±0.09
Filename: (ECFP3_count_512-COUNT)_(GPytorchMAP_TanimotoRBF-Matern32_sum)_mean_hypOFF_Standard_Standard
Running seed: 6
Running seed: 13
Running seed: 42
Average scores:	 rmse: 12.04±2.02	 r2: 0.6±0.15
Filename: (ECFP3_count_512-COUNT)_(GPytorchMAP_TanimotoRBF-Matern32_sum)_mean_hypOFF_Standard_Standard
Running seed: 6
Running seed: 13
Running seed: 42
Average scores:	 rmse: 9.42±1.11	 r2: 0.45±0.09
Filename: (ECFP3_count_512-COUNT)_(GPytorchMAP_TanimotoRBF-Matern32_sum)_mean_hypOFF_Standard_Standard

------------------------------------------------------------
Sender: LSF System <lsfadmin@c002n02>
Subject: Job 258614: <structure_numerical_20260520> in cluster <Hazel> Done

Job <structure_numerical_20260520> was submitted from host <c032n02> by user <sdehgha2> in cluster <Hazel> at Wed May 20 17:43:28 2026
Job was executed on host(s) <6*c002n02>, in queue <single_chassis>, as user <sdehgha2> in cluster <Hazel> at Wed May 20 17:43:31 2026
</home/sdehgha2> was used as the home directory.
</share/ddomlab/sdehgha2/working_space/GP_collab/code_python/training/hpc_submit_training_GP> was used as the working directory.
Started at Wed May 20 17:43:31 2026
Terminated at Wed May 20 18:00:06 2026
Results reported at Wed May 20 18:00:06 2026

Your job looked like:

------------------------------------------------------------
# LSBATCH: User input

#BSUB -n 6
#BSUB -W 4:05
#BSUB -R span[hosts=1]
#BSUB -R "rusage[mem=32GB]"
#BSUB -J "structure_numerical_20260520"
#BSUB -o "/share/ddomlab/sdehgha2/working_space/GP_collab/results/HPC_history/hpc_20260520/Understanding and Designing a High-Performance Ultrafiltration Membrane Using Machine Learning/GPytorchMAP_TanimotoRBF_Matern32_sum.out"
#BSUB -e "/share/ddomlab/sdehgha2/working_space/GP_collab/results/HPC_history/hpc_20260520/Understanding and Designing a High-Performance Ultrafiltration Membrane Using Machine Learning/GPytorchMAP_TanimotoRBF_Matern32_sum.err"

source ~/.bashrc
conda activate /usr/local/usrapps/ddomlab/sdehgha2/env12
python ../train_structure_numerical.py --K_fp TanimotoRBF                                         --K_count Matern32                                         --Kernel_mixing_method sum                                         --dataset "cleaned_dataset_Ultrafiltration Membrane"                                         --paper "Understanding and Designing a High-Performance Ultrafiltration Membrane Using Machine Learning" 


------------------------------------------------------------

Successfully completed.

Resource usage summary:

    CPU time :                                   4474.89 sec.
    Max Memory :                                 1 GB
    Average Memory :                             0.97 GB
    Total Requested Memory :                     32.00 GB
    Delta Memory :                               31.00 GB
    Max Swap :                                   -
    Max Processes :                              4
    Max Threads :                                14
    Run time :                                   1009 sec.
    Turnaround time :                            998 sec.

The output (if any) is above this job summary.



PS:

Read file </share/ddomlab/sdehgha2/working_space/GP_collab/results/HPC_history/hpc_20260520/Understanding and Designing a High-Performance Ultrafiltration Membrane Using Machine Learning/GPytorchMAP_TanimotoRBF_Matern32_sum.err> for stderr output of this job.

