Running seed: 6
Running seed: 13
Running seed: 42
Average scores:	 rmse: 79.72±12.06	 r2: 0.74±0.07
Filename: (ECFP3_count_512-COUNT)_(GPytorchMAP_Tanimoto-Matern52_averageProduct)_mean_hypOFF_Standard_Standard
Running seed: 6
Running seed: 13
Running seed: 42
Average scores:	 rmse: 10.01±1.04	 r2: 0.61±0.13
Filename: (ECFP3_count_512-COUNT)_(GPytorchMAP_Tanimoto-Matern52_averageProduct)_mean_hypOFF_Standard_Standard
Running seed: 6
Running seed: 13
Running seed: 42
Average scores:	 rmse: 10.19±1.02	 r2: 0.71±0.06
Filename: (ECFP3_count_512-COUNT)_(GPytorchMAP_Tanimoto-Matern52_averageProduct)_mean_hypOFF_Standard_Standard
Running seed: 6
Running seed: 13
Running seed: 42
Average scores:	 rmse: 8.69±1.2	 r2: 0.53±0.1
Filename: (ECFP3_count_512-COUNT)_(GPytorchMAP_Tanimoto-Matern52_averageProduct)_mean_hypOFF_Standard_Standard
Running seed: 6
Running seed: 13
Running seed: 42
Average scores:	 rmse: 10.47±1.42	 r2: 0.7±0.08
Filename: (ECFP3_count_512-COUNT)_(GPytorchMAP_Tanimoto-Matern52_averageProduct)_mean_hypOFF_Standard_Standard
Running seed: 6
Running seed: 13
Running seed: 42
Average scores:	 rmse: 8.69±1.2	 r2: 0.53±0.1
Filename: (ECFP3_count_512-COUNT)_(GPytorchMAP_Tanimoto-Matern52_averageProduct)_mean_hypOFF_Standard_Standard

------------------------------------------------------------
Sender: LSF System <lsfadmin@c032n02>
Subject: Job 258668: <structure_numerical_20260520> in cluster <Hazel> Done

Job <structure_numerical_20260520> was submitted from host <c032n02> by user <sdehgha2> in cluster <Hazel> at Wed May 20 17:43:50 2026
Job was executed on host(s) <6*c032n02>, in queue <single_chassis>, as user <sdehgha2> in cluster <Hazel> at Wed May 20 18:34:06 2026
</home/sdehgha2> was used as the home directory.
</share/ddomlab/sdehgha2/working_space/GP_collab/code_python/training/hpc_submit_training_GP> was used as the working directory.
Started at Wed May 20 18:34:06 2026
Terminated at Wed May 20 18:50:41 2026
Results reported at Wed May 20 18:50:41 2026

Your job looked like:

------------------------------------------------------------
# LSBATCH: User input

#BSUB -n 6
#BSUB -W 4:05
#BSUB -R span[hosts=1]
#BSUB -R "rusage[mem=32GB]"
#BSUB -J "structure_numerical_20260520"
#BSUB -o "/share/ddomlab/sdehgha2/working_space/GP_collab/results/HPC_history/hpc_20260520/Understanding and Designing a High-Performance Ultrafiltration Membrane Using Machine Learning/GPytorchMAP_Tanimoto_Matern52_averageProduct.out"
#BSUB -e "/share/ddomlab/sdehgha2/working_space/GP_collab/results/HPC_history/hpc_20260520/Understanding and Designing a High-Performance Ultrafiltration Membrane Using Machine Learning/GPytorchMAP_Tanimoto_Matern52_averageProduct.err"

source ~/.bashrc
conda activate /usr/local/usrapps/ddomlab/sdehgha2/env12
python ../train_structure_numerical.py --K_fp Tanimoto                                         --K_count Matern52                                         --Kernel_mixing_method averageProduct                                         --dataset "cleaned_dataset_Ultrafiltration Membrane"                                         --paper "Understanding and Designing a High-Performance Ultrafiltration Membrane Using Machine Learning" 


------------------------------------------------------------

Successfully completed.

Resource usage summary:

    CPU time :                                   4540.96 sec.
    Max Memory :                                 1 GB
    Average Memory :                             0.97 GB
    Total Requested Memory :                     32.00 GB
    Delta Memory :                               31.00 GB
    Max Swap :                                   -
    Max Processes :                              4
    Max Threads :                                14
    Run time :                                   1006 sec.
    Turnaround time :                            4011 sec.

The output (if any) is above this job summary.



PS:

Read file </share/ddomlab/sdehgha2/working_space/GP_collab/results/HPC_history/hpc_20260520/Understanding and Designing a High-Performance Ultrafiltration Membrane Using Machine Learning/GPytorchMAP_Tanimoto_Matern52_averageProduct.err> for stderr output of this job.

