Running seed: 6
Running seed: 13
Running seed: 42
Average scores:	 rmse: 80.53±12.44	 r2: 0.73±0.07
Filename: (ECFP3_count_512-COUNT)_(GPytorchMAP_Matern52-Matern52_averageProduct)_mean_hypOFF_Standard_Standard
Running seed: 6
Running seed: 13
Running seed: 42
Average scores:	 rmse: 9.73±1.08	 r2: 0.63±0.13
Filename: (ECFP3_count_512-COUNT)_(GPytorchMAP_Matern52-Matern52_averageProduct)_mean_hypOFF_Standard_Standard
Running seed: 6
Running seed: 13
Running seed: 42
Average scores:	 rmse: 10.08±1.05	 r2: 0.71±0.06
Filename: (ECFP3_count_512-COUNT)_(GPytorchMAP_Matern52-Matern52_averageProduct)_mean_hypOFF_Standard_Standard
Running seed: 6
Running seed: 13
Running seed: 42
Average scores:	 rmse: 8.99±1.24	 r2: 0.5±0.1
Filename: (ECFP3_count_512-COUNT)_(GPytorchMAP_Matern52-Matern52_averageProduct)_mean_hypOFF_Standard_Standard
Running seed: 6
Running seed: 13
Running seed: 42
Average scores:	 rmse: 10.5±1.39	 r2: 0.7±0.08
Filename: (ECFP3_count_512-COUNT)_(GPytorchMAP_Matern52-Matern52_averageProduct)_mean_hypOFF_Standard_Standard
Running seed: 6
Running seed: 13
Running seed: 42
Average scores:	 rmse: 8.99±1.24	 r2: 0.5±0.1
Filename: (ECFP3_count_512-COUNT)_(GPytorchMAP_Matern52-Matern52_averageProduct)_mean_hypOFF_Standard_Standard

------------------------------------------------------------
Sender: LSF System <lsfadmin@c002n02>
Subject: Job 258678: <structure_numerical_20260520> in cluster <Hazel> Done

Job <structure_numerical_20260520> was submitted from host <c032n02> by user <sdehgha2> in cluster <Hazel> at Wed May 20 17:43:54 2026
Job was executed on host(s) <6*c002n02>, in queue <single_chassis>, as user <sdehgha2> in cluster <Hazel> at Wed May 20 18:46:43 2026
</home/sdehgha2> was used as the home directory.
</share/ddomlab/sdehgha2/working_space/GP_collab/code_python/training/hpc_submit_training_GP> was used as the working directory.
Started at Wed May 20 18:46:43 2026
Terminated at Wed May 20 18:57:21 2026
Results reported at Wed May 20 18:57:21 2026

Your job looked like:

------------------------------------------------------------
# LSBATCH: User input

#BSUB -n 6
#BSUB -W 4:05
#BSUB -R span[hosts=1]
#BSUB -R "rusage[mem=32GB]"
#BSUB -J "structure_numerical_20260520"
#BSUB -o "/share/ddomlab/sdehgha2/working_space/GP_collab/results/HPC_history/hpc_20260520/Understanding and Designing a High-Performance Ultrafiltration Membrane Using Machine Learning/GPytorchMAP_Matern52_Matern52_averageProduct.out"
#BSUB -e "/share/ddomlab/sdehgha2/working_space/GP_collab/results/HPC_history/hpc_20260520/Understanding and Designing a High-Performance Ultrafiltration Membrane Using Machine Learning/GPytorchMAP_Matern52_Matern52_averageProduct.err"

source ~/.bashrc
conda activate /usr/local/usrapps/ddomlab/sdehgha2/env12
python ../train_structure_numerical.py --K_fp Matern52                                         --K_count Matern52                                         --Kernel_mixing_method averageProduct                                         --dataset "cleaned_dataset_Ultrafiltration Membrane"                                         --paper "Understanding and Designing a High-Performance Ultrafiltration Membrane Using Machine Learning" 


------------------------------------------------------------

Successfully completed.

Resource usage summary:

    CPU time :                                   2097.70 sec.
    Max Memory :                                 1 GB
    Average Memory :                             0.96 GB
    Total Requested Memory :                     32.00 GB
    Delta Memory :                               31.00 GB
    Max Swap :                                   -
    Max Processes :                              4
    Max Threads :                                14
    Run time :                                   641 sec.
    Turnaround time :                            4407 sec.

The output (if any) is above this job summary.



PS:

Read file </share/ddomlab/sdehgha2/working_space/GP_collab/results/HPC_history/hpc_20260520/Understanding and Designing a High-Performance Ultrafiltration Membrane Using Machine Learning/GPytorchMAP_Matern52_Matern52_averageProduct.err> for stderr output of this job.

