Running seed: 6
Running seed: 13
Running seed: 42
Average scores:	 rmse: 87.46±11.43	 r2: 0.68±0.08
Filename: (ECFP3_count_512-COUNT)_(GPytorchMAP_TanimotoMatern32-RBF_sum)_mean_hypOFF_Standard_Standard
Running seed: 6
Running seed: 13
Running seed: 42
Average scores:	 rmse: 11.52±1.19	 r2: 0.49±0.17
Filename: (ECFP3_count_512-COUNT)_(GPytorchMAP_TanimotoMatern32-RBF_sum)_mean_hypOFF_Standard_Standard
Running seed: 6
Running seed: 13
Running seed: 42
Average scores:	 rmse: 10.51±1.22	 r2: 0.69±0.07
Filename: (ECFP3_count_512-COUNT)_(GPytorchMAP_TanimotoMatern32-RBF_sum)_mean_hypOFF_Standard_Standard
Running seed: 6
Running seed: 13
Running seed: 42
Average scores:	 rmse: 9.53±1.09	 r2: 0.44±0.1
Filename: (ECFP3_count_512-COUNT)_(GPytorchMAP_TanimotoMatern32-RBF_sum)_mean_hypOFF_Standard_Standard
Running seed: 6
Running seed: 13
Running seed: 42
Average scores:	 rmse: 12.51±2.01	 r2: 0.57±0.15
Filename: (ECFP3_count_512-COUNT)_(GPytorchMAP_TanimotoMatern32-RBF_sum)_mean_hypOFF_Standard_Standard
Running seed: 6
Running seed: 13
Running seed: 42
Average scores:	 rmse: 9.53±1.09	 r2: 0.44±0.1
Filename: (ECFP3_count_512-COUNT)_(GPytorchMAP_TanimotoMatern32-RBF_sum)_mean_hypOFF_Standard_Standard

------------------------------------------------------------
Sender: LSF System <lsfadmin@c002n01>
Subject: Job 258616: <structure_numerical_20260520> in cluster <Hazel> Done

Job <structure_numerical_20260520> was submitted from host <c032n02> by user <sdehgha2> in cluster <Hazel> at Wed May 20 17:43:29 2026
Job was executed on host(s) <6*c002n01>, in queue <single_chassis>, as user <sdehgha2> in cluster <Hazel> at Wed May 20 17:43:31 2026
</home/sdehgha2> was used as the home directory.
</share/ddomlab/sdehgha2/working_space/GP_collab/code_python/training/hpc_submit_training_GP> was used as the working directory.
Started at Wed May 20 17:43:31 2026
Terminated at Wed May 20 18:00:42 2026
Results reported at Wed May 20 18:00:42 2026

Your job looked like:

------------------------------------------------------------
# LSBATCH: User input

#BSUB -n 6
#BSUB -W 4:05
#BSUB -R span[hosts=1]
#BSUB -R "rusage[mem=32GB]"
#BSUB -J "structure_numerical_20260520"
#BSUB -o "/share/ddomlab/sdehgha2/working_space/GP_collab/results/HPC_history/hpc_20260520/Understanding and Designing a High-Performance Ultrafiltration Membrane Using Machine Learning/GPytorchMAP_TanimotoMatern32_RBF_sum.out"
#BSUB -e "/share/ddomlab/sdehgha2/working_space/GP_collab/results/HPC_history/hpc_20260520/Understanding and Designing a High-Performance Ultrafiltration Membrane Using Machine Learning/GPytorchMAP_TanimotoMatern32_RBF_sum.err"

source ~/.bashrc
conda activate /usr/local/usrapps/ddomlab/sdehgha2/env12
python ../train_structure_numerical.py --K_fp TanimotoMatern32                                         --K_count RBF                                         --Kernel_mixing_method sum                                         --dataset "cleaned_dataset_Ultrafiltration Membrane"                                         --paper "Understanding and Designing a High-Performance Ultrafiltration Membrane Using Machine Learning" 


------------------------------------------------------------

Successfully completed.

Resource usage summary:

    CPU time :                                   4581.35 sec.
    Max Memory :                                 1 GB
    Average Memory :                             0.97 GB
    Total Requested Memory :                     32.00 GB
    Delta Memory :                               31.00 GB
    Max Swap :                                   -
    Max Processes :                              4
    Max Threads :                                14
    Run time :                                   1040 sec.
    Turnaround time :                            1033 sec.

The output (if any) is above this job summary.



PS:

Read file </share/ddomlab/sdehgha2/working_space/GP_collab/results/HPC_history/hpc_20260520/Understanding and Designing a High-Performance Ultrafiltration Membrane Using Machine Learning/GPytorchMAP_TanimotoMatern32_RBF_sum.err> for stderr output of this job.

