Data filtering and preprocessing took 0.19 seconds.
Running seed: 42
Filename: (ECFP3_count_512-COUNT)_(GPytorchMAP_Matern32-Matern32_(count:+)x(fp:+))_hypOFF_Standard_Standard_GPU

------------------------------------------------------------
Sender: LSF System <lsfadmin@gpu16>
Subject: Job 328091: <gpmap_all_20261001_4> in cluster <Hazel> Done

Job <gpmap_all_20261001_4> was submitted from host <login02.hpc.ncsu.edu> by user <sdehgha2> in cluster <Hazel> at Thu Oct  1 11:52:29 2026
Job was executed on host(s) <gpu16>, in queue <short_gpu>, as user <sdehgha2> in cluster <Hazel> at Thu Oct  1 11:56:53 2026
</home/sdehgha2> was used as the home directory.
</share/ddomlab/sdehgha2/working_space/GP_collab/code_python/training/hpc_submit_training_GP> was used as the working directory.
Started at Thu Oct  1 11:56:53 2026
Terminated at Thu Oct  1 12:16:00 2026
Results reported at Thu Oct  1 12:16:00 2026

Your job looked like:

------------------------------------------------------------
# LSBATCH: User input
                
#BSUB -n 1
#BSUB -W 1:59
#BSUB -q short_gpu
#BSUB -gpu "num=1:mode=shared:mps=no"
#BSUB -R "rusage[mem=32GB]"
#BSUB -R "select[a10 || a30 || a100 || l40 || h100]"
#BSUB -J "gpmap_all_20261001_4"
#BSUB -o "/share/ddomlab/sdehgha2/working_space/GP_collab/results/HPC_history/hpc_20261001/Beyond molecular structure_ critically assessing machine learning for designing organic photovoltaic materials and devices/GPytorchMAP_Beyond_molecular_structure_seifrid_imputed_Matern32_Matern32_(count:+)x(fp:+)_GPU.out"
#BSUB -e "/share/ddomlab/sdehgha2/working_space/GP_collab/results/HPC_history/hpc_20261001/Beyond molecular structure_ critically assessing machine learning for designing organic photovoltaic materials and devices/GPytorchMAP_Beyond_molecular_structure_seifrid_imputed_Matern32_Matern32_(count:+)x(fp:+)_GPU.err"

source ~/.bashrc
module load cuda/12.1
module load gcc/9.3.0
conda activate /usr/local/usrapps/ddomlab/sdehgha2/env12

python ../train_structure_numerical.py --K_fp "Matern32"                                         --K_count "Matern32"                                         --Kernel_mixing_method "(count:+)x(fp:+)"                                         --paper "Beyond molecular structure_ critically assessing machine learning for designing organic photovoltaic materials and devices"                                         --dataset "Beyond molecular structure_seifrid_imputed"                                         --regressor_type "GPytorchMAP"                                         --clustering_method "continuous_cluster"


------------------------------------------------------------

Successfully completed.

Resource usage summary:

    CPU time :                                   1123.02 sec.
    Max Memory :                                 1 GB
    Average Memory :                             0.98 GB
    Total Requested Memory :                     32.00 GB
    Delta Memory :                               31.00 GB
    Max Swap :                                   -
    Max Processes :                              5
    Max Threads :                                9
    Run time :                                   1171 sec.
    Turnaround time :                            1411 sec.

The output (if any) is above this job summary.



PS:

Read file </share/ddomlab/sdehgha2/working_space/GP_collab/results/HPC_history/hpc_20261001/Beyond molecular structure_ critically assessing machine learning for designing organic photovoltaic materials and devices/GPytorchMAP_Beyond_molecular_structure_seifrid_imputed_Matern32_Matern32_(count:+)x(fp:+)_GPU.err> for stderr output of this job.

