
------------------------------------------------------------
Sender: LSF System <lsfadmin@gpu16>
Subject: Job 328078: <mgk_missing_20261001_2> in cluster <Hazel> Done

Job <mgk_missing_20261001_2> was submitted from host <login02.hpc.ncsu.edu> by user <sdehgha2> in cluster <Hazel> at Thu Oct  1 11:46:51 2026
Job was executed on host(s) <2*gpu16>, in queue <gpu>, as user <sdehgha2> in cluster <Hazel> at Thu Oct  1 11:47:22 2026
</home/sdehgha2> was used as the home directory.
</share/ddomlab/sdehgha2/working_space/GP_collab/code_python/training/hpc_submit_training_GP> was used as the working directory.
Started at Thu Oct  1 11:47:22 2026
Terminated at Sat Oct  3 09:52:34 2026
Results reported at Sat Oct  3 09:52:34 2026

Your job looked like:

------------------------------------------------------------
# LSBATCH: User input
#BSUB -n 2
#BSUB -W 55:55
#BSUB -q gpu
#BSUB -gpu "num=1:mode=shared:mps=no"
#BSUB -R "rusage[mem=32GB]"
#BSUB -R "select[a10 || a30 || a100 || l40 || h100]"
#BSUB -J "mgk_missing_20261001_2"
#BSUB -o "/share/ddomlab/sdehgha2/working_space/GP_collab/results/HPC_history/hpc_20261001/Beyond molecular structure_ critically assessing machine learning for designing organic photovoltaic materials and devices/MGK_Beyond molecular structure_seifrid_imputed_Matern52_product_per_feature_GPU.out"
#BSUB -e "/share/ddomlab/sdehgha2/working_space/GP_collab/results/HPC_history/hpc_20261001/Beyond molecular structure_ critically assessing machine learning for designing organic photovoltaic materials and devices/MGK_Beyond molecular structure_seifrid_imputed_Matern52_product_per_feature_GPU.err"

source ~/.bashrc
module load cuda/12.1
module load gcc/9.3.0
conda activate /usr/local/usrapps/ddomlab/sdehgha2/env12

python ../train_structure_numerical.py --K_fp "Graph"                                       --K_count "Matern52"                                       --Kernel_mixing_method "product"                                       --paper "Beyond molecular structure_ critically assessing machine learning for designing organic photovoltaic materials and devices"                                       --dataset "Beyond molecular structure_seifrid_imputed"                                       --kernel_feature_mode "per_feature"                                       --regressor_type "MGK"

------------------------------------------------------------

Successfully completed.

Resource usage summary:

    CPU time :                                   165551.00 sec.
    Max Memory :                                 2 GB
    Average Memory :                             1.00 GB
    Total Requested Memory :                     32.00 GB
    Delta Memory :                               30.00 GB
    Max Swap :                                   -
    Max Processes :                              14
    Max Threads :                                18
    Run time :                                   165938 sec.
    Turnaround time :                            165943 sec.

The output (if any) is above this job summary.



PS:

Read file </share/ddomlab/sdehgha2/working_space/GP_collab/results/HPC_history/hpc_20261001/Beyond molecular structure_ critically assessing machine learning for designing organic photovoltaic materials and devices/MGK_Beyond molecular structure_seifrid_imputed_Matern52_product_per_feature_GPU.err> for stderr output of this job.

