MGK regressor, only scaling numerical features
Running seed: 6
Running seed: 13
Running seed: 42
Average scores:	 rmse: 0.31±0.02	 r2: 0.82±0.02
Filename: (MG-COUNT)_(MGK_Graph-RBF_(count:x)+(graph:x))_hypOFF_Standard_Standard_GPU

------------------------------------------------------------
Sender: LSF System <lsfadmin@gpu16>
Subject: Job 327419: <mgk_all_20260930_12> in cluster <Hazel> Done

Job <mgk_all_20260930_12> was submitted from host <login01.hpc.ncsu.edu> by user <sdehgha2> in cluster <Hazel> at Wed Sep 30 23:58:06 2026
Job was executed on host(s) <gpu16>, in queue <gpu>, as user <sdehgha2> in cluster <Hazel> at Thu Oct  1 00:03:04 2026
</home/sdehgha2> was used as the home directory.
</share/ddomlab/sdehgha2/working_space/GP_collab/code_python/training/hpc_submit_training_GP> was used as the working directory.
Started at Thu Oct  1 00:03:04 2026
Terminated at Thu Oct  1 07:53:58 2026
Results reported at Thu Oct  1 07:53:58 2026

Your job looked like:

------------------------------------------------------------
# LSBATCH: User input
#BSUB -n 1
#BSUB -W 50:50
#BSUB -q gpu
#BSUB -gpu "num=1:mode=shared:mps=no"
#BSUB -R "rusage[mem=32GB]"
#BSUB -R "select[a10 || a30 || a100 || l40 || h100]"
#BSUB -J "mgk_all_20260930_12"
#BSUB -o "/share/ddomlab/sdehgha2/working_space/GP_collab/results/HPC_history/hpc_20260930/Machine Learning for Polymer Design to Enhance Pervaporation-Based Organic Recovery/MGK_flux_data_imputed_(count:x)+(graph:x)_per_feature_RBF_GPU.out"
#BSUB -e "/share/ddomlab/sdehgha2/working_space/GP_collab/results/HPC_history/hpc_20260930/Machine Learning for Polymer Design to Enhance Pervaporation-Based Organic Recovery/MGK_flux_data_imputed_(count:x)+(graph:x)_per_feature_RBF_GPU.err"

source ~/.bashrc
module load cuda/12.1
module load gcc/9.3.0
conda activate /usr/local/usrapps/ddomlab/sdehgha2/env12

python ../train_structure_numerical.py  --K_fp "Graph"                                         --K_count "RBF"                                         --Kernel_mixing_method "(count:x)+(graph:x)"                                         --paper "Machine Learning for Polymer Design to Enhance Pervaporation-Based Organic Recovery"                                         --dataset "flux_data_imputed"                                         --kernel_feature_mode "per_feature"                                         --regressor_type "MGK" 

------------------------------------------------------------

Successfully completed.

Resource usage summary:

    CPU time :                                   28171.00 sec.
    Max Memory :                                 3 GB
    Average Memory :                             1.09 GB
    Total Requested Memory :                     32.00 GB
    Delta Memory :                               29.00 GB
    Max Swap :                                   -
    Max Processes :                              10
    Max Threads :                                16
    Run time :                                   28279 sec.
    Turnaround time :                            28552 sec.

The output (if any) is above this job summary.



PS:

Read file </share/ddomlab/sdehgha2/working_space/GP_collab/results/HPC_history/hpc_20260930/Machine Learning for Polymer Design to Enhance Pervaporation-Based Organic Recovery/MGK_flux_data_imputed_(count:x)+(graph:x)_per_feature_RBF_GPU.err> for stderr output of this job.

