MGK regressor, only scaling numerical features
Running seed: 6
Running seed: 13

------------------------------------------------------------
Sender: LSF System <lsfadmin@gpu16>
Subject: Job 327429: <mgk_all_20260930_22> in cluster <Hazel> Exited

Job <mgk_all_20260930_22> was submitted from host <login01.hpc.ncsu.edu> by user <sdehgha2> in cluster <Hazel> at Wed Sep 30 23:58:10 2026
Job was executed on host(s) <gpu16>, in queue <gpu>, as user <sdehgha2> in cluster <Hazel> at Thu Oct  1 07:53:59 2026
</home/sdehgha2> was used as the home directory.
</share/ddomlab/sdehgha2/working_space/GP_collab/code_python/training/hpc_submit_training_GP> was used as the working directory.
Started at Thu Oct  1 07:53:59 2026
Terminated at Thu Oct  1 11:45:12 2026
Results reported at Thu Oct  1 11:45:12 2026

Your job looked like:

------------------------------------------------------------
# LSBATCH: User input
#BSUB -n 1
#BSUB -W 50:50
#BSUB -q gpu
#BSUB -gpu "num=1:mode=shared:mps=no"
#BSUB -R "rusage[mem=32GB]"
#BSUB -R "select[a10 || a30 || a100 || l40 || h100]"
#BSUB -J "mgk_all_20260930_22"
#BSUB -o "/share/ddomlab/sdehgha2/working_space/GP_collab/results/HPC_history/hpc_20260930/Machine Learning for Polymer Design to Enhance Pervaporation-Based Organic Recovery/MGK_separation_data_imputed_product_per_feature_RBF_GPU.out"
#BSUB -e "/share/ddomlab/sdehgha2/working_space/GP_collab/results/HPC_history/hpc_20260930/Machine Learning for Polymer Design to Enhance Pervaporation-Based Organic Recovery/MGK_separation_data_imputed_product_per_feature_RBF_GPU.err"

source ~/.bashrc
module load cuda/12.1
module load gcc/9.3.0
conda activate /usr/local/usrapps/ddomlab/sdehgha2/env12

python ../train_structure_numerical.py  --K_fp "Graph"                                         --K_count "RBF"                                         --Kernel_mixing_method "product"                                         --paper "Machine Learning for Polymer Design to Enhance Pervaporation-Based Organic Recovery"                                         --dataset "separation_data_imputed"                                         --kernel_feature_mode "per_feature"                                         --regressor_type "MGK" 

------------------------------------------------------------

TERM_OWNER: job killed by owner.
Exited with exit code 130.

Resource usage summary:

    CPU time :                                   13824.63 sec.
    Max Memory :                                 4 GB
    Average Memory :                             1.23 GB
    Total Requested Memory :                     32.00 GB
    Delta Memory :                               28.00 GB
    Max Swap :                                   -
    Max Processes :                              14
    Max Threads :                                18
    Run time :                                   13873 sec.
    Turnaround time :                            42422 sec.

The output (if any) is above this job summary.



PS:

Read file </share/ddomlab/sdehgha2/working_space/GP_collab/results/HPC_history/hpc_20260930/Machine Learning for Polymer Design to Enhance Pervaporation-Based Organic Recovery/MGK_separation_data_imputed_product_per_feature_RBF_GPU.err> for stderr output of this job.

