Running seed: 6
No hyperparameter optimization
|        logP|       dlogP|     y^T.K.y|     log|K| |     Cond(K)|  GPU time|  CPU time|
|------------|------------|------------|------------|------------|----------|----------|
|      21.392|      25.634|      172.05|     -150.66|      1201.1|       4.9|    0.0052|
|     -131.59|      120.82|      326.01|      -457.6|      1854.5|      0.58|    0.0043|
|      19.501|      26.752|      170.82|     -151.32|      1201.1|      0.58|    0.0039|
|     -135.94|      59.987|      119.27|     -255.21|      1416.1|      0.58|     0.004|
|     -191.29|      93.894|      198.33|     -389.62|      1773.6|      0.58|    0.0049|
|     -178.41|      61.053|      130.38|     -308.79|      1588.3|      0.58|    0.0043|
|     -195.45|      73.531|      159.13|     -354.59|      1706.3|      0.59|    0.0044|
|     -194.83|      86.067|      182.05|     -376.87|      1751.3|      0.58|     0.004|
|     -195.45|      73.531|      159.13|     -354.59|      1706.3|      0.59|    0.0042|
|     -171.56|      23.821|      196.67|     -368.23|      1298.2|      0.59|    0.0059|
|     -214.66|      36.611|         131|     -345.66|        1255|      0.59|    0.0042|
|     -218.79|      39.653|       167.3|     -386.09|      1285.8|      0.59|    0.0043|
|     -220.22|      31.788|      145.92|     -366.14|      1257.3|      0.59|    0.0046|
|     -224.34|       32.09|      154.35|      -378.7|      1267.8|      0.59|    0.0042|
|     -227.48|       29.63|      149.79|     -377.27|      1290.8|      0.59|    0.0043|
|     -235.82|      24.451|      142.65|     -378.46|      1401.5|      0.59|    0.0045|
|     -243.12|      15.826|      143.18|      -386.3|      1595.4|      0.59|    0.0042|
|     -244.34|       11.88|      146.91|     -391.25|      1628.1|      0.59|    0.0048|
|     -244.96|      13.244|       157.3|     -402.25|        1592|      0.59|    0.0041|
|     -245.73|      7.2947|      156.95|     -402.68|      1654.1|      0.59|    0.0059|
|     -245.89|      6.3301|      154.88|     -400.77|      1634.1|      0.59|    0.0048|
|     -245.97|      6.3162|      154.27|     -400.24|      1628.9|      0.59|    0.0043|
|     -246.17|      7.0951|      153.15|     -399.33|      1616.7|      0.59|    0.0048|
|     -246.32|      8.0882|      152.61|     -398.92|      1608.6|      0.59|    0.0063|
|     -246.43|      7.3329|       153.2|     -399.63|      1616.7|      0.59|    0.0064|
|     -246.58|      6.1126|      155.39|     -401.98|      1641.2|      0.59|    0.0064|
|     -246.59|      6.0679|      154.98|     -401.58|      1636.3|      0.59|    0.0063|
|     -246.59|      6.0794|      154.89|     -401.48|      1635.2|      0.59|    0.0064|
Optimization result:
  message: CONVERGENCE: RELATIVE REDUCTION OF F <= FACTR*EPSMCH
  success: True
   status: 0
      fun: -246.59336155267357
        x: [-4.605e+00 -2.877e-01 ...  3.401e+00  2.902e+00]
      nit: 18
      jac: [-4.349e-06 -2.827e-06 ... -1.925e+01  4.145e-02]
     nfev: 28
     njev: 28
 hess_inv: <27x27 LbfgsInvHessProduct with dtype=float64>
|        logP|       dlogP|     y^T.K.y|     log|K| |     Cond(K)|  GPU time|  CPU time|
|------------|------------|------------|------------|------------|----------|----------|
|      15.174|      19.602|      168.88|     -153.71|      1201.1|       3.9|    0.0041|
|     -163.54|      90.077|      306.85|     -470.39|      1874.4|      0.58|    0.0065|
|      13.633|      20.579|      168.02|     -154.39|      1201.1|      0.58|     0.004|
|     -139.74|       63.49|      114.67|     -254.42|      1456.2|      0.58|    0.0042|
|     -208.89|       62.46|      188.71|     -397.61|      1788.3|      0.58|    0.0049|
|        -210|      61.499|      177.55|     -387.54|      1773.8|      0.58|    0.0046|
|     -210.11|      61.096|      170.73|     -380.84|      1763.5|      0.58|    0.0047|
|      -163.9|      90.136|       308.8|     -472.69|      1874.9|      0.58|    0.0064|
|      -205.5|      64.833|      208.28|     -413.78|      1808.5|      0.58|    0.0067|
|     -209.86|      61.852|      182.57|     -392.43|      1780.6|      0.58|    0.0047|
|     -210.18|      61.351|      175.53|     -385.71|      1770.9|      0.58|    0.0046|
|     -210.11|        61.1|       170.8|     -380.92|      1763.7|      0.58|    0.0047|
|     -195.46|      51.408|      167.28|     -362.74|      1692.9|      0.58|    0.0049|
|     -211.54|      55.084|      169.05|     -380.59|      1758.1|      0.58|    0.0046|
|     -203.14|      46.104|      163.06|      -366.2|      1702.6|      0.58|    0.0067|
|     -211.71|      51.025|      167.16|     -378.86|      1751.1|      0.59|    0.0047|
|     -202.22|      43.579|       159.1|     -361.32|      1675.5|      0.58|    0.0057|
|     -211.53|      46.894|      164.72|     -376.25|      1740.7|      0.58|    0.0048|
|     -211.81|      50.003|       166.6|     -378.41|      1749.2|      0.59|    0.0046|
|     -211.73|       47.88|      165.35|     -377.09|        1744|      0.59|    0.0049|
|     -211.83|      49.516|      166.32|     -378.15|      1748.2|      0.59|    0.0049|
|      -211.8|      48.419|      165.68|     -377.48|      1745.5|      0.59|    0.0048|
|      -203.9|      40.817|      156.29|     -360.19|      1658.9|      0.59|    0.0044|
|     -211.86|      43.932|         163|     -374.86|      1732.1|      0.59|    0.0069|
|     -204.37|      38.519|       153.4|     -357.77|      1633.2|      0.59|     0.005|
|     -211.57|       40.16|      160.13|     -371.71|      1713.4|      0.59|    0.0047|
|     -211.89|      42.973|      162.35|     -374.24|      1728.2|      0.59|    0.0069|
|     -211.75|      41.021|      160.89|     -372.64|      1718.8|      0.58|    0.0058|
|     -211.89|       42.52|      162.03|     -373.92|      1726.3|      0.59|    0.0067|
|     -211.89|      42.876|      162.28|     -374.17|      1727.8|      0.59|    0.0069|
|     -211.89|      42.974|      162.35|     -374.24|      1728.2|      0.59|    0.0069|
|      -205.4|      36.291|      152.06|     -357.46|        1614|      0.59|    0.0063|
|     -212.02|      38.154|      158.67|     -370.69|      1703.9|      0.58|    0.0048|
|     -209.85|       32.77|      151.65|      -361.5|      1614.2|      0.59|    0.0064|
|     -212.44|      34.712|      156.06|      -368.5|      1682.1|      0.59|    0.0044|
|     -215.29|      27.964|      150.05|     -365.34|      1610.8|      0.59|    0.0064|
|     -224.01|      20.105|      149.13|     -373.14|      1617.9|      0.59|    0.0062|
|     -240.74|      15.414|      163.48|     -404.22|      1644.2|      0.59|    0.0062|
|     -240.12|      24.911|      153.54|     -393.66|      1644.3|      0.59|    0.0062|
|        -241|      18.819|      159.75|     -400.75|      1644.3|      0.59|    0.0063|
|     -239.57|      26.079|      138.06|     -377.63|      1641.5|      0.59|    0.0062|
|     -241.99|       20.53|      149.47|     -391.46|      1643.4|      0.59|    0.0061|
|     -244.85|      15.418|      149.61|     -394.46|      1637.9|      0.59|    0.0062|
|     -246.68|      6.7979|       157.8|     -404.48|      1627.1|      0.59|    0.0061|
|     -246.86|       4.666|      154.05|     -400.92|        1626|      0.59|    0.0062|
|     -246.88|      4.5047|      154.63|     -401.51|      1623.9|      0.59|    0.0062|
|     -246.89|      4.5155|      154.66|     -401.55|      1621.6|      0.59|    0.0062|
|     -246.89|      4.5663|      154.46|     -401.35|      1617.4|      0.59|    0.0061|
|     -246.89|      4.6078|      154.26|     -401.15|      1615.2|      0.59|    0.0063|
Optimization result:
  message: CONVERGENCE: RELATIVE REDUCTION OF F <= FACTR*EPSMCH
  success: True
   status: 0
      fun: -246.89133306813537
        x: [-4.605e+00 -2.876e-01 ...  3.330e+00  2.747e+00]
      nit: 21
      jac: [-7.929e-07 -4.791e-05 ... -2.218e-01  3.081e-02]
     nfev: 49
     njev: 49
 hess_inv: <27x27 LbfgsInvHessProduct with dtype=float64>
|        logP|       dlogP|     y^T.K.y|     log|K| |     Cond(K)|  GPU time|  CPU time|
|------------|------------|------------|------------|------------|----------|----------|
|      48.209|      27.179|      188.02|     -139.81|      1101.1|         4|    0.0041|
|     -128.97|      108.25|      349.63|      -478.6|      1669.7|       0.6|    0.0043|
|      46.041|      28.346|      186.71|     -140.67|      1101.1|       0.6|     0.004|
|     -120.78|      64.464|         135|     -255.78|      1342.5|      0.59|    0.0041|
|     -184.16|      80.209|      221.08|     -405.24|      1613.1|       0.6|    0.0045|
|     -186.72|      75.567|      204.12|     -390.84|      1596.8|       0.6|    0.0043|
|     -187.07|      72.982|      195.05|     -382.12|        1586|       0.6|    0.0042|
|     -180.56|      84.748|       255.3|     -435.86|      1634.9|       0.6|    0.0041|
|      -187.7|      77.824|      224.17|     -411.87|      1615.3|      0.59|    0.0045|
|     -188.57|      74.736|       207.6|     -396.17|      1600.6|       0.6|    0.0041|
|      -170.2|      28.639|      223.49|     -393.69|      1642.6|       0.6|    0.0059|
|     -216.26|      25.381|      162.68|     -378.94|        1368|       0.6|    0.0047|
|     -218.57|      35.205|      200.93|      -419.5|      1637.4|       0.6|    0.0043|
|     -219.21|      25.198|      174.45|     -393.66|      1468.8|       0.6|    0.0044|
|     -226.51|      22.695|       179.8|      -406.3|      1492.1|       0.6|    0.0046|
|     -230.56|       16.51|      173.14|      -403.7|      1439.3|       0.6|    0.0043|
|     -233.18|      10.424|      169.06|     -402.24|      1405.8|       0.6|    0.0046|
|     -233.28|      9.7448|      170.81|     -404.09|      1399.5|       0.6|    0.0046|
|      -233.4|      8.9947|      173.04|     -406.43|      1411.4|       0.6|    0.0043|
|     -233.45|      8.5883|      174.63|     -408.08|      1425.4|       0.6|    0.0042|
|     -233.47|      8.5248|      175.31|     -408.78|      1431.7|       0.6|    0.0046|
|     -233.51|      8.7292|      176.96|     -410.47|      1446.4|       0.6|    0.0059|
|     -233.54|       9.242|       178.5|     -412.04|      1456.7|       0.6|    0.0062|
|     -233.69|      8.7224|      176.97|     -410.67|        1444|       0.6|    0.0061|
|     -233.79|      8.5827|      175.13|     -408.91|      1426.3|       0.6|    0.0061|
|     -233.79|      8.6308|      174.91|      -408.7|        1423|       0.6|    0.0062|
Optimization result:
  message: CONVERGENCE: RELATIVE REDUCTION OF F <= FACTR*EPSMCH
  success: True
   status: 0
      fun: -233.78717419099692
        x: [-4.605e+00 -2.877e-01 ...  3.401e+00  2.797e+00]
      nit: 16
      jac: [-4.542e-06  7.952e-05 ... -3.730e+01 -5.778e-01]
     nfev: 26
     njev: 26
 hess_inv: <27x27 LbfgsInvHessProduct with dtype=float64>
|        logP|       dlogP|     y^T.K.y|     log|K| |     Cond(K)|  GPU time|  CPU time|
|------------|------------|------------|------------|------------|----------|----------|
|       36.55|      19.607|      187.19|     -150.64|        1001|       3.9|    0.0041|
|     -138.13|      111.21|      325.61|     -463.74|      1646.1|       0.6|    0.0063|
|      34.823|      20.597|      186.19|     -151.37|        1001|       0.6|     0.004|
|     -113.25|      63.049|      141.03|     -254.28|      1165.6|       0.6|    0.0041|
|     -179.09|      89.558|      213.09|     -392.18|      1483.1|       0.6|    0.0048|
|     -180.02|      86.055|      201.71|     -381.73|      1467.3|       0.6|    0.0047|
|        -180|       83.82|      195.13|     -375.13|      1456.7|       0.6|    0.0045|
|     -139.26|      110.94|      327.49|     -466.76|      1646.1|       0.6|    0.0062|
|     -176.37|      94.138|      232.03|      -408.4|      1504.6|       0.6|    0.0071|
|     -180.04|      87.857|      207.64|     -387.68|      1476.2|       0.6|    0.0047|
|     -180.01|      83.867|      195.27|     -375.28|        1457|       0.6|    0.0044|
|     -158.55|      92.119|      207.91|     -366.47|      1574.5|       0.6|    0.0068|
|     -180.39|      82.677|      196.42|     -376.81|      1457.9|       0.6|    0.0046|
|     -174.39|      83.841|       200.1|     -374.49|      1506.7|       0.6|    0.0048|
|     -179.91|      82.482|      196.99|      -376.9|      1457.2|       0.6|    0.0047|
|     -180.32|      82.623|      196.53|     -376.85|      1457.8|       0.6|    0.0046|
|     -180.39|      82.677|      196.42|     -376.81|        1458|       0.6|    0.0048|
|     -102.81|      54.457|      205.56|     -308.37|      1646.1|       0.6|    0.0051|
|     -170.97|      82.191|      191.16|     -362.13|      1485.9|       0.6|    0.0067|
|     -179.73|       81.69|      195.11|     -374.84|      1454.1|       0.6|    0.0048|
|      -180.3|      82.442|      196.14|     -376.44|      1457.2|       0.6|    0.0047|
|     -180.37|      82.626|      196.36|     -376.73|      1457.8|       0.6|    0.0046|
|     -180.38|      82.666|      196.41|     -376.79|      1457.9|       0.6|    0.0047|
|     -180.39|      82.675|      196.42|      -376.8|      1457.9|       0.6|    0.0047|
|     -180.39|      82.677|      196.42|      -376.8|      1457.9|       0.6|    0.0046|
|     -180.39|      82.677|      196.42|     -376.81|      1457.9|      0.61|    0.0047|
|     -180.39|      82.677|      196.42|     -376.81|      1457.9|      0.61|    0.0046|
|     -180.39|      82.677|      196.42|     -376.81|      1457.9|       0.6|    0.0046|
|     -180.39|      82.677|      196.42|     -376.81|        1458|       0.6|    0.0046|
|     -180.39|      82.677|      196.42|     -376.81|      1457.9|      0.61|    0.0047|
|     -180.39|      82.677|      196.42|     -376.81|      1457.9|       0.6|    0.0047|
|     -180.39|      82.677|      196.42|     -376.81|      1457.9|      0.61|    0.0047|
Optimization result:
  message: CONVERGENCE: RELATIVE REDUCTION OF F <= FACTR*EPSMCH
  success: True
   status: 0
      fun: -180.38591353184242
        x: [-4.605e+00 -2.877e-01 ...  1.373e+00  2.725e+00]
      nit: 4
      jac: [ 6.117e-06 -1.739e-05 ... -8.625e+01 -4.037e+01]
     nfev: 32
     njev: 32
 hess_inv: <27x27 LbfgsInvHessProduct with dtype=float64>
|        logP|       dlogP|     y^T.K.y|     log|K| |     Cond(K)|  GPU time|  CPU time|
|------------|------------|------------|------------|------------|----------|----------|
|      38.841|      21.746|       191.7|     -152.86|        1101|       3.9|    0.0041|
|     -176.66|      87.318|      297.73|     -474.39|      1679.7|      0.59|    0.0061|
|      35.171|      23.652|      189.58|     -154.41|      1101.1|      0.59|     0.004|
|      -122.2|      62.046|      142.68|     -264.87|      1307.5|      0.59|    0.0042|
|     -196.93|      80.432|      203.99|     -400.92|      1595.1|      0.82|    0.0047|
|        -189|      84.148|      260.99|     -449.99|      1651.4|       0.6|    0.0055|
|     -195.26|      83.106|      232.23|     -427.48|      1627.3|       0.6|    0.0044|
|     -196.93|      80.432|      203.99|     -400.92|      1595.1|       0.6|    0.0046|
|     -205.05|        24.6|      169.87|     -374.93|      1588.4|       0.6|    0.0049|
|     -205.42|      26.622|      152.16|     -357.58|      1560.4|       0.6|     0.005|
|     -206.46|      24.402|      159.97|     -366.44|      1576.9|       0.6|     0.005|
|     -206.51|      24.452|      159.25|     -365.76|      1575.8|       0.6|    0.0051|
|     -206.62|      24.618|      157.88|      -364.5|      1573.4|       0.6|    0.0057|
|     -206.65|       24.52|      158.59|     -365.24|      1574.6|       0.6|    0.0058|
|     -206.67|      24.428|      159.52|     -366.19|      1576.1|       0.6|    0.0057|
|     -206.68|      24.428|      159.53|      -366.2|      1576.2|       0.6|    0.0057|
|     -206.74|      24.434|      159.56|     -366.29|      1576.3|       0.6|    0.0057|
|      -206.9|      24.458|      159.55|     -366.46|      1576.4|       0.6|    0.0055|
|     -207.68|      24.586|      159.39|     -367.07|      1576.8|       0.6|    0.0055|
|     -226.66|      31.087|      156.79|     -383.45|      1579.7|       0.6|     0.006|
|     -177.02|       87.12|      294.86|     -471.88|      1679.6|       0.6|    0.0063|
|     -258.14|      27.558|      158.85|     -416.99|        1582|       0.6|     0.006|
|     -229.17|      69.067|      225.12|     -454.29|      1634.8|       0.6|    0.0061|
|     -256.82|      30.708|      177.92|     -434.75|      1582.9|       0.6|    0.0062|
|     -259.57|      25.574|      166.77|     -426.34|      1582.5|       0.6|    0.0061|
|     -208.01|      24.647|      159.25|     -367.26|      1576.9|       0.6|    0.0051|
|     -256.78|      28.853|      157.11|     -413.89|      1581.9|       0.6|     0.006|
|     -259.27|      26.145|      161.72|     -420.99|      1582.2|       0.6|    0.0061|
|      -259.6|      25.583|       164.2|      -423.8|      1582.4|      0.61|    0.0061|
|     -259.67|      25.518|      164.42|      -424.1|      1581.8|       0.6|     0.006|
|     -259.82|      25.592|      163.18|     -423.01|      1576.9|       0.6|    0.0061|
|     -259.89|      25.551|      161.53|     -421.42|        1576|       0.6|    0.0062|
|      -259.9|       25.56|      160.97|     -420.87|      1575.9|      0.61|    0.0061|
|      -259.9|      25.561|      160.94|     -420.84|      1575.8|       0.6|     0.006|
Optimization result:
  message: CONVERGENCE: RELATIVE REDUCTION OF F <= FACTR*EPSMCH
  success: True
   status: 0
      fun: -259.89799060322105
        x: [-4.605e+00 -2.876e-01 ...  3.401e+00  3.004e+00]
      nit: 19
      jac: [-7.380e-06 -3.658e-05 ... -3.319e+01  7.618e-04]
     nfev: 34
     njev: 34
 hess_inv: <27x27 LbfgsInvHessProduct with dtype=float64>
Running seed: 13
No hyperparameter optimization
|        logP|       dlogP|     y^T.K.y|     log|K| |     Cond(K)|  GPU time|  CPU time|
|------------|------------|------------|------------|------------|----------|----------|
|      53.726|      26.272|      173.41|     -119.68|        1101|         4|     0.004|
|     -178.04|      58.412|      286.94|     -464.98|      1628.9|      0.61|    0.0062|
|      50.432|      27.972|      171.55|     -121.12|      1101.1|      0.61|     0.004|
|     -121.97|      66.008|      118.93|      -240.9|      1284.4|      0.61|    0.0041|
|     -209.53|      33.746|      180.69|     -390.21|      1519.5|      0.62|    0.0047|
|     -196.65|      43.698|      244.15|      -440.8|      1564.8|      0.62|    0.0054|
|     -206.81|      34.025|      209.61|     -416.42|      1543.3|      0.61|    0.0045|
|     -209.53|      33.746|      180.68|     -390.21|      1519.5|      0.62|    0.0046|
|     -52.688|      13.116|      185.85|     -238.54|      1449.9|      0.62|    0.0053|
|     -175.65|      50.071|      128.88|     -304.53|      1325.9|      0.62|    0.0044|
|      -215.6|      28.892|      149.54|     -365.14|      1459.6|      0.62|    0.0048|
|     -221.43|      24.889|      185.61|     -407.04|        1575|      0.62|    0.0045|
|     -222.11|      15.582|      164.87|     -386.98|        1460|      0.62|    0.0046|
|     -225.36|      11.841|      177.35|     -402.71|      1468.3|      0.62|    0.0044|
|     -226.49|      7.7014|      173.78|     -400.27|      1449.8|      0.62|     0.005|
|        -227|       4.556|      166.52|     -393.52|      1434.9|      0.62|    0.0054|
|     -227.04|      4.5426|         166|     -393.04|      1431.3|      0.62|    0.0057|
|     -227.11|       4.924|      164.94|     -392.05|      1417.1|      0.62|    0.0067|
|     -227.14|      5.3824|      164.39|     -391.53|        1403|      0.62|    0.0044|
|     -227.09|      5.9654|      163.79|     -390.88|      1397.2|      0.62|    0.0059|
|     -227.15|      5.4653|      164.29|     -391.44|      1398.2|      0.62|    0.0054|
|     -226.87|      7.1527|      162.71|     -389.58|      1396.7|      0.62|    0.0059|
|     -227.11|      5.7091|      164.01|     -391.12|      1396.4|      0.62|    0.0057|
|     -227.14|      5.5113|      164.24|     -391.38|        1397|      0.62|    0.0054|
|     -227.14|      5.4741|      164.28|     -391.43|        1398|      0.62|    0.0054|
|     -227.14|      5.4671|      164.29|     -391.43|      1398.2|      0.62|    0.0055|
|     -227.15|      5.4656|      164.29|     -391.44|      1398.2|      0.62|    0.0056|
|     -227.15|      5.4654|      164.29|     -391.44|      1398.2|      0.62|    0.0054|
|     -227.15|      5.4653|      164.29|     -391.44|      1398.2|      0.62|    0.0054|
|     -227.15|      5.4653|      164.29|     -391.44|      1398.2|      0.62|    0.0054|
|     -227.15|      5.4654|      164.29|     -391.44|      1398.2|      0.62|    0.0054|
|     -227.15|      5.4654|      164.29|     -391.44|      1398.2|      0.62|    0.0055|
|     -227.15|      5.4653|      164.29|     -391.44|      1398.2|      0.62|    0.0055|
Optimization result:
  message: CONVERGENCE: RELATIVE REDUCTION OF F <= FACTR*EPSMCH
  success: True
   status: 0
      fun: -227.14502478743742
        x: [-4.605e+00 -2.877e-01 ...  3.130e+00  2.695e+00]
      nit: 11
      jac: [-2.427e-06  7.615e-06 ... -1.934e+00 -1.456e+01]
     nfev: 33
     njev: 33
 hess_inv: <27x27 LbfgsInvHessProduct with dtype=float64>
|        logP|       dlogP|     y^T.K.y|     log|K| |     Cond(K)|  GPU time|  CPU time|
|------------|------------|------------|------------|------------|----------|----------|
|      25.388|      19.266|      192.57|     -167.19|        1301|         4|    0.0041|
|     -148.76|      118.72|      311.72|     -460.48|      1868.6|      0.61|    0.0065|
|      23.745|      20.282|      191.58|     -167.84|      1301.1|       0.6|     0.004|
|     -122.15|      61.449|      138.92|     -261.07|      1455.2|      0.61|    0.0042|
|     -187.06|      86.328|      203.38|     -390.44|      1776.3|      0.61|     0.005|
|     -187.63|      84.026|      195.53|     -383.16|      1764.4|       0.6|     0.005|
|     -187.67|      82.059|      189.39|     -377.06|      1753.9|       0.6|    0.0047|
|     -150.26|      117.57|      315.11|     -465.38|      1870.7|      0.61|    0.0065|
|     -183.44|      92.606|      229.21|     -412.65|      1806.9|       0.6|    0.0049|
|      -187.4|      86.977|      205.86|     -393.26|        1780|      0.61|     0.005|
|     -187.86|      84.783|      198.06|     -385.92|      1768.6|      0.61|    0.0049|
|     -187.72|      82.301|      190.12|     -377.84|      1755.2|      0.61|    0.0044|
|      -142.8|      104.77|      206.74|     -349.54|      1593.1|      0.61|     0.007|
|     -186.92|      80.367|      189.46|     -376.38|      1753.5|       0.6|    0.0047|
|     -187.68|      81.897|         190|     -377.68|      1755.2|      0.61|    0.0046|
|     -187.72|      82.217|       190.1|     -377.81|      1755.2|      0.61|    0.0047|
|     -187.72|      82.284|      190.12|     -377.84|      1755.2|      0.61|    0.0046|
|     -187.72|      82.298|      190.12|     -377.84|      1755.2|      0.61|    0.0045|
|     -187.72|      82.301|      190.12|     -377.84|      1755.2|      0.61|    0.0046|
|     -187.72|      82.301|      190.12|     -377.84|      1755.2|      0.61|    0.0045|
|     -187.72|      82.301|      190.12|     -377.84|      1755.2|      0.61|    0.0045|
|     -187.72|      82.301|      190.12|     -377.84|      1755.2|      0.61|    0.0045|
|     -187.72|      82.301|      190.12|     -377.84|      1755.3|       0.6|    0.0045|
|     -187.72|      82.301|      190.12|     -377.84|      1755.3|       0.6|    0.0045|
Optimization result:
  message: CONVERGENCE: RELATIVE REDUCTION OF F <= FACTR*EPSMCH
  success: True
   status: 0
      fun: -187.72091226750786
        x: [-4.605e+00 -2.877e-01 ...  1.711e+00  2.695e+00]
      nit: 3
      jac: [-1.362e-05 -4.131e-05 ... -5.877e+01 -5.429e+01]
     nfev: 24
     njev: 24
 hess_inv: <27x27 LbfgsInvHessProduct with dtype=float64>
|        logP|       dlogP|     y^T.K.y|     log|K| |     Cond(K)|  GPU time|  CPU time|
|------------|------------|------------|------------|------------|----------|----------|
|      35.484|      25.912|      181.35|     -145.87|      901.04|         4|    0.0041|
|     -118.33|      120.53|      370.87|      -489.2|      1562.3|      0.61|    0.0047|
|      33.616|      26.959|      180.24|     -146.62|      901.06|      0.61|    0.0041|
|     -135.59|      62.121|      130.26|     -265.85|      1136.9|      0.61|    0.0046|
|     -190.57|      92.492|      227.03|      -417.6|      1486.3|      0.61|    0.0047|
|     -179.71|      62.383|      146.31|     -326.02|      1306.5|       0.6|    0.0042|
|      -197.4|      72.419|      180.76|     -378.15|      1421.6|      0.61|    0.0041|
|     -195.57|      84.402|      207.48|     -403.05|      1464.6|      0.61|    0.0044|
|      -197.4|      72.419|      180.76|     -378.15|      1421.7|      0.61|    0.0042|
|     -166.92|      40.208|      218.71|     -385.63|      1556.3|      0.61|    0.0061|
|     -215.97|      28.569|      147.87|     -363.84|      1209.5|      0.61|    0.0057|
|     -222.29|      28.557|      166.77|     -389.06|      1359.5|      0.61|    0.0041|
|     -225.42|      24.688|      160.24|     -385.66|      1298.7|      0.61|    0.0042|
|     -230.13|      22.025|      153.94|     -384.07|      1235.8|      0.61|    0.0056|
|      -235.2|      19.365|      151.85|     -387.06|      1194.8|      0.61|    0.0049|
|     -236.87|      19.272|      164.06|     -400.93|      1377.9|      0.61|    0.0045|
|     -237.34|      16.796|      153.34|     -390.68|      1216.4|      0.61|    0.0047|
|     -238.67|      12.768|      163.19|     -401.86|        1343|      0.61|    0.0048|
|     -239.32|      9.3651|       161.8|     -401.12|      1292.9|      0.61|    0.0046|
|     -239.53|      7.5337|      166.42|     -405.95|      1305.3|      0.61|    0.0058|
|     -239.55|      7.3159|      166.84|     -406.38|      1311.1|      0.61|    0.0059|
|     -239.55|      7.2514|      167.06|     -406.61|      1313.2|      0.61|     0.006|
|     -239.57|      7.2029|       167.4|     -406.97|      1315.8|      0.61|    0.0043|
|      -239.6|      7.2169|      167.94|     -407.53|      1319.1|      0.61|    0.0047|
|     -239.65|      7.4034|      168.78|     -408.43|      1323.6|      0.61|    0.0064|
|     -239.65|      7.6749|      169.46|     -409.11|      1326.5|      0.62|    0.0064|
|     -239.71|       7.447|      168.95|     -408.66|      1324.5|      0.62|    0.0062|
|     -239.79|      7.2901|      167.46|     -407.25|      1311.3|      0.61|    0.0064|
|     -239.79|      7.2884|      167.47|     -407.26|      1311.4|      0.61|    0.0063|
Optimization result:
  message: CONVERGENCE: RELATIVE REDUCTION OF F <= FACTR*EPSMCH
  success: True
   status: 0
      fun: -239.79293700396832
        x: [-4.605e+00 -2.876e-01 ...  3.401e+00  2.830e+00]
      nit: 19
      jac: [-1.341e-05 -3.701e-05 ... -4.466e+01  4.098e-02]
     nfev: 29
     njev: 29
 hess_inv: <27x27 LbfgsInvHessProduct with dtype=float64>
|        logP|       dlogP|     y^T.K.y|     log|K| |     Cond(K)|  GPU time|  CPU time|
|------------|------------|------------|------------|------------|----------|----------|
|       11.63|      21.763|      173.53|      -161.9|      1001.1|         4|    0.0041|
|     -224.19|       84.21|      237.74|     -461.93|      1659.5|       0.6|    0.0045|
|      6.8187|      24.466|      170.86|     -164.04|      1001.2|       0.6|     0.004|
|     -142.23|      61.184|      122.83|     -265.06|      1276.6|       0.6|    0.0047|
|     -225.91|       69.15|      164.67|     -390.58|      1582.1|       0.6|    0.0045|
|     -230.58|      74.031|      204.66|     -435.24|      1636.4|       0.6|    0.0048|
|     -230.34|      70.731|      182.45|     -412.79|      1611.9|       0.6|    0.0045|
|     -230.58|      74.031|      204.66|     -435.24|      1636.4|       0.6|    0.0045|
|     -32.511|       41.21|      149.76|     -182.27|      1010.7|       0.6|    0.0043|
|     -210.26|      66.811|      140.99|     -351.24|      1510.3|       0.6|    0.0041|
|     -227.68|      69.016|      166.89|     -394.57|      1587.2|       0.6|    0.0046|
|        -231|      70.838|      184.94|     -415.94|      1615.5|       0.6|    0.0044|
|     -255.03|      61.238|      199.28|     -454.32|      1639.6|      0.61|    0.0074|
|     -281.09|      43.672|      168.75|     -449.85|      1593.8|      0.61|    0.0064|
|      -288.4|      33.184|      154.69|     -443.08|      1549.1|       0.6|    0.0065|
|     -292.14|      27.155|      142.93|     -435.07|      1536.6|       0.6|    0.0064|
|     -292.79|      26.563|      138.61|     -431.41|      1536.5|      0.61|    0.0064|
|     -292.87|      26.556|      138.52|     -431.39|      1536.6|      0.61|    0.0065|
|     -292.88|      26.517|      139.16|     -432.03|      1536.5|       0.6|    0.0066|
|     -292.88|      26.506|      139.37|     -432.25|      1536.6|      0.61|    0.0064|
Optimization result:
  message: CONVERGENCE: RELATIVE REDUCTION OF F <= FACTR*EPSMCH
  success: True
   status: 0
      fun: -292.88067765642063
        x: [-4.605e+00 -2.877e-01 ...  3.401e+00  3.117e+00]
      nit: 10
      jac: [ 7.921e-06  4.882e-05 ... -2.778e+01  1.176e+00]
     nfev: 20
     njev: 20
 hess_inv: <27x27 LbfgsInvHessProduct with dtype=float64>
|        logP|       dlogP|     y^T.K.y|     log|K| |     Cond(K)|  GPU time|  CPU time|
|------------|------------|------------|------------|------------|----------|----------|
|      26.887|      21.529|      186.92|     -160.04|      1301.1|         4|    0.0041|
|     -106.67|      130.79|      366.27|     -472.94|        1968|      0.63|    0.0054|
|        25.6|      22.179|      186.15|     -160.55|      1301.1|      0.63|     0.004|
|     -123.47|      59.442|      137.48|     -260.95|      1551.2|      0.64|    0.0042|
|     -175.25|      99.509|      226.51|     -401.76|      1887.8|      0.64|    0.0047|
|     -163.25|      61.549|       148.4|     -311.65|      1703.8|      0.63|    0.0042|
|     -181.94|      75.464|       181.4|     -363.34|      1823.6|      0.64|    0.0043|
|     -180.03|      90.304|      207.89|     -387.92|      1866.9|      0.63|    0.0048|
|     -181.94|      75.464|       181.4|     -363.34|      1823.6|      0.64|    0.0042|
|     -169.05|      29.354|      214.16|     -383.21|      1640.5|      0.64|    0.0054|
|     -204.89|      31.085|      152.11|        -357|      1443.2|      0.64|    0.0048|
|     -211.18|      31.607|      183.89|     -395.07|      1613.8|      0.63|    0.0048|
|     -214.83|      25.393|      170.83|     -385.66|      1554.6|      0.64|    0.0047|
|      -217.1|      24.104|      165.66|     -382.76|      1528.1|      0.64|    0.0048|
|     -221.11|      22.996|       160.9|        -382|      1499.9|      0.63|    0.0048|
|     -227.74|      19.185|       158.7|     -386.44|      1558.9|      0.64|    0.0053|
|     -229.59|      14.922|      166.58|     -396.17|      1710.2|      0.64|    0.0049|
|     -230.57|      10.928|      167.97|     -398.54|      1661.5|      0.64|    0.0066|
|     -230.98|      8.5268|      177.69|     -408.67|      1689.9|      0.64|    0.0048|
|     -231.03|       8.156|      175.51|     -406.54|      1686.9|      0.64|    0.0045|
|     -231.05|      8.1458|      175.26|      -406.3|      1686.7|      0.64|    0.0049|
|      -231.1|      8.1919|      174.24|     -405.34|      1686.3|      0.63|     0.005|
|     -231.03|      9.2087|      171.11|     -402.15|      1685.1|      0.64|    0.0059|
|     -231.09|      8.5273|      172.71|     -403.81|      1685.7|      0.63|    0.0051|
|      -231.1|      8.2709|      173.72|     -404.82|      1686.1|      0.64|    0.0056|
|     -231.14|      8.5446|      172.69|     -403.83|      1685.8|      0.64|    0.0058|
|     -231.17|      8.3689|      173.33|      -404.5|      1683.8|      0.64|    0.0058|
|     -231.19|      8.1906|      174.84|     -406.03|        1684|      0.64|    0.0058|
|     -231.19|       8.193|      174.77|     -405.96|      1683.9|      0.64|    0.0058|
Optimization result:
  message: CONVERGENCE: RELATIVE REDUCTION OF F <= FACTR*EPSMCH
  success: True
   status: 0
      fun: -231.1904854511009
        x: [-4.605e+00 -2.877e-01 ...  3.401e+00  2.810e+00]
      nit: 17
      jac: [ 3.005e-06 -2.994e-05 ... -3.132e+01 -2.013e-01]
     nfev: 29
     njev: 29
 hess_inv: <27x27 LbfgsInvHessProduct with dtype=float64>
Running seed: 42
No hyperparameter optimization
|        logP|       dlogP|     y^T.K.y|     log|K| |     Cond(K)|  GPU time|  CPU time|
|------------|------------|------------|------------|------------|----------|----------|
|      39.259|      19.569|      183.82|     -144.56|      1101.1|         4|     0.004|
|     -115.46|       143.7|      329.41|     -444.87|      1688.7|      0.59|     0.006|
|      37.909|      20.264|      183.09|     -145.18|      1101.1|      0.59|     0.004|
|     -102.96|      58.271|      138.09|     -241.05|      1340.7|      0.59|    0.0041|
|     -166.75|      96.376|      207.52|     -374.27|        1613|      0.59|    0.0046|
|     -168.42|      90.108|      195.26|     -363.68|      1600.2|      0.59|    0.0044|
|     -168.71|      85.871|      187.47|     -356.18|      1590.4|      0.59|    0.0044|
|     -161.74|      108.46|      244.75|     -406.49|      1642.3|      0.59|    0.0048|
|     -168.66|      97.647|      215.05|     -383.71|      1620.6|      0.59|    0.0062|
|     -169.77|      91.837|      200.86|     -370.63|        1607|       0.6|    0.0044|
|     -225.08|      17.216|      172.17|     -397.25|      1646.1|       0.6|    0.0057|
|     -222.77|      22.228|      153.14|     -375.91|        1553|      0.59|    0.0057|
|     -224.69|      18.015|      161.92|     -386.61|      1603.4|       0.6|    0.0059|
|     -225.11|       17.06|      167.92|     -393.03|        1630|      0.59|    0.0058|
|     -225.66|      16.683|      164.84|      -390.5|      1621.4|       0.6|    0.0059|
|     -227.11|      14.983|      162.13|     -389.24|      1618.7|       0.6|    0.0058|
|     -228.54|      11.802|      162.77|     -391.31|      1621.9|       0.6|    0.0058|
|     -229.15|      9.0286|      166.54|     -395.69|      1622.5|       0.6|    0.0059|
|     -229.18|      9.0899|       167.2|     -396.37|      1625.9|       0.6|    0.0058|
|     -229.19|      8.9662|      168.08|     -397.26|      1625.9|       0.6|    0.0059|
|     -229.19|      8.9442|      168.11|      -397.3|      1624.9|       0.6|    0.0059|
Optimization result:
  message: CONVERGENCE: RELATIVE REDUCTION OF F <= FACTR*EPSMCH
  success: True
   status: 0
      fun: -229.1887108549262
        x: [-4.605e+00 -2.877e-01 ...  3.401e+00  3.054e+00]
      nit: 11
      jac: [-4.391e-07 -2.403e-05 ... -3.009e+01  2.199e-01]
     nfev: 21
     njev: 21
 hess_inv: <27x27 LbfgsInvHessProduct with dtype=float64>
|        logP|       dlogP|     y^T.K.y|     log|K| |     Cond(K)|  GPU time|  CPU time|
|------------|------------|------------|------------|------------|----------|----------|
|      21.668|      21.367|      184.86|     -163.19|        1401|       3.9|    0.0042|
|     -116.06|       113.7|      360.31|     -476.37|        1963|      0.58|    0.0068|
|      20.056|      22.274|      183.94|     -163.88|        1401|      0.58|    0.0043|
|     -124.97|      59.825|      143.38|     -268.34|      1551.8|      0.58|    0.0042|
|     -175.65|      86.118|      230.95|      -406.6|      1874.5|      0.58|    0.0048|
|     -163.68|      62.077|      156.74|     -320.43|      1692.9|      0.58|    0.0045|
|     -180.76|      70.915|      188.84|      -369.6|      1808.2|      0.64|    0.0094|
|     -179.52|      80.364|      213.81|     -393.32|      1852.8|      0.67|    0.0046|
|     -180.76|      70.915|      188.84|      -369.6|      1808.2|      0.59|    0.0051|
|     -161.46|      30.597|      229.05|     -390.51|      1615.7|      0.59|     0.006|
|     -204.11|      27.006|      160.28|     -364.39|      1421.6|      0.58|    0.0047|
|     -209.51|      28.455|       183.2|     -392.71|      1511.5|      0.59|    0.0059|
|     -212.71|      23.883|      173.26|     -385.97|      1428.4|      0.58|    0.0059|
|     -214.96|       22.55|      167.76|     -382.71|      1440.3|      0.58|     0.006|
|        -218|      21.814|      164.34|     -382.34|      1466.7|      0.59|    0.0058|
|     -225.24|      18.437|       162.1|     -387.34|      1596.6|      0.59|    0.0059|
|     -227.11|        16.6|       172.2|      -399.3|      1751.6|      0.59|    0.0055|
|     -228.47|      10.892|      170.67|     -399.14|        1664|      0.59|    0.0045|
|     -228.79|      8.9654|      177.23|     -406.03|      1661.2|      0.59|    0.0065|
|     -229.14|      7.0155|      178.08|     -407.21|      1689.3|      0.59|    0.0065|
|     -229.21|      6.2357|      179.99|     -409.21|      1713.7|      0.59|    0.0046|
|     -229.23|      6.2544|      179.88|     -409.11|      1711.7|      0.59|    0.0045|
|     -229.24|      6.2755|      179.81|     -409.05|      1710.3|      0.59|    0.0046|
|     -229.17|      7.7334|      178.72|     -407.88|      1680.8|      0.59|    0.0066|
|     -229.26|      6.5525|      179.41|     -408.67|      1700.8|      0.59|    0.0059|
|     -229.24|      7.1966|      178.85|     -408.09|        1689|      0.59|    0.0065|
|     -229.26|      6.6856|      179.27|     -408.53|      1697.9|      0.59|    0.0058|
|     -229.17|      7.6707|      178.41|     -407.58|      1680.6|      0.59|    0.0065|
|     -229.25|      6.9031|      179.03|     -408.28|      1693.4|      0.59|    0.0056|
|     -229.26|      6.7293|      179.21|     -408.47|      1696.9|      0.59|     0.006|
|     -229.26|      6.6943|      179.25|     -408.52|      1697.7|      0.59|    0.0059|
|     -229.26|      6.6875|      179.26|     -408.52|      1697.9|      0.59|    0.0059|
|     -229.26|       6.686|      179.26|     -408.53|      1697.9|      0.59|    0.0059|
|     -229.26|      6.6858|      179.27|     -408.53|      1697.9|      0.59|    0.0089|
|     -229.26|      6.6857|      179.27|     -408.53|      1697.9|      0.59|     0.006|
|     -229.26|      6.6859|      179.26|     -408.53|      1697.9|      0.59|    0.0059|
|     -229.26|       6.686|      179.27|     -408.53|      1697.9|      0.59|     0.006|
|     -229.26|      6.6859|      179.26|     -408.53|      1697.9|      0.59|    0.0059|
|     -229.26|       6.686|      179.27|     -408.53|      1697.9|      0.59|    0.0059|
Optimization result:
  message: CONVERGENCE: RELATIVE REDUCTION OF F <= FACTR*EPSMCH
  success: True
   status: 0
      fun: -229.26064360745946
        x: [-4.605e+00 -2.876e-01 ...  3.401e+00  2.683e+00]
      nit: 16
      jac: [ 1.641e-05 -6.365e-05 ... -1.815e+01 -6.311e-01]
     nfev: 39
     njev: 39
 hess_inv: <27x27 LbfgsInvHessProduct with dtype=float64>
|        logP|       dlogP|     y^T.K.y|     log|K| |     Cond(K)|  GPU time|  CPU time|
|------------|------------|------------|------------|------------|----------|----------|
|      10.577|      20.932|      172.49|     -161.91|      1101.1|         4|     0.004|
|     -234.94|      55.108|      243.58|     -478.52|        1866|      0.61|    0.0064|
|       6.599|      23.173|      170.12|     -163.52|      1101.2|      0.61|     0.004|
|     -157.38|       67.48|      112.41|     -269.79|      1395.5|      0.61|    0.0042|
|     -248.96|      63.118|      154.44|      -403.4|      1766.3|      0.61|    0.0046|
|     -246.55|      58.204|      205.35|     -451.91|        1834|      0.61|    0.0048|
|     -250.58|      61.078|      179.49|     -430.07|      1806.4|      0.61|    0.0044|
|     -78.447|      56.138|      128.23|     -206.67|      1151.9|      0.61|    0.0041|
|      -228.6|      65.358|      122.64|     -351.24|      1651.8|      0.61|    0.0043|
|     -246.82|      63.143|      144.09|     -390.91|      1742.2|      0.61|    0.0047|
|      -250.6|      62.418|      159.58|     -410.18|      1776.5|      0.61|    0.0051|
|     -251.09|       61.81|      169.97|     -421.07|      1793.5|      0.61|    0.0078|
|     -288.92|      18.059|      153.33|     -442.24|      1713.6|      0.61|    0.0048|
|     -291.67|      11.746|      149.08|     -440.75|      1680.3|      0.61|    0.0054|
|     -292.94|      9.1877|         144|     -436.94|      1653.1|      0.61|    0.0047|
|     -293.69|       8.896|      141.25|     -434.95|      1618.6|      0.61|    0.0055|
|     -293.86|      9.7363|      140.48|     -434.34|      1620.8|      0.61|    0.0064|
|        -294|        8.96|      141.85|     -435.85|      1621.8|      0.61|    0.0063|
|     -294.09|      8.1889|      143.72|     -437.81|      1622.5|      0.61|    0.0062|
|      -294.1|      8.1875|      143.64|     -437.73|      1622.1|      0.61|    0.0063|
|      -294.1|      8.2105|      143.47|     -437.57|      1621.8|      0.61|    0.0062|
Optimization result:
  message: CONVERGENCE: RELATIVE REDUCTION OF F <= FACTR*EPSMCH
  success: True
   status: 0
      fun: -294.0959957286458
        x: [-4.605e+00 -2.877e-01 ...  3.401e+00  2.926e+00]
      nit: 11
      jac: [ 1.593e-06  6.509e-05 ... -1.545e+01 -1.657e-01]
     nfev: 21
     njev: 21
 hess_inv: <27x27 LbfgsInvHessProduct with dtype=float64>
|        logP|       dlogP|     y^T.K.y|     log|K| |     Cond(K)|  GPU time|  CPU time|
|------------|------------|------------|------------|------------|----------|----------|
|      26.419|      26.898|      187.66|     -161.24|        1201|         4|    0.0041|
|     -129.35|      113.92|      339.74|     -469.09|      1757.5|      0.62|    0.0045|
|      24.628|      27.861|      186.61|     -161.98|      1201.1|      0.62|     0.004|
|     -125.77|      62.037|      139.93|     -265.71|      1392.7|      0.62|    0.0049|
|     -183.27|       82.99|      218.63|      -401.9|      1688.8|      0.62|    0.0045|
|     -185.83|      78.896|      201.77|      -387.6|      1667.8|      0.62|    0.0044|
|     -186.04|       76.24|      191.49|     -377.53|      1651.5|      0.62|    0.0042|
|     -167.03|      66.372|      153.18|     -320.21|      1534.9|      0.62|    0.0041|
|      -181.6|      70.765|      171.15|     -352.75|      1606.1|      0.62|    0.0047|
|     -186.04|       76.24|      191.49|     -377.53|      1651.5|      0.62|    0.0042|
|     -187.72|      62.325|      162.46|     -350.18|      1586.7|      0.62|    0.0048|
|     -219.65|      37.051|      212.17|     -431.82|      1644.3|      0.62|    0.0042|
|     -218.75|      30.542|      173.85|      -392.6|      1607.6|      0.62|    0.0046|
|      -228.9|      15.613|      186.45|     -415.35|        1551|      0.62|    0.0045|
|     -231.73|      14.074|      173.12|     -404.85|      1533.9|      0.62|    0.0045|
|     -233.03|      16.251|      173.33|     -406.36|        1568|      0.62|    0.0044|
|     -235.48|      12.079|      164.17|     -399.65|      1532.2|      0.62|    0.0044|
|     -236.86|      10.141|      167.51|     -404.37|      1526.7|      0.62|    0.0044|
|     -239.67|       8.448|      172.48|     -412.15|      1515.5|      0.62|    0.0047|
|     -240.99|      7.6881|      171.83|     -412.82|      1521.4|      0.62|    0.0051|
|     -241.42|      5.9483|      171.89|     -413.31|      1525.9|      0.63|    0.0062|
|     -241.49|      5.1229|      172.56|     -414.05|      1524.7|      0.62|    0.0062|
|     -241.52|      4.3662|      173.79|     -415.32|      1537.9|      0.62|    0.0062|
|     -241.53|      4.4054|      173.68|      -415.2|      1536.6|      0.63|    0.0063|
Optimization result:
  message: CONVERGENCE: RELATIVE REDUCTION OF F <= FACTR*EPSMCH
  success: True
   status: 0
      fun: -241.52536368234018
        x: [-4.605e+00 -2.877e-01 ...  3.401e+00  2.760e+00]
      nit: 14
      jac: [ 1.445e-05 -2.945e-05 ... -1.939e+01 -4.842e-01]
     nfev: 24
     njev: 24
 hess_inv: <27x27 LbfgsInvHessProduct with dtype=float64>
|        logP|       dlogP|     y^T.K.y|     log|K| |     Cond(K)|  GPU time|  CPU time|
|------------|------------|------------|------------|------------|----------|----------|
|      46.372|       27.21|      177.28|     -130.91|      801.04|       4.1|     0.004|
|     -121.75|      101.62|      337.82|     -459.58|        1608|      0.66|    0.0048|
|      44.247|      28.427|      175.94|      -131.7|      801.08|      0.66|     0.004|
|      -122.5|      61.647|      122.08|     -244.58|      1017.9|      0.66|    0.0043|
|     -180.95|      76.371|      207.94|     -388.89|      1306.4|      0.66|     0.004|
|     -171.03|      60.728|      140.07|      -311.1|      1179.7|      0.66|    0.0041|
|     -184.73|      65.667|      168.74|     -353.47|      1257.4|      0.66|    0.0041|
|     -147.84|      35.198|      220.92|     -368.75|        1608|      0.67|    0.0058|
|     -199.01|      32.277|      143.66|     -342.67|      1247.6|      0.66|    0.0047|
|     -205.42|      33.531|      162.69|     -368.11|      1436.9|      0.67|    0.0049|
|     -210.01|      28.942|      154.47|     -364.48|      1367.5|      0.66|    0.0043|
|     -217.42|      23.095|      146.11|     -363.52|      1286.5|      0.67|    0.0043|
|     -222.96|      15.891|       145.7|     -368.65|      1238.3|      0.66|    0.0042|
|     -224.16|      11.908|      153.41|     -377.57|      1236.3|      0.66|    0.0041|
|     -225.25|      7.8724|      156.34|     -381.59|      1294.1|      0.66|    0.0043|
|     -225.35|      7.6286|      157.27|     -382.62|      1303.6|      0.66|    0.0042|
|      -225.5|      7.4993|      158.84|     -384.34|      1316.2|      0.67|    0.0041|
|     -225.63|      7.5672|      159.62|     -385.25|      1321.8|      0.67|    0.0047|
|     -226.33|      8.8176|      163.15|     -389.48|      1346.2|      0.67|    0.0044|
|     -226.79|      11.507|      167.43|     -394.21|      1373.1|      0.67|    0.0047|
|     -226.74|      12.709|      169.38|     -396.12|      1382.5|      0.67|    0.0061|
|     -226.78|      11.714|      167.78|     -394.56|      1374.8|      0.67|    0.0045|
|     -226.79|       11.55|       167.5|     -394.29|      1373.5|      0.67|    0.0045|
|     -226.79|      11.516|      167.44|     -394.23|      1373.2|      0.66|    0.0046|
|     -226.79|      11.509|      167.43|     -394.22|      1373.2|      0.67|    0.0047|
|     -226.79|      11.507|      167.43|     -394.21|      1373.1|      0.67|    0.0047|
|     -226.79|      11.508|      167.43|     -394.22|      1373.2|      0.67|    0.0047|
|     -226.79|      11.508|      167.43|     -394.21|      1373.1|      0.67|    0.0048|
|     -226.79|      11.507|      167.43|     -394.21|      1373.1|      0.66|    0.0047|
|     -226.79|      11.507|      167.43|     -394.21|      1373.1|      0.66|    0.0047|
Optimization result:
  message: CONVERGENCE: RELATIVE REDUCTION OF F <= FACTR*EPSMCH
  success: True
   status: 0
      fun: -226.78707766062217
        x: [-4.605e+00 -2.877e-01 ...  3.401e+00  2.754e+00]
      nit: 14
      jac: [ 5.674e-06  8.290e-06 ... -3.106e+01  1.221e+01]
     nfev: 30
     njev: 30
 hess_inv: <27x27 LbfgsInvHessProduct with dtype=float64>
Average scores:	 rmse: 0.2±0.04	 r2: 0.89±0.04
Filename: (MG-COUNT)_(MGK_Graph-Matern32_product)_hypOFF_feat_transformerOFF_target_transformerOFF

------------------------------------------------------------
Sender: LSF System <lsfadmin@gpu11>
Subject: Job 784497: <structure_numerical_20260420> in cluster <Hazel> Done

Job <structure_numerical_20260420> was submitted from host <gpu11> by user <sdehgha2> in cluster <Hazel> at Mon Apr 20 11:20:37 2026
Job was executed on host(s) <gpu11>, in queue <gpu>, as user <sdehgha2> in cluster <Hazel> at Mon Apr 20 11:20:37 2026
</home/sdehgha2> was used as the home directory.
</share/ddomlab/sdehgha2/working_space/GP_collab/code_python/training/hpc_submit_training_GP> was used as the working directory.
Started at Mon Apr 20 11:20:37 2026
Terminated at Mon Apr 20 11:28:31 2026
Results reported at Mon Apr 20 11:28:31 2026

Your job looked like:

------------------------------------------------------------
# LSBATCH: User input


#BSUB -n 1
#BSUB -W 4:40
#BSUB -q gpu
#BSUB -gpu "num=1:mode=shared:mps=no"
#BSUB -R "rusage[mem=32GB]"
#BSUB -J "structure_numerical_20260420"
#BSUB -o "/share/ddomlab/sdehgha2/working_space/GP_collab/results/HPC_history/hpc_20260420/Robust Learning from Literature Data_Model Generalizability and Uncertainty for Predicting Conjugated Polymer Solution Conformation/MGK_product_GPU.out"
#BSUB -e "/share/ddomlab/sdehgha2/working_space/GP_collab/results/HPC_history/hpc_20260420/Robust Learning from Literature Data_Model Generalizability and Uncertainty for Predicting Conjugated Polymer Solution Conformation/MGK_product_GPU.err"

source ~/.bashrc
module load cuda/12.1
module load gcc/9.3.0
conda activate /usr/local/usrapps/ddomlab/sdehgha2/env12

python ../train_structure_numerical.py  --Kernel_mixing_method product                                         --paper "Robust Learning from Literature Data_Model Generalizability and Uncertainty for Predicting Conjugated Polymer Solution Conformation"                                         --dataset "Rg data with clusters aging imputed"


------------------------------------------------------------

Successfully completed.

Resource usage summary:

    CPU time :                                   431.18 sec.
    Max Memory :                                 1 GB
    Average Memory :                             0.88 GB
    Total Requested Memory :                     32.00 GB
    Delta Memory :                               31.00 GB
    Max Swap :                                   -
    Max Processes :                              14
    Max Threads :                                18
    Run time :                                   455 sec.
    Turnaround time :                            474 sec.

The output (if any) is above this job summary.



PS:

Read file </share/ddomlab/sdehgha2/working_space/GP_collab/results/HPC_history/hpc_20260420/Robust Learning from Literature Data_Model Generalizability and Uncertainty for Predicting Conjugated Polymer Solution Conformation/MGK_product_GPU.err> for stderr output of this job.

