Running seed: 6
No hyperparameter optimization
Running seed: 13
No hyperparameter optimization
Running seed: 42
No hyperparameter optimization
Average scores:	 rmse: 72.14±7.48	 r2: 0.79±0.05
Filename: (ECFP3_count_512-COUNT)_RF_mean_hypOFF_Standard_Standard
Running seed: 6
No hyperparameter optimization
Running seed: 13
No hyperparameter optimization
Running seed: 42
No hyperparameter optimization
Average scores:	 rmse: 74.17±5.9	 r2: 0.77±0.07
Filename: (ECFP3_count_512-COUNT)_XGBR_mean_hypOFF_Standard_Standard
Running seed: 6
No hyperparameter optimization
Running seed: 13
No hyperparameter optimization
Running seed: 42
No hyperparameter optimization
Average scores:	 rmse: 79.61±12.04	 r2: 0.74±0.06
Filename: (ECFP3_count_512-COUNT)_NGB_mean_hypOFF_Standard_Standard
Running seed: 6
No hyperparameter optimization
Running seed: 13
No hyperparameter optimization
Running seed: 42
No hyperparameter optimization
Average scores:	 rmse: 8.19±1.04	 r2: 0.74±0.1
Filename: (ECFP3_count_512-COUNT)_RF_mean_hypOFF_Standard_Standard
Running seed: 6
No hyperparameter optimization
Running seed: 13
No hyperparameter optimization
Running seed: 42
No hyperparameter optimization
Average scores:	 rmse: 8.38±1.0	 r2: 0.72±0.11
Filename: (ECFP3_count_512-COUNT)_XGBR_mean_hypOFF_Standard_Standard
Running seed: 6
No hyperparameter optimization
Running seed: 13
No hyperparameter optimization
Running seed: 42
No hyperparameter optimization
Average scores:	 rmse: 8.05±0.83	 r2: 0.74±0.1
Filename: (ECFP3_count_512-COUNT)_NGB_mean_hypOFF_Standard_Standard
Running seed: 6
No hyperparameter optimization
Running seed: 13
No hyperparameter optimization
Running seed: 42
No hyperparameter optimization
Average scores:	 rmse: 10.13±1.04	 r2: 0.71±0.06
Filename: (ECFP3_count_512-COUNT)_RF_mean_hypOFF_Standard_Standard
Running seed: 6
No hyperparameter optimization
Running seed: 13
No hyperparameter optimization
Running seed: 42
No hyperparameter optimization
Average scores:	 rmse: 10.12±1.36	 r2: 0.71±0.08
Filename: (ECFP3_count_512-COUNT)_XGBR_mean_hypOFF_Standard_Standard
Running seed: 6
No hyperparameter optimization
Running seed: 13
No hyperparameter optimization
Running seed: 42
No hyperparameter optimization
Average scores:	 rmse: 10.99±1.36	 r2: 0.66±0.07
Filename: (ECFP3_count_512-COUNT)_NGB_mean_hypOFF_Standard_Standard
Running seed: 6
No hyperparameter optimization
Running seed: 13
No hyperparameter optimization
Running seed: 42
No hyperparameter optimization
Average scores:	 rmse: 8.9±1.17	 r2: 0.51±0.09
Filename: (ECFP3_count_512-COUNT)_RF_mean_hypOFF_Standard_Standard
Running seed: 6
No hyperparameter optimization
Running seed: 13
No hyperparameter optimization
Running seed: 42
No hyperparameter optimization
Average scores:	 rmse: 9.39±1.3	 r2: 0.45±0.14
Filename: (ECFP3_count_512-COUNT)_XGBR_mean_hypOFF_Standard_Standard
Running seed: 6
No hyperparameter optimization
Running seed: 13
No hyperparameter optimization
Running seed: 42
No hyperparameter optimization
Average scores:	 rmse: 9.56±1.2	 r2: 0.44±0.09
Filename: (ECFP3_count_512-COUNT)_NGB_mean_hypOFF_Standard_Standard
Running seed: 6
No hyperparameter optimization
Running seed: 13
No hyperparameter optimization
Running seed: 42
No hyperparameter optimization
Average scores:	 rmse: 9.71±1.39	 r2: 0.75±0.07
Filename: (ECFP3_count_512-COUNT)_RF_mean_hypOFF_Standard_Standard
Running seed: 6
No hyperparameter optimization
Running seed: 13
No hyperparameter optimization
Running seed: 42
No hyperparameter optimization
Average scores:	 rmse: 9.26±1.5	 r2: 0.77±0.07
Filename: (ECFP3_count_512-COUNT)_XGBR_mean_hypOFF_Standard_Standard
Running seed: 6
No hyperparameter optimization
Running seed: 13
No hyperparameter optimization
Running seed: 42
No hyperparameter optimization
Average scores:	 rmse: 11.49±1.17	 r2: 0.65±0.06
Filename: (ECFP3_count_512-COUNT)_NGB_mean_hypOFF_Standard_Standard
Running seed: 6
No hyperparameter optimization
Running seed: 13
No hyperparameter optimization
Running seed: 42
No hyperparameter optimization
Average scores:	 rmse: 8.98±1.22	 r2: 0.5±0.09
Filename: (ECFP3_count_512-COUNT)_RF_mean_hypOFF_Standard_Standard
Running seed: 6
No hyperparameter optimization
Running seed: 13
No hyperparameter optimization
Running seed: 42
No hyperparameter optimization
Average scores:	 rmse: 9.49±1.22	 r2: 0.44±0.12
Filename: (ECFP3_count_512-COUNT)_XGBR_mean_hypOFF_Standard_Standard
Running seed: 6
No hyperparameter optimization
Running seed: 13
No hyperparameter optimization
Running seed: 42
No hyperparameter optimization
Average scores:	 rmse: 9.56±1.2	 r2: 0.44±0.09
Filename: (ECFP3_count_512-COUNT)_NGB_mean_hypOFF_Standard_Standard
[14:16:34] WARNING: /croot/xgboost-split_1712794674171/work/src/learner.cc:767: 
Parameters: { "verbose" } are not used.

[14:17:48] WARNING: /croot/xgboost-split_1712794674171/work/src/learner.cc:767: 
Parameters: { "verbose" } are not used.

[14:18:42] WARNING: /croot/xgboost-split_1712794674171/work/src/learner.cc:767: 
Parameters: { "verbose" } are not used.

[14:16:34] WARNING: /croot/xgboost-split_1712794674171/work/src/learner.cc:767: 
Parameters: { "verbose" } are not used.

[14:17:49] WARNING: /croot/xgboost-split_1712794674171/work/src/learner.cc:767: 
Parameters: { "verbose" } are not used.

[14:18:43] WARNING: /croot/xgboost-split_1712794674171/work/src/learner.cc:767: 
Parameters: { "verbose" } are not used.

[14:16:41] WARNING: /croot/xgboost-split_1712794674171/work/src/learner.cc:767: 
Parameters: { "verbose" } are not used.

[14:17:49] WARNING: /croot/xgboost-split_1712794674171/work/src/learner.cc:767: 
Parameters: { "verbose" } are not used.

[14:19:09] WARNING: /croot/xgboost-split_1712794674171/work/src/learner.cc:767: 
Parameters: { "verbose" } are not used.

[14:17:48] WARNING: /croot/xgboost-split_1712794674171/work/src/learner.cc:767: 
Parameters: { "verbose" } are not used.

[14:18:43] WARNING: /croot/xgboost-split_1712794674171/work/src/learner.cc:767: 
Parameters: { "verbose" } are not used.

[14:19:09] WARNING: /croot/xgboost-split_1712794674171/work/src/learner.cc:767: 
Parameters: { "verbose" } are not used.

[14:16:48] WARNING: /croot/xgboost-split_1712794674171/work/src/learner.cc:767: 
Parameters: { "verbose" } are not used.

[14:17:49] WARNING: /croot/xgboost-split_1712794674171/work/src/learner.cc:767: 
Parameters: { "verbose" } are not used.

[14:19:09] WARNING: /croot/xgboost-split_1712794674171/work/src/learner.cc:767: 
Parameters: { "verbose" } are not used.

[14:16:48] WARNING: /croot/xgboost-split_1712794674171/work/src/learner.cc:767: 
Parameters: { "verbose" } are not used.

[14:18:14] WARNING: /croot/xgboost-split_1712794674171/work/src/learner.cc:767: 
Parameters: { "verbose" } are not used.

[14:19:09] WARNING: /croot/xgboost-split_1712794674171/work/src/learner.cc:767: 
Parameters: { "verbose" } are not used.

[14:17:47] WARNING: /croot/xgboost-split_1712794674171/work/src/learner.cc:767: 
Parameters: { "verbose" } are not used.

[14:18:43] WARNING: /croot/xgboost-split_1712794674171/work/src/learner.cc:767: 
Parameters: { "verbose" } are not used.

[14:19:09] WARNING: /croot/xgboost-split_1712794674171/work/src/learner.cc:767: 
Parameters: { "verbose" } are not used.

[14:16:48] WARNING: /croot/xgboost-split_1712794674171/work/src/learner.cc:767: 
Parameters: { "verbose" } are not used.

[14:17:19] WARNING: /croot/xgboost-split_1712794674171/work/src/learner.cc:767: 
Parameters: { "verbose" } are not used.

[14:18:14] WARNING: /croot/xgboost-split_1712794674171/work/src/learner.cc:767: 
Parameters: { "verbose" } are not used.

[14:19:10] WARNING: /croot/xgboost-split_1712794674171/work/src/learner.cc:767: 
Parameters: { "verbose" } are not used.

[14:17:21] WARNING: /croot/xgboost-split_1712794674171/work/src/learner.cc:767: 
Parameters: { "verbose" } are not used.

[14:17:47] WARNING: /croot/xgboost-split_1712794674171/work/src/learner.cc:767: 
Parameters: { "verbose" } are not used.

[14:19:10] WARNING: /croot/xgboost-split_1712794674171/work/src/learner.cc:767: 
Parameters: { "verbose" } are not used.

[14:16:41] WARNING: /croot/xgboost-split_1712794674171/work/src/learner.cc:767: 
Parameters: { "verbose" } are not used.

[14:18:15] WARNING: /croot/xgboost-split_1712794674171/work/src/learner.cc:767: 
Parameters: { "verbose" } are not used.

[14:19:10] WARNING: /croot/xgboost-split_1712794674171/work/src/learner.cc:767: 
Parameters: { "verbose" } are not used.

[14:16:41] WARNING: /croot/xgboost-split_1712794674171/work/src/learner.cc:767: 
Parameters: { "verbose" } are not used.

[14:17:49] WARNING: /croot/xgboost-split_1712794674171/work/src/learner.cc:767: 
Parameters: { "verbose" } are not used.

[14:18:14] WARNING: /croot/xgboost-split_1712794674171/work/src/learner.cc:767: 
Parameters: { "verbose" } are not used.

[14:19:10] WARNING: /croot/xgboost-split_1712794674171/work/src/learner.cc:767: 
Parameters: { "verbose" } are not used.

[14:16:48] WARNING: /croot/xgboost-split_1712794674171/work/src/learner.cc:767: 
Parameters: { "verbose" } are not used.

[14:18:15] WARNING: /croot/xgboost-split_1712794674171/work/src/learner.cc:767: 
Parameters: { "verbose" } are not used.

[14:19:10] WARNING: /croot/xgboost-split_1712794674171/work/src/learner.cc:767: 
Parameters: { "verbose" } are not used.

[14:16:41] WARNING: /croot/xgboost-split_1712794674171/work/src/learner.cc:767: 
Parameters: { "verbose" } are not used.

[14:17:49] WARNING: /croot/xgboost-split_1712794674171/work/src/learner.cc:767: 
Parameters: { "verbose" } are not used.

[14:18:14] WARNING: /croot/xgboost-split_1712794674171/work/src/learner.cc:767: 
Parameters: { "verbose" } are not used.

[14:19:10] WARNING: /croot/xgboost-split_1712794674171/work/src/learner.cc:767: 
Parameters: { "verbose" } are not used.

[14:17:19] WARNING: /croot/xgboost-split_1712794674171/work/src/learner.cc:767: 
Parameters: { "verbose" } are not used.

[14:18:15] WARNING: /croot/xgboost-split_1712794674171/work/src/learner.cc:767: 
Parameters: { "verbose" } are not used.

[14:19:10] WARNING: /croot/xgboost-split_1712794674171/work/src/learner.cc:767: 
Parameters: { "verbose" } are not used.

[14:17:48] WARNING: /croot/xgboost-split_1712794674171/work/src/learner.cc:767: 
Parameters: { "verbose" } are not used.

[14:18:42] WARNING: /croot/xgboost-split_1712794674171/work/src/learner.cc:767: 
Parameters: { "verbose" } are not used.

[14:17:20] WARNING: /croot/xgboost-split_1712794674171/work/src/learner.cc:767: 
Parameters: { "verbose" } are not used.

[14:18:15] WARNING: /croot/xgboost-split_1712794674171/work/src/learner.cc:767: 
Parameters: { "verbose" } are not used.

[14:19:10] WARNING: /croot/xgboost-split_1712794674171/work/src/learner.cc:767: 
Parameters: { "verbose" } are not used.

[14:17:20] WARNING: /croot/xgboost-split_1712794674171/work/src/learner.cc:767: 
Parameters: { "verbose" } are not used.

[14:18:16] WARNING: /croot/xgboost-split_1712794674171/work/src/learner.cc:767: 
Parameters: { "verbose" } are not used.

[14:16:34] WARNING: /croot/xgboost-split_1712794674171/work/src/learner.cc:767: 
Parameters: { "verbose" } are not used.

[14:17:48] WARNING: /croot/xgboost-split_1712794674171/work/src/learner.cc:767: 
Parameters: { "verbose" } are not used.

[14:19:10] WARNING: /croot/xgboost-split_1712794674171/work/src/learner.cc:767: 
Parameters: { "verbose" } are not used.

[14:17:21] WARNING: /croot/xgboost-split_1712794674171/work/src/learner.cc:767: 
Parameters: { "verbose" } are not used.

[14:18:16] WARNING: /croot/xgboost-split_1712794674171/work/src/learner.cc:767: 
Parameters: { "verbose" } are not used.

[14:18:42] WARNING: /croot/xgboost-split_1712794674171/work/src/learner.cc:767: 
Parameters: { "verbose" } are not used.

[14:17:20] WARNING: /croot/xgboost-split_1712794674171/work/src/learner.cc:767: 
Parameters: { "verbose" } are not used.

[14:18:42] WARNING: /croot/xgboost-split_1712794674171/work/src/learner.cc:767: 
Parameters: { "verbose" } are not used.

[14:17:21] WARNING: /croot/xgboost-split_1712794674171/work/src/learner.cc:767: 
Parameters: { "verbose" } are not used.

[14:18:16] WARNING: /croot/xgboost-split_1712794674171/work/src/learner.cc:767: 
Parameters: { "verbose" } are not used.

[14:18:42] WARNING: /croot/xgboost-split_1712794674171/work/src/learner.cc:767: 
Parameters: { "verbose" } are not used.

[14:16:41] WARNING: /croot/xgboost-split_1712794674171/work/src/learner.cc:767: 
Parameters: { "verbose" } are not used.

[14:18:14] WARNING: /croot/xgboost-split_1712794674171/work/src/learner.cc:767: 
Parameters: { "verbose" } are not used.

[14:19:10] WARNING: /croot/xgboost-split_1712794674171/work/src/learner.cc:767: 
Parameters: { "verbose" } are not used.

[14:16:48] WARNING: /croot/xgboost-split_1712794674171/work/src/learner.cc:767: 
Parameters: { "verbose" } are not used.

[14:17:19] WARNING: /croot/xgboost-split_1712794674171/work/src/learner.cc:767: 
Parameters: { "verbose" } are not used.

[14:18:42] WARNING: /croot/xgboost-split_1712794674171/work/src/learner.cc:767: 
Parameters: { "verbose" } are not used.

[14:16:34] WARNING: /croot/xgboost-split_1712794674171/work/src/learner.cc:767: 
Parameters: { "verbose" } are not used.

[14:17:47] WARNING: /croot/xgboost-split_1712794674171/work/src/learner.cc:767: 
Parameters: { "verbose" } are not used.

[14:18:42] WARNING: /croot/xgboost-split_1712794674171/work/src/learner.cc:767: 
Parameters: { "verbose" } are not used.

[14:17:20] WARNING: /croot/xgboost-split_1712794674171/work/src/learner.cc:767: 
Parameters: { "verbose" } are not used.

[14:18:16] WARNING: /croot/xgboost-split_1712794674171/work/src/learner.cc:767: 
Parameters: { "verbose" } are not used.

[14:17:19] WARNING: /croot/xgboost-split_1712794674171/work/src/learner.cc:767: 
Parameters: { "verbose" } are not used.

[14:18:42] WARNING: /croot/xgboost-split_1712794674171/work/src/learner.cc:767: 
Parameters: { "verbose" } are not used.

[14:17:20] WARNING: /croot/xgboost-split_1712794674171/work/src/learner.cc:767: 
Parameters: { "verbose" } are not used.

[14:18:16] WARNING: /croot/xgboost-split_1712794674171/work/src/learner.cc:767: 
Parameters: { "verbose" } are not used.

[14:17:21] WARNING: /croot/xgboost-split_1712794674171/work/src/learner.cc:767: 
Parameters: { "verbose" } are not used.

[14:17:47] WARNING: /croot/xgboost-split_1712794674171/work/src/learner.cc:767: 
Parameters: { "verbose" } are not used.

[14:18:43] WARNING: /croot/xgboost-split_1712794674171/work/src/learner.cc:767: 
Parameters: { "verbose" } are not used.

[14:16:34] WARNING: /croot/xgboost-split_1712794674171/work/src/learner.cc:767: 
Parameters: { "verbose" } are not used.

[14:17:48] WARNING: /croot/xgboost-split_1712794674171/work/src/learner.cc:767: 
Parameters: { "verbose" } are not used.

[14:18:42] WARNING: /croot/xgboost-split_1712794674171/work/src/learner.cc:767: 
Parameters: { "verbose" } are not used.

[14:17:21] WARNING: /croot/xgboost-split_1712794674171/work/src/learner.cc:767: 
Parameters: { "verbose" } are not used.

[14:18:43] WARNING: /croot/xgboost-split_1712794674171/work/src/learner.cc:767: 
Parameters: { "verbose" } are not used.

[14:17:19] WARNING: /croot/xgboost-split_1712794674171/work/src/learner.cc:767: 
Parameters: { "verbose" } are not used.

[14:18:15] WARNING: /croot/xgboost-split_1712794674171/work/src/learner.cc:767: 
Parameters: { "verbose" } are not used.

[14:17:47] WARNING: /croot/xgboost-split_1712794674171/work/src/learner.cc:767: 
Parameters: { "verbose" } are not used.

[14:18:42] WARNING: /croot/xgboost-split_1712794674171/work/src/learner.cc:767: 
Parameters: { "verbose" } are not used.


------------------------------------------------------------
Sender: LSF System <lsfadmin@c004n03>
Subject: Job 9887: <structure_numerical_20260119> in cluster <Hazel> Done

Job <structure_numerical_20260119> was submitted from host <c004n03> by user <sdehgha2> in cluster <Hazel> at Mon Jan 19 14:14:49 2026
Job was executed on host(s) <6*c004n03>, in queue <single_chassis>, as user <sdehgha2> in cluster <Hazel> at Mon Jan 19 14:15:48 2026
</tmp/.lsbtmp404534> was used as the home directory.
</share/ddomlab/sdehgha2/working-space/main/_colab_GP/GP_collab/code_python/training/hpc_submit_training_GP> was used as the working directory.
Started at Mon Jan 19 14:15:48 2026
Terminated at Mon Jan 19 14:19:36 2026
Results reported at Mon Jan 19 14:19:36 2026

Your job looked like:

------------------------------------------------------------
# LSBATCH: User input

#BSUB -n 6
#BSUB -W 10:00
#BSUB -R span[hosts=1]
#BSUB -R "rusage[mem=32GB]"
#BSUB -J "structure_numerical_20260119"
#BSUB -o "/share/ddomlab/sdehgha2/working-space/main/_colab_GP/GP_collab/results/HPC_history/hpc_20260119/Understanding and Designing a High-Performance Ultrafiltration Membrane Using Machine Learning/structure_numericalRF-XGB-NGB_20260119.out"
#BSUB -e "/share/ddomlab/sdehgha2/working-space/main/_colab_GP/GP_collab/results/HPC_history/hpc_20260119/Understanding and Designing a High-Performance Ultrafiltration Membrane Using Machine Learning/structure_numericalRF-XGB-NGB_20260119.err"

source ~/.bashrc
conda activate /usr/local/usrapps/ddomlab/sdehgha2/torch_cpu
python ../train_structure_numerical.py --dataset "cleaned_dataset_Ultrafiltration Membrane"                                         --paper "Understanding and Designing a High-Performance Ultrafiltration Membrane Using Machine Learning"                                          


------------------------------------------------------------

Successfully completed.

Resource usage summary:

    CPU time :                                   961.00 sec.
    Max Memory :                                 9 GB
    Average Memory :                             5.56 GB
    Total Requested Memory :                     32.00 GB
    Delta Memory :                               23.00 GB
    Max Swap :                                   -
    Max Processes :                              38
    Max Threads :                                64
    Run time :                                   229 sec.
    Turnaround time :                            287 sec.

The output (if any) is above this job summary.



PS:

Read file </share/ddomlab/sdehgha2/working-space/main/_colab_GP/GP_collab/results/HPC_history/hpc_20260119/Understanding and Designing a High-Performance Ultrafiltration Membrane Using Machine Learning/structure_numericalRF-XGB-NGB_20260119.err> for stderr output of this job.

