Running seed: 6

------------------------------------------------------------
Sender: LSF System <lsfadmin@gpu03>
Subject: Job 52943: <structure_numerical_20260427> in cluster <Hazel> Exited

Job <structure_numerical_20260427> was submitted from host <gpu03> by user <sdehgha2> in cluster <Hazel> at Mon Apr 27 13:44:53 2026
Job was executed on host(s) <gpu03>, in queue <gpu>, as user <sdehgha2> in cluster <Hazel> at Mon Apr 27 13:44:53 2026
</home/sdehgha2> was used as the home directory.
</share/ddomlab/sdehgha2/working_space/GP_collab/code_python/training/hpc_submit_training_GP> was used as the working directory.
Started at Mon Apr 27 13:44:53 2026
Terminated at Mon Apr 27 13:46:24 2026
Results reported at Mon Apr 27 13:46:24 2026

Your job looked like:

------------------------------------------------------------
# LSBATCH: User input


#BSUB -n 1
#BSUB -W 8:40
#BSUB -q gpu
#BSUB -gpu "num=1:mode=shared:mps=no"
#BSUB -R "rusage[mem=32GB]"
#BSUB -J "structure_numerical_20260427"
#BSUB -o "/share/ddomlab/sdehgha2/working_space/GP_collab/results/HPC_history/hpc_20260427/Understanding and Designing a High-Performance Ultrafiltration Membrane Using Machine Learning/MGK_product_GPU.out"
#BSUB -e "/share/ddomlab/sdehgha2/working_space/GP_collab/results/HPC_history/hpc_20260427/Understanding and Designing a High-Performance Ultrafiltration Membrane Using Machine Learning/MGK_product_GPU.err"

source ~/.bashrc
module load cuda/12.1
module load gcc/9.3.0
conda activate /usr/local/usrapps/ddomlab/sdehgha2/env12

python ../train_structure_numerical.py  --Kernel_mixing_method product                                         --paper "Understanding and Designing a High-Performance Ultrafiltration Membrane Using Machine Learning"                                         --dataset "cleaned_dataset_Ultrafiltration Membrane"


------------------------------------------------------------

Exited with exit code 1.

Resource usage summary:

    CPU time :                                   38.32 sec.
    Max Memory :                                 1 GB
    Average Memory :                             0.60 GB
    Total Requested Memory :                     32.00 GB
    Delta Memory :                               31.00 GB
    Max Swap :                                   -
    Max Processes :                              14
    Max Threads :                                18
    Run time :                                   89 sec.
    Turnaround time :                            91 sec.

The output (if any) is above this job summary.



PS:

Read file </share/ddomlab/sdehgha2/working_space/GP_collab/results/HPC_history/hpc_20260427/Understanding and Designing a High-Performance Ultrafiltration Membrane Using Machine Learning/MGK_product_GPU.err> for stderr output of this job.

Running seed: 6
|        logP|       dlogP|     y^T.K.y|     log|K| |     Cond(K)|  GPU time|  CPU time|
|------------|------------|------------|------------|------------|----------|----------|
|      511.64|      125.96|      1039.3|     -527.62|      373.47|       4.9|    0.0078|
|      272.71|      26.736|         377|     -104.29|      138.94|      0.49|    0.0062|
|      272.56|        26.8|      376.95|      -104.4|      139.27|      0.48|    0.0061|
|      271.95|       27.05|      376.76|     -104.81|      140.56|      0.48|    0.0061|
|      269.47|      27.965|      376.06|     -106.58|      145.71|      0.48|    0.0061|
|      258.88|      30.642|      374.34|     -115.46|      165.25|      0.48|    0.0062|
|      214.67|      15.778|      401.21|     -186.54|      230.41|      0.47|    0.0061|
|       498.5|      94.533|      1025.8|     -527.31|      370.29|      0.37|     0.009|
|      275.16|      107.87|       595.5|     -320.34|      283.25|      0.46|    0.0063|
|      214.41|      17.005|      434.53|     -220.12|      250.91|      0.47|    0.0063|
|      213.05|      5.0408|      411.72|     -198.66|      238.39|      0.47|    0.0061|
|       212.9|     0.18716|      416.57|     -203.67|      241.51|      0.47|    0.0064|
|      213.42|      9.7699|      426.75|     -213.34|      247.19|      0.47|    0.0062|
|       212.9|     0.10494|      416.69|      -203.8|      241.58|      0.47|    0.0065|
Optimization result:
  message: CONVERGENCE: RELATIVE REDUCTION OF F <= FACTR*EPSMCH
  success: True
   status: 0
      fun: 212.89582508538638
        x: [-3.249e+00 -2.877e-01 ... -2.877e-01 -1.692e-01]
      nit: 3
      jac: [ 2.159e-03  1.011e-02 ...  2.180e-09 -3.024e-02]
     nfev: 14
     njev: 14
 hess_inv: <17x17 LbfgsInvHessProduct with dtype=float64>
|        logP|       dlogP|     y^T.K.y|     log|K| |     Cond(K)|  GPU time|  CPU time|
|------------|------------|------------|------------|------------|----------|----------|
|      730.31|      123.78|      1259.4|     -529.07|      404.24|       4.2|    0.0073|
|      241.04|      26.218|      326.76|     -85.715|       131.3|      0.52|    0.0062|
|       240.9|      26.243|      326.73|     -85.827|      131.52|      0.52|    0.0062|
|      240.35|      26.338|      326.63|     -86.282|       132.4|      0.52|    0.0062|
|      238.11|      26.585|      326.34|     -88.228|      135.88|      0.52|    0.0061|
|      229.29|      24.914|      327.35|      -98.06|      148.93|      0.52|    0.0063|
|      215.93|      14.926|      388.12|     -172.19|       209.8|      0.52|    0.0062|
|      220.54|      17.239|      334.92|     -114.37|      164.28|      0.54|    0.0062|
|      214.33|      4.2496|      373.62|      -159.3|      200.91|      0.56|    0.0061|
|      219.95|      16.445|      335.96|     -116.01|       165.7|      0.57|    0.0061|
|      214.21|      2.5085|      370.98|     -156.77|      199.06|      0.57|    0.0061|
|      214.14|     0.41871|      367.64|      -153.5|      196.62|      0.57|    0.0061|
|      214.14|    0.049002|      367.03|     -152.89|      196.16|      0.57|     0.006|
Optimization result:
  message: CONVERGENCE: RELATIVE REDUCTION OF F <= FACTR*EPSMCH
  success: True
   status: 0
      fun: 214.13734119363235
        x: [-3.631e+00 -2.877e-01 ... -2.877e-01 -7.679e-01]
      nit: 5
      jac: [ 8.206e-05  5.005e-04 ...  4.701e-10  2.259e-02]
     nfev: 13
     njev: 13
 hess_inv: <17x17 LbfgsInvHessProduct with dtype=float64>
|        logP|       dlogP|     y^T.K.y|     log|K| |     Cond(K)|  GPU time|  CPU time|
|------------|------------|------------|------------|------------|----------|----------|
|      641.41|       104.3|        1183|      -541.6|      403.86|       4.1|    0.0072|
|      292.49|      27.876|      409.34|     -116.85|      137.82|      0.58|    0.0062|
|      292.37|      27.949|      409.29|     -116.92|      138.03|      0.58|    0.0061|
|      291.88|      28.235|       409.1|     -117.22|      138.89|      0.57|     0.006|
|      289.89|      29.318|      408.37|     -118.48|      142.35|      0.58|    0.0061|
|      281.29|      32.357|      405.94|     -124.64|      156.63|      0.58|     0.006|
|      245.36|      30.051|      418.62|     -173.26|      219.51|      0.58|    0.0061|
|      634.63|       91.54|      1174.6|     -539.95|      393.76|       0.6|     0.008|
|      272.65|      95.888|      580.51|     -307.85|      304.22|      0.59|    0.0061|
|      233.61|      4.6451|       451.3|     -217.69|      258.71|       0.6|    0.0061|
|      233.51|      2.7251|      453.39|     -219.88|      260.35|      0.59|    0.0061|
|      634.46|      91.397|      1174.3|     -539.85|      393.05|       0.6|     0.008|
|      303.98|      120.97|      643.28|      -339.3|      311.68|      0.59|    0.0062|
|      236.19|      23.468|      481.68|     -245.49|      277.48|      0.59|    0.0061|
|      233.47|      0.3666|      455.96|     -222.49|      262.28|      0.59|    0.0061|
|      233.47|    0.036541|      456.38|     -222.91|      262.58|       0.6|    0.0062|
Optimization result:
  message: CONVERGENCE: RELATIVE REDUCTION OF F <= FACTR*EPSMCH
  success: True
   status: 0
      fun: 233.4677430518368
        x: [-4.605e+00 -2.877e-01 ... -2.877e-01 -1.887e-01]
      nit: 4
      jac: [ 1.741e-04  2.805e-03 ...  3.468e-33  1.802e-02]
     nfev: 16
     njev: 16
 hess_inv: <17x17 LbfgsInvHessProduct with dtype=float64>
|        logP|       dlogP|     y^T.K.y|     log|K| |     Cond(K)|  GPU time|  CPU time|
|------------|------------|------------|------------|------------|----------|----------|
|      470.12|       86.01|      1006.3|     -536.18|      457.91|       4.1|    0.0074|
|       320.9|      23.228|      421.34|     -100.44|      129.88|      0.58|    0.0063|
|      320.78|      23.226|      421.34|     -100.56|       130.1|      0.58|    0.0062|
|       320.3|      23.212|      421.32|     -101.02|      130.98|      0.59|    0.0062|
|       318.4|      23.034|      421.38|     -102.98|      134.48|      0.58|    0.0062|
|       311.2|      20.121|      423.81|     -112.61|       147.6|      0.58|    0.0062|
|      299.93|      1.8755|      476.59|     -176.67|      206.56|      0.58|    0.0062|
|      301.31|      6.3673|      445.89|     -144.58|      177.66|      0.59|    0.0061|
|      299.86|      1.2109|      473.75|     -173.89|      204.33|      0.59|    0.0062|
|      299.82|     0.05354|      469.33|     -169.52|      200.69|      0.59|    0.0062|
|      299.82|   0.0064867|      469.15|     -169.33|      200.54|      0.59|    0.0062|
Optimization result:
  message: CONVERGENCE: RELATIVE REDUCTION OF F <= FACTR*EPSMCH
  success: True
   status: 0
      fun: 299.8167222993954
        x: [-4.605e+00 -2.383e-01 ... -2.877e-01 -6.644e-01]
      nit: 5
      jac: [ 3.184e-05  5.529e-04 ... -6.058e-09  1.292e-03]
     nfev: 11
     njev: 11
 hess_inv: <17x17 LbfgsInvHessProduct with dtype=float64>
|        logP|       dlogP|     y^T.K.y|     log|K| |     Cond(K)|  GPU time|  CPU time|
|------------|------------|------------|------------|------------|----------|----------|
|      765.61|      138.96|      1300.9|     -535.27|      486.83|       4.1|    0.0071|
|      338.65|       31.11|      434.66|     -96.013|      111.37|      0.57|    0.0062|
|      338.53|      31.164|      434.61|     -96.085|      111.56|      0.56|    0.0061|
|      338.03|      31.375|      434.41|     -96.378|      112.33|      0.57|    0.0062|
|      336.03|      32.173|      433.64|     -97.606|      115.42|      0.57|    0.0061|
|      327.61|       34.47|      431.09|     -103.48|         128|      0.58|    0.0061|
|      293.36|       29.65|       436.5|     -143.14|      173.23|      0.59|    0.0061|
|      712.72|      122.27|      1231.5|     -518.83|      468.74|       0.6|    0.0061|
|      328.37|      113.62|      578.91|     -250.54|      239.69|      0.59|    0.0062|
|      283.86|      7.0199|         455|     -171.14|      195.24|      0.58|    0.0061|
|      283.72|      5.1624|      456.41|     -172.68|      196.41|      0.59|    0.0061|
|       283.7|      4.8217|      456.67|     -172.96|      196.62|      0.59|    0.0061|
|      292.28|      47.574|      500.19|     -207.91|      220.16|      0.58|    0.0062|
|      283.59|      1.8369|      458.93|     -175.34|       198.4|      0.59|    0.0062|
|      365.39|       149.3|      646.39|        -281|      248.44|       0.6|    0.0063|
|      285.46|      20.657|      476.63|     -191.17|      209.65|      0.59|    0.0061|
|      283.58|     0.91366|      459.64|     -176.06|      198.93|      0.59|    0.0061|
|      283.57|    0.056462|      460.36|     -176.79|      199.47|      0.59|    0.0062|
|      283.57|    0.045171|      460.33|     -176.76|      199.45|      0.58|    0.0061|
|      283.57|     0.05193|      460.35|     -176.78|      199.46|      0.59|    0.0061|
Optimization result:
  message: CONVERGENCE: RELATIVE REDUCTION OF F <= FACTR*EPSMCH
  success: True
   status: 0
      fun: 283.5714487639644
        x: [-4.605e+00 -2.289e-01 ... -2.877e-01 -4.204e-01]
      nit: 5
      jac: [ 2.668e-04  4.659e-03 ... -5.079e-09  1.578e-02]
     nfev: 20
     njev: 20
 hess_inv: <17x17 LbfgsInvHessProduct with dtype=float64>
Running seed: 13
|        logP|       dlogP|     y^T.K.y|     log|K| |     Cond(K)|  GPU time|  CPU time|
|------------|------------|------------|------------|------------|----------|----------|
|      646.67|      118.48|      1176.3|     -529.64|         432|       4.1|    0.0074|
|      349.04|      28.565|      442.92|     -93.884|      159.75|      0.59|     0.006|
|      348.91|      28.589|      442.88|     -93.974|      160.02|      0.58|    0.0063|
|       348.4|      28.679|      442.74|     -94.336|      161.13|      0.59|     0.006|
|      346.36|      28.934|      442.23|     -95.864|      165.54|      0.58|    0.0061|
|      338.22|      28.044|       441.5|     -103.28|      182.82|      0.59|     0.006|
|      317.03|      8.4095|      472.23|      -155.2|      249.77|      0.59|    0.0061|
|      631.81|      93.365|      1159.8|     -528.03|      420.36|      0.61|    0.0085|
|      361.09|      88.245|      641.18|      -280.1|      331.38|       0.6|     0.006|
|      315.96|         3.9|      496.18|     -180.22|      273.87|      0.59|     0.006|
|      323.85|      17.645|      450.61|     -126.76|      218.06|      0.59|    0.0062|
|      315.84|      1.9744|      492.87|     -177.03|      270.99|      0.59|     0.006|
|       315.8|     0.28374|      489.88|     -174.08|      268.27|      0.59|    0.0061|
|       315.8|     0.03319|      489.41|     -173.61|      267.84|      0.59|     0.006|
Optimization result:
  message: CONVERGENCE: RELATIVE REDUCTION OF F <= FACTR*EPSMCH
  success: True
   status: 0
      fun: 315.79608544284486
        x: [-4.605e+00 -2.877e-01 ... -2.877e-01 -5.253e-01]
      nit: 5
      jac: [ 1.396e-04  2.187e-03 ...  3.074e-10  1.370e-02]
     nfev: 14
     njev: 14
 hess_inv: <17x17 LbfgsInvHessProduct with dtype=float64>
|        logP|       dlogP|     y^T.K.y|     log|K| |     Cond(K)|  GPU time|  CPU time|
|------------|------------|------------|------------|------------|----------|----------|
|       677.2|      123.44|      1205.6|     -528.35|      486.96|       4.1|    0.0071|
|      333.38|      23.153|      428.21|     -94.827|      126.48|      0.59|    0.0062|
|      333.27|        23.2|      428.18|     -94.903|      126.68|      0.59|    0.0062|
|      332.85|      23.383|      428.06|     -95.211|       127.5|      0.59|    0.0061|
|      331.13|      24.079|      427.65|     -96.515|      130.74|      0.59|    0.0062|
|      323.85|      25.914|       426.8|     -102.95|      142.91|      0.59|    0.0063|
|       299.3|      8.6841|      452.56|     -153.26|      184.03|      0.59|    0.0063|
|      667.26|      99.117|      1195.4|     -528.18|      481.97|      0.45|    0.0085|
|      358.73|      112.45|      636.51|     -277.78|      245.95|      0.57|    0.0062|
|      299.08|      8.4049|       475.4|     -176.32|      199.17|      0.59|    0.0063|
|      298.53|      2.2011|      461.11|     -162.58|      190.14|      0.58|    0.0062|
|      423.41|      130.06|       761.4|     -337.98|      287.22|      0.56|    0.0062|
|      303.26|      26.025|      499.93|     -196.67|      211.92|      0.58|    0.0062|
|      298.49|       1.186|      462.45|     -163.96|      191.05|       0.6|    0.0062|
|      298.48|    0.085728|      464.13|     -165.65|      192.17|      0.59|    0.0061|
|      298.48|    0.019343|      464.02|     -165.54|      192.09|      0.59|    0.0061|
|      298.48|     0.08196|      464.13|     -165.65|      192.16|      0.59|    0.0061|
|      298.48|     0.03132|      464.06|     -165.58|      192.12|      0.59|    0.0062|
|      298.48|    0.078519|      464.12|     -165.65|      192.16|      0.59|     0.006|
|      298.48|    0.081838|      464.13|     -165.65|      192.16|      0.59|    0.0062|
|      298.48|    0.081956|      464.13|     -165.65|      192.16|      0.59|    0.0062|
|      298.48|    0.080142|      464.13|     -165.65|      192.16|      0.59|    0.0062|
|      298.48|    0.082016|      464.13|     -165.65|      192.16|      0.59|    0.0063|
|      298.48|    0.081969|      464.13|     -165.65|      192.16|      0.59|    0.0062|
Optimization result:
  message: CONVERGENCE: RELATIVE REDUCTION OF F <= FACTR*EPSMCH
  success: True
   status: 0
      fun: 298.4786759657716
        x: [-3.504e+00 -2.104e-01 ... -2.877e-01 -5.759e-01]
      nit: 5
      jac: [ 3.333e-04  1.970e-03 ...  4.302e-09  4.474e-02]
     nfev: 24
     njev: 24
 hess_inv: <17x17 LbfgsInvHessProduct with dtype=float64>
|        logP|       dlogP|     y^T.K.y|     log|K| |     Cond(K)|  GPU time|  CPU time|
|------------|------------|------------|------------|------------|----------|----------|
|      652.82|      121.77|      1184.4|     -531.58|      432.58|       4.2|    0.0072|
|       311.3|      27.799|      407.76|     -96.457|      129.88|       0.6|    0.0062|
|      311.19|      27.876|      407.72|     -96.535|      130.05|      0.59|    0.0062|
|      310.74|      28.178|      407.59|     -96.851|      130.73|       0.6|    0.0062|
|      308.92|      29.328|      407.09|     -98.172|      133.43|       0.6|    0.0062|
|      301.01|      32.523|      405.45|     -104.45|      143.85|       0.6|    0.0062|
|      269.27|      28.607|       416.3|     -147.03|      169.72|      0.61|    0.0063|
|      610.93|      114.39|      1129.5|     -518.56|      421.15|       0.6|    0.0062|
|      268.08|      58.484|      535.24|     -267.16|       219.8|       0.6|    0.0061|
|      265.06|      27.396|      421.19|     -156.13|      171.45|       0.6|    0.0062|
|      253.14|      7.1922|      471.82|     -218.68|       204.6|      0.61|    0.0062|
|      254.15|      12.546|      447.03|     -192.88|      191.95|       0.6|    0.0063|
|      252.83|      1.0255|      464.35|     -211.53|      201.47|      0.61|    0.0064|
|      260.92|      24.885|      427.52|     -166.61|       174.8|      0.61|    0.0062|
|      252.82|     0.41914|       463.6|     -210.78|      201.12|       0.6|    0.0062|
|      252.82|     0.13428|      463.11|      -210.3|       200.9|      0.61|    0.0064|
Optimization result:
  message: CONVERGENCE: RELATIVE REDUCTION OF F <= FACTR*EPSMCH
  success: True
   status: 0
      fun: 252.81866670057815
        x: [-4.605e+00 -2.184e-01 ... -2.877e-01 -9.463e-02]
      nit: 4
      jac: [ 7.970e-04  1.273e-02 ... -7.045e-09  3.531e-03]
     nfev: 16
     njev: 16
 hess_inv: <17x17 LbfgsInvHessProduct with dtype=float64>
|        logP|       dlogP|     y^T.K.y|     log|K| |     Cond(K)|  GPU time|  CPU time|
|------------|------------|------------|------------|------------|----------|----------|
|      625.63|      70.917|      1166.7|     -541.11|      432.25|       4.2|    0.0073|
|      282.63|      23.734|      406.04|     -123.41|       133.9|      0.58|    0.0063|
|      282.46|      23.745|         406|     -123.54|      134.33|      0.57|    0.0063|
|      281.79|      23.774|      405.85|     -124.06|      136.05|      0.58|    0.0062|
|      279.09|      23.699|      405.41|     -126.32|       142.9|      0.57|    0.0064|
|      268.85|      20.886|      407.06|     -138.21|      169.12|      0.57|    0.0064|
|      263.78|      17.966|      410.98|      -147.2|      183.62|      0.56|    0.0064|
|      263.56|      17.803|      411.24|     -147.68|      184.34|      0.57|    0.0063|
|      262.66|      17.131|      412.33|     -149.67|      187.23|      0.58|    0.0062|
|      259.47|      13.962|       417.8|     -158.34|       199.1|      0.57|    0.0062|
|      260.82|       28.56|      467.36|     -206.54|      252.45|      0.56|    0.0061|
|      255.99|      2.9271|      433.55|     -177.56|      222.54|      0.57|    0.0063|
|       257.5|      15.034|      453.15|     -195.65|      241.99|      0.57|    0.0063|
|      255.94|      1.9391|      434.73|     -178.79|      223.94|      0.56|    0.0063|
|       255.9|     0.29249|      437.32|     -181.42|      226.89|      0.57|    0.0063|
|       255.9|    0.024967|      436.96|     -181.06|      226.49|      0.57|    0.0063|
Optimization result:
  message: CONVERGENCE: RELATIVE REDUCTION OF F <= FACTR*EPSMCH
  success: True
   status: 0
      fun: 255.8975502902234
        x: [-3.210e+00 -2.877e-01 ... -2.877e-01 -7.374e-01]
      nit: 6
      jac: [ 2.027e-05  1.528e-04 ...  0.000e+00 -1.192e-02]
     nfev: 16
     njev: 16
 hess_inv: <17x17 LbfgsInvHessProduct with dtype=float64>
|        logP|       dlogP|     y^T.K.y|     log|K| |     Cond(K)|  GPU time|  CPU time|
|------------|------------|------------|------------|------------|----------|----------|
|      474.99|      120.48|      1009.1|     -534.08|       400.7|       4.2|    0.0075|
|      263.62|      27.497|      361.45|     -97.833|      129.88|      0.57|    0.0062|
|      263.45|      27.553|      361.42|     -97.964|      130.14|      0.58|    0.0062|
|      262.79|      27.767|      361.29|     -98.501|      131.16|      0.58|    0.0062|
|      260.09|      28.464|       360.9|     -100.81|      135.24|      0.57|    0.0063|
|      248.96|       28.93|      361.53|     -112.57|      150.21|      0.57|    0.0062|
|      206.99|      18.019|      406.24|     -199.24|      199.96|      0.57|    0.0062|
|      467.58|      98.372|      1001.8|     -534.25|      398.59|      0.44|    0.0086|
|      245.24|      85.538|      580.44|      -335.2|      236.33|      0.54|    0.0063|
|      203.94|      8.7884|      445.73|     -241.79|      215.13|      0.56|    0.0063|
|       203.7|      5.7131|      425.77|     -222.06|      208.95|      0.57|    0.0062|
|      203.64|      4.9786|      426.84|      -223.2|      209.34|      0.56|    0.0062|
|      203.45|      1.0912|      435.36|     -231.91|      212.21|      0.57|    0.0062|
|      203.44|     0.28238|      433.67|     -230.23|      211.68|      0.57|    0.0062|
|      203.44|      0.2339|      433.86|     -230.42|      211.74|      0.57|    0.0061|
Optimization result:
  message: CONVERGENCE: RELATIVE REDUCTION OF F <= FACTR*EPSMCH
  success: True
   status: 0
      fun: 203.43629015494162
        x: [-3.072e+00 -1.838e-01 ... -2.877e-01  1.015e-01]
      nit: 6
      jac: [ 6.110e-03  2.601e-02 ...  1.011e-09 -2.428e-02]
     nfev: 15
     njev: 15
 hess_inv: <17x17 LbfgsInvHessProduct with dtype=float64>
Running seed: 42
|        logP|       dlogP|     y^T.K.y|     log|K| |     Cond(K)|  GPU time|  CPU time|
|------------|------------|------------|------------|------------|----------|----------|
|      757.81|      115.11|      1297.4|     -539.56|       429.4|       4.1|    0.0074|
|      324.41|      28.984|      406.72|       -82.3|      149.85|      0.58|    0.0062|
|      324.27|      29.062|      406.67|     -82.394|      150.03|      0.58|    0.0062|
|       323.7|      29.373|      406.47|     -82.777|      150.74|      0.59|    0.0061|
|      321.33|       30.52|      405.74|     -84.408|      153.46|      0.58|    0.0061|
|      311.19|      33.301|      403.81|     -92.627|      162.36|      0.59|    0.0061|
|       271.4|      22.688|      427.69|     -156.29|       188.9|      0.59|    0.0061|
|      739.27|      80.856|      1276.8|     -537.55|      416.84|       0.6|    0.0082|
|      344.42|      168.44|      639.08|     -294.66|      233.06|      0.59|    0.0061|
|       267.5|      8.0837|      457.56|     -190.06|      201.44|      0.59|    0.0061|
|      267.37|      5.7258|      444.79|     -177.42|      196.91|      0.59|    0.0061|
|      267.34|      5.1453|      445.34|        -178|      197.13|      0.59|    0.0061|
|      267.23|      2.7464|      447.58|     -180.35|      197.99|      0.59|    0.0061|
|      267.19|     0.38508|      450.47|     -183.29|      199.05|      0.59|    0.0061|
|      267.19|     0.07055|       450.1|     -182.92|      198.92|      0.59|    0.0061|
Optimization result:
  message: CONVERGENCE: RELATIVE REDUCTION OF F <= FACTR*EPSMCH
  success: True
   status: 0
      fun: 267.1865335867988
        x: [-4.605e+00 -2.877e-01 ... -2.877e-01 -2.915e-01]
      nit: 5
      jac: [ 3.990e-04  5.953e-03 ... -2.516e-10 -1.620e-02]
     nfev: 15
     njev: 15
 hess_inv: <17x17 LbfgsInvHessProduct with dtype=float64>
|        logP|       dlogP|     y^T.K.y|     log|K| |     Cond(K)|  GPU time|  CPU time|
|------------|------------|------------|------------|------------|----------|----------|
|      635.68|      125.78|      1167.3|     -531.57|       430.6|       4.1|    0.0072|
|      316.04|      29.023|      422.38|     -106.34|      137.82|      0.56|    0.0061|
|      315.88|      29.161|      422.31|     -106.44|      138.09|      0.56|    0.0061|
|      315.23|      29.712|      422.06|     -106.84|      139.18|      0.55|    0.0063|
|      312.51|      31.848|      421.06|     -108.54|       143.6|      0.56|     0.006|
|         300|      38.615|      417.36|     -117.36|      161.86|      0.56|     0.006|
|      244.42|      26.671|      435.38|     -190.95|      246.73|      0.55|     0.006|
|       629.1|      107.36|      1160.8|     -531.71|       428.1|      0.43|    0.0082|
|       310.4|      149.11|      634.38|     -323.98|      311.53|      0.56|      0.01|
|       239.8|      11.342|      469.89|     -230.09|      276.47|      0.61|      0.01|
|      239.51|      7.4076|      452.97|     -213.46|      265.13|      0.61|      0.01|
|      239.43|      6.3407|      453.94|     -214.51|       265.9|      0.55|    0.0061|
|      239.22|      1.0782|      460.62|      -221.4|      270.78|      0.55|    0.0061|
|      239.21|     0.19528|      459.53|     -220.32|      270.04|      0.55|    0.0061|
|      239.21|     0.14333|      459.64|     -220.43|      270.12|      0.56|     0.006|
Optimization result:
  message: CONVERGENCE: RELATIVE REDUCTION OF F <= FACTR*EPSMCH
  success: True
   status: 0
      fun: 239.2103648981827
        x: [-3.178e+00 -2.877e-01 ... -2.877e-01 -6.970e-02]
      nit: 6
      jac: [ 3.371e-03  1.417e-02 ...  1.724e-09 -1.291e-02]
     nfev: 15
     njev: 15
 hess_inv: <17x17 LbfgsInvHessProduct with dtype=float64>
|        logP|       dlogP|     y^T.K.y|     log|K| |     Cond(K)|  GPU time|  CPU time|
|------------|------------|------------|------------|------------|----------|----------|
|       623.3|      111.95|      1156.6|     -533.31|      401.04|       4.1|    0.0074|
|      278.08|      25.181|      370.05|     -91.978|      115.49|      0.56|    0.0061|
|      277.97|      25.191|      370.04|     -92.066|      115.72|      0.57|    0.0062|
|      277.55|      25.226|      369.97|     -92.424|      116.63|      0.57|    0.0061|
|      275.86|      25.277|      369.78|     -93.921|      120.24|      0.56|     0.006|
|      269.23|      23.826|      370.23|        -101|      134.35|      0.57|    0.0062|
|      254.38|      3.7134|      401.35|     -146.97|      192.65|      0.57|    0.0061|
|      387.48|      118.59|      753.78|      -366.3|      289.53|      0.58|     0.006|
|      258.47|      20.299|       450.4|     -191.93|      234.44|      0.58|    0.0062|
|      254.17|      2.2181|      405.24|     -151.06|      197.01|      0.57|     0.006|
|      254.09|      1.0362|      412.84|     -158.75|      204.94|      0.58|    0.0061|
|      254.07|     0.18352|       410.1|     -156.03|      202.18|      0.58|    0.0061|
|      254.07|    0.014919|      410.49|     -156.42|      202.58|      0.58|    0.0061|
Optimization result:
  message: CONVERGENCE: RELATIVE REDUCTION OF F <= FACTR*EPSMCH
  success: True
   status: 0
      fun: 254.07408644741653
        x: [-4.605e+00 -2.877e-01 ... -2.877e-01 -7.231e-01]
      nit: 6
      jac: [ 3.947e-05  6.737e-04 ...  4.552e-10 -6.325e-03]
     nfev: 13
     njev: 13
 hess_inv: <17x17 LbfgsInvHessProduct with dtype=float64>
|        logP|       dlogP|     y^T.K.y|     log|K| |     Cond(K)|  GPU time|  CPU time|
|------------|------------|------------|------------|------------|----------|----------|
|      533.15|      100.04|      1064.2|     -531.03|       403.8|       4.1|    0.0073|
|         343|      28.363|      448.84|     -105.83|      115.47|      0.57|    0.0063|
|      342.85|      28.409|      448.79|     -105.94|      115.76|      0.57|    0.0067|
|      342.25|      28.588|      448.61|     -106.36|      116.91|      0.57|    0.0064|
|      339.78|      29.228|      447.93|     -108.15|      121.48|      0.57|    0.0063|
|       329.5|      30.877|      446.43|     -116.93|      138.77|      0.57|    0.0064|
|      282.92|      32.646|      466.17|     -183.26|      192.54|      0.57|    0.0062|
|      518.12|      72.163|      1047.2|      -529.1|      393.41|       0.6|    0.0084|
|      313.37|      86.654|      637.56|     -324.19|      255.79|      0.59|    0.0064|
|      271.88|      3.8684|      505.62|     -233.74|      213.16|      0.59|    0.0061|
|         272|       5.806|      495.71|     -223.71|      209.85|      0.59|    0.0062|
|      271.88|      3.8686|      505.62|     -233.74|      213.16|      0.58|    0.0062|
|      313.56|      33.284|      448.31|     -134.75|      160.33|      0.58|    0.0061|
|       271.8|     0.29871|      501.91|     -230.11|      212.01|      0.58|    0.0061|
|       271.8|     0.12844|      501.65|     -229.85|      211.92|      0.59|    0.0062|
Optimization result:
  message: CONVERGENCE: RELATIVE REDUCTION OF F <= FACTR*EPSMCH
  success: True
   status: 0
      fun: 271.7972829361863
        x: [-4.605e+00 -2.877e-01 ... -2.877e-01  9.060e-02]
      nit: 4
      jac: [ 7.529e-04  1.140e-02 ...  1.917e-25  1.900e-02]
     nfev: 15
     njev: 15
 hess_inv: <17x17 LbfgsInvHessProduct with dtype=float64>
|        logP|       dlogP|     y^T.K.y|     log|K| |     Cond(K)|  GPU time|  CPU time|
|------------|------------|------------|------------|------------|----------|----------|
|      493.17|        98.9|      1031.7|      -538.5|      400.52|       4.1|    0.0073|
|      273.58|      25.631|      387.08|      -113.5|      137.82|      0.61|    0.0062|
|      273.44|      25.631|      387.05|     -113.61|      138.09|      0.61|    0.0062|
|      272.88|      25.618|      386.96|     -114.08|      139.16|      0.61|    0.0063|
|      270.66|      25.411|      386.71|     -116.05|      143.53|      0.61|    0.0062|
|      262.26|      22.203|       388.1|     -125.84|      161.59|      0.61|    0.0063|
|      240.42|      10.568|      436.44|     -196.02|      245.29|       0.6|    0.0062|
|       490.1|      88.077|      1028.3|     -538.23|      396.28|      0.46|    0.0083|
|      271.62|      84.863|      594.79|     -323.18|      310.44|      0.59|    0.0062|
|      238.16|      2.5576|      469.96|      -231.8|      274.65|      0.61|    0.0064|
|      238.16|      2.3604|      459.33|     -221.17|      267.06|      0.59|    0.0062|
|      488.53|      86.205|      1026.3|      -537.8|      394.08|      0.47|    0.0083|
|      285.79|      100.68|      626.61|     -340.81|      313.57|      0.57|    0.0063|
|      239.71|      13.792|      489.72|     -250.01|      285.56|       0.6|    0.0062|
|      238.09|     0.21188|       465.1|     -227.01|      271.35|       0.6|    0.0063|
|      238.09|    0.047261|      464.58|      -226.5|      270.98|      0.61|    0.0062|
Optimization result:
  message: CONVERGENCE: RELATIVE REDUCTION OF F <= FACTR*EPSMCH
  success: True
   status: 0
      fun: 238.08586946413422
        x: [-3.172e+00 -1.824e-01 ... -2.877e-01 -5.552e-02]
      nit: 4
      jac: [ 8.626e-04  3.894e-03 ... -5.593e-09 -2.846e-02]
     nfev: 16
     njev: 16
 hess_inv: <17x17 LbfgsInvHessProduct with dtype=float64>
Average scores:	 rmse: 14.61±0.86	 r2: 0.41±0.06
Filename: (MG-COUNT)_(MGK_Graph-Matern32_product)_joint_mean_feat_transformerOFF_target_transformerOFF

------------------------------------------------------------
Sender: LSF System <lsfadmin@gpu11>
Subject: Job 53432: <structure_numerical_20260427> in cluster <Hazel> Done

Job <structure_numerical_20260427> was submitted from host <gpu11> by user <sdehgha2> in cluster <Hazel> at Mon Apr 27 14:31:29 2026
Job was executed on host(s) <gpu11>, in queue <gpu>, as user <sdehgha2> in cluster <Hazel> at Mon Apr 27 14:31:29 2026
</home/sdehgha2> was used as the home directory.
</share/ddomlab/sdehgha2/working_space/GP_collab/code_python/training/hpc_submit_training_GP> was used as the working directory.
Started at Mon Apr 27 14:31:29 2026
Terminated at Mon Apr 27 14:38:32 2026
Results reported at Mon Apr 27 14:38:32 2026

Your job looked like:

------------------------------------------------------------
# LSBATCH: User input


#BSUB -n 1
#BSUB -W 8:40
#BSUB -q gpu
#BSUB -gpu "num=1:mode=shared:mps=no"
#BSUB -R "rusage[mem=32GB]"
#BSUB -J "structure_numerical_20260427"
#BSUB -o "/share/ddomlab/sdehgha2/working_space/GP_collab/results/HPC_history/hpc_20260427/Understanding and Designing a High-Performance Ultrafiltration Membrane Using Machine Learning/MGK_product_GPU.out"
#BSUB -e "/share/ddomlab/sdehgha2/working_space/GP_collab/results/HPC_history/hpc_20260427/Understanding and Designing a High-Performance Ultrafiltration Membrane Using Machine Learning/MGK_product_GPU.err"

source ~/.bashrc
module load cuda/12.1
module load gcc/9.3.0
conda activate /usr/local/usrapps/ddomlab/sdehgha2/env12

python ../train_structure_numerical.py  --Kernel_mixing_method product                                         --paper "Understanding and Designing a High-Performance Ultrafiltration Membrane Using Machine Learning"                                         --dataset "cleaned_dataset_Ultrafiltration Membrane"


------------------------------------------------------------

Successfully completed.

Resource usage summary:

    CPU time :                                   360.00 sec.
    Max Memory :                                 2 GB
    Average Memory :                             0.93 GB
    Total Requested Memory :                     32.00 GB
    Delta Memory :                               30.00 GB
    Max Swap :                                   -
    Max Processes :                              14
    Max Threads :                                18
    Run time :                                   421 sec.
    Turnaround time :                            423 sec.

The output (if any) is above this job summary.



PS:

Read file </share/ddomlab/sdehgha2/working_space/GP_collab/results/HPC_history/hpc_20260427/Understanding and Designing a High-Performance Ultrafiltration Membrane Using Machine Learning/MGK_product_GPU.err> for stderr output of this job.


------------------------------------------------------------
Sender: LSF System <lsfadmin@gpu01>
Subject: Job 53973: <structure_numerical_20260427> in cluster <Hazel> Exited

Job <structure_numerical_20260427> was submitted from host <gpu01> by user <sdehgha2> in cluster <Hazel> at Mon Apr 27 15:28:35 2026
Job was executed on host(s) <gpu01>, in queue <gpu>, as user <sdehgha2> in cluster <Hazel> at Mon Apr 27 15:28:35 2026
</home/sdehgha2> was used as the home directory.
</share/ddomlab/sdehgha2/working_space/GP_collab/code_python/training/hpc_submit_training_GP> was used as the working directory.
Started at Mon Apr 27 15:28:35 2026
Terminated at Mon Apr 27 15:28:55 2026
Results reported at Mon Apr 27 15:28:55 2026

Your job looked like:

------------------------------------------------------------
# LSBATCH: User input


#BSUB -n 1
#BSUB -W 1:40
#BSUB -q gpu
#BSUB -gpu "num=1:mode=shared:mps=no"
#BSUB -R "rusage[mem=32GB]"
#BSUB -J "structure_numerical_20260427"
#BSUB -o "/share/ddomlab/sdehgha2/working_space/GP_collab/results/HPC_history/hpc_20260427/Understanding and Designing a High-Performance Ultrafiltration Membrane Using Machine Learning/MGK_product_GPU.out"
#BSUB -e "/share/ddomlab/sdehgha2/working_space/GP_collab/results/HPC_history/hpc_20260427/Understanding and Designing a High-Performance Ultrafiltration Membrane Using Machine Learning/MGK_product_GPU.err"

source ~/.bashrc
module load cuda/12.1
module load gcc/9.3.0
conda activate /usr/local/usrapps/ddomlab/sdehgha2/env12

python ../train_structure_numerical.py  --Kernel_mixing_method product                                         --paper "Understanding and Designing a High-Performance Ultrafiltration Membrane Using Machine Learning"                                         --dataset "cleaned_dataset_Ultrafiltration Membrane"


------------------------------------------------------------

Exited with exit code 1.

Resource usage summary:

    CPU time :                                   9.52 sec.
    Max Memory :                                 -
    Average Memory :                             -
    Total Requested Memory :                     32.00 GB
    Delta Memory :                               -
    Max Swap :                                   -
    Max Processes :                              4
    Max Threads :                                5
    Run time :                                   18 sec.
    Turnaround time :                            20 sec.

The output (if any) is above this job summary.



PS:

Read file </share/ddomlab/sdehgha2/working_space/GP_collab/results/HPC_history/hpc_20260427/Understanding and Designing a High-Performance Ultrafiltration Membrane Using Machine Learning/MGK_product_GPU.err> for stderr output of this job.

