Running seed: 6
No hyperparameter optimization
Running seed: 13
No hyperparameter optimization
Running seed: 42
No hyperparameter optimization
Average scores:	 rmse: 2.02±0.19	 r2: 0.57±0.05
Filename: (ECFP3_count_512-COUNT)_RF_hypOFF_Standard_Standard
Running seed: 6
No hyperparameter optimization
Running seed: 13
No hyperparameter optimization
Running seed: 42
No hyperparameter optimization
Average scores:	 rmse: 2.1±0.17	 r2: 0.53±0.05
Filename: (ECFP3_count_512-COUNT)_XGBR_hypOFF_Standard_Standard
Running seed: 6
No hyperparameter optimization
Running seed: 13
No hyperparameter optimization
Running seed: 42
No hyperparameter optimization
Average scores:	 rmse: 2.03±0.17	 r2: 0.56±0.04
Filename: (ECFP3_count_512-COUNT)_NGB_hypOFF_Standard_Standard
[14:00:32] WARNING: /croot/xgboost-split_1712794674171/work/src/learner.cc:767: 
Parameters: { "verbose" } are not used.

[14:00:32] WARNING: /croot/xgboost-split_1712794674171/work/src/learner.cc:767: 
Parameters: { "verbose" } are not used.

[14:00:32] WARNING: /croot/xgboost-split_1712794674171/work/src/learner.cc:767: 
Parameters: { "verbose" } are not used.

[14:00:32] WARNING: /croot/xgboost-split_1712794674171/work/src/learner.cc:767: 
Parameters: { "verbose" } are not used.

[14:00:32] WARNING: /croot/xgboost-split_1712794674171/work/src/learner.cc:767: 
Parameters: { "verbose" } are not used.

[14:00:42] WARNING: /croot/xgboost-split_1712794674171/work/src/learner.cc:767: 
Parameters: { "verbose" } are not used.

[14:00:42] WARNING: /croot/xgboost-split_1712794674171/work/src/learner.cc:767: 
Parameters: { "verbose" } are not used.

[14:00:42] WARNING: /croot/xgboost-split_1712794674171/work/src/learner.cc:767: 
Parameters: { "verbose" } are not used.

[14:00:42] WARNING: /croot/xgboost-split_1712794674171/work/src/learner.cc:767: 
Parameters: { "verbose" } are not used.

[14:00:42] WARNING: /croot/xgboost-split_1712794674171/work/src/learner.cc:767: 
Parameters: { "verbose" } are not used.

[14:00:52] WARNING: /croot/xgboost-split_1712794674171/work/src/learner.cc:767: 
Parameters: { "verbose" } are not used.

[14:00:52] WARNING: /croot/xgboost-split_1712794674171/work/src/learner.cc:767: 
Parameters: { "verbose" } are not used.

[14:00:52] WARNING: /croot/xgboost-split_1712794674171/work/src/learner.cc:767: 
Parameters: { "verbose" } are not used.

[14:00:52] WARNING: /croot/xgboost-split_1712794674171/work/src/learner.cc:767: 
Parameters: { "verbose" } are not used.

[14:00:52] WARNING: /croot/xgboost-split_1712794674171/work/src/learner.cc:767: 
Parameters: { "verbose" } are not used.


------------------------------------------------------------
Sender: LSF System <lsfadmin@c051n01>
Subject: Job 9832: <structure_numerical_20260119> in cluster <Hazel> Done

Job <structure_numerical_20260119> was submitted from host <c051n01> by user <sdehgha2> in cluster <Hazel> at Mon Jan 19 13:58:49 2026
Job was executed on host(s) <6*c051n01>, in queue <short>, as user <sdehgha2> in cluster <Hazel> at Mon Jan 19 13:58:50 2026
</tmp/.lsbtmp404534> was used as the home directory.
</share/ddomlab/sdehgha2/working-space/main/_colab_GP/GP_collab/code_python/training/hpc_submit_training_GP> was used as the working directory.
Started at Mon Jan 19 13:58:50 2026
Terminated at Mon Jan 19 14:02:10 2026
Results reported at Mon Jan 19 14:02:10 2026

Your job looked like:

------------------------------------------------------------
# LSBATCH: User input

#BSUB -n 6
#BSUB -W 2:00
#BSUB -R span[hosts=1]
#BSUB -R "rusage[mem=32GB]"
#BSUB -J "structure_numerical_20260119"
#BSUB -o "/share/ddomlab/sdehgha2/working-space/main/_colab_GP/GP_collab/results/HPC_history/hpc_20260119/Beyond molecular structure_ critically assessing machine learning for designing organic photovoltaic materials and devices/structure_numericalRF-XGB-NGB_20260119.out"
#BSUB -e "/share/ddomlab/sdehgha2/working-space/main/_colab_GP/GP_collab/results/HPC_history/hpc_20260119/Beyond molecular structure_ critically assessing machine learning for designing organic photovoltaic materials and devices/structure_numericalRF-XGB-NGB_20260119.err"

source ~/.bashrc
conda activate /usr/local/usrapps/ddomlab/sdehgha2/torch_cpu
python ../train_structure_numerical.py --dataset "Beyond molecular structure_seifrid_imputed"                                         --paper "Beyond molecular structure_ critically assessing machine learning for designing organic photovoltaic materials and devices"                                          


------------------------------------------------------------

Successfully completed.

Resource usage summary:

    CPU time :                                   777.37 sec.
    Max Memory :                                 9 GB
    Average Memory :                             3.62 GB
    Total Requested Memory :                     32.00 GB
    Delta Memory :                               23.00 GB
    Max Swap :                                   -
    Max Processes :                              38
    Max Threads :                                65
    Run time :                                   201 sec.
    Turnaround time :                            201 sec.

The output (if any) is above this job summary.



PS:

Read file </share/ddomlab/sdehgha2/working-space/main/_colab_GP/GP_collab/results/HPC_history/hpc_20260119/Beyond molecular structure_ critically assessing machine learning for designing organic photovoltaic materials and devices/structure_numericalRF-XGB-NGB_20260119.err> for stderr output of this job.

