Running seed: 6
No hyperparameter optimization
Running seed: 6
No hyperparameter optimization
Running seed: 13
No hyperparameter optimization
Running seed: 42
No hyperparameter optimization
Average scores:	 rmse: 0.22±0.06	 r2: 0.85±0.08
Filename: (ECFP3_count_512-COUNT)_(GpyroMCMC_Tanimoto-RBF_product)_hypOFF_Standard_Standard

------------------------------------------------------------
Sender: LSF System <lsfadmin@c205n13>
Subject: Job 875365: <structure_numerical_20251231> in cluster <Hazel> Done

Job <structure_numerical_20251231> was submitted from host <c207n10> by user <sdehgha2> in cluster <Hazel> at Wed Dec 31 16:53:02 2025
Job was executed on host(s) <6*c205n13>, in queue <single_chassis>, as user <sdehgha2> in cluster <Hazel> at Wed Dec 31 16:53:03 2025
</tmp/.lsbtmp404534> was used as the home directory.
</share/ddomlab/sdehgha2/working-space/main/_colab_GP/GP_collab/code_/training/hpc_submit_training_GP> was used as the working directory.
Started at Wed Dec 31 16:53:03 2025
Terminated at Wed Dec 31 16:58:23 2025
Results reported at Wed Dec 31 16:58:23 2025

Your job looked like:

------------------------------------------------------------
# LSBATCH: User input

#BSUB -n 6
#BSUB -W 60:00
#BSUB -R span[hosts=1]
#BSUB -R "rusage[mem=32GB]"
#BSUB -J "structure_numerical_20251231"
#BSUB -o "/share/ddomlab/sdehgha2/working-space/main/_colab_GP/GP_collab/results/HPC_history/hpc_20251231/structure_numericalGPMixMCMC_20251231.out"
#BSUB -e "/share/ddomlab/sdehgha2/working-space/main/_colab_GP/GP_collab/results/HPC_history/hpc_20251231/structure_numericalGPMixMCMC_20251231.err"

source ~/.bashrc
conda activate /usr/local/usrapps/ddomlab/sdehgha2/torch_cpu
python ../train_structure_numerical.py


------------------------------------------------------------

Successfully completed.

Resource usage summary:

    CPU time :                                   1059.00 sec.
    Max Memory :                                 7 GB
    Average Memory :                             2.82 GB
    Total Requested Memory :                     32.00 GB
    Delta Memory :                               25.00 GB
    Max Swap :                                   -
    Max Processes :                              30
    Max Threads :                                48
    Run time :                                   326 sec.
    Turnaround time :                            321 sec.

The output (if any) is above this job summary.



PS:

Read file </share/ddomlab/sdehgha2/working-space/main/_colab_GP/GP_collab/results/HPC_history/hpc_20251231/structure_numericalGPMixMCMC_20251231.err> for stderr output of this job.

Running seed: 6
No hyperparameter optimization
Running seed: 6
No hyperparameter optimization
Running seed: 13
No hyperparameter optimization
Running seed: 42
No hyperparameter optimization
Average scores:	 rmse: 0.22±0.05	 r2: 0.85±0.07
Filename: (ECFP3_count_512-COUNT)_(GpyroMCMC_TanimotoRBF-RBF_product)_hypOFF_Standard_Standard

------------------------------------------------------------
Sender: LSF System <lsfadmin@c205n13>
Subject: Job 875368: <structure_numerical_20251231> in cluster <Hazel> Done

Job <structure_numerical_20251231> was submitted from host <c207n10> by user <sdehgha2> in cluster <Hazel> at Wed Dec 31 16:55:14 2025
Job was executed on host(s) <6*c205n13>, in queue <single_chassis>, as user <sdehgha2> in cluster <Hazel> at Wed Dec 31 16:55:15 2025
</tmp/.lsbtmp404534> was used as the home directory.
</share/ddomlab/sdehgha2/working-space/main/_colab_GP/GP_collab/code_/training/hpc_submit_training_GP> was used as the working directory.
Started at Wed Dec 31 16:55:15 2025
Terminated at Wed Dec 31 16:59:50 2025
Results reported at Wed Dec 31 16:59:50 2025

Your job looked like:

------------------------------------------------------------
# LSBATCH: User input

#BSUB -n 6
#BSUB -W 10:00
#BSUB -R span[hosts=1]
#BSUB -R "rusage[mem=32GB]"
#BSUB -J "structure_numerical_20251231"
#BSUB -o "/share/ddomlab/sdehgha2/working-space/main/_colab_GP/GP_collab/results/HPC_history/hpc_20251231/structure_numericalGPMixMCMC_20251231.out"
#BSUB -e "/share/ddomlab/sdehgha2/working-space/main/_colab_GP/GP_collab/results/HPC_history/hpc_20251231/structure_numericalGPMixMCMC_20251231.err"

source ~/.bashrc
conda activate /usr/local/usrapps/ddomlab/sdehgha2/torch_cpu
python ../train_structure_numerical.py


------------------------------------------------------------

Successfully completed.

Resource usage summary:

    CPU time :                                   1125.18 sec.
    Max Memory :                                 7 GB
    Average Memory :                             2.90 GB
    Total Requested Memory :                     32.00 GB
    Delta Memory :                               25.00 GB
    Max Swap :                                   -
    Max Processes :                              30
    Max Threads :                                48
    Run time :                                   293 sec.
    Turnaround time :                            276 sec.

The output (if any) is above this job summary.



PS:

Read file </share/ddomlab/sdehgha2/working-space/main/_colab_GP/GP_collab/results/HPC_history/hpc_20251231/structure_numericalGPMixMCMC_20251231.err> for stderr output of this job.

Running seed: 13
No hyperparameter optimization
Running seed: 42
No hyperparameter optimization
Average scores:	 rmse: 0.22±0.06	 r2: 0.85±0.08
Filename: (ECFP3_count_512-COUNT)_(GpyroMCMC_TanimotoRBF-RBF_sum)_hypOFF_Standard_Standard

------------------------------------------------------------
Sender: LSF System <lsfadmin@c205n13>
Subject: Job 875390: <structure_numerical_20251231> in cluster <Hazel> Done

Job <structure_numerical_20251231> was submitted from host <c207n10> by user <sdehgha2> in cluster <Hazel> at Wed Dec 31 16:58:42 2025
Job was executed on host(s) <6*c205n13>, in queue <single_chassis>, as user <sdehgha2> in cluster <Hazel> at Wed Dec 31 16:58:43 2025
</tmp/.lsbtmp404534> was used as the home directory.
</share/ddomlab/sdehgha2/working-space/main/_colab_GP/GP_collab/code_/training/hpc_submit_training_GP> was used as the working directory.
Started at Wed Dec 31 16:58:43 2025
Terminated at Wed Dec 31 17:02:22 2025
Results reported at Wed Dec 31 17:02:22 2025

Your job looked like:

------------------------------------------------------------
# LSBATCH: User input

#BSUB -n 6
#BSUB -W 10:00
#BSUB -R span[hosts=1]
#BSUB -R "rusage[mem=32GB]"
#BSUB -J "structure_numerical_20251231"
#BSUB -o "/share/ddomlab/sdehgha2/working-space/main/_colab_GP/GP_collab/results/HPC_history/hpc_20251231/structure_numericalGPMixMCMC_20251231.out"
#BSUB -e "/share/ddomlab/sdehgha2/working-space/main/_colab_GP/GP_collab/results/HPC_history/hpc_20251231/structure_numericalGPMixMCMC_20251231.err"

source ~/.bashrc
conda activate /usr/local/usrapps/ddomlab/sdehgha2/torch_cpu
python ../train_structure_numerical.py


------------------------------------------------------------

Successfully completed.

Resource usage summary:

    CPU time :                                   836.00 sec.
    Max Memory :                                 6 GB
    Average Memory :                             2.62 GB
    Total Requested Memory :                     32.00 GB
    Delta Memory :                               26.00 GB
    Max Swap :                                   -
    Max Processes :                              30
    Max Threads :                                48
    Run time :                                   239 sec.
    Turnaround time :                            220 sec.

The output (if any) is above this job summary.



PS:

Read file </share/ddomlab/sdehgha2/working-space/main/_colab_GP/GP_collab/results/HPC_history/hpc_20251231/structure_numericalGPMixMCMC_20251231.err> for stderr output of this job.

Running seed: 13
No hyperparameter optimization
Running seed: 42
No hyperparameter optimization
Average scores:	 rmse: 0.22±0.06	 r2: 0.86±0.07
Filename: (ECFP3_count_512-COUNT)_(GpyroMCMC_Tanimoto-RBF_sum)_hypOFF_Standard_Standard

------------------------------------------------------------
Sender: LSF System <lsfadmin@c205n14>
Subject: Job 875393: <structure_numerical_20251231> in cluster <Hazel> Done

Job <structure_numerical_20251231> was submitted from host <c205n09> by user <sdehgha2> in cluster <Hazel> at Wed Dec 31 16:59:17 2025
Job was executed on host(s) <6*c205n14>, in queue <single_chassis>, as user <sdehgha2> in cluster <Hazel> at Wed Dec 31 16:59:19 2025
</tmp/.lsbtmp404534> was used as the home directory.
</share/ddomlab/sdehgha2/working-space/main/_colab_GP/GP_collab/code_/training/hpc_submit_training_GP> was used as the working directory.
Started at Wed Dec 31 16:59:19 2025
Terminated at Wed Dec 31 17:02:37 2025
Results reported at Wed Dec 31 17:02:37 2025

Your job looked like:

------------------------------------------------------------
# LSBATCH: User input

#BSUB -n 6
#BSUB -W 10:00
#BSUB -R span[hosts=1]
#BSUB -R "rusage[mem=32GB]"
#BSUB -J "structure_numerical_20251231"
#BSUB -o "/share/ddomlab/sdehgha2/working-space/main/_colab_GP/GP_collab/results/HPC_history/hpc_20251231/structure_numericalGPMixMCMC_20251231.out"
#BSUB -e "/share/ddomlab/sdehgha2/working-space/main/_colab_GP/GP_collab/results/HPC_history/hpc_20251231/structure_numericalGPMixMCMC_20251231.err"

source ~/.bashrc
conda activate /usr/local/usrapps/ddomlab/sdehgha2/torch_cpu
python ../train_structure_numerical.py


------------------------------------------------------------

Successfully completed.

Resource usage summary:

    CPU time :                                   701.34 sec.
    Max Memory :                                 6 GB
    Average Memory :                             2.67 GB
    Total Requested Memory :                     32.00 GB
    Delta Memory :                               26.00 GB
    Max Swap :                                   -
    Max Processes :                              30
    Max Threads :                                48
    Run time :                                   225 sec.
    Turnaround time :                            200 sec.

The output (if any) is above this job summary.



PS:

Read file </share/ddomlab/sdehgha2/working-space/main/_colab_GP/GP_collab/results/HPC_history/hpc_20251231/structure_numericalGPMixMCMC_20251231.err> for stderr output of this job.

