Data filtering and preprocessing took 0.05 seconds.
Running seed: 42
Filename: (ECFP3_count_512-COUNT)_RF_hypOFF_Standard_Standard

------------------------------------------------------------
Sender: LSF System <lsfadmin@c010n02>
Subject: Job 321428: <tree_selected_20260928_7> in cluster <Hazel> Done

Job <tree_selected_20260928_7> was submitted from host <login01.hpc.ncsu.edu> by user <sdehgha2> in cluster <Hazel> at Mon Sep 28 11:45:57 2026
Job was executed on host(s) <6*c010n02>, in queue <single_chassis>, as user <sdehgha2> in cluster <Hazel> at Mon Sep 28 11:59:03 2026
</home/sdehgha2> was used as the home directory.
</share/ddomlab/sdehgha2/working_space/GP_collab/code_python/training/hpc_submit_training_GP> was used as the working directory.
Started at Mon Sep 28 11:59:03 2026
Terminated at Mon Sep 28 12:01:02 2026
Results reported at Mon Sep 28 12:01:02 2026

Your job looked like:

------------------------------------------------------------
# LSBATCH: User input
#BSUB -n 6
#BSUB -W 5:00
#BSUB -R span[hosts=1]
#BSUB -R "rusage[mem=32GB]"
#BSUB -J "tree_selected_20260928_7"
#BSUB -o "/share/ddomlab/sdehgha2/working_space/GP_collab/results/HPC_history/hpc_20260928/Miniaturization of Popular Reactions from the Medicinal Chemists Toolbox for Ultrahigh_Throughput Experimentation/RF_cleaned_suzuki_synthesis_CPU.out"
#BSUB -e "/share/ddomlab/sdehgha2/working_space/GP_collab/results/HPC_history/hpc_20260928/Miniaturization of Popular Reactions from the Medicinal Chemists Toolbox for Ultrahigh_Throughput Experimentation/RF_cleaned_suzuki_synthesis_CPU.err"

source ~/.bashrc
conda activate /usr/local/usrapps/ddomlab/sdehgha2/env12

python ../train_structure_numerical.py --regressor_type "RF"                                         --dataset "cleaned_suzuki_synthesis"                                         --paper "Miniaturization of Popular Reactions from the Medicinal Chemists Toolbox for Ultrahigh_Throughput Experimentation"                                         --clustering_method "structure_cluster"

------------------------------------------------------------

Successfully completed.

Resource usage summary:

    CPU time :                                   440.09 sec.
    Max Memory :                                 3 GB
    Average Memory :                             1.50 GB
    Total Requested Memory :                     32.00 GB
    Delta Memory :                               29.00 GB
    Max Swap :                                   -
    Max Processes :                              12
    Max Threads :                                15
    Run time :                                   127 sec.
    Turnaround time :                            905 sec.

The output (if any) is above this job summary.



PS:

Read file </share/ddomlab/sdehgha2/working_space/GP_collab/results/HPC_history/hpc_20260928/Miniaturization of Popular Reactions from the Medicinal Chemists Toolbox for Ultrahigh_Throughput Experimentation/RF_cleaned_suzuki_synthesis_CPU.err> for stderr output of this job.

Data filtering and preprocessing took 0.04 seconds.
Running seed: 42
Filename: (ECFP3_count_512-COUNT)_RF_hypOFF_Standard_Standard

------------------------------------------------------------
Sender: LSF System <lsfadmin@c019n04>
Subject: Job 322275: <tree_selected_20260928_13> in cluster <Hazel> Done

Job <tree_selected_20260928_13> was submitted from host <login01.hpc.ncsu.edu> by user <sdehgha2> in cluster <Hazel> at Mon Sep 28 18:22:52 2026
Job was executed on host(s) <6*c019n04>, in queue <single_chassis>, as user <sdehgha2> in cluster <Hazel> at Mon Sep 28 19:47:05 2026
</home/sdehgha2> was used as the home directory.
</share/ddomlab/sdehgha2/working_space/GP_collab/code_python/training/hpc_submit_training_GP> was used as the working directory.
Started at Mon Sep 28 19:47:05 2026
Terminated at Mon Sep 28 19:49:23 2026
Results reported at Mon Sep 28 19:49:23 2026

Your job looked like:

------------------------------------------------------------
# LSBATCH: User input
#BSUB -n 6
#BSUB -W 5:00
#BSUB -R span[hosts=1]
#BSUB -R "rusage[mem=32GB]"
#BSUB -J "tree_selected_20260928_13"
#BSUB -o "/share/ddomlab/sdehgha2/working_space/GP_collab/results/HPC_history/hpc_20260928/Miniaturization of Popular Reactions from the Medicinal Chemists Toolbox for Ultrahigh_Throughput Experimentation/RF_cleaned_suzuki_synthesis_CPU.out"
#BSUB -e "/share/ddomlab/sdehgha2/working_space/GP_collab/results/HPC_history/hpc_20260928/Miniaturization of Popular Reactions from the Medicinal Chemists Toolbox for Ultrahigh_Throughput Experimentation/RF_cleaned_suzuki_synthesis_CPU.err"

source ~/.bashrc
conda activate /usr/local/usrapps/ddomlab/sdehgha2/env12

python ../train_structure_numerical.py --regressor_type "RF"                                         --dataset "cleaned_suzuki_synthesis"                                         --paper "Miniaturization of Popular Reactions from the Medicinal Chemists Toolbox for Ultrahigh_Throughput Experimentation"                                         --clustering_method "continuous_cluster"

------------------------------------------------------------

Successfully completed.

Resource usage summary:

    CPU time :                                   536.70 sec.
    Max Memory :                                 3 GB
    Average Memory :                             1.50 GB
    Total Requested Memory :                     32.00 GB
    Delta Memory :                               29.00 GB
    Max Swap :                                   -
    Max Processes :                              12
    Max Threads :                                15
    Run time :                                   139 sec.
    Turnaround time :                            5191 sec.

The output (if any) is above this job summary.



PS:

Read file </share/ddomlab/sdehgha2/working_space/GP_collab/results/HPC_history/hpc_20260928/Miniaturization of Popular Reactions from the Medicinal Chemists Toolbox for Ultrahigh_Throughput Experimentation/RF_cleaned_suzuki_synthesis_CPU.err> for stderr output of this job.

