MGK regressor, only scaling numerical features
Running seed: 6
Running seed: 13
Running seed: 42
Average scores:	 rmse: 67.41±7.28	 r2: 0.81±0.06
Filename: (MG-COUNT)_(MGK_Graph-Matern32_product)_mean_hypOFF_Standard_Standard_GPU
MGK regressor, only scaling numerical features
Running seed: 6
Running seed: 13
Running seed: 42
Average scores:	 rmse: 9.84±1.45	 r2: 0.62±0.17
Filename: (MG-COUNT)_(MGK_Graph-Matern32_product)_mean_hypOFF_Standard_Standard_GPU
MGK regressor, only scaling numerical features
Running seed: 6
Running seed: 13
Running seed: 42
Average scores:	 rmse: 10.67±1.59	 r2: 0.68±0.09
Filename: (MG-COUNT)_(MGK_Graph-Matern32_product)_mean_hypOFF_Standard_Standard_GPU
MGK regressor, only scaling numerical features
Running seed: 6
Running seed: 13
Running seed: 42
Average scores:	 rmse: 9.44±1.32	 r2: 0.45±0.12
Filename: (MG-COUNT)_(MGK_Graph-Matern32_product)_mean_hypOFF_Standard_Standard_GPU
MGK regressor, only scaling numerical features
Running seed: 6
Running seed: 13
Running seed: 42
Average scores:	 rmse: 9.42±1.61	 r2: 0.76±0.08
Filename: (MG-COUNT)_(MGK_Graph-Matern32_product)_mean_hypOFF_Standard_Standard_GPU
MGK regressor, only scaling numerical features
Running seed: 6
Running seed: 13
Running seed: 42
Average scores:	 rmse: 9.42±1.33	 r2: 0.45±0.13
Filename: (MG-COUNT)_(MGK_Graph-Matern32_product)_mean_hypOFF_Standard_Standard_GPU

------------------------------------------------------------
Sender: LSF System <lsfadmin@gpu13>
Subject: Job 439704: <structure_numerical_20260611> in cluster <Hazel> Done

Job <structure_numerical_20260611> was submitted from host <gpu12> by user <sdehgha2> in cluster <Hazel> at Thu Jun 11 15:22:00 2026
Job was executed on host(s) <gpu13>, in queue <gpu>, as user <sdehgha2> in cluster <Hazel> at Thu Jun 11 16:51:53 2026
</home/sdehgha2> was used as the home directory.
</share/ddomlab/sdehgha2/working_space/GP_collab/code_python/training/hpc_submit_training_GP> was used as the working directory.
Started at Thu Jun 11 16:51:53 2026
Terminated at Thu Jun 11 17:34:25 2026
Results reported at Thu Jun 11 17:34:25 2026

Your job looked like:

------------------------------------------------------------
# LSBATCH: User input

#BSUB -n 1
#BSUB -W 8:50
#BSUB -q gpu
#BSUB -gpu "num=1:mode=shared:mps=no"
#BSUB -R "rusage[mem=32GB]"
#BSUB -J "structure_numerical_20260611"
#BSUB -o "/share/ddomlab/sdehgha2/working_space/GP_collab/results/HPC_history/hpc_20260611/Understanding and Designing a High-Performance Ultrafiltration Membrane Using Machine Learning/MGK_Graph_Matern32_product_GPU.out"
#BSUB -e "/share/ddomlab/sdehgha2/working_space/GP_collab/results/HPC_history/hpc_20260611/Understanding and Designing a High-Performance Ultrafiltration Membrane Using Machine Learning/MGK_Graph_Matern32_product_GPU.err"

source ~/.bashrc
module load cuda/12.1
module load gcc/9.3.0
conda activate /usr/local/usrapps/ddomlab/sdehgha2/env12

python ../train_structure_numerical.py --K_fp Graph                                         --K_count Matern32                                         --Kernel_mixing_method product                                         --dataset "cleaned_dataset_Ultrafiltration Membrane"                                         --paper "Understanding and Designing a High-Performance Ultrafiltration Membrane Using Machine Learning"                                         --regressor_type "MGK"                                         --kernel_feature_mode "per_feature"





------------------------------------------------------------

Successfully completed.

Resource usage summary:

    CPU time :                                   2439.50 sec.
    Max Memory :                                 2 GB
    Average Memory :                             0.99 GB
    Total Requested Memory :                     32.00 GB
    Delta Memory :                               30.00 GB
    Max Swap :                                   -
    Max Processes :                              14
    Max Threads :                                19
    Run time :                                   2557 sec.
    Turnaround time :                            7945 sec.

The output (if any) is above this job summary.



PS:

Read file </share/ddomlab/sdehgha2/working_space/GP_collab/results/HPC_history/hpc_20260611/Understanding and Designing a High-Performance Ultrafiltration Membrane Using Machine Learning/MGK_Graph_Matern32_product_GPU.err> for stderr output of this job.

