MGK regressor, only scaling numerical features
Running seed: 42

------------------------------------------------------------
Sender: LSF System <lsfadmin@gpu15>
Subject: Job 321791: <mgk_all_20260928_27> in cluster <Hazel> Exited

Job <mgk_all_20260928_27> was submitted from host <login01.hpc.ncsu.edu> by user <sdehgha2> in cluster <Hazel> at Mon Sep 28 13:28:45 2026
Job was executed on host(s) <gpu15>, in queue <short_gpu>, as user <sdehgha2> in cluster <Hazel> at Mon Sep 28 15:49:28 2026
</home/sdehgha2> was used as the home directory.
</share/ddomlab/sdehgha2/working_space/GP_collab/code_python/training/hpc_submit_training_GP> was used as the working directory.
Started at Mon Sep 28 15:49:28 2026
Terminated at Mon Sep 28 16:22:23 2026
Results reported at Mon Sep 28 16:22:23 2026

Your job looked like:

------------------------------------------------------------
# LSBATCH: User input
#BSUB -n 1
#BSUB -W 1:59
#BSUB -q short_gpu
#BSUB -gpu "num=1:mode=shared:mps=no"
#BSUB -R "rusage[mem=32GB]"
#BSUB -R "select[a10 || a30 || a100 || l40 || h100]"
#BSUB -J "mgk_all_20260928_27"
#BSUB -o "/share/ddomlab/sdehgha2/working_space/GP_collab/results/HPC_history/hpc_20260928/Robust Learning from Literature Data_Model Generalizability and Uncertainty for Predicting Conjugated Polymer Solution Conformation/MGK_Rg_data_with_clusters_aging_imputed_product_per_feature_Matern32_GPU.out"
#BSUB -e "/share/ddomlab/sdehgha2/working_space/GP_collab/results/HPC_history/hpc_20260928/Robust Learning from Literature Data_Model Generalizability and Uncertainty for Predicting Conjugated Polymer Solution Conformation/MGK_Rg_data_with_clusters_aging_imputed_product_per_feature_Matern32_GPU.err"

source ~/.bashrc
module load cuda/12.1
module load gcc/9.3.0
conda activate /usr/local/usrapps/ddomlab/sdehgha2/env12

python ../train_structure_numerical.py  --K_fp "Graph"                                         --K_count "Matern32"                                         --Kernel_mixing_method "product"                                         --paper "Robust Learning from Literature Data_Model Generalizability and Uncertainty for Predicting Conjugated Polymer Solution Conformation"                                         --dataset "Rg data with clusters aging imputed"                                         --kernel_feature_mode "per_feature"                                         --regressor_type "MGK"                                         --clustering_method "structure_cluster"

------------------------------------------------------------

Exited with exit code 1.

Resource usage summary:

    CPU time :                                   1938.09 sec.
    Max Memory :                                 1 GB
    Average Memory :                             1.00 GB
    Total Requested Memory :                     32.00 GB
    Delta Memory :                               31.00 GB
    Max Swap :                                   -
    Max Processes :                              8
    Max Threads :                                14
    Run time :                                   2122 sec.
    Turnaround time :                            10418 sec.

The output (if any) is above this job summary.



PS:

Read file </share/ddomlab/sdehgha2/working_space/GP_collab/results/HPC_history/hpc_20260928/Robust Learning from Literature Data_Model Generalizability and Uncertainty for Predicting Conjugated Polymer Solution Conformation/MGK_Rg_data_with_clusters_aging_imputed_product_per_feature_Matern32_GPU.err> for stderr output of this job.

