Data filtering and preprocessing took 0.02 seconds.
Running seed: 42
Filename: (ECFP3_count_512-COUNT)_NGB_hypOFF_Standard_Standard

------------------------------------------------------------
Sender: LSF System <lsfadmin@c010n02>
Subject: Job 321433: <tree_selected_20260928_12> in cluster <Hazel> Done

Job <tree_selected_20260928_12> was submitted from host <login01.hpc.ncsu.edu> by user <sdehgha2> in cluster <Hazel> at Mon Sep 28 11:46:00 2026
Job was executed on host(s) <6*c010n02>, in queue <single_chassis>, as user <sdehgha2> in cluster <Hazel> at Mon Sep 28 12:05:09 2026
</home/sdehgha2> was used as the home directory.
</share/ddomlab/sdehgha2/working_space/GP_collab/code_python/training/hpc_submit_training_GP> was used as the working directory.
Started at Mon Sep 28 12:05:09 2026
Terminated at Mon Sep 28 12:06:25 2026
Results reported at Mon Sep 28 12:06:25 2026

Your job looked like:

------------------------------------------------------------
# LSBATCH: User input
#BSUB -n 6
#BSUB -W 5:00
#BSUB -R span[hosts=1]
#BSUB -R "rusage[mem=32GB]"
#BSUB -J "tree_selected_20260928_12"
#BSUB -o "/share/ddomlab/sdehgha2/working_space/GP_collab/results/HPC_history/hpc_20260928/Robust Learning from Literature Data_Model Generalizability and Uncertainty for Predicting Conjugated Polymer Solution Conformation/NGB_Rg_data_with_clusters_aging_imputed_CPU.out"
#BSUB -e "/share/ddomlab/sdehgha2/working_space/GP_collab/results/HPC_history/hpc_20260928/Robust Learning from Literature Data_Model Generalizability and Uncertainty for Predicting Conjugated Polymer Solution Conformation/NGB_Rg_data_with_clusters_aging_imputed_CPU.err"

source ~/.bashrc
conda activate /usr/local/usrapps/ddomlab/sdehgha2/env12

python ../train_structure_numerical.py --regressor_type "NGB"                                         --dataset "Rg data with clusters aging imputed"                                         --paper "Robust Learning from Literature Data_Model Generalizability and Uncertainty for Predicting Conjugated Polymer Solution Conformation"                                         --clustering_method "structure_cluster"

------------------------------------------------------------

Successfully completed.

Resource usage summary:

    CPU time :                                   185.07 sec.
    Max Memory :                                 3 GB
    Average Memory :                             1.00 GB
    Total Requested Memory :                     32.00 GB
    Delta Memory :                               29.00 GB
    Max Swap :                                   -
    Max Processes :                              12
    Max Threads :                                15
    Run time :                                   86 sec.
    Turnaround time :                            1225 sec.

The output (if any) is above this job summary.



PS:

Read file </share/ddomlab/sdehgha2/working_space/GP_collab/results/HPC_history/hpc_20260928/Robust Learning from Literature Data_Model Generalizability and Uncertainty for Predicting Conjugated Polymer Solution Conformation/NGB_Rg_data_with_clusters_aging_imputed_CPU.err> for stderr output of this job.

