MGK regressor, only scaling numerical features
Running seed: 6

------------------------------------------------------------
Sender: LSF System <lsfadmin@gpu01>
Subject: Job 144155: <structure_numerical_20260511> in cluster <Hazel> Exited

Job <structure_numerical_20260511> was submitted from host <gpu01> by user <sdehgha2> in cluster <Hazel> at Mon May 11 09:24:11 2026
Job was executed on host(s) <gpu01>, in queue <gpu>, as user <sdehgha2> in cluster <Hazel> at Mon May 11 09:24:11 2026
</home/sdehgha2> was used as the home directory.
</share/ddomlab/sdehgha2/working_space/GP_collab/code_python/training/hpc_submit_training_GP> was used as the working directory.
Started at Mon May 11 09:24:11 2026
Terminated at Mon May 11 09:26:48 2026
Results reported at Mon May 11 09:26:48 2026

Your job looked like:

------------------------------------------------------------
# LSBATCH: User input


#BSUB -n 1
#BSUB -W 2:30
#BSUB -q gpu
#BSUB -gpu "num=1:mode=shared:mps=no"
#BSUB -R "rusage[mem=32GB]"
#BSUB -J "structure_numerical_20260511"
#BSUB -o "/share/ddomlab/sdehgha2/working_space/GP_collab/results/HPC_history/hpc_20260511/Robust Learning from Literature Data_Model Generalizability and Uncertainty for Predicting Conjugated Polymer Solution Conformation/MGK_product_per_feature_GPU.out"
#BSUB -e "/share/ddomlab/sdehgha2/working_space/GP_collab/results/HPC_history/hpc_20260511/Robust Learning from Literature Data_Model Generalizability and Uncertainty for Predicting Conjugated Polymer Solution Conformation/MGK_product_per_feature_GPU.err"

source ~/.bashrc
module load cuda/12.1
module load gcc/9.3.0
conda activate /usr/local/usrapps/ddomlab/sdehgha2/env12

python ../train_structure_numerical.py  --Kernel_mixing_method product                                         --paper "Robust Learning from Literature Data_Model Generalizability and Uncertainty for Predicting Conjugated Polymer Solution Conformation"                                         --dataset "Rg data with clusters aging imputed"                                         --kernel_feature_mode per_feature


------------------------------------------------------------

TERM_OWNER: job killed by owner.
Exited with exit code 130.

Resource usage summary:

    CPU time :                                   147.00 sec.
    Max Memory :                                 1 GB
    Average Memory :                             0.83 GB
    Total Requested Memory :                     32.00 GB
    Delta Memory :                               31.00 GB
    Max Swap :                                   -
    Max Processes :                              14
    Max Threads :                                18
    Run time :                                   153 sec.
    Turnaround time :                            157 sec.

The output (if any) is above this job summary.



PS:

Read file </share/ddomlab/sdehgha2/working_space/GP_collab/results/HPC_history/hpc_20260511/Robust Learning from Literature Data_Model Generalizability and Uncertainty for Predicting Conjugated Polymer Solution Conformation/MGK_product_per_feature_GPU.err> for stderr output of this job.

MGK regressor, only scaling numerical features
Running seed: 6
Running seed: 13
Running seed: 42
Average scores:	 rmse: 0.29±0.08	 r2: 0.74±0.16
Filename: (MG-COUNT)_(MGK-sklearn_Graph-Matern32_product)_per_feature_hypOFF_Standard_target_transformerOFF

------------------------------------------------------------
Sender: LSF System <lsfadmin@gpu01>
Subject: Job 144172: <structure_numerical_20260511> in cluster <Hazel> Done

Job <structure_numerical_20260511> was submitted from host <gpu01> by user <sdehgha2> in cluster <Hazel> at Mon May 11 09:26:51 2026
Job was executed on host(s) <gpu01>, in queue <gpu>, as user <sdehgha2> in cluster <Hazel> at Mon May 11 09:26:54 2026
</home/sdehgha2> was used as the home directory.
</share/ddomlab/sdehgha2/working_space/GP_collab/code_python/training/hpc_submit_training_GP> was used as the working directory.
Started at Mon May 11 09:26:54 2026
Terminated at Mon May 11 10:34:08 2026
Results reported at Mon May 11 10:34:08 2026

Your job looked like:

------------------------------------------------------------
# LSBATCH: User input


#BSUB -n 1
#BSUB -W 2:30
#BSUB -q gpu
#BSUB -gpu "num=1:mode=shared:mps=no"
#BSUB -R "rusage[mem=32GB]"
#BSUB -J "structure_numerical_20260511"
#BSUB -o "/share/ddomlab/sdehgha2/working_space/GP_collab/results/HPC_history/hpc_20260511/Robust Learning from Literature Data_Model Generalizability and Uncertainty for Predicting Conjugated Polymer Solution Conformation/MGK_product_per_feature_GPU.out"
#BSUB -e "/share/ddomlab/sdehgha2/working_space/GP_collab/results/HPC_history/hpc_20260511/Robust Learning from Literature Data_Model Generalizability and Uncertainty for Predicting Conjugated Polymer Solution Conformation/MGK_product_per_feature_GPU.err"

source ~/.bashrc
module load cuda/12.1
module load gcc/9.3.0
conda activate /usr/local/usrapps/ddomlab/sdehgha2/env12

python ../train_structure_numerical.py  --Kernel_mixing_method product                                         --paper "Robust Learning from Literature Data_Model Generalizability and Uncertainty for Predicting Conjugated Polymer Solution Conformation"                                         --dataset "Rg data with clusters aging imputed"                                         --kernel_feature_mode per_feature


------------------------------------------------------------

Successfully completed.

Resource usage summary:

    CPU time :                                   4011.60 sec.
    Max Memory :                                 2 GB
    Average Memory :                             1.00 GB
    Total Requested Memory :                     32.00 GB
    Delta Memory :                               30.00 GB
    Max Swap :                                   -
    Max Processes :                              14
    Max Threads :                                18
    Run time :                                   4037 sec.
    Turnaround time :                            4037 sec.

The output (if any) is above this job summary.



PS:

Read file </share/ddomlab/sdehgha2/working_space/GP_collab/results/HPC_history/hpc_20260511/Robust Learning from Literature Data_Model Generalizability and Uncertainty for Predicting Conjugated Polymer Solution Conformation/MGK_product_per_feature_GPU.err> for stderr output of this job.

