/usr/local/usrapps/ddomlab/sdehgha2/env12/lib/python3.12/site-packages/linear_operator/utils/linear_cg.py:339: NumericalWarning: CG terminated in 1000 iterations with average residual norm 6562.00439453125 which is larger than the tolerance of 1 specified by linear_operator.settings.cg_tolerance. If performance is affected, consider raising the maximum number of CG iterations by running code in a linear_operator.settings.max_cg_iterations(value) context.
  warnings.warn(
/usr/local/usrapps/ddomlab/sdehgha2/env12/lib/python3.12/site-packages/linear_operator/utils/linear_cg.py:339: NumericalWarning: CG terminated in 1000 iterations with average residual norm 2060.51806640625 which is larger than the tolerance of 0.01 specified by linear_operator.settings.cg_tolerance. If performance is affected, consider raising the maximum number of CG iterations by running code in a linear_operator.settings.max_cg_iterations(value) context.
  warnings.warn(
/usr/local/usrapps/ddomlab/sdehgha2/env12/lib/python3.12/site-packages/linear_operator/utils/linear_cg.py:339: NumericalWarning: CG terminated in 1000 iterations with average residual norm 2209.530517578125 which is larger than the tolerance of 1 specified by linear_operator.settings.cg_tolerance. If performance is affected, consider raising the maximum number of CG iterations by running code in a linear_operator.settings.max_cg_iterations(value) context.
  warnings.warn(
/usr/local/usrapps/ddomlab/sdehgha2/env12/lib/python3.12/site-packages/linear_operator/utils/linear_cg.py:339: NumericalWarning: CG terminated in 1000 iterations with average residual norm 1363.16748046875 which is larger than the tolerance of 1 specified by linear_operator.settings.cg_tolerance. If performance is affected, consider raising the maximum number of CG iterations by running code in a linear_operator.settings.max_cg_iterations(value) context.
  warnings.warn(
/usr/local/usrapps/ddomlab/sdehgha2/env12/lib/python3.12/site-packages/linear_operator/utils/linear_cg.py:339: NumericalWarning: CG terminated in 1000 iterations with average residual norm 5321.73291015625 which is larger than the tolerance of 1 specified by linear_operator.settings.cg_tolerance. If performance is affected, consider raising the maximum number of CG iterations by running code in a linear_operator.settings.max_cg_iterations(value) context.
  warnings.warn(
/usr/local/usrapps/ddomlab/sdehgha2/env12/lib/python3.12/site-packages/linear_operator/utils/linear_cg.py:339: NumericalWarning: CG terminated in 1000 iterations with average residual norm 1512.3548583984375 which is larger than the tolerance of 1 specified by linear_operator.settings.cg_tolerance. If performance is affected, consider raising the maximum number of CG iterations by running code in a linear_operator.settings.max_cg_iterations(value) context.
  warnings.warn(
/usr/local/usrapps/ddomlab/sdehgha2/env12/lib/python3.12/site-packages/linear_operator/utils/linear_cg.py:339: NumericalWarning: CG terminated in 1000 iterations with average residual norm 17393.634765625 which is larger than the tolerance of 1 specified by linear_operator.settings.cg_tolerance. If performance is affected, consider raising the maximum number of CG iterations by running code in a linear_operator.settings.max_cg_iterations(value) context.
  warnings.warn(
/usr/local/usrapps/ddomlab/sdehgha2/env12/lib/python3.12/site-packages/linear_operator/utils/linear_cg.py:339: NumericalWarning: CG terminated in 1000 iterations with average residual norm 3855.235107421875 which is larger than the tolerance of 0.01 specified by linear_operator.settings.cg_tolerance. If performance is affected, consider raising the maximum number of CG iterations by running code in a linear_operator.settings.max_cg_iterations(value) context.
  warnings.warn(
/usr/local/usrapps/ddomlab/sdehgha2/env12/lib/python3.12/site-packages/linear_operator/utils/linear_cg.py:339: NumericalWarning: CG terminated in 1000 iterations with average residual norm 1829.3792724609375 which is larger than the tolerance of 1 specified by linear_operator.settings.cg_tolerance. If performance is affected, consider raising the maximum number of CG iterations by running code in a linear_operator.settings.max_cg_iterations(value) context.
  warnings.warn(
/usr/local/usrapps/ddomlab/sdehgha2/env12/lib/python3.12/site-packages/linear_operator/utils/linear_cg.py:339: NumericalWarning: CG terminated in 1000 iterations with average residual norm 2232.76220703125 which is larger than the tolerance of 1 specified by linear_operator.settings.cg_tolerance. If performance is affected, consider raising the maximum number of CG iterations by running code in a linear_operator.settings.max_cg_iterations(value) context.
  warnings.warn(
/usr/local/usrapps/ddomlab/sdehgha2/env12/lib/python3.12/site-packages/linear_operator/utils/linear_cg.py:339: NumericalWarning: CG terminated in 1000 iterations with average residual norm 1714.4678955078125 which is larger than the tolerance of 1 specified by linear_operator.settings.cg_tolerance. If performance is affected, consider raising the maximum number of CG iterations by running code in a linear_operator.settings.max_cg_iterations(value) context.
  warnings.warn(
/usr/local/usrapps/ddomlab/sdehgha2/env12/lib/python3.12/site-packages/linear_operator/utils/linear_cg.py:339: NumericalWarning: CG terminated in 1000 iterations with average residual norm 2414.89208984375 which is larger than the tolerance of 1 specified by linear_operator.settings.cg_tolerance. If performance is affected, consider raising the maximum number of CG iterations by running code in a linear_operator.settings.max_cg_iterations(value) context.
  warnings.warn(
/usr/local/usrapps/ddomlab/sdehgha2/env12/lib/python3.12/site-packages/linear_operator/utils/linear_cg.py:339: NumericalWarning: CG terminated in 1000 iterations with average residual norm 1049.7684326171875 which is larger than the tolerance of 1 specified by linear_operator.settings.cg_tolerance. If performance is affected, consider raising the maximum number of CG iterations by running code in a linear_operator.settings.max_cg_iterations(value) context.
  warnings.warn(
/usr/local/usrapps/ddomlab/sdehgha2/env12/lib/python3.12/site-packages/linear_operator/utils/linear_cg.py:339: NumericalWarning: CG terminated in 1000 iterations with average residual norm 4046.57080078125 which is larger than the tolerance of 1 specified by linear_operator.settings.cg_tolerance. If performance is affected, consider raising the maximum number of CG iterations by running code in a linear_operator.settings.max_cg_iterations(value) context.
  warnings.warn(
/usr/local/usrapps/ddomlab/sdehgha2/env12/lib/python3.12/site-packages/linear_operator/utils/linear_cg.py:339: NumericalWarning: CG terminated in 1000 iterations with average residual norm 4367.14794921875 which is larger than the tolerance of 0.01 specified by linear_operator.settings.cg_tolerance. If performance is affected, consider raising the maximum number of CG iterations by running code in a linear_operator.settings.max_cg_iterations(value) context.
  warnings.warn(
/usr/local/usrapps/ddomlab/sdehgha2/env12/lib/python3.12/site-packages/linear_operator/utils/linear_cg.py:339: NumericalWarning: CG terminated in 1000 iterations with average residual norm 7269.7802734375 which is larger than the tolerance of 1 specified by linear_operator.settings.cg_tolerance. If performance is affected, consider raising the maximum number of CG iterations by running code in a linear_operator.settings.max_cg_iterations(value) context.
  warnings.warn(
/usr/local/usrapps/ddomlab/sdehgha2/env12/lib/python3.12/site-packages/linear_operator/utils/linear_cg.py:339: NumericalWarning: CG terminated in 1000 iterations with average residual norm 2776.05908203125 which is larger than the tolerance of 1 specified by linear_operator.settings.cg_tolerance. If performance is affected, consider raising the maximum number of CG iterations by running code in a linear_operator.settings.max_cg_iterations(value) context.
  warnings.warn(
/usr/local/usrapps/ddomlab/sdehgha2/env12/lib/python3.12/site-packages/linear_operator/utils/linear_cg.py:339: NumericalWarning: CG terminated in 1000 iterations with average residual norm 1087.6168212890625 which is larger than the tolerance of 1 specified by linear_operator.settings.cg_tolerance. If performance is affected, consider raising the maximum number of CG iterations by running code in a linear_operator.settings.max_cg_iterations(value) context.
  warnings.warn(
/usr/local/usrapps/ddomlab/sdehgha2/env12/lib/python3.12/site-packages/linear_operator/utils/linear_cg.py:339: NumericalWarning: CG terminated in 1000 iterations with average residual norm 1259.1688232421875 which is larger than the tolerance of 1 specified by linear_operator.settings.cg_tolerance. If performance is affected, consider raising the maximum number of CG iterations by running code in a linear_operator.settings.max_cg_iterations(value) context.
  warnings.warn(
/usr/local/usrapps/ddomlab/sdehgha2/env12/lib/python3.12/site-packages/linear_operator/utils/linear_cg.py:339: NumericalWarning: CG terminated in 1000 iterations with average residual norm 2406.971435546875 which is larger than the tolerance of 0.01 specified by linear_operator.settings.cg_tolerance. If performance is affected, consider raising the maximum number of CG iterations by running code in a linear_operator.settings.max_cg_iterations(value) context.
  warnings.warn(
/usr/local/usrapps/ddomlab/sdehgha2/env12/lib/python3.12/site-packages/linear_operator/utils/linear_cg.py:339: NumericalWarning: CG terminated in 1000 iterations with average residual norm 1795.2269287109375 which is larger than the tolerance of 1 specified by linear_operator.settings.cg_tolerance. If performance is affected, consider raising the maximum number of CG iterations by running code in a linear_operator.settings.max_cg_iterations(value) context.
  warnings.warn(
/usr/local/usrapps/ddomlab/sdehgha2/env12/lib/python3.12/site-packages/linear_operator/utils/linear_cg.py:339: NumericalWarning: CG terminated in 1000 iterations with average residual norm 8013.7421875 which is larger than the tolerance of 1 specified by linear_operator.settings.cg_tolerance. If performance is affected, consider raising the maximum number of CG iterations by running code in a linear_operator.settings.max_cg_iterations(value) context.
  warnings.warn(
/usr/local/usrapps/ddomlab/sdehgha2/env12/lib/python3.12/site-packages/linear_operator/utils/linear_cg.py:339: NumericalWarning: CG terminated in 1000 iterations with average residual norm 1645.5635986328125 which is larger than the tolerance of 1 specified by linear_operator.settings.cg_tolerance. If performance is affected, consider raising the maximum number of CG iterations by running code in a linear_operator.settings.max_cg_iterations(value) context.
  warnings.warn(
/usr/local/usrapps/ddomlab/sdehgha2/env12/lib/python3.12/site-packages/linear_operator/utils/linear_cg.py:339: NumericalWarning: CG terminated in 1000 iterations with average residual norm 3143.175537109375 which is larger than the tolerance of 0.01 specified by linear_operator.settings.cg_tolerance. If performance is affected, consider raising the maximum number of CG iterations by running code in a linear_operator.settings.max_cg_iterations(value) context.
  warnings.warn(
/usr/local/usrapps/ddomlab/sdehgha2/env12/lib/python3.12/site-packages/linear_operator/utils/linear_cg.py:339: NumericalWarning: CG terminated in 1000 iterations with average residual norm 7764.7431640625 which is larger than the tolerance of 1 specified by linear_operator.settings.cg_tolerance. If performance is affected, consider raising the maximum number of CG iterations by running code in a linear_operator.settings.max_cg_iterations(value) context.
  warnings.warn(
/usr/local/usrapps/ddomlab/sdehgha2/env12/lib/python3.12/site-packages/linear_operator/utils/linear_cg.py:339: NumericalWarning: CG terminated in 1000 iterations with average residual norm 2792.467529296875 which is larger than the tolerance of 1 specified by linear_operator.settings.cg_tolerance. If performance is affected, consider raising the maximum number of CG iterations by running code in a linear_operator.settings.max_cg_iterations(value) context.
  warnings.warn(
/usr/local/usrapps/ddomlab/sdehgha2/env12/lib/python3.12/site-packages/linear_operator/utils/linear_cg.py:339: NumericalWarning: CG terminated in 1000 iterations with average residual norm 44844.31640625 which is larger than the tolerance of 0.01 specified by linear_operator.settings.cg_tolerance. If performance is affected, consider raising the maximum number of CG iterations by running code in a linear_operator.settings.max_cg_iterations(value) context.
  warnings.warn(
/usr/local/usrapps/ddomlab/sdehgha2/env12/lib/python3.12/site-packages/linear_operator/utils/linear_cg.py:339: NumericalWarning: CG terminated in 1000 iterations with average residual norm 10046.4794921875 which is larger than the tolerance of 1 specified by linear_operator.settings.cg_tolerance. If performance is affected, consider raising the maximum number of CG iterations by running code in a linear_operator.settings.max_cg_iterations(value) context.
  warnings.warn(
/usr/local/usrapps/ddomlab/sdehgha2/env12/lib/python3.12/site-packages/linear_operator/utils/linear_cg.py:339: NumericalWarning: CG terminated in 1000 iterations with average residual norm 7447.0322265625 which is larger than the tolerance of 1 specified by linear_operator.settings.cg_tolerance. If performance is affected, consider raising the maximum number of CG iterations by running code in a linear_operator.settings.max_cg_iterations(value) context.
  warnings.warn(
/usr/local/usrapps/ddomlab/sdehgha2/env12/lib/python3.12/site-packages/linear_operator/utils/linear_cg.py:339: NumericalWarning: CG terminated in 1000 iterations with average residual norm 1567.5382080078125 which is larger than the tolerance of 1 specified by linear_operator.settings.cg_tolerance. If performance is affected, consider raising the maximum number of CG iterations by running code in a linear_operator.settings.max_cg_iterations(value) context.
  warnings.warn(
/usr/local/usrapps/ddomlab/sdehgha2/env12/lib/python3.12/site-packages/linear_operator/utils/linear_cg.py:339: NumericalWarning: CG terminated in 1000 iterations with average residual norm 1876.4105224609375 which is larger than the tolerance of 1 specified by linear_operator.settings.cg_tolerance. If performance is affected, consider raising the maximum number of CG iterations by running code in a linear_operator.settings.max_cg_iterations(value) context.
  warnings.warn(
/usr/local/usrapps/ddomlab/sdehgha2/env12/lib/python3.12/site-packages/linear_operator/utils/linear_cg.py:339: NumericalWarning: CG terminated in 1000 iterations with average residual norm 2681.615966796875 which is larger than the tolerance of 1 specified by linear_operator.settings.cg_tolerance. If performance is affected, consider raising the maximum number of CG iterations by running code in a linear_operator.settings.max_cg_iterations(value) context.
  warnings.warn(
/usr/local/usrapps/ddomlab/sdehgha2/env12/lib/python3.12/site-packages/linear_operator/utils/linear_cg.py:339: NumericalWarning: CG terminated in 1000 iterations with average residual norm 1116.0277099609375 which is larger than the tolerance of 0.01 specified by linear_operator.settings.cg_tolerance. If performance is affected, consider raising the maximum number of CG iterations by running code in a linear_operator.settings.max_cg_iterations(value) context.
  warnings.warn(
/usr/local/usrapps/ddomlab/sdehgha2/env12/lib/python3.12/site-packages/linear_operator/utils/linear_cg.py:339: NumericalWarning: CG terminated in 1000 iterations with average residual norm 1404.5999755859375 which is larger than the tolerance of 1 specified by linear_operator.settings.cg_tolerance. If performance is affected, consider raising the maximum number of CG iterations by running code in a linear_operator.settings.max_cg_iterations(value) context.
  warnings.warn(
/usr/local/usrapps/ddomlab/sdehgha2/env12/lib/python3.12/site-packages/linear_operator/utils/linear_cg.py:339: NumericalWarning: CG terminated in 1000 iterations with average residual norm 4804.20703125 which is larger than the tolerance of 1 specified by linear_operator.settings.cg_tolerance. If performance is affected, consider raising the maximum number of CG iterations by running code in a linear_operator.settings.max_cg_iterations(value) context.
  warnings.warn(
/usr/local/usrapps/ddomlab/sdehgha2/env12/lib/python3.12/site-packages/linear_operator/utils/linear_cg.py:339: NumericalWarning: CG terminated in 1000 iterations with average residual norm 54942.54296875 which is larger than the tolerance of 1 specified by linear_operator.settings.cg_tolerance. If performance is affected, consider raising the maximum number of CG iterations by running code in a linear_operator.settings.max_cg_iterations(value) context.
  warnings.warn(
/usr/local/usrapps/ddomlab/sdehgha2/env12/lib/python3.12/site-packages/linear_operator/utils/linear_cg.py:339: NumericalWarning: CG terminated in 1000 iterations with average residual norm 943.0785522460938 which is larger than the tolerance of 0.01 specified by linear_operator.settings.cg_tolerance. If performance is affected, consider raising the maximum number of CG iterations by running code in a linear_operator.settings.max_cg_iterations(value) context.
  warnings.warn(
/usr/local/usrapps/ddomlab/sdehgha2/env12/lib/python3.12/site-packages/linear_operator/utils/linear_cg.py:339: NumericalWarning: CG terminated in 1000 iterations with average residual norm 8395.2802734375 which is larger than the tolerance of 1 specified by linear_operator.settings.cg_tolerance. If performance is affected, consider raising the maximum number of CG iterations by running code in a linear_operator.settings.max_cg_iterations(value) context.
  warnings.warn(
/usr/local/usrapps/ddomlab/sdehgha2/env12/lib/python3.12/site-packages/linear_operator/utils/linear_cg.py:339: NumericalWarning: CG terminated in 1000 iterations with average residual norm 1469.4964599609375 which is larger than the tolerance of 1 specified by linear_operator.settings.cg_tolerance. If performance is affected, consider raising the maximum number of CG iterations by running code in a linear_operator.settings.max_cg_iterations(value) context.
  warnings.warn(
/usr/local/usrapps/ddomlab/sdehgha2/env12/lib/python3.12/site-packages/linear_operator/utils/linear_cg.py:339: NumericalWarning: CG terminated in 1000 iterations with average residual norm 3156.954345703125 which is larger than the tolerance of 1 specified by linear_operator.settings.cg_tolerance. If performance is affected, consider raising the maximum number of CG iterations by running code in a linear_operator.settings.max_cg_iterations(value) context.
  warnings.warn(
/usr/local/usrapps/ddomlab/sdehgha2/env12/lib/python3.12/site-packages/linear_operator/utils/linear_cg.py:339: NumericalWarning: CG terminated in 1000 iterations with average residual norm 31114.353515625 which is larger than the tolerance of 1 specified by linear_operator.settings.cg_tolerance. If performance is affected, consider raising the maximum number of CG iterations by running code in a linear_operator.settings.max_cg_iterations(value) context.
  warnings.warn(
/usr/local/usrapps/ddomlab/sdehgha2/env12/lib/python3.12/site-packages/linear_operator/utils/linear_cg.py:339: NumericalWarning: CG terminated in 1000 iterations with average residual norm 123.67571258544922 which is larger than the tolerance of 0.01 specified by linear_operator.settings.cg_tolerance. If performance is affected, consider raising the maximum number of CG iterations by running code in a linear_operator.settings.max_cg_iterations(value) context.
  warnings.warn(
/usr/local/usrapps/ddomlab/sdehgha2/env12/lib/python3.12/site-packages/linear_operator/utils/linear_cg.py:339: NumericalWarning: CG terminated in 1000 iterations with average residual norm 742.9345703125 which is larger than the tolerance of 1 specified by linear_operator.settings.cg_tolerance. If performance is affected, consider raising the maximum number of CG iterations by running code in a linear_operator.settings.max_cg_iterations(value) context.
  warnings.warn(
/usr/local/usrapps/ddomlab/sdehgha2/env12/lib/python3.12/site-packages/linear_operator/utils/linear_cg.py:339: NumericalWarning: CG terminated in 1000 iterations with average residual norm 817.0228271484375 which is larger than the tolerance of 1 specified by linear_operator.settings.cg_tolerance. If performance is affected, consider raising the maximum number of CG iterations by running code in a linear_operator.settings.max_cg_iterations(value) context.
  warnings.warn(
/usr/local/usrapps/ddomlab/sdehgha2/env12/lib/python3.12/site-packages/linear_operator/utils/linear_cg.py:339: NumericalWarning: CG terminated in 1000 iterations with average residual norm 1338.98681640625 which is larger than the tolerance of 1 specified by linear_operator.settings.cg_tolerance. If performance is affected, consider raising the maximum number of CG iterations by running code in a linear_operator.settings.max_cg_iterations(value) context.
  warnings.warn(
/usr/local/usrapps/ddomlab/sdehgha2/env12/lib/python3.12/site-packages/linear_operator/utils/linear_cg.py:339: NumericalWarning: CG terminated in 1000 iterations with average residual norm 1325.6492919921875 which is larger than the tolerance of 0.01 specified by linear_operator.settings.cg_tolerance. If performance is affected, consider raising the maximum number of CG iterations by running code in a linear_operator.settings.max_cg_iterations(value) context.
  warnings.warn(
/usr/local/usrapps/ddomlab/sdehgha2/env12/lib/python3.12/site-packages/linear_operator/utils/linear_cg.py:339: NumericalWarning: CG terminated in 1000 iterations with average residual norm 1097.03515625 which is larger than the tolerance of 1 specified by linear_operator.settings.cg_tolerance. If performance is affected, consider raising the maximum number of CG iterations by running code in a linear_operator.settings.max_cg_iterations(value) context.
  warnings.warn(
/usr/local/usrapps/ddomlab/sdehgha2/env12/lib/python3.12/site-packages/linear_operator/utils/linear_cg.py:339: NumericalWarning: CG terminated in 1000 iterations with average residual norm 1821.6546630859375 which is larger than the tolerance of 1 specified by linear_operator.settings.cg_tolerance. If performance is affected, consider raising the maximum number of CG iterations by running code in a linear_operator.settings.max_cg_iterations(value) context.
  warnings.warn(
/usr/local/usrapps/ddomlab/sdehgha2/env12/lib/python3.12/site-packages/linear_operator/utils/linear_cg.py:339: NumericalWarning: CG terminated in 1000 iterations with average residual norm 2755.052978515625 which is larger than the tolerance of 1 specified by linear_operator.settings.cg_tolerance. If performance is affected, consider raising the maximum number of CG iterations by running code in a linear_operator.settings.max_cg_iterations(value) context.
  warnings.warn(
/usr/local/usrapps/ddomlab/sdehgha2/env12/lib/python3.12/site-packages/linear_operator/utils/linear_cg.py:339: NumericalWarning: CG terminated in 1000 iterations with average residual norm 1186.160888671875 which is larger than the tolerance of 0.01 specified by linear_operator.settings.cg_tolerance. If performance is affected, consider raising the maximum number of CG iterations by running code in a linear_operator.settings.max_cg_iterations(value) context.
  warnings.warn(
/usr/local/usrapps/ddomlab/sdehgha2/env12/lib/python3.12/site-packages/linear_operator/utils/linear_cg.py:339: NumericalWarning: CG terminated in 1000 iterations with average residual norm 1005.8773193359375 which is larger than the tolerance of 1 specified by linear_operator.settings.cg_tolerance. If performance is affected, consider raising the maximum number of CG iterations by running code in a linear_operator.settings.max_cg_iterations(value) context.
  warnings.warn(
/usr/local/usrapps/ddomlab/sdehgha2/env12/lib/python3.12/site-packages/linear_operator/utils/linear_cg.py:339: NumericalWarning: CG terminated in 1000 iterations with average residual norm 1071.85302734375 which is larger than the tolerance of 1 specified by linear_operator.settings.cg_tolerance. If performance is affected, consider raising the maximum number of CG iterations by running code in a linear_operator.settings.max_cg_iterations(value) context.
  warnings.warn(
/usr/local/usrapps/ddomlab/sdehgha2/env12/lib/python3.12/site-packages/linear_operator/utils/linear_cg.py:339: NumericalWarning: CG terminated in 1000 iterations with average residual norm 8346.953125 which is larger than the tolerance of 1 specified by linear_operator.settings.cg_tolerance. If performance is affected, consider raising the maximum number of CG iterations by running code in a linear_operator.settings.max_cg_iterations(value) context.
  warnings.warn(
/usr/local/usrapps/ddomlab/sdehgha2/env12/lib/python3.12/site-packages/linear_operator/utils/linear_cg.py:339: NumericalWarning: CG terminated in 1000 iterations with average residual norm 1273.32958984375 which is larger than the tolerance of 0.01 specified by linear_operator.settings.cg_tolerance. If performance is affected, consider raising the maximum number of CG iterations by running code in a linear_operator.settings.max_cg_iterations(value) context.
  warnings.warn(
/usr/local/usrapps/ddomlab/sdehgha2/env12/lib/python3.12/site-packages/linear_operator/utils/linear_cg.py:339: NumericalWarning: CG terminated in 1000 iterations with average residual norm 1733.182373046875 which is larger than the tolerance of 1 specified by linear_operator.settings.cg_tolerance. If performance is affected, consider raising the maximum number of CG iterations by running code in a linear_operator.settings.max_cg_iterations(value) context.
  warnings.warn(
/usr/local/usrapps/ddomlab/sdehgha2/env12/lib/python3.12/site-packages/linear_operator/utils/linear_cg.py:339: NumericalWarning: CG terminated in 1000 iterations with average residual norm 1077.6593017578125 which is larger than the tolerance of 1 specified by linear_operator.settings.cg_tolerance. If performance is affected, consider raising the maximum number of CG iterations by running code in a linear_operator.settings.max_cg_iterations(value) context.
  warnings.warn(
/usr/local/usrapps/ddomlab/sdehgha2/env12/lib/python3.12/site-packages/linear_operator/utils/linear_cg.py:339: NumericalWarning: CG terminated in 1000 iterations with average residual norm 1769.7822265625 which is larger than the tolerance of 0.01 specified by linear_operator.settings.cg_tolerance. If performance is affected, consider raising the maximum number of CG iterations by running code in a linear_operator.settings.max_cg_iterations(value) context.
  warnings.warn(
/usr/local/usrapps/ddomlab/sdehgha2/env12/lib/python3.12/site-packages/gpytorch/distributions/multivariate_normal.py:375: NumericalWarning: Negative variance values detected. This is likely due to numerical instabilities. Rounding negative variances up to 1e-06.
  warnings.warn(
/usr/local/usrapps/ddomlab/sdehgha2/env12/lib/python3.12/site-packages/linear_operator/utils/linear_cg.py:339: NumericalWarning: CG terminated in 1000 iterations with average residual norm 1074.3935546875 which is larger than the tolerance of 1 specified by linear_operator.settings.cg_tolerance. If performance is affected, consider raising the maximum number of CG iterations by running code in a linear_operator.settings.max_cg_iterations(value) context.
  warnings.warn(
/usr/local/usrapps/ddomlab/sdehgha2/env12/lib/python3.12/site-packages/linear_operator/utils/linear_cg.py:339: NumericalWarning: CG terminated in 1000 iterations with average residual norm 542.3901977539062 which is larger than the tolerance of 1 specified by linear_operator.settings.cg_tolerance. If performance is affected, consider raising the maximum number of CG iterations by running code in a linear_operator.settings.max_cg_iterations(value) context.
  warnings.warn(
/usr/local/usrapps/ddomlab/sdehgha2/env12/lib/python3.12/site-packages/linear_operator/utils/linear_cg.py:339: NumericalWarning: CG terminated in 1000 iterations with average residual norm 1410.3929443359375 which is larger than the tolerance of 0.01 specified by linear_operator.settings.cg_tolerance. If performance is affected, consider raising the maximum number of CG iterations by running code in a linear_operator.settings.max_cg_iterations(value) context.
  warnings.warn(
/usr/local/usrapps/ddomlab/sdehgha2/env12/lib/python3.12/site-packages/linear_operator/utils/linear_cg.py:339: NumericalWarning: CG terminated in 1000 iterations with average residual norm 1241.09521484375 which is larger than the tolerance of 1 specified by linear_operator.settings.cg_tolerance. If performance is affected, consider raising the maximum number of CG iterations by running code in a linear_operator.settings.max_cg_iterations(value) context.
  warnings.warn(
/usr/local/usrapps/ddomlab/sdehgha2/env12/lib/python3.12/site-packages/linear_operator/utils/linear_cg.py:339: NumericalWarning: CG terminated in 1000 iterations with average residual norm 9259.3779296875 which is larger than the tolerance of 1 specified by linear_operator.settings.cg_tolerance. If performance is affected, consider raising the maximum number of CG iterations by running code in a linear_operator.settings.max_cg_iterations(value) context.
  warnings.warn(
/usr/local/usrapps/ddomlab/sdehgha2/env12/lib/python3.12/site-packages/linear_operator/utils/linear_cg.py:339: NumericalWarning: CG terminated in 1000 iterations with average residual norm 392.3333740234375 which is larger than the tolerance of 0.01 specified by linear_operator.settings.cg_tolerance. If performance is affected, consider raising the maximum number of CG iterations by running code in a linear_operator.settings.max_cg_iterations(value) context.
  warnings.warn(
/usr/local/usrapps/ddomlab/sdehgha2/env12/lib/python3.12/site-packages/numpy/_core/_methods.py:190: RuntimeWarning: overflow encountered in square
  x = um.square(x, out=x)
