/usr/local/usrapps/ddomlab/sdehgha2/env12/lib/python3.12/site-packages/linear_operator/utils/linear_cg.py:339: NumericalWarning: CG terminated in 1000 iterations with average residual norm 57221.6015625 which is larger than the tolerance of 0.01 specified by linear_operator.settings.cg_tolerance. If performance is affected, consider raising the maximum number of CG iterations by running code in a linear_operator.settings.max_cg_iterations(value) context.
  warnings.warn(
/usr/local/usrapps/ddomlab/sdehgha2/env12/lib/python3.12/site-packages/linear_operator/utils/linear_cg.py:339: NumericalWarning: CG terminated in 1000 iterations with average residual norm 17862.876953125 which is larger than the tolerance of 0.01 specified by linear_operator.settings.cg_tolerance. If performance is affected, consider raising the maximum number of CG iterations by running code in a linear_operator.settings.max_cg_iterations(value) context.
  warnings.warn(
Traceback (most recent call last):
  File "/gpfs_common/share03/ddomlab/sdehgha2/working_space/GP_collab/code_python/training/hpc_submit_training_GP/../train_structure_numerical.py", line 133, in <module>
    main_structural_numerical(
  File "/gpfs_common/share03/ddomlab/sdehgha2/working_space/GP_collab/code_python/training/hpc_submit_training_GP/../train_structure_numerical.py", line 47, in main_structural_numerical
    scores, predictions  =   train_regressor(
                             ^^^^^^^^^^^^^^^^
  File "/gpfs_common/share03/ddomlab/sdehgha2/working_space/GP_collab/code_python/training/training_utils_gp_special.py", line 81, in train_regressor
    scores, predictions = _prepare_data(
                          ^^^^^^^^^^^^^^
  File "/gpfs_common/share03/ddomlab/sdehgha2/working_space/GP_collab/code_python/training/training_utils_gp_special.py", line 289, in _prepare_data
    score,predication = run(
                        ^^^^
  File "/gpfs_common/share03/ddomlab/sdehgha2/working_space/GP_collab/code_python/training/training_utils_gp_special.py", line 527, in run
    model = optimized_models(
                             
  File "/gpfs_common/share03/ddomlab/sdehgha2/working_space/GP_collab/code_python/training/scoring_validation.py", line 818, in cross_validate_regressor
    score, predictions = cross_validate(
                         ^^^^^^^^^^^^^^^
  File "/gpfs_common/share03/ddomlab/sdehgha2/working_space/GP_collab/code_python/training/scoring_validation.py", line 555, in cross_validate
    parallel_results = Parallel(**parallel_kwargs)(
                       ^^^^^^^^^^^^^^^^^^^^^^^^^^^^
  File "/usr/local/usrapps/ddomlab/sdehgha2/env12/lib/python3.12/site-packages/joblib/parallel.py", line 1986, in __call__
    return output if self.return_generator else list(output)
                                                ^^^^^^^^^^^^
  File "/usr/local/usrapps/ddomlab/sdehgha2/env12/lib/python3.12/site-packages/joblib/parallel.py", line 1914, in _get_sequential_output
    res = func(*args, **kwargs)
          ^^^^^^^^^^^^^^^^^^^^^
  File "/gpfs_common/share03/ddomlab/sdehgha2/working_space/GP_collab/code_python/training/scoring_validation.py", line 388, in _fit_predict_score
    est.fit(X_train, y_train)
  File "/usr/local/usrapps/ddomlab/sdehgha2/env12/lib/python3.12/site-packages/sklearn/base.py", line 1336, in wrapper
    return fit_method(estimator, *args, **kwargs)
           ^^^^^^^^^^^^^^^^^^^^^^^^^^^^^^^^^^^^^^
  File "/usr/local/usrapps/ddomlab/sdehgha2/env12/lib/python3.12/site-packages/sklearn/pipeline.py", line 621, in fit
    self._final_estimator.fit(Xt, y, **last_step_params["fit"])
  File "/gpfs_common/share03/ddomlab/sdehgha2/working_space/GP_collab/code_python/training/GPytorch_kernel_mix.py", line 784, in fit
    self.regressor_.fit(X, y)
  File "/gpfs_common/share03/ddomlab/sdehgha2/working_space/GP_collab/code_python/training/GPytorch_kernel_mix.py", line 607, in fit
    loss = -mll(y_pred, y_train)
            ^^^^^^^^^^^^^^^^^^^^
  File "/usr/local/usrapps/ddomlab/sdehgha2/env12/lib/python3.12/site-packages/gpytorch/module.py", line 83, in __call__
    outputs = self.forward(*inputs, **kwargs)
              ^^^^^^^^^^^^^^^^^^^^^^^^^^^^^^^
  File "/usr/local/usrapps/ddomlab/sdehgha2/env12/lib/python3.12/site-packages/gpytorch/mlls/exact_marginal_log_likelihood.py", line 84, in forward
    res = output.log_prob(target)
          ^^^^^^^^^^^^^^^^^^^^^^^
  File "/usr/local/usrapps/ddomlab/sdehgha2/env12/lib/python3.12/site-packages/gpytorch/distributions/multivariate_normal.py", line 248, in log_prob
    covar = covar.evaluate_kernel()
            ^^^^^^^^^^^^^^^^^^^^^^^
  File "/usr/local/usrapps/ddomlab/sdehgha2/env12/lib/python3.12/site-packages/linear_operator/operators/added_diag_linear_operator.py", line 208, in evaluate_kernel
    added_diag_linear_op = self.representation_tree()(*self.representation())
                           ^^^^^^^^^^^^^^^^^^^^^^^^^^
  File "/usr/local/usrapps/ddomlab/sdehgha2/env12/lib/python3.12/site-packages/linear_operator/operators/_linear_operator.py", line 2089, in representation_tree
    return LinearOperatorRepresentationTree(self)
           ^^^^^^^^^^^^^^^^^^^^^^^^^^^^^^^^^^^^^^
  File "/usr/local/usrapps/ddomlab/sdehgha2/env12/lib/python3.12/site-packages/linear_operator/operators/linear_operator_representation_tree.py", line 17, in __init__
    representation_size = len(arg.representation())
                              ^^^^^^^^^^^^^^^^^^^^
  File "/usr/local/usrapps/ddomlab/sdehgha2/env12/lib/python3.12/site-packages/gpytorch/lazy/lazy_evaluated_kernel_tensor.py", line 397, in representation
    return self.evaluate_kernel().representation()
           ^^^^^^^^^^^^^^^^^^^^^^
  File "/usr/local/usrapps/ddomlab/sdehgha2/env12/lib/python3.12/site-packages/gpytorch/utils/memoize.py", line 61, in g
    return _add_to_cache(self, cache_name, method(self, *args, **kwargs), *args, kwargs_pkl=kwargs_pkl)
                                           ^^^^^^^^^^^^^^^^^^^^^^^^^^^^^
  File "/usr/local/usrapps/ddomlab/sdehgha2/env12/lib/python3.12/site-packages/gpytorch/lazy/lazy_evaluated_kernel_tensor.py", line 27, in wrapped
    output = method(self, *args, **kwargs)
             ^^^^^^^^^^^^^^^^^^^^^^^^^^^^^
  File "/usr/local/usrapps/ddomlab/sdehgha2/env12/lib/python3.12/site-packages/gpytorch/lazy/lazy_evaluated_kernel_tensor.py", line 355, in evaluate_kernel
    res = self.kernel(
          ^^^^^^^^^^^^
  File "/usr/local/usrapps/ddomlab/sdehgha2/env12/lib/python3.12/site-packages/gpytorch/kernels/kernel.py", line 533, in __call__
    res = to_linear_operator(super().__call__(x1_, x2_, last_dim_is_batch=last_dim_is_batch, **params))
                             ^^^^^^^^^^^^^^^^^^^^^^^^^^^^^^^^^^^^^^^^^^^^^^^^^^^^^^^^^^^^^^^^^^^^^^^^^
  File "/usr/local/usrapps/ddomlab/sdehgha2/env12/lib/python3.12/site-packages/gpytorch/module.py", line 83, in __call__
    outputs = self.forward(*inputs, **kwargs)
              ^^^^^^^^^^^^^^^^^^^^^^^^^^^^^^^
  File "/usr/local/usrapps/ddomlab/sdehgha2/env12/lib/python3.12/site-packages/gpytorch/kernels/scale_kernel.py", line 109, in forward
    orig_output = self.base_kernel.forward(x1, x2, diag=diag, last_dim_is_batch=last_dim_is_batch, **params)
                  ^^^^^^^^^^^^^^^^^^^^^^^^^^^^^^^^^^^^^^^^^^^^^^^^^^^^^^^^^^^^^^^^^^^^^^^^^^^^^^^^^^^^^^^^^^
  File "/usr/local/usrapps/ddomlab/sdehgha2/env12/lib/python3.12/site-packages/gpytorch/kernels/kernel.py", line 615, in forward
    next_term = kern(x1, x2, diag=diag, **params)
                ^^^^^^^^^^^^^^^^^^^^^^^^^^^^^^^^^
  File "/usr/local/usrapps/ddomlab/sdehgha2/env12/lib/python3.12/site-packages/gpytorch/kernels/kernel.py", line 533, in __call__
    res = to_linear_operator(super().__call__(x1_, x2_, last_dim_is_batch=last_dim_is_batch, **params))
                             ^^^^^^^^^^^^^^^^^^^^^^^^^^^^^^^^^^^^^^^^^^^^^^^^^^^^^^^^^^^^^^^^^^^^^^^^^
  File "/usr/local/usrapps/ddomlab/sdehgha2/env12/lib/python3.12/site-packages/gpytorch/module.py", line 83, in __call__
    outputs = self.forward(*inputs, **kwargs)
              ^^^^^^^^^^^^^^^^^^^^^^^^^^^^^^^
  File "/gpfs_common/share03/ddomlab/sdehgha2/working_space/GP_collab/code_python/training/GPytorch_kernel_mix.py", line 82, in forward
    return weighted_tanimoto(x1, x2, dist=False)
           ^^^^^^^^^^^^^^^^^^^^^^^^^^^^^^^^^^^^^
  File "/gpfs_common/share03/ddomlab/sdehgha2/working_space/GP_collab/code_python/training/GPytorch_kernel_mix.py", line 55, in weighted_tanimoto
    [_calculate(x1_block) for x1_block in x1.split(batch_size, dim=-2)],
     ^^^^^^^^^^^^^^^^^^^^
  File "/gpfs_common/share03/ddomlab/sdehgha2/working_space/GP_collab/code_python/training/GPytorch_kernel_mix.py", line 43, in _calculate
    numerator = torch.min(x1e, x2e).sum(dim=-1)
                ^^^^^^^^^^^^^^^^^^^
torch.OutOfMemoryError: CUDA out of memory. Tried to allocate 1.98 GiB. GPU 0 has a total capacity of 44.39 GiB of which 1.43 GiB is free. Process 2356754 has 6.61 GiB memory in use. Process 2356966 has 6.61 GiB memory in use. Including non-PyTorch memory, this process has 4.61 GiB memory in use. Process 2367017 has 6.61 GiB memory in use. Process 2392089 has 4.62 GiB memory in use. Process 2393638 has 4.62 GiB memory in use. Process 2394101 has 4.62 GiB memory in use. Process 2395747 has 4.62 GiB memory in use. Of the allocated memory 1.01 GiB is allocated by PyTorch, and 3.03 GiB is reserved by PyTorch but unallocated. If reserved but unallocated memory is large try setting PYTORCH_ALLOC_CONF=expandable_segments:True to avoid fragmentation.  See documentation for Memory Management  (https://pytorch.org/docs/stable/notes/cuda.html#environment-variables)
