[Parallel(n_jobs=8)]: Using backend LokyBackend with 8 concurrent workers.
[Parallel(n_jobs=8)]: Done  34 tasks      | elapsed:   17.7s
[Parallel(n_jobs=8)]: Done 558 out of 558 | elapsed:   17.8s finished
[Parallel(n_jobs=4)]: Using backend LokyBackend with 4 concurrent workers.
[Parallel(n_jobs=4)]: Done  42 tasks      | elapsed:    4.4s
[Parallel(n_jobs=4)]: Done 192 tasks      | elapsed:   17.5s
[Parallel(n_jobs=4)]: Done 404 out of 404 | elapsed:   41.4s finished
/usr/local/usrapps/ddomlab/sdehgha2/env12/lib/python3.12/site-packages/graphdot/model/gaussian_process/base.py:116: UserWarning: Kernel matrix singular, falling back to pseudoinverse
  warnings.warn(
/usr/local/usrapps/ddomlab/sdehgha2/env12/lib/python3.12/site-packages/graphdot/model/gaussian_process/base.py:116: UserWarning: Kernel matrix singular, falling back to pseudoinverse
  warnings.warn(
/usr/local/usrapps/ddomlab/sdehgha2/env12/lib/python3.12/site-packages/scipy/stats/_distn_infrastructure.py:2159: RuntimeWarning: divide by zero encountered in divide
  x = np.asarray((x - loc)/scale, dtype=dtyp)
/gpfs_common/share03/ddomlab/sdehgha2/working_space/GP_collab/code_python/training/utils_uncertainty_calibration.py:88: RuntimeWarning: divide by zero encountered in divide
  standardized_error  = np.abs((y_pred - y_true) / y_std)
/usr/local/usrapps/ddomlab/sdehgha2/env12/lib/python3.12/site-packages/graphdot/model/gaussian_process/base.py:116: UserWarning: Kernel matrix singular, falling back to pseudoinverse
  warnings.warn(
/usr/local/usrapps/ddomlab/sdehgha2/env12/lib/python3.12/site-packages/graphdot/model/gaussian_process/base.py:116: UserWarning: Kernel matrix singular, falling back to pseudoinverse
  warnings.warn(
/usr/local/usrapps/ddomlab/sdehgha2/env12/lib/python3.12/site-packages/scipy/stats/_distn_infrastructure.py:2159: RuntimeWarning: divide by zero encountered in divide
  x = np.asarray((x - loc)/scale, dtype=dtyp)
/gpfs_common/share03/ddomlab/sdehgha2/working_space/GP_collab/code_python/training/utils_uncertainty_calibration.py:88: RuntimeWarning: divide by zero encountered in divide
  standardized_error  = np.abs((y_pred - y_true) / y_std)
/usr/local/usrapps/ddomlab/sdehgha2/env12/lib/python3.12/site-packages/graphdot/model/gaussian_process/base.py:116: UserWarning: Kernel matrix singular, falling back to pseudoinverse
  warnings.warn(
/usr/local/usrapps/ddomlab/sdehgha2/env12/lib/python3.12/site-packages/graphdot/model/gaussian_process/base.py:116: UserWarning: Kernel matrix singular, falling back to pseudoinverse
  warnings.warn(
/usr/local/usrapps/ddomlab/sdehgha2/env12/lib/python3.12/site-packages/scipy/stats/_distn_infrastructure.py:2159: RuntimeWarning: divide by zero encountered in divide
  x = np.asarray((x - loc)/scale, dtype=dtyp)
/gpfs_common/share03/ddomlab/sdehgha2/working_space/GP_collab/code_python/training/utils_uncertainty_calibration.py:88: RuntimeWarning: divide by zero encountered in divide
  standardized_error  = np.abs((y_pred - y_true) / y_std)
/usr/local/usrapps/ddomlab/sdehgha2/env12/lib/python3.12/site-packages/graphdot/model/gaussian_process/base.py:116: UserWarning: Kernel matrix singular, falling back to pseudoinverse
  warnings.warn(
/usr/local/usrapps/ddomlab/sdehgha2/env12/lib/python3.12/site-packages/graphdot/model/gaussian_process/base.py:116: UserWarning: Kernel matrix singular, falling back to pseudoinverse
  warnings.warn(
/usr/local/usrapps/ddomlab/sdehgha2/env12/lib/python3.12/site-packages/scipy/stats/_distn_infrastructure.py:2159: RuntimeWarning: divide by zero encountered in divide
  x = np.asarray((x - loc)/scale, dtype=dtyp)
/gpfs_common/share03/ddomlab/sdehgha2/working_space/GP_collab/code_python/training/utils_uncertainty_calibration.py:88: RuntimeWarning: divide by zero encountered in divide
  standardized_error  = np.abs((y_pred - y_true) / y_std)
/usr/local/usrapps/ddomlab/sdehgha2/env12/lib/python3.12/site-packages/graphdot/model/gaussian_process/base.py:116: UserWarning: Kernel matrix singular, falling back to pseudoinverse
  warnings.warn(
/usr/local/usrapps/ddomlab/sdehgha2/env12/lib/python3.12/site-packages/graphdot/model/gaussian_process/base.py:116: UserWarning: Kernel matrix singular, falling back to pseudoinverse
  warnings.warn(
/usr/local/usrapps/ddomlab/sdehgha2/env12/lib/python3.12/site-packages/scipy/stats/_distn_infrastructure.py:2159: RuntimeWarning: divide by zero encountered in divide
  x = np.asarray((x - loc)/scale, dtype=dtyp)
/gpfs_common/share03/ddomlab/sdehgha2/working_space/GP_collab/code_python/training/utils_uncertainty_calibration.py:118: ConstantInputWarning: An input array is constant; the correlation coefficient is not defined.
  correlation = spearmanr(res, y_std)[0]
/gpfs_common/share03/ddomlab/sdehgha2/working_space/GP_collab/code_python/training/utils_uncertainty_calibration.py:88: RuntimeWarning: divide by zero encountered in divide
  standardized_error  = np.abs((y_pred - y_true) / y_std)
/usr/local/usrapps/ddomlab/sdehgha2/env12/lib/python3.12/site-packages/graphdot/model/gaussian_process/base.py:116: UserWarning: Kernel matrix singular, falling back to pseudoinverse
  warnings.warn(
/usr/local/usrapps/ddomlab/sdehgha2/env12/lib/python3.12/site-packages/graphdot/model/gaussian_process/base.py:116: UserWarning: Kernel matrix singular, falling back to pseudoinverse
  warnings.warn(
/usr/local/usrapps/ddomlab/sdehgha2/env12/lib/python3.12/site-packages/scipy/stats/_distn_infrastructure.py:2159: RuntimeWarning: divide by zero encountered in divide
  x = np.asarray((x - loc)/scale, dtype=dtyp)
/gpfs_common/share03/ddomlab/sdehgha2/working_space/GP_collab/code_python/training/utils_uncertainty_calibration.py:88: RuntimeWarning: divide by zero encountered in divide
  standardized_error  = np.abs((y_pred - y_true) / y_std)
/usr/local/usrapps/ddomlab/sdehgha2/env12/lib/python3.12/site-packages/graphdot/model/gaussian_process/base.py:116: UserWarning: Kernel matrix singular, falling back to pseudoinverse
  warnings.warn(
/usr/local/usrapps/ddomlab/sdehgha2/env12/lib/python3.12/site-packages/graphdot/model/gaussian_process/base.py:116: UserWarning: Kernel matrix singular, falling back to pseudoinverse
  warnings.warn(
/usr/local/usrapps/ddomlab/sdehgha2/env12/lib/python3.12/site-packages/scipy/stats/_distn_infrastructure.py:2159: RuntimeWarning: divide by zero encountered in divide
  x = np.asarray((x - loc)/scale, dtype=dtyp)
/gpfs_common/share03/ddomlab/sdehgha2/working_space/GP_collab/code_python/training/utils_uncertainty_calibration.py:88: RuntimeWarning: divide by zero encountered in divide
  standardized_error  = np.abs((y_pred - y_true) / y_std)
/usr/local/usrapps/ddomlab/sdehgha2/env12/lib/python3.12/site-packages/graphdot/model/gaussian_process/base.py:116: UserWarning: Kernel matrix singular, falling back to pseudoinverse
  warnings.warn(
/usr/local/usrapps/ddomlab/sdehgha2/env12/lib/python3.12/site-packages/graphdot/model/gaussian_process/base.py:116: UserWarning: Kernel matrix singular, falling back to pseudoinverse
  warnings.warn(
/usr/local/usrapps/ddomlab/sdehgha2/env12/lib/python3.12/site-packages/scipy/stats/_distn_infrastructure.py:2159: RuntimeWarning: divide by zero encountered in divide
  x = np.asarray((x - loc)/scale, dtype=dtyp)
/gpfs_common/share03/ddomlab/sdehgha2/working_space/GP_collab/code_python/training/utils_uncertainty_calibration.py:88: RuntimeWarning: divide by zero encountered in divide
  standardized_error  = np.abs((y_pred - y_true) / y_std)
/usr/local/usrapps/ddomlab/sdehgha2/env12/lib/python3.12/site-packages/graphdot/model/gaussian_process/base.py:116: UserWarning: Kernel matrix singular, falling back to pseudoinverse
  warnings.warn(
/usr/local/usrapps/ddomlab/sdehgha2/env12/lib/python3.12/site-packages/graphdot/model/gaussian_process/base.py:116: UserWarning: Kernel matrix singular, falling back to pseudoinverse
  warnings.warn(
/usr/local/usrapps/ddomlab/sdehgha2/env12/lib/python3.12/site-packages/scipy/stats/_distn_infrastructure.py:2159: RuntimeWarning: divide by zero encountered in divide
  x = np.asarray((x - loc)/scale, dtype=dtyp)
/gpfs_common/share03/ddomlab/sdehgha2/working_space/GP_collab/code_python/training/utils_uncertainty_calibration.py:88: RuntimeWarning: divide by zero encountered in divide
  standardized_error  = np.abs((y_pred - y_true) / y_std)
/usr/local/usrapps/ddomlab/sdehgha2/env12/lib/python3.12/site-packages/graphdot/model/gaussian_process/base.py:116: UserWarning: Kernel matrix singular, falling back to pseudoinverse
  warnings.warn(
/usr/local/usrapps/ddomlab/sdehgha2/env12/lib/python3.12/site-packages/graphdot/model/gaussian_process/base.py:116: UserWarning: Kernel matrix singular, falling back to pseudoinverse
  warnings.warn(
/usr/local/usrapps/ddomlab/sdehgha2/env12/lib/python3.12/site-packages/scipy/stats/_distn_infrastructure.py:2159: RuntimeWarning: divide by zero encountered in divide
  x = np.asarray((x - loc)/scale, dtype=dtyp)
/gpfs_common/share03/ddomlab/sdehgha2/working_space/GP_collab/code_python/training/utils_uncertainty_calibration.py:88: RuntimeWarning: divide by zero encountered in divide
  standardized_error  = np.abs((y_pred - y_true) / y_std)
/usr/local/usrapps/ddomlab/sdehgha2/env12/lib/python3.12/site-packages/graphdot/model/gaussian_process/base.py:116: UserWarning: Kernel matrix singular, falling back to pseudoinverse
  warnings.warn(
/usr/local/usrapps/ddomlab/sdehgha2/env12/lib/python3.12/site-packages/graphdot/model/gaussian_process/base.py:116: UserWarning: Kernel matrix singular, falling back to pseudoinverse
  warnings.warn(
/usr/local/usrapps/ddomlab/sdehgha2/env12/lib/python3.12/site-packages/scipy/stats/_distn_infrastructure.py:2159: RuntimeWarning: divide by zero encountered in divide
  x = np.asarray((x - loc)/scale, dtype=dtyp)
/gpfs_common/share03/ddomlab/sdehgha2/working_space/GP_collab/code_python/training/utils_uncertainty_calibration.py:88: RuntimeWarning: divide by zero encountered in divide
  standardized_error  = np.abs((y_pred - y_true) / y_std)
/usr/local/usrapps/ddomlab/sdehgha2/env12/lib/python3.12/site-packages/graphdot/model/gaussian_process/base.py:116: UserWarning: Kernel matrix singular, falling back to pseudoinverse
  warnings.warn(
/usr/local/usrapps/ddomlab/sdehgha2/env12/lib/python3.12/site-packages/graphdot/model/gaussian_process/base.py:116: UserWarning: Kernel matrix singular, falling back to pseudoinverse
  warnings.warn(
/usr/local/usrapps/ddomlab/sdehgha2/env12/lib/python3.12/site-packages/scipy/stats/_distn_infrastructure.py:2159: RuntimeWarning: divide by zero encountered in divide
  x = np.asarray((x - loc)/scale, dtype=dtyp)
/gpfs_common/share03/ddomlab/sdehgha2/working_space/GP_collab/code_python/training/utils_uncertainty_calibration.py:88: RuntimeWarning: divide by zero encountered in divide
  standardized_error  = np.abs((y_pred - y_true) / y_std)
/usr/local/usrapps/ddomlab/sdehgha2/env12/lib/python3.12/site-packages/graphdot/model/gaussian_process/base.py:116: UserWarning: Kernel matrix singular, falling back to pseudoinverse
  warnings.warn(
/usr/local/usrapps/ddomlab/sdehgha2/env12/lib/python3.12/site-packages/graphdot/model/gaussian_process/base.py:116: UserWarning: Kernel matrix singular, falling back to pseudoinverse
  warnings.warn(
/usr/local/usrapps/ddomlab/sdehgha2/env12/lib/python3.12/site-packages/scipy/stats/_distn_infrastructure.py:2159: RuntimeWarning: divide by zero encountered in divide
  x = np.asarray((x - loc)/scale, dtype=dtyp)
/gpfs_common/share03/ddomlab/sdehgha2/working_space/GP_collab/code_python/training/utils_uncertainty_calibration.py:88: RuntimeWarning: divide by zero encountered in divide
  standardized_error  = np.abs((y_pred - y_true) / y_std)
/usr/local/usrapps/ddomlab/sdehgha2/env12/lib/python3.12/site-packages/graphdot/model/gaussian_process/base.py:116: UserWarning: Kernel matrix singular, falling back to pseudoinverse
  warnings.warn(
/usr/local/usrapps/ddomlab/sdehgha2/env12/lib/python3.12/site-packages/graphdot/model/gaussian_process/base.py:116: UserWarning: Kernel matrix singular, falling back to pseudoinverse
  warnings.warn(
/usr/local/usrapps/ddomlab/sdehgha2/env12/lib/python3.12/site-packages/scipy/stats/_distn_infrastructure.py:2159: RuntimeWarning: divide by zero encountered in divide
  x = np.asarray((x - loc)/scale, dtype=dtyp)
/gpfs_common/share03/ddomlab/sdehgha2/working_space/GP_collab/code_python/training/utils_uncertainty_calibration.py:88: RuntimeWarning: divide by zero encountered in divide
  standardized_error  = np.abs((y_pred - y_true) / y_std)
/usr/local/usrapps/ddomlab/sdehgha2/env12/lib/python3.12/site-packages/graphdot/model/gaussian_process/base.py:116: UserWarning: Kernel matrix singular, falling back to pseudoinverse
  warnings.warn(
/usr/local/usrapps/ddomlab/sdehgha2/env12/lib/python3.12/site-packages/graphdot/model/gaussian_process/base.py:116: UserWarning: Kernel matrix singular, falling back to pseudoinverse
  warnings.warn(
/usr/local/usrapps/ddomlab/sdehgha2/env12/lib/python3.12/site-packages/scipy/stats/_distn_infrastructure.py:2159: RuntimeWarning: divide by zero encountered in divide
  x = np.asarray((x - loc)/scale, dtype=dtyp)
/gpfs_common/share03/ddomlab/sdehgha2/working_space/GP_collab/code_python/training/utils_uncertainty_calibration.py:88: RuntimeWarning: divide by zero encountered in divide
  standardized_error  = np.abs((y_pred - y_true) / y_std)
