MGK regressor, only scaling numerical features
Running seed: 6
Running seed: 13
Running seed: 42
Average scores:	 rmse: 2.28±0.11	 r2: 0.45±0.05
Filename: (MG-COUNT)_(MGK_Graph-RBF_(count:+)x(graph:x))_hypOFF_Standard_Standard_GPU

------------------------------------------------------------
Sender: LSF System <lsfadmin@gpu15>
Subject: Job 285616: <mgk_all_20260914_1> in cluster <Hazel> Done

Job <mgk_all_20260914_1> was submitted from host <login03.hpc.ncsu.edu> by user <sdehgha2> in cluster <Hazel> at Mon Sep 14 17:38:07 2026
Job was executed on host(s) <gpu15>, in queue <gpu>, as user <sdehgha2> in cluster <Hazel> at Mon Sep 14 17:38:08 2026
</home/sdehgha2> was used as the home directory.
</share/ddomlab/sdehgha2/working_space/GP_collab/code_python/training/hpc_submit_training_GP> was used as the working directory.
Started at Mon Sep 14 17:38:08 2026
Terminated at Tue Sep 15 04:14:52 2026
Results reported at Tue Sep 15 04:14:52 2026

Your job looked like:

------------------------------------------------------------
# LSBATCH: User input
#BSUB -n 1
#BSUB -W 20:20
#BSUB -q gpu
#BSUB -gpu "num=1:mode=shared:mps=no"
#BSUB -R "rusage[mem=32GB]"
#BSUB -R "select[a10 || a30 || a100 || l40 || h100]"
#BSUB -J "mgk_all_20260914_1"
#BSUB -o "/share/ddomlab/sdehgha2/working_space/GP_collab/results/HPC_history/hpc_20260914/Beyond molecular structure_ critically assessing machine learning for designing organic photovoltaic materials and devices/MGK_Beyond_molecular_structure_seifrid_imputed_(count:+)x(graph:x)_per_feature_RBF_GPU.out"
#BSUB -e "/share/ddomlab/sdehgha2/working_space/GP_collab/results/HPC_history/hpc_20260914/Beyond molecular structure_ critically assessing machine learning for designing organic photovoltaic materials and devices/MGK_Beyond_molecular_structure_seifrid_imputed_(count:+)x(graph:x)_per_feature_RBF_GPU.err"

source ~/.bashrc
module load cuda/12.1
module load gcc/9.3.0
conda activate /usr/local/usrapps/ddomlab/sdehgha2/env12

python ../train_structure_numerical.py  --K_fp "Graph"                                         --K_count "RBF"                                         --Kernel_mixing_method "(count:+)x(graph:x)"                                         --paper "Beyond molecular structure_ critically assessing machine learning for designing organic photovoltaic materials and devices"                                         --dataset "Beyond molecular structure_seifrid_imputed"                                         --kernel_feature_mode "per_feature"                                         --regressor_type "MGK"

------------------------------------------------------------

Successfully completed.

Resource usage summary:

    CPU time :                                   38068.49 sec.
    Max Memory :                                 2 GB
    Average Memory :                             1.01 GB
    Total Requested Memory :                     32.00 GB
    Delta Memory :                               30.00 GB
    Max Swap :                                   -
    Max Processes :                              14
    Max Threads :                                18
    Run time :                                   38206 sec.
    Turnaround time :                            38205 sec.

The output (if any) is above this job summary.



PS:

Read file </share/ddomlab/sdehgha2/working_space/GP_collab/results/HPC_history/hpc_20260914/Beyond molecular structure_ critically assessing machine learning for designing organic photovoltaic materials and devices/MGK_Beyond_molecular_structure_seifrid_imputed_(count:+)x(graph:x)_per_feature_RBF_GPU.err> for stderr output of this job.

