Data filtering and preprocessing took 0.24 seconds.
Running seed: 6
Running seed: 13
Running seed: 42
Average scores:	 rmse: 2.03±0.17	 r2: 0.56±0.04
Filename: (ECFP3_count_512-COUNT)_NGB_hypOFF_Standard_Standard

------------------------------------------------------------
Sender: LSF System <lsfadmin@c013n02>
Subject: Job 252765: <tree_selected_20260902_3> in cluster <Hazel> Done

Job <tree_selected_20260902_3> was submitted from host <login03.hpc.ncsu.edu> by user <sdehgha2> in cluster <Hazel> at Wed Sep  2 17:15:35 2026
Job was executed on host(s) <6*c013n02>, in queue <single_chassis>, as user <sdehgha2> in cluster <Hazel> at Wed Sep  2 18:09:02 2026
</home/sdehgha2> was used as the home directory.
</share/ddomlab/sdehgha2/working_space/GP_collab/code_python/training/hpc_submit_training_GP> was used as the working directory.
Started at Wed Sep  2 18:09:02 2026
Terminated at Wed Sep  2 18:10:59 2026
Results reported at Wed Sep  2 18:10:59 2026

Your job looked like:

------------------------------------------------------------
# LSBATCH: User input
#BSUB -n 6
#BSUB -W 45:00
#BSUB -R span[hosts=1]
#BSUB -R "rusage[mem=32GB]"
#BSUB -J "tree_selected_20260902_3"
#BSUB -o "/share/ddomlab/sdehgha2/working_space/GP_collab/results/HPC_history/hpc_20260902/Beyond molecular structure_ critically assessing machine learning for designing organic photovoltaic materials and devices/NGB_Beyond_molecular_structure_seifrid_imputed_CPU.out"
#BSUB -e "/share/ddomlab/sdehgha2/working_space/GP_collab/results/HPC_history/hpc_20260902/Beyond molecular structure_ critically assessing machine learning for designing organic photovoltaic materials and devices/NGB_Beyond_molecular_structure_seifrid_imputed_CPU.err"

source ~/.bashrc
conda activate /usr/local/usrapps/ddomlab/sdehgha2/env12

python ../train_structure_numerical.py --regressor_type "NGB"                                         --dataset "Beyond molecular structure_seifrid_imputed"                                         --paper "Beyond molecular structure_ critically assessing machine learning for designing organic photovoltaic materials and devices"

------------------------------------------------------------

Successfully completed.

Resource usage summary:

    CPU time :                                   383.00 sec.
    Max Memory :                                 4 GB
    Average Memory :                             1.83 GB
    Total Requested Memory :                     32.00 GB
    Delta Memory :                               28.00 GB
    Max Swap :                                   -
    Max Processes :                              12
    Max Threads :                                15
    Run time :                                   117 sec.
    Turnaround time :                            3324 sec.

The output (if any) is above this job summary.



PS:

Read file </share/ddomlab/sdehgha2/working_space/GP_collab/results/HPC_history/hpc_20260902/Beyond molecular structure_ critically assessing machine learning for designing organic photovoltaic materials and devices/NGB_Beyond_molecular_structure_seifrid_imputed_CPU.err> for stderr output of this job.

Data filtering and preprocessing took 0.00 seconds.
Running seed: 6
Running seed: 13
Running seed: 42
Average scores:	 rmse: 2.25±0.23	 r2: 0.46±0.09
Filename: (COUNT)_NGB_hypOFF_Standard_Standard

------------------------------------------------------------
Sender: LSF System <lsfadmin@c016n03>
Subject: Job 252819: <tree_selected_20260902_3> in cluster <Hazel> Done

Job <tree_selected_20260902_3> was submitted from host <login03.hpc.ncsu.edu> by user <sdehgha2> in cluster <Hazel> at Wed Sep  2 17:32:40 2026
Job was executed on host(s) <6*c016n03>, in queue <single_chassis>, as user <sdehgha2> in cluster <Hazel> at Wed Sep  2 18:55:19 2026
</home/sdehgha2> was used as the home directory.
</share/ddomlab/sdehgha2/working_space/GP_collab/code_python/training/hpc_submit_training_GP> was used as the working directory.
Started at Wed Sep  2 18:55:19 2026
Terminated at Wed Sep  2 18:56:24 2026
Results reported at Wed Sep  2 18:56:24 2026

Your job looked like:

------------------------------------------------------------
# LSBATCH: User input
#BSUB -n 6
#BSUB -W 20:00
#BSUB -R span[hosts=1]
#BSUB -R "rusage[mem=32GB]"
#BSUB -J "tree_selected_20260902_3"
#BSUB -o "/share/ddomlab/sdehgha2/working_space/GP_collab/results/HPC_history/hpc_20260902/Beyond molecular structure_ critically assessing machine learning for designing organic photovoltaic materials and devices/NGB_Beyond_molecular_structure_seifrid_imputed_CPU.out"
#BSUB -e "/share/ddomlab/sdehgha2/working_space/GP_collab/results/HPC_history/hpc_20260902/Beyond molecular structure_ critically assessing machine learning for designing organic photovoltaic materials and devices/NGB_Beyond_molecular_structure_seifrid_imputed_CPU.err"

source ~/.bashrc
conda activate /usr/local/usrapps/ddomlab/sdehgha2/env12

python ../train_numerical.py --regressor_type "NGB"                                         --dataset "Beyond molecular structure_seifrid_imputed"                                         --paper "Beyond molecular structure_ critically assessing machine learning for designing organic photovoltaic materials and devices"

------------------------------------------------------------

Successfully completed.

Resource usage summary:

    CPU time :                                   137.61 sec.
    Max Memory :                                 3 GB
    Average Memory :                             0.75 GB
    Total Requested Memory :                     32.00 GB
    Delta Memory :                               29.00 GB
    Max Swap :                                   -
    Max Processes :                              12
    Max Threads :                                15
    Run time :                                   65 sec.
    Turnaround time :                            5024 sec.

The output (if any) is above this job summary.



PS:

Read file </share/ddomlab/sdehgha2/working_space/GP_collab/results/HPC_history/hpc_20260902/Beyond molecular structure_ critically assessing machine learning for designing organic photovoltaic materials and devices/NGB_Beyond_molecular_structure_seifrid_imputed_CPU.err> for stderr output of this job.

