Data filtering and preprocessing took 0.25 seconds.
Running seed: 6
Running seed: 13
Running seed: 42
Average scores:	 rmse: 2.02±0.18	 r2: 0.57±0.04
Filename: (ECFP3_count_512-COUNT)_RF_hypOFF_Standard_Standard

------------------------------------------------------------
Sender: LSF System <lsfadmin@c013n02>
Subject: Job 252763: <tree_selected_20260902_1> in cluster <Hazel> Done

Job <tree_selected_20260902_1> was submitted from host <login03.hpc.ncsu.edu> by user <sdehgha2> in cluster <Hazel> at Wed Sep  2 17:15:34 2026
Job was executed on host(s) <6*c013n02>, in queue <single_chassis>, as user <sdehgha2> in cluster <Hazel> at Wed Sep  2 18:06:03 2026
</home/sdehgha2> was used as the home directory.
</share/ddomlab/sdehgha2/working_space/GP_collab/code_python/training/hpc_submit_training_GP> was used as the working directory.
Started at Wed Sep  2 18:06:03 2026
Terminated at Wed Sep  2 18:07:36 2026
Results reported at Wed Sep  2 18:07:36 2026

Your job looked like:

------------------------------------------------------------
# LSBATCH: User input
#BSUB -n 6
#BSUB -W 45:00
#BSUB -R span[hosts=1]
#BSUB -R "rusage[mem=32GB]"
#BSUB -J "tree_selected_20260902_1"
#BSUB -o "/share/ddomlab/sdehgha2/working_space/GP_collab/results/HPC_history/hpc_20260902/Beyond molecular structure_ critically assessing machine learning for designing organic photovoltaic materials and devices/RF_Beyond_molecular_structure_seifrid_imputed_CPU.out"
#BSUB -e "/share/ddomlab/sdehgha2/working_space/GP_collab/results/HPC_history/hpc_20260902/Beyond molecular structure_ critically assessing machine learning for designing organic photovoltaic materials and devices/RF_Beyond_molecular_structure_seifrid_imputed_CPU.err"

source ~/.bashrc
conda activate /usr/local/usrapps/ddomlab/sdehgha2/env12

python ../train_structure_numerical.py --regressor_type "RF"                                         --dataset "Beyond molecular structure_seifrid_imputed"                                         --paper "Beyond molecular structure_ critically assessing machine learning for designing organic photovoltaic materials and devices"

------------------------------------------------------------

Successfully completed.

Resource usage summary:

    CPU time :                                   235.26 sec.
    Max Memory :                                 4 GB
    Average Memory :                             1.20 GB
    Total Requested Memory :                     32.00 GB
    Delta Memory :                               28.00 GB
    Max Swap :                                   -
    Max Processes :                              12
    Max Threads :                                24
    Run time :                                   95 sec.
    Turnaround time :                            3122 sec.

The output (if any) is above this job summary.



PS:

Read file </share/ddomlab/sdehgha2/working_space/GP_collab/results/HPC_history/hpc_20260902/Beyond molecular structure_ critically assessing machine learning for designing organic photovoltaic materials and devices/RF_Beyond_molecular_structure_seifrid_imputed_CPU.err> for stderr output of this job.

Data filtering and preprocessing took 0.00 seconds.
Running seed: 6
Running seed: 13
Running seed: 42
Average scores:	 rmse: 2.2±0.17	 r2: 0.49±0.06
Filename: (COUNT)_RF_hypOFF_Standard_Standard

------------------------------------------------------------
Sender: LSF System <lsfadmin@c013n02>
Subject: Job 252817: <tree_selected_20260902_1> in cluster <Hazel> Done

Job <tree_selected_20260902_1> was submitted from host <login03.hpc.ncsu.edu> by user <sdehgha2> in cluster <Hazel> at Wed Sep  2 17:32:40 2026
Job was executed on host(s) <6*c013n02>, in queue <single_chassis>, as user <sdehgha2> in cluster <Hazel> at Wed Sep  2 18:52:52 2026
</home/sdehgha2> was used as the home directory.
</share/ddomlab/sdehgha2/working_space/GP_collab/code_python/training/hpc_submit_training_GP> was used as the working directory.
Started at Wed Sep  2 18:52:52 2026
Terminated at Wed Sep  2 18:54:19 2026
Results reported at Wed Sep  2 18:54:19 2026

Your job looked like:

------------------------------------------------------------
# LSBATCH: User input
#BSUB -n 6
#BSUB -W 20:00
#BSUB -R span[hosts=1]
#BSUB -R "rusage[mem=32GB]"
#BSUB -J "tree_selected_20260902_1"
#BSUB -o "/share/ddomlab/sdehgha2/working_space/GP_collab/results/HPC_history/hpc_20260902/Beyond molecular structure_ critically assessing machine learning for designing organic photovoltaic materials and devices/RF_Beyond_molecular_structure_seifrid_imputed_CPU.out"
#BSUB -e "/share/ddomlab/sdehgha2/working_space/GP_collab/results/HPC_history/hpc_20260902/Beyond molecular structure_ critically assessing machine learning for designing organic photovoltaic materials and devices/RF_Beyond_molecular_structure_seifrid_imputed_CPU.err"

source ~/.bashrc
conda activate /usr/local/usrapps/ddomlab/sdehgha2/env12

python ../train_numerical.py --regressor_type "RF"                                         --dataset "Beyond molecular structure_seifrid_imputed"                                         --paper "Beyond molecular structure_ critically assessing machine learning for designing organic photovoltaic materials and devices"

------------------------------------------------------------

Successfully completed.

Resource usage summary:

    CPU time :                                   216.56 sec.
    Max Memory :                                 3 GB
    Average Memory :                             1.20 GB
    Total Requested Memory :                     32.00 GB
    Delta Memory :                               29.00 GB
    Max Swap :                                   -
    Max Processes :                              12
    Max Threads :                                15
    Run time :                                   88 sec.
    Turnaround time :                            4899 sec.

The output (if any) is above this job summary.



PS:

Read file </share/ddomlab/sdehgha2/working_space/GP_collab/results/HPC_history/hpc_20260902/Beyond molecular structure_ critically assessing machine learning for designing organic photovoltaic materials and devices/RF_Beyond_molecular_structure_seifrid_imputed_CPU.err> for stderr output of this job.

