Data filtering and preprocessing took 0.24 seconds.
Running seed: 6
Running seed: 13
Running seed: 42
Average scores:	 rmse: 2.1±0.15	 r2: 0.53±0.05
Filename: (ECFP3_count_512-COUNT)_XGBR_hypOFF_Standard_Standard

------------------------------------------------------------
Sender: LSF System <lsfadmin@c013n02>
Subject: Job 252764: <tree_selected_20260902_2> in cluster <Hazel> Done

Job <tree_selected_20260902_2> was submitted from host <login03.hpc.ncsu.edu> by user <sdehgha2> in cluster <Hazel> at Wed Sep  2 17:15:34 2026
Job was executed on host(s) <6*c013n02>, in queue <single_chassis>, as user <sdehgha2> in cluster <Hazel> at Wed Sep  2 18:08:03 2026
</home/sdehgha2> was used as the home directory.
</share/ddomlab/sdehgha2/working_space/GP_collab/code_python/training/hpc_submit_training_GP> was used as the working directory.
Started at Wed Sep  2 18:08:03 2026
Terminated at Wed Sep  2 18:09:02 2026
Results reported at Wed Sep  2 18:09:02 2026

Your job looked like:

------------------------------------------------------------
# LSBATCH: User input
#BSUB -n 6
#BSUB -W 45:00
#BSUB -R span[hosts=1]
#BSUB -R "rusage[mem=32GB]"
#BSUB -J "tree_selected_20260902_2"
#BSUB -o "/share/ddomlab/sdehgha2/working_space/GP_collab/results/HPC_history/hpc_20260902/Beyond molecular structure_ critically assessing machine learning for designing organic photovoltaic materials and devices/XGBR_Beyond_molecular_structure_seifrid_imputed_CPU.out"
#BSUB -e "/share/ddomlab/sdehgha2/working_space/GP_collab/results/HPC_history/hpc_20260902/Beyond molecular structure_ critically assessing machine learning for designing organic photovoltaic materials and devices/XGBR_Beyond_molecular_structure_seifrid_imputed_CPU.err"

source ~/.bashrc
conda activate /usr/local/usrapps/ddomlab/sdehgha2/env12

python ../train_structure_numerical.py --regressor_type "XGBR"                                         --dataset "Beyond molecular structure_seifrid_imputed"                                         --paper "Beyond molecular structure_ critically assessing machine learning for designing organic photovoltaic materials and devices"

------------------------------------------------------------

Successfully completed.

Resource usage summary:

    CPU time :                                   91.43 sec.
    Max Memory :                                 3 GB
    Average Memory :                             0.75 GB
    Total Requested Memory :                     32.00 GB
    Delta Memory :                               29.00 GB
    Max Swap :                                   -
    Max Processes :                              12
    Max Threads :                                15
    Run time :                                   86 sec.
    Turnaround time :                            3208 sec.

The output (if any) is above this job summary.



PS:

Read file </share/ddomlab/sdehgha2/working_space/GP_collab/results/HPC_history/hpc_20260902/Beyond molecular structure_ critically assessing machine learning for designing organic photovoltaic materials and devices/XGBR_Beyond_molecular_structure_seifrid_imputed_CPU.err> for stderr output of this job.

Data filtering and preprocessing took 0.00 seconds.
Running seed: 6
Running seed: 13
Running seed: 42
Average scores:	 rmse: 2.28±0.19	 r2: 0.45±0.08
Filename: (COUNT)_XGBR_hypOFF_Standard_Standard

------------------------------------------------------------
Sender: LSF System <lsfadmin@c013n02>
Subject: Job 252818: <tree_selected_20260902_2> in cluster <Hazel> Done

Job <tree_selected_20260902_2> was submitted from host <login03.hpc.ncsu.edu> by user <sdehgha2> in cluster <Hazel> at Wed Sep  2 17:32:40 2026
Job was executed on host(s) <6*c013n02>, in queue <single_chassis>, as user <sdehgha2> in cluster <Hazel> at Wed Sep  2 18:54:20 2026
</home/sdehgha2> was used as the home directory.
</share/ddomlab/sdehgha2/working_space/GP_collab/code_python/training/hpc_submit_training_GP> was used as the working directory.
Started at Wed Sep  2 18:54:20 2026
Terminated at Wed Sep  2 18:55:18 2026
Results reported at Wed Sep  2 18:55:18 2026

Your job looked like:

------------------------------------------------------------
# LSBATCH: User input
#BSUB -n 6
#BSUB -W 20:00
#BSUB -R span[hosts=1]
#BSUB -R "rusage[mem=32GB]"
#BSUB -J "tree_selected_20260902_2"
#BSUB -o "/share/ddomlab/sdehgha2/working_space/GP_collab/results/HPC_history/hpc_20260902/Beyond molecular structure_ critically assessing machine learning for designing organic photovoltaic materials and devices/XGBR_Beyond_molecular_structure_seifrid_imputed_CPU.out"
#BSUB -e "/share/ddomlab/sdehgha2/working_space/GP_collab/results/HPC_history/hpc_20260902/Beyond molecular structure_ critically assessing machine learning for designing organic photovoltaic materials and devices/XGBR_Beyond_molecular_structure_seifrid_imputed_CPU.err"

source ~/.bashrc
conda activate /usr/local/usrapps/ddomlab/sdehgha2/env12

python ../train_numerical.py --regressor_type "XGBR"                                         --dataset "Beyond molecular structure_seifrid_imputed"                                         --paper "Beyond molecular structure_ critically assessing machine learning for designing organic photovoltaic materials and devices"

------------------------------------------------------------

Successfully completed.

Resource usage summary:

    CPU time :                                   85.53 sec.
    Max Memory :                                 3 GB
    Average Memory :                             0.75 GB
    Total Requested Memory :                     32.00 GB
    Delta Memory :                               29.00 GB
    Max Swap :                                   -
    Max Processes :                              12
    Max Threads :                                15
    Run time :                                   59 sec.
    Turnaround time :                            4958 sec.

The output (if any) is above this job summary.



PS:

Read file </share/ddomlab/sdehgha2/working_space/GP_collab/results/HPC_history/hpc_20260902/Beyond molecular structure_ critically assessing machine learning for designing organic photovoltaic materials and devices/XGBR_Beyond_molecular_structure_seifrid_imputed_CPU.err> for stderr output of this job.

