alphabet 
 ['4', 'n', ')', '5', '-', 'L', '7', '/', '2', 's', 'c', '3', '[', '.', '1', 'B', 'O', 'r', '+', 'S', '*', '(', ']', 'C', 'N', '=', 'i', '#', '6', '@'] 
 length of alphabet 30
maxlen 127
Data filtering and preprocessing took 0.38 seconds.
Running seed: 6
Using device: cuda

------------------------------------------------------------
Sender: LSF System <lsfadmin@gpu26>
Subject: Job 696528: <structure_numerical_20260714> in cluster <Hazel> Exited

Job <structure_numerical_20260714> was submitted from host <gpu16> by user <sdehgha2> in cluster <Hazel> at Tue Jul 14 10:47:24 2026
Job was executed on host(s) <gpu26>, in queue <gpu>, as user <sdehgha2> in cluster <Hazel> at Tue Jul 14 10:48:21 2026
</home/sdehgha2> was used as the home directory.
</share/ddomlab/sdehgha2/working_space/GP_collab/code_python/training/hpc_submit_training_GP> was used as the working directory.
Started at Tue Jul 14 10:48:21 2026
Terminated at Tue Jul 14 10:49:40 2026
Results reported at Tue Jul 14 10:49:40 2026

Your job looked like:

------------------------------------------------------------
# LSBATCH: User input

#BSUB -n 1
#BSUB -W 8:50
#BSUB -q gpu
#BSUB -gpu "num=1:mode=shared:mps=no"
#BSUB -R "rusage[mem=16GB]"
#BSUB -J "structure_numerical_20260714"
#BSUB -o "/share/ddomlab/sdehgha2/working_space/GP_collab/results/HPC_history/hpc_20260714/Robust Learning from Literature Data_Model Generalizability and Uncertainty for Predicting Conjugated Polymer Solution Conformation/GPytorchMAP_SSK_Matern32_product_GPU.out"
#BSUB -e "/share/ddomlab/sdehgha2/working_space/GP_collab/results/HPC_history/hpc_20260714/Robust Learning from Literature Data_Model Generalizability and Uncertainty for Predicting Conjugated Polymer Solution Conformation/GPytorchMAP_SSK_Matern32_product_GPU.err"

source ~/.bashrc
module load cuda/12.1
module load gcc/9.3.0
conda activate /usr/local/usrapps/ddomlab/sdehgha2/env12

python ../train_structure_numerical.py --K_fp SSK                                         --K_count Matern32                                         --Kernel_mixing_method product                                         --dataset "Rg data with clusters aging imputed"                                         --paper "Robust Learning from Literature Data_Model Generalizability and Uncertainty for Predicting Conjugated Polymer Solution Conformation"                                         --regressor_type "GPytorchMAP" 





------------------------------------------------------------

Exited with exit code 1.

Resource usage summary:

    CPU time :                                   31.17 sec.
    Max Memory :                                 1 GB
    Average Memory :                             0.60 GB
    Total Requested Memory :                     16.00 GB
    Delta Memory :                               15.00 GB
    Max Swap :                                   -
    Max Processes :                              5
    Max Threads :                                8
    Run time :                                   92 sec.
    Turnaround time :                            136 sec.

The output (if any) is above this job summary.



PS:

Read file </share/ddomlab/sdehgha2/working_space/GP_collab/results/HPC_history/hpc_20260714/Robust Learning from Literature Data_Model Generalizability and Uncertainty for Predicting Conjugated Polymer Solution Conformation/GPytorchMAP_SSK_Matern32_product_GPU.err> for stderr output of this job.

