Running seed: 6
No hyperparameter optimization

------------------------------------------------------------
Sender: LSF System <lsfadmin@c023n04>
Subject: Job 958728: <structure_numerical_20260114> in cluster <Hazel> Exited

Job <structure_numerical_20260114> was submitted from host <c003n04> by user <sdehgha2> in cluster <Hazel> at Wed Jan 14 10:24:58 2026
Job was executed on host(s) <6*c023n04>, in queue <single_chassis>, as user <sdehgha2> in cluster <Hazel> at Wed Jan 14 10:36:44 2026
</tmp/.lsbtmp404534> was used as the home directory.
</share/ddomlab/sdehgha2/working-space/main/_colab_GP/GP_collab/code_python/training/hpc_submit_training_GP> was used as the working directory.
Started at Wed Jan 14 10:36:44 2026
Terminated at Wed Jan 14 10:37:20 2026
Results reported at Wed Jan 14 10:37:20 2026

Your job looked like:

------------------------------------------------------------
# LSBATCH: User input



#BSUB -n 6
#BSUB -W 6:00
#BSUB -R span[hosts=1]
#BSUB -R "rusage[mem=32GB]"
#BSUB -J "structure_numerical_20260114"
#BSUB -o "/share/ddomlab/sdehgha2/working-space/main/_colab_GP/GP_collab/results/HPC_history/hpc_20260114/Understanding and Designing a High-Performance Ultrafiltration Membrane Using Machine Learning/GPytorchMAP_Matern32_Matern32_averageProduct.out"
#BSUB -e "/share/ddomlab/sdehgha2/working-space/main/_colab_GP/GP_collab/results/HPC_history/hpc_20260114/Understanding and Designing a High-Performance Ultrafiltration Membrane Using Machine Learning/GPytorchMAP_Matern32_Matern32_averageProduct.err"

source ~/.bashrc
conda activate /usr/local/usrapps/ddomlab/sdehgha2/torch_cpu
python ../train_structure_numerical.py --K_fp Matern32                                         --K_count Matern32                                         --Kernel_mixing_method averageProduct                                         --paper "Understanding and Designing a High-Performance Ultrafiltration Membrane Using Machine Learning"                                         --dataset "cleaned_dataset_Ultrafiltration Membrane" 

------------------------------------------------------------

Exited with exit code 1.

Resource usage summary:

    CPU time :                                   54.27 sec.
    Max Memory :                                 -
    Average Memory :                             -
    Total Requested Memory :                     32.00 GB
    Delta Memory :                               -
    Max Swap :                                   -
    Max Processes :                              4
    Max Threads :                                5
    Run time :                                   39 sec.
    Turnaround time :                            742 sec.

The output (if any) is above this job summary.



PS:

Read file </share/ddomlab/sdehgha2/working-space/main/_colab_GP/GP_collab/results/HPC_history/hpc_20260114/Understanding and Designing a High-Performance Ultrafiltration Membrane Using Machine Learning/GPytorchMAP_Matern32_Matern32_averageProduct.err> for stderr output of this job.

Running seed: 6
No hyperparameter optimization
Running seed: 13
No hyperparameter optimization
Running seed: 42
No hyperparameter optimization
Average scores:	 rmse: 80.64±12.09	 r2: 0.73±0.07
Filename: (ECFP3_count_512-COUNT)_(GPytorchMAP_Matern32-Matern32_averageProduct)_mean_hypOFF_Standard_Standard
Running seed: 6
No hyperparameter optimization
Running seed: 13
No hyperparameter optimization
Running seed: 42
No hyperparameter optimization
Average scores:	 rmse: 9.69±1.08	 r2: 0.64±0.12
Filename: (ECFP3_count_512-COUNT)_(GPytorchMAP_Matern32-Matern32_averageProduct)_mean_hypOFF_Standard_Standard
Running seed: 6
No hyperparameter optimization
Running seed: 13
No hyperparameter optimization
Running seed: 42
No hyperparameter optimization
Average scores:	 rmse: 10.04±1.03	 r2: 0.72±0.06
Filename: (ECFP3_count_512-COUNT)_(GPytorchMAP_Matern32-Matern32_averageProduct)_mean_hypOFF_Standard_Standard
Running seed: 6
No hyperparameter optimization
Running seed: 13
No hyperparameter optimization
Running seed: 42
No hyperparameter optimization
Average scores:	 rmse: 8.91±1.26	 r2: 0.51±0.1
Filename: (ECFP3_count_512-COUNT)_(GPytorchMAP_Matern32-Matern32_averageProduct)_mean_hypOFF_Standard_Standard
Running seed: 6
No hyperparameter optimization
Running seed: 13
No hyperparameter optimization
Running seed: 42
No hyperparameter optimization
Average scores:	 rmse: 10.47±1.37	 r2: 0.71±0.08
Filename: (ECFP3_count_512-COUNT)_(GPytorchMAP_Matern32-Matern32_averageProduct)_mean_hypOFF_Standard_Standard
Running seed: 6
No hyperparameter optimization
Running seed: 13
No hyperparameter optimization
Running seed: 42
No hyperparameter optimization
Average scores:	 rmse: 8.91±1.26	 r2: 0.51±0.1
Filename: (ECFP3_count_512-COUNT)_(GPytorchMAP_Matern32-Matern32_averageProduct)_mean_hypOFF_Standard_Standard

------------------------------------------------------------
Sender: LSF System <lsfadmin@c019n04>
Subject: Job 960454: <structure_numerical_20260114> in cluster <Hazel> Done

Job <structure_numerical_20260114> was submitted from host <c013n03> by user <sdehgha2> in cluster <Hazel> at Wed Jan 14 11:38:04 2026
Job was executed on host(s) <6*c019n04>, in queue <single_chassis>, as user <sdehgha2> in cluster <Hazel> at Wed Jan 14 11:50:39 2026
</tmp/.lsbtmp404534> was used as the home directory.
</share/ddomlab/sdehgha2/working-space/main/_colab_GP/GP_collab/code_python/training/hpc_submit_training_GP> was used as the working directory.
Started at Wed Jan 14 11:50:39 2026
Terminated at Wed Jan 14 11:57:54 2026
Results reported at Wed Jan 14 11:57:54 2026

Your job looked like:

------------------------------------------------------------
# LSBATCH: User input



#BSUB -n 6
#BSUB -W 6:00
#BSUB -R span[hosts=1]
#BSUB -R "rusage[mem=32GB]"
#BSUB -J "structure_numerical_20260114"
#BSUB -o "/share/ddomlab/sdehgha2/working-space/main/_colab_GP/GP_collab/results/HPC_history/hpc_20260114/Understanding and Designing a High-Performance Ultrafiltration Membrane Using Machine Learning/GPytorchMAP_Matern32_Matern32_averageProduct.out"
#BSUB -e "/share/ddomlab/sdehgha2/working-space/main/_colab_GP/GP_collab/results/HPC_history/hpc_20260114/Understanding and Designing a High-Performance Ultrafiltration Membrane Using Machine Learning/GPytorchMAP_Matern32_Matern32_averageProduct.err"

source ~/.bashrc
conda activate /usr/local/usrapps/ddomlab/sdehgha2/torch_cpu
python ../train_structure_numerical.py --K_fp Matern32                                         --K_count Matern32                                         --Kernel_mixing_method averageProduct                                         --paper "Understanding and Designing a High-Performance Ultrafiltration Membrane Using Machine Learning"                                         --dataset "cleaned_dataset_Ultrafiltration Membrane" 

------------------------------------------------------------

Successfully completed.

Resource usage summary:

    CPU time :                                   1818.00 sec.
    Max Memory :                                 12 GB
    Average Memory :                             7.86 GB
    Total Requested Memory :                     32.00 GB
    Delta Memory :                               20.00 GB
    Max Swap :                                   -
    Max Processes :                              38
    Max Threads :                                41
    Run time :                                   461 sec.
    Turnaround time :                            1190 sec.

The output (if any) is above this job summary.



PS:

Read file </share/ddomlab/sdehgha2/working-space/main/_colab_GP/GP_collab/results/HPC_history/hpc_20260114/Understanding and Designing a High-Performance Ultrafiltration Membrane Using Machine Learning/GPytorchMAP_Matern32_Matern32_averageProduct.err> for stderr output of this job.

