Running seed: 6
No hyperparameter optimization

------------------------------------------------------------
Sender: LSF System <lsfadmin@c003n04>
Subject: Job 958706: <structure_numerical_20260114> in cluster <Hazel> Exited

Job <structure_numerical_20260114> was submitted from host <c003n04> by user <sdehgha2> in cluster <Hazel> at Wed Jan 14 10:24:48 2026
Job was executed on host(s) <6*c003n04>, in queue <single_chassis>, as user <sdehgha2> in cluster <Hazel> at Wed Jan 14 10:31:32 2026
</tmp/.lsbtmp404534> was used as the home directory.
</share/ddomlab/sdehgha2/working-space/main/_colab_GP/GP_collab/code_python/training/hpc_submit_training_GP> was used as the working directory.
Started at Wed Jan 14 10:31:32 2026
Terminated at Wed Jan 14 10:32:10 2026
Results reported at Wed Jan 14 10:32:10 2026

Your job looked like:

------------------------------------------------------------
# LSBATCH: User input



#BSUB -n 6
#BSUB -W 6:00
#BSUB -R span[hosts=1]
#BSUB -R "rusage[mem=32GB]"
#BSUB -J "structure_numerical_20260114"
#BSUB -o "/share/ddomlab/sdehgha2/working-space/main/_colab_GP/GP_collab/results/HPC_history/hpc_20260114/Understanding and Designing a High-Performance Ultrafiltration Membrane Using Machine Learning/GPytorchMAP_Matern32_RBF_product.out"
#BSUB -e "/share/ddomlab/sdehgha2/working-space/main/_colab_GP/GP_collab/results/HPC_history/hpc_20260114/Understanding and Designing a High-Performance Ultrafiltration Membrane Using Machine Learning/GPytorchMAP_Matern32_RBF_product.err"

source ~/.bashrc
conda activate /usr/local/usrapps/ddomlab/sdehgha2/torch_cpu
python ../train_structure_numerical.py --K_fp Matern32                                         --K_count RBF                                         --Kernel_mixing_method product                                         --paper "Understanding and Designing a High-Performance Ultrafiltration Membrane Using Machine Learning"                                         --dataset "cleaned_dataset_Ultrafiltration Membrane" 

------------------------------------------------------------

Exited with exit code 1.

Resource usage summary:

    CPU time :                                   53.64 sec.
    Max Memory :                                 2 GB
    Average Memory :                             -
    Total Requested Memory :                     32.00 GB
    Delta Memory :                               30.00 GB
    Max Swap :                                   -
    Max Processes :                              38
    Max Threads :                                41
    Run time :                                   38 sec.
    Turnaround time :                            442 sec.

The output (if any) is above this job summary.



PS:

Read file </share/ddomlab/sdehgha2/working-space/main/_colab_GP/GP_collab/results/HPC_history/hpc_20260114/Understanding and Designing a High-Performance Ultrafiltration Membrane Using Machine Learning/GPytorchMAP_Matern32_RBF_product.err> for stderr output of this job.

Running seed: 6
No hyperparameter optimization
Running seed: 13
No hyperparameter optimization
Running seed: 42
No hyperparameter optimization
Average scores:	 rmse: 72.52±10.47	 r2: 0.78±0.06
Filename: (ECFP3_count_512-COUNT)_(GPytorchMAP_Matern32-RBF_product)_mean_hypOFF_Standard_Standard
Running seed: 6
No hyperparameter optimization
Running seed: 13
No hyperparameter optimization
Running seed: 42
No hyperparameter optimization
Average scores:	 rmse: 9.17±1.36	 r2: 0.67±0.13
Filename: (ECFP3_count_512-COUNT)_(GPytorchMAP_Matern32-RBF_product)_mean_hypOFF_Standard_Standard
Running seed: 6
No hyperparameter optimization
Running seed: 13
No hyperparameter optimization
Running seed: 42
No hyperparameter optimization
Average scores:	 rmse: 10.2±1.46	 r2: 0.71±0.08
Filename: (ECFP3_count_512-COUNT)_(GPytorchMAP_Matern32-RBF_product)_mean_hypOFF_Standard_Standard
Running seed: 6
No hyperparameter optimization
Running seed: 13
No hyperparameter optimization
Running seed: 42
No hyperparameter optimization
Average scores:	 rmse: 10.35±1.38	 r2: 0.34±0.1
Filename: (ECFP3_count_512-COUNT)_(GPytorchMAP_Matern32-RBF_product)_mean_hypOFF_Standard_Standard
Running seed: 6
No hyperparameter optimization
Running seed: 13
No hyperparameter optimization
Running seed: 42
No hyperparameter optimization
Average scores:	 rmse: 10.36±1.69	 r2: 0.71±0.1
Filename: (ECFP3_count_512-COUNT)_(GPytorchMAP_Matern32-RBF_product)_mean_hypOFF_Standard_Standard
Running seed: 6
No hyperparameter optimization
Running seed: 13
No hyperparameter optimization
Running seed: 42
No hyperparameter optimization
Average scores:	 rmse: 10.35±1.38	 r2: 0.34±0.1
Filename: (ECFP3_count_512-COUNT)_(GPytorchMAP_Matern32-RBF_product)_mean_hypOFF_Standard_Standard

------------------------------------------------------------
Sender: LSF System <lsfadmin@c203n05>
Subject: Job 960422: <structure_numerical_20260114> in cluster <Hazel> Done

Job <structure_numerical_20260114> was submitted from host <c013n03> by user <sdehgha2> in cluster <Hazel> at Wed Jan 14 11:37:55 2026
Job was executed on host(s) <6*c203n05>, in queue <single_chassis>, as user <sdehgha2> in cluster <Hazel> at Wed Jan 14 11:40:59 2026
</tmp/.lsbtmp404534> was used as the home directory.
</share/ddomlab/sdehgha2/working-space/main/_colab_GP/GP_collab/code_python/training/hpc_submit_training_GP> was used as the working directory.
Started at Wed Jan 14 11:40:59 2026
Terminated at Wed Jan 14 11:51:24 2026
Results reported at Wed Jan 14 11:51:24 2026

Your job looked like:

------------------------------------------------------------
# LSBATCH: User input



#BSUB -n 6
#BSUB -W 6:00
#BSUB -R span[hosts=1]
#BSUB -R "rusage[mem=32GB]"
#BSUB -J "structure_numerical_20260114"
#BSUB -o "/share/ddomlab/sdehgha2/working-space/main/_colab_GP/GP_collab/results/HPC_history/hpc_20260114/Understanding and Designing a High-Performance Ultrafiltration Membrane Using Machine Learning/GPytorchMAP_Matern32_RBF_product.out"
#BSUB -e "/share/ddomlab/sdehgha2/working-space/main/_colab_GP/GP_collab/results/HPC_history/hpc_20260114/Understanding and Designing a High-Performance Ultrafiltration Membrane Using Machine Learning/GPytorchMAP_Matern32_RBF_product.err"

source ~/.bashrc
conda activate /usr/local/usrapps/ddomlab/sdehgha2/torch_cpu
python ../train_structure_numerical.py --K_fp Matern32                                         --K_count RBF                                         --Kernel_mixing_method product                                         --paper "Understanding and Designing a High-Performance Ultrafiltration Membrane Using Machine Learning"                                         --dataset "cleaned_dataset_Ultrafiltration Membrane" 

------------------------------------------------------------

Successfully completed.

Resource usage summary:

    CPU time :                                   2777.00 sec.
    Max Memory :                                 8 GB
    Average Memory :                             6.26 GB
    Total Requested Memory :                     32.00 GB
    Delta Memory :                               24.00 GB
    Max Swap :                                   -
    Max Processes :                              26
    Max Threads :                                29
    Run time :                                   642 sec.
    Turnaround time :                            809 sec.

The output (if any) is above this job summary.



PS:

Read file </share/ddomlab/sdehgha2/working-space/main/_colab_GP/GP_collab/results/HPC_history/hpc_20260114/Understanding and Designing a High-Performance Ultrafiltration Membrane Using Machine Learning/GPytorchMAP_Matern32_RBF_product.err> for stderr output of this job.

