Running seed: 6
No hyperparameter optimization

------------------------------------------------------------
Sender: LSF System <lsfadmin@c025n03>
Subject: Job 958673: <structure_numerical_20260114> in cluster <Hazel> Exited

Job <structure_numerical_20260114> was submitted from host <c003n04> by user <sdehgha2> in cluster <Hazel> at Wed Jan 14 10:24:35 2026
Job was executed on host(s) <6*c025n03>, in queue <single_chassis>, as user <sdehgha2> in cluster <Hazel> at Wed Jan 14 10:26:17 2026
</tmp/.lsbtmp404534> was used as the home directory.
</share/ddomlab/sdehgha2/working-space/main/_colab_GP/GP_collab/code_python/training/hpc_submit_training_GP> was used as the working directory.
Started at Wed Jan 14 10:26:17 2026
Terminated at Wed Jan 14 10:26:55 2026
Results reported at Wed Jan 14 10:26:55 2026

Your job looked like:

------------------------------------------------------------
# LSBATCH: User input



#BSUB -n 6
#BSUB -W 6:00
#BSUB -R span[hosts=1]
#BSUB -R "rusage[mem=32GB]"
#BSUB -J "structure_numerical_20260114"
#BSUB -o "/share/ddomlab/sdehgha2/working-space/main/_colab_GP/GP_collab/results/HPC_history/hpc_20260114/Understanding and Designing a High-Performance Ultrafiltration Membrane Using Machine Learning/GPytorchMAP_TanimotoMatern52_Matern32_sum.out"
#BSUB -e "/share/ddomlab/sdehgha2/working-space/main/_colab_GP/GP_collab/results/HPC_history/hpc_20260114/Understanding and Designing a High-Performance Ultrafiltration Membrane Using Machine Learning/GPytorchMAP_TanimotoMatern52_Matern32_sum.err"

source ~/.bashrc
conda activate /usr/local/usrapps/ddomlab/sdehgha2/torch_cpu
python ../train_structure_numerical.py --K_fp TanimotoMatern52                                         --K_count Matern32                                         --Kernel_mixing_method sum                                         --paper "Understanding and Designing a High-Performance Ultrafiltration Membrane Using Machine Learning"                                         --dataset "cleaned_dataset_Ultrafiltration Membrane" 

------------------------------------------------------------

Exited with exit code 1.

Resource usage summary:

    CPU time :                                   52.66 sec.
    Max Memory :                                 1 GB
    Average Memory :                             0.25 GB
    Total Requested Memory :                     32.00 GB
    Delta Memory :                               31.00 GB
    Max Swap :                                   -
    Max Processes :                              21
    Max Threads :                                24
    Run time :                                   58 sec.
    Turnaround time :                            140 sec.

The output (if any) is above this job summary.



PS:

Read file </share/ddomlab/sdehgha2/working-space/main/_colab_GP/GP_collab/results/HPC_history/hpc_20260114/Understanding and Designing a High-Performance Ultrafiltration Membrane Using Machine Learning/GPytorchMAP_TanimotoMatern52_Matern32_sum.err> for stderr output of this job.

Running seed: 6
No hyperparameter optimization
Running seed: 13
No hyperparameter optimization
Running seed: 42
No hyperparameter optimization
Average scores:	 rmse: 88.17±11.11	 r2: 0.68±0.08
Filename: (ECFP3_count_512-COUNT)_(GPytorchMAP_TanimotoMatern52-Matern32_sum)_mean_hypOFF_Standard_Standard
Running seed: 6
No hyperparameter optimization
Running seed: 13
No hyperparameter optimization
Running seed: 42
No hyperparameter optimization
Average scores:	 rmse: 12.11±1.33	 r2: 0.44±0.18
Filename: (ECFP3_count_512-COUNT)_(GPytorchMAP_TanimotoMatern52-Matern32_sum)_mean_hypOFF_Standard_Standard
Running seed: 6
No hyperparameter optimization
Running seed: 13
No hyperparameter optimization
Running seed: 42
No hyperparameter optimization
Average scores:	 rmse: 11.13±1.22	 r2: 0.66±0.06
Filename: (ECFP3_count_512-COUNT)_(GPytorchMAP_TanimotoMatern52-Matern32_sum)_mean_hypOFF_Standard_Standard
Running seed: 6
No hyperparameter optimization
Running seed: 13
No hyperparameter optimization
Running seed: 42
No hyperparameter optimization
Average scores:	 rmse: 10.01±1.25	 r2: 0.38±0.11
Filename: (ECFP3_count_512-COUNT)_(GPytorchMAP_TanimotoMatern52-Matern32_sum)_mean_hypOFF_Standard_Standard
Running seed: 6
No hyperparameter optimization
Running seed: 13
No hyperparameter optimization
Running seed: 42
No hyperparameter optimization
Average scores:	 rmse: 13.05±2.01	 r2: 0.54±0.16
Filename: (ECFP3_count_512-COUNT)_(GPytorchMAP_TanimotoMatern52-Matern32_sum)_mean_hypOFF_Standard_Standard
Running seed: 6
No hyperparameter optimization
Running seed: 13
No hyperparameter optimization
Running seed: 42
No hyperparameter optimization
Average scores:	 rmse: 10.01±1.25	 r2: 0.38±0.11
Filename: (ECFP3_count_512-COUNT)_(GPytorchMAP_TanimotoMatern52-Matern32_sum)_mean_hypOFF_Standard_Standard

------------------------------------------------------------
Sender: LSF System <lsfadmin@c202n03>
Subject: Job 960374: <structure_numerical_20260114> in cluster <Hazel> Done

Job <structure_numerical_20260114> was submitted from host <c013n03> by user <sdehgha2> in cluster <Hazel> at Wed Jan 14 11:37:43 2026
Job was executed on host(s) <6*c202n03>, in queue <single_chassis>, as user <sdehgha2> in cluster <Hazel> at Wed Jan 14 11:38:13 2026
</tmp/.lsbtmp404534> was used as the home directory.
</share/ddomlab/sdehgha2/working-space/main/_colab_GP/GP_collab/code_python/training/hpc_submit_training_GP> was used as the working directory.
Started at Wed Jan 14 11:38:13 2026
Terminated at Wed Jan 14 11:57:58 2026
Results reported at Wed Jan 14 11:57:58 2026

Your job looked like:

------------------------------------------------------------
# LSBATCH: User input



#BSUB -n 6
#BSUB -W 6:00
#BSUB -R span[hosts=1]
#BSUB -R "rusage[mem=32GB]"
#BSUB -J "structure_numerical_20260114"
#BSUB -o "/share/ddomlab/sdehgha2/working-space/main/_colab_GP/GP_collab/results/HPC_history/hpc_20260114/Understanding and Designing a High-Performance Ultrafiltration Membrane Using Machine Learning/GPytorchMAP_TanimotoMatern52_Matern32_sum.out"
#BSUB -e "/share/ddomlab/sdehgha2/working-space/main/_colab_GP/GP_collab/results/HPC_history/hpc_20260114/Understanding and Designing a High-Performance Ultrafiltration Membrane Using Machine Learning/GPytorchMAP_TanimotoMatern52_Matern32_sum.err"

source ~/.bashrc
conda activate /usr/local/usrapps/ddomlab/sdehgha2/torch_cpu
python ../train_structure_numerical.py --K_fp TanimotoMatern52                                         --K_count Matern32                                         --Kernel_mixing_method sum                                         --paper "Understanding and Designing a High-Performance Ultrafiltration Membrane Using Machine Learning"                                         --dataset "cleaned_dataset_Ultrafiltration Membrane" 

------------------------------------------------------------

Successfully completed.

Resource usage summary:

    CPU time :                                   5448.24 sec.
    Max Memory :                                 9 GB
    Average Memory :                             7.11 GB
    Total Requested Memory :                     32.00 GB
    Delta Memory :                               23.00 GB
    Max Swap :                                   -
    Max Processes :                              30
    Max Threads :                                33
    Run time :                                   1177 sec.
    Turnaround time :                            1215 sec.

The output (if any) is above this job summary.



PS:

Read file </share/ddomlab/sdehgha2/working-space/main/_colab_GP/GP_collab/results/HPC_history/hpc_20260114/Understanding and Designing a High-Performance Ultrafiltration Membrane Using Machine Learning/GPytorchMAP_TanimotoMatern52_Matern32_sum.err> for stderr output of this job.

