Running seed: 6
No hyperparameter optimization

------------------------------------------------------------
Sender: LSF System <lsfadmin@c201n04>
Subject: Job 958730: <structure_numerical_20260114> in cluster <Hazel> Exited

Job <structure_numerical_20260114> was submitted from host <c003n04> by user <sdehgha2> in cluster <Hazel> at Wed Jan 14 10:24:59 2026
Job was executed on host(s) <6*c201n04>, in queue <single_chassis>, as user <sdehgha2> in cluster <Hazel> at Wed Jan 14 10:37:16 2026
</tmp/.lsbtmp404534> was used as the home directory.
</share/ddomlab/sdehgha2/working-space/main/_colab_GP/GP_collab/code_python/training/hpc_submit_training_GP> was used as the working directory.
Started at Wed Jan 14 10:37:16 2026
Terminated at Wed Jan 14 10:38:03 2026
Results reported at Wed Jan 14 10:38:03 2026

Your job looked like:

------------------------------------------------------------
# LSBATCH: User input



#BSUB -n 6
#BSUB -W 6:00
#BSUB -R span[hosts=1]
#BSUB -R "rusage[mem=32GB]"
#BSUB -J "structure_numerical_20260114"
#BSUB -o "/share/ddomlab/sdehgha2/working-space/main/_colab_GP/GP_collab/results/HPC_history/hpc_20260114/Understanding and Designing a High-Performance Ultrafiltration Membrane Using Machine Learning/GPytorchMAP_Matern52_RBF_averageProduct.out"
#BSUB -e "/share/ddomlab/sdehgha2/working-space/main/_colab_GP/GP_collab/results/HPC_history/hpc_20260114/Understanding and Designing a High-Performance Ultrafiltration Membrane Using Machine Learning/GPytorchMAP_Matern52_RBF_averageProduct.err"

source ~/.bashrc
conda activate /usr/local/usrapps/ddomlab/sdehgha2/torch_cpu
python ../train_structure_numerical.py --K_fp Matern52                                         --K_count RBF                                         --Kernel_mixing_method averageProduct                                         --paper "Understanding and Designing a High-Performance Ultrafiltration Membrane Using Machine Learning"                                         --dataset "cleaned_dataset_Ultrafiltration Membrane" 

------------------------------------------------------------

Exited with exit code 1.

Resource usage summary:

    CPU time :                                   67.52 sec.
    Max Memory :                                 2 GB
    Average Memory :                             0.50 GB
    Total Requested Memory :                     32.00 GB
    Delta Memory :                               30.00 GB
    Max Swap :                                   -
    Max Processes :                              30
    Max Threads :                                33
    Run time :                                   74 sec.
    Turnaround time :                            784 sec.

The output (if any) is above this job summary.



PS:

Read file </share/ddomlab/sdehgha2/working-space/main/_colab_GP/GP_collab/results/HPC_history/hpc_20260114/Understanding and Designing a High-Performance Ultrafiltration Membrane Using Machine Learning/GPytorchMAP_Matern52_RBF_averageProduct.err> for stderr output of this job.

Running seed: 6
No hyperparameter optimization
Running seed: 13
No hyperparameter optimization
Running seed: 42
No hyperparameter optimization
Average scores:	 rmse: 80.54±12.53	 r2: 0.73±0.07
Filename: (ECFP3_count_512-COUNT)_(GPytorchMAP_Matern52-RBF_averageProduct)_mean_hypOFF_Standard_Standard
Running seed: 6
No hyperparameter optimization
Running seed: 13
No hyperparameter optimization
Running seed: 42
No hyperparameter optimization
Average scores:	 rmse: 9.76±1.08	 r2: 0.63±0.13
Filename: (ECFP3_count_512-COUNT)_(GPytorchMAP_Matern52-RBF_averageProduct)_mean_hypOFF_Standard_Standard
Running seed: 6
No hyperparameter optimization
Running seed: 13
No hyperparameter optimization
Running seed: 42
No hyperparameter optimization
Average scores:	 rmse: 10.19±1.06	 r2: 0.71±0.06
Filename: (ECFP3_count_512-COUNT)_(GPytorchMAP_Matern52-RBF_averageProduct)_mean_hypOFF_Standard_Standard
Running seed: 6
No hyperparameter optimization
Running seed: 13
No hyperparameter optimization
Running seed: 42
No hyperparameter optimization
Average scores:	 rmse: 9.16±1.22	 r2: 0.48±0.1
Filename: (ECFP3_count_512-COUNT)_(GPytorchMAP_Matern52-RBF_averageProduct)_mean_hypOFF_Standard_Standard
Running seed: 6
No hyperparameter optimization
Running seed: 13
No hyperparameter optimization
Running seed: 42
No hyperparameter optimization
Average scores:	 rmse: 10.56±1.42	 r2: 0.7±0.08
Filename: (ECFP3_count_512-COUNT)_(GPytorchMAP_Matern52-RBF_averageProduct)_mean_hypOFF_Standard_Standard
Running seed: 6
No hyperparameter optimization
Running seed: 13
No hyperparameter optimization
Running seed: 42
No hyperparameter optimization
Average scores:	 rmse: 9.16±1.22	 r2: 0.48±0.1
Filename: (ECFP3_count_512-COUNT)_(GPytorchMAP_Matern52-RBF_averageProduct)_mean_hypOFF_Standard_Standard

------------------------------------------------------------
Sender: LSF System <lsfadmin@c200n07>
Subject: Job 960457: <structure_numerical_20260114> in cluster <Hazel> Done

Job <structure_numerical_20260114> was submitted from host <c013n03> by user <sdehgha2> in cluster <Hazel> at Wed Jan 14 11:38:05 2026
Job was executed on host(s) <6*c200n07>, in queue <single_chassis>, as user <sdehgha2> in cluster <Hazel> at Wed Jan 14 11:51:26 2026
</tmp/.lsbtmp404534> was used as the home directory.
</share/ddomlab/sdehgha2/working-space/main/_colab_GP/GP_collab/code_python/training/hpc_submit_training_GP> was used as the working directory.
Started at Wed Jan 14 11:51:26 2026
Terminated at Wed Jan 14 11:58:30 2026
Results reported at Wed Jan 14 11:58:30 2026

Your job looked like:

------------------------------------------------------------
# LSBATCH: User input



#BSUB -n 6
#BSUB -W 6:00
#BSUB -R span[hosts=1]
#BSUB -R "rusage[mem=32GB]"
#BSUB -J "structure_numerical_20260114"
#BSUB -o "/share/ddomlab/sdehgha2/working-space/main/_colab_GP/GP_collab/results/HPC_history/hpc_20260114/Understanding and Designing a High-Performance Ultrafiltration Membrane Using Machine Learning/GPytorchMAP_Matern52_RBF_averageProduct.out"
#BSUB -e "/share/ddomlab/sdehgha2/working-space/main/_colab_GP/GP_collab/results/HPC_history/hpc_20260114/Understanding and Designing a High-Performance Ultrafiltration Membrane Using Machine Learning/GPytorchMAP_Matern52_RBF_averageProduct.err"

source ~/.bashrc
conda activate /usr/local/usrapps/ddomlab/sdehgha2/torch_cpu
python ../train_structure_numerical.py --K_fp Matern52                                         --K_count RBF                                         --Kernel_mixing_method averageProduct                                         --paper "Understanding and Designing a High-Performance Ultrafiltration Membrane Using Machine Learning"                                         --dataset "cleaned_dataset_Ultrafiltration Membrane" 

------------------------------------------------------------

Successfully completed.

Resource usage summary:

    CPU time :                                   1845.64 sec.
    Max Memory :                                 7 GB
    Average Memory :                             5.19 GB
    Total Requested Memory :                     32.00 GB
    Delta Memory :                               25.00 GB
    Max Swap :                                   -
    Max Processes :                              26
    Max Threads :                                29
    Run time :                                   429 sec.
    Turnaround time :                            1225 sec.

The output (if any) is above this job summary.



PS:

Read file </share/ddomlab/sdehgha2/working-space/main/_colab_GP/GP_collab/results/HPC_history/hpc_20260114/Understanding and Designing a High-Performance Ultrafiltration Membrane Using Machine Learning/GPytorchMAP_Matern52_RBF_averageProduct.err> for stderr output of this job.

