Running seed: 6
|        logP|       dlogP|     y^T.K.y|     log|K| |     Cond(K)|  GPU time|  CPU time|
|------------|------------|------------|------------|------------|----------|----------|
|      2661.8|      597.38|      4147.6|     -1485.8|      1203.3|        18|       1.7|
|      627.86|      869.05|      3364.8|       -2737|      2292.6|        12|       2.1|
|        2577|      610.19|      4081.1|       -1504|      1240.6|        13|       1.5|
|       895.4|      700.28|      2877.7|     -1982.3|      1639.5|        13|       1.7|
|      396.43|      427.36|      2852.8|     -2456.3|      1913.3|        12|       1.9|
|       394.7|         381|      2802.7|       -2408|      1848.8|        13|       1.7|
|      403.69|      356.73|      2766.7|       -2363|      1787.8|        13|       1.7|
|      346.13|      516.13|      2886.3|     -2540.2|      2236.5|        13|       2.1|
|      365.73|       367.5|      2767.8|     -2402.1|      1892.8|        13|       1.9|
|      252.29|      340.31|      2662.4|     -2410.1|      2177.8|        13|       2.1|
|      224.63|      292.95|      2571.8|     -2347.2|      2141.9|        13|         2|
|      197.38|      280.38|      2473.8|     -2276.4|      2079.1|        13|       1.8|
|      169.45|      303.41|      2425.3|     -2255.8|        2043|        13|       1.7|
|     -149.84|      496.34|      2195.1|     -2344.9|      2084.9|        13|       1.8|
|     -343.64|      381.34|      2293.1|     -2636.7|        2394|        13|       1.8|
|     -361.75|      353.44|        2328|     -2689.7|      2399.3|        13|       1.7|
|     -389.31|      331.84|      2482.2|     -2871.5|        2412|        13|       1.7|
|     -397.26|      317.07|      2392.4|     -2789.6|      2407.1|        13|       2.3|
|     -408.78|      313.18|      2385.1|     -2793.9|      2407.3|        13|       1.8|
|     -409.94|      312.79|      2384.4|     -2794.4|      2407.3|        13|       1.8|
|     -417.85|      311.24|      2378.4|     -2796.3|      2407.2|        13|       1.9|
|     -422.74|      311.05|      2377.2|     -2799.9|      2407.2|        13|         2|
|     -396.55|      326.91|      2450.1|     -2846.6|      2404.7|        13|         2|
|     -436.43|      314.72|      2396.6|     -2833.1|      2405.8|        13|       2.2|
|     -437.79|      311.75|        2388|     -2825.7|        2407|        13|         2|
|     -438.24|      312.61|      2393.9|     -2832.1|      2406.8|        13|       2.2|
|     -438.34|       312.9|      2395.7|       -2834|      2406.8|        13|       2.2|
|     -438.64|      312.89|      2395.6|     -2834.3|      2406.8|        13|       2.2|
|     -443.44|      312.74|      2396.9|     -2840.3|      2406.7|        13|       1.9|
|     -450.49|      312.19|      2401.7|     -2852.2|      2406.7|        13|       2.1|
|     -507.15|      303.52|      2463.2|     -2970.3|      2406.4|        13|       1.8|
|     -511.19|         303|      2473.8|       -2985|      2406.3|        13|       1.6|
|     -517.68|      302.18|      2499.6|     -3017.3|      2406.2|        13|       1.9|
|     -518.45|      302.04|      2502.3|     -3020.8|      2406.1|        13|       1.9|
|     -521.11|      300.89|      2528.5|     -3049.6|      2406.2|        13|       1.9|
|     -521.39|      301.03|        2530|     -3051.4|      2405.9|        13|       1.9|
|     -521.31|         301|      2529.6|     -3050.9|        2406|        13|       1.9|
|     -521.38|      301.03|        2530|     -3051.3|      2405.9|        13|       1.9|
|     -521.39|      301.03|        2530|     -3051.4|      2405.9|        13|       1.9|
|     -521.39|      301.03|        2530|     -3051.4|      2405.9|        13|       1.9|
|     -521.39|      301.03|        2530|     -3051.4|      2405.9|        13|       1.9|
|     -521.39|      301.03|        2530|     -3051.4|      2405.9|        13|       1.9|
Optimization result:
  message: CONVERGENCE: RELATIVE REDUCTION OF F <= FACTR*EPSMCH
  success: True
   status: 0
      fun: -521.3878257036649
        x: [-4.605e+00  0.000e+00 ...  3.401e+00 -2.303e+00]
      nit: 28
      jac: [ 2.950e-02 -4.000e+00 ... -7.082e+03  2.043e-01]
     nfev: 42
     njev: 42
 hess_inv: <26x26 LbfgsInvHessProduct with dtype=float64>
|        logP|       dlogP|     y^T.K.y|     log|K| |     Cond(K)|  GPU time|  CPU time|
|------------|------------|------------|------------|------------|----------|----------|
|      3177.2|      729.79|        4628|     -1450.8|      951.92|        17|       1.7|
|      848.31|      962.57|      3527.5|     -2679.2|        2003|        13|         2|
|      3054.9|      737.87|      4521.8|     -1466.9|      976.41|        13|       1.6|
|      1219.6|      774.29|        3124|     -1904.4|      1150.7|        13|         2|
|      646.12|      500.29|      3036.6|     -2390.5|      1650.5|        13|       2.3|
|      649.75|      435.78|      2981.2|     -2331.4|      1585.6|        13|       1.9|
|      646.12|      500.29|      3036.6|     -2390.5|      1650.5|        13|       2.3|
|        2245|      808.74|      3744.3|     -1499.3|        1045|        13|       1.8|
|      787.44|      482.97|      2870.1|     -2082.7|        1360|        13|       1.6|
|      654.03|      394.57|      2923.3|     -2269.2|      1533.9|        13|       1.9|
|      641.94|      456.17|      2994.8|     -2352.9|      1613.5|        13|       2.1|
|      585.59|      384.58|        2872|     -2286.5|      1612.1|        13|       2.1|
|      362.76|      363.88|        2410|     -2047.2|      1663.6|        13|       2.3|
|      346.82|      370.56|      2403.7|     -2056.9|      1668.9|        13|       2.3|
|      279.42|      398.79|      2380.6|     -2101.2|      1692.7|        13|       2.5|
|     -28.396|      472.35|      2370.8|     -2399.2|        1837|        13|       2.7|
|     -228.03|      311.65|      2550.9|       -2779|      2104.1|        13|       2.1|
|     -230.56|      308.59|      2533.8|     -2764.4|      2097.2|        13|       2.3|
|     -239.74|      306.44|      2474.8|     -2714.5|      2070.8|        13|       2.7|
|     -246.46|      310.65|      2444.4|     -2690.9|      2055.4|        13|       2.4|
|     -253.15|      323.11|      2420.7|     -2673.8|      2066.4|        13|       1.9|
|      -257.5|      313.55|      2448.3|     -2705.8|      2091.9|        13|       1.9|
|     -260.73|      304.42|      2519.4|     -2780.1|      2165.6|        13|       1.9|
|     -260.96|      304.84|      2502.2|     -2763.1|        2146|        13|         2|
|     -260.96|      304.85|      2503.1|     -2764.1|      2148.2|        13|         2|
|     -260.96|      304.84|      2502.5|     -2763.4|      2146.7|        13|         2|
Optimization result:
  message: CONVERGENCE: RELATIVE REDUCTION OF F <= FACTR*EPSMCH
  success: True
   status: 0
      fun: -260.9647204198959
        x: [-4.605e+00 -2.719e-01 ...  3.401e+00  5.525e-01]
      nit: 13
      jac: [ 1.032e-01 -3.157e+00 ... -7.164e+03  8.441e-01]
     nfev: 26
     njev: 26
 hess_inv: <26x26 LbfgsInvHessProduct with dtype=float64>
|        logP|       dlogP|     y^T.K.y|     log|K| |     Cond(K)|  GPU time|  CPU time|
|------------|------------|------------|------------|------------|----------|----------|
|        3248|      673.18|        4741|       -1493|      956.42|        17|       1.7|
|      952.92|       904.6|      3740.9|       -2788|      2161.2|        12|         1|
|      3114.7|      728.45|      4630.8|     -1516.1|      981.59|        13|       1.5|
|      1193.8|      645.33|      3193.8|     -1999.9|      1259.1|        12|      0.92|
|      752.39|      441.48|      3246.2|     -2493.8|      1771.4|        12|      0.96|
|      751.03|      387.15|      3191.4|     -2440.4|      1702.4|        12|       1.1|
|      761.59|      350.23|      3145.9|     -2384.3|      1629.3|        12|       1.2|
|      591.28|       438.2|        3102|     -2510.7|      2040.3|        12|      0.94|
|      833.84|      569.16|      2599.3|     -1765.5|      1268.4|        12|       1.2|
|      531.38|       344.2|      2767.9|     -2236.5|      1819.7|        12|      0.94|
|      476.13|      372.22|      2758.6|     -2282.5|      1848.2|        12|       0.9|
|      242.45|      464.89|      2766.8|     -2524.3|      1950.2|        12|      0.92|
|     -28.417|      368.13|      2747.3|     -2775.7|      2031.1|        12|      0.91|
|     -83.122|      288.09|      2797.8|     -2880.9|      2128.8|        12|      0.91|
|     -83.496|      287.77|      2796.6|     -2880.1|        2126|        12|      0.91|
|     -85.424|      286.16|      2793.1|     -2878.5|      2114.3|        12|      0.92|
|     -86.734|      285.16|      2792.6|     -2879.3|      2108.9|        12|      0.92|
|     -90.191|      282.56|      2793.4|     -2883.6|      2099.2|        12|      0.92|
|     -93.173|      280.32|      2795.5|     -2888.7|      2094.7|        12|      0.93|
|     -95.434|      278.68|      2797.4|     -2892.9|      2093.6|        13|       1.3|
|      -96.43|      278.06|      2798.1|     -2894.5|      2093.9|        13|       1.3|
|     -97.735|       277.4|      2799.2|     -2896.9|      2095.6|        13|       1.3|
|     -100.51|      276.21|      2802.3|     -2902.8|      2101.9|        13|       1.3|
|     -106.57|      274.05|      2812.4|       -2919|      2123.6|        13|       1.3|
|     -120.24|      272.94|      2845.5|     -2965.7|      2208.3|        14|       1.1|
|     -121.55|      272.35|      2849.8|     -2971.4|      2221.5|        14|      0.99|
|     -131.46|      266.01|      2906.1|     -3037.6|      2346.7|        14|      0.91|
|     -131.47|      265.55|      2901.5|     -3032.9|      2339.2|        14|      0.91|
|     -132.12|      264.25|      2900.8|     -3032.9|      2335.1|        14|      0.91|
|     -134.72|      259.94|      2907.6|     -3042.3|      2334.9|        14|       0.9|
|     -137.55|      254.95|      2929.3|     -3066.9|      2347.4|        14|       0.9|
|     -137.54|      253.15|        2954|     -3091.6|      2365.4|        14|       0.9|
|     -137.79|      254.14|      2936.7|     -3074.5|        2353|        14|       0.9|
|     -137.33|      252.96|      2960.2|     -3097.5|      2372.5|        15|      0.91|
|     -137.83|      253.84|      2940.4|     -3078.3|      2356.2|        15|      0.89|
|     -137.44|      252.94|      2959.4|     -3096.9|      2373.1|        14|      0.91|
|     -137.82|      253.63|      2943.4|     -3081.2|      2358.9|        15|       0.9|
|     -137.83|      253.79|      2941.1|     -3078.9|      2356.8|        14|      0.89|
|     -137.83|      253.68|      2942.6|     -3080.4|      2358.1|        14|       0.9|
|     -137.47|      252.95|      2959.4|     -3096.9|      2373.2|        15|      0.91|
|     -137.82|      253.52|      2945.1|     -3082.9|      2360.4|        15|       0.9|
|     -137.83|      253.65|      2943.1|     -3080.9|      2358.6|        14|       0.9|
|     -137.83|      253.68|      2942.7|     -3080.5|      2358.2|        15|       0.9|
|     -137.83|      253.66|      2942.9|     -3080.8|      2358.5|        15|       0.9|
|     -137.83|      253.67|      2942.7|     -3080.6|      2358.3|        15|       0.9|
|     -137.83|      253.66|      2942.9|     -3080.7|      2358.4|        14|       0.9|
|     -137.83|      253.67|      2942.7|     -3080.6|      2358.3|        14|       0.9|
|     -137.83|      253.68|      2942.7|     -3080.6|      2358.3|        15|       0.9|
|     -137.83|      253.67|      2942.7|     -3080.6|      2358.3|        15|       0.9|
Optimization result:
  message: CONVERGENCE: RELATIVE REDUCTION OF F <= FACTR*EPSMCH
  success: True
   status: 0
      fun: -137.8325848534314
        x: [-4.584e+00  0.000e+00 ...  3.401e+00 -2.303e+00]
      nit: 27
      jac: [ 7.985e-02 -2.457e+00 ... -5.839e+03  2.433e+00]
     nfev: 49
     njev: 49
 hess_inv: <26x26 LbfgsInvHessProduct with dtype=float64>
|        logP|       dlogP|     y^T.K.y|     log|K| |     Cond(K)|  GPU time|  CPU time|
|------------|------------|------------|------------|------------|----------|----------|
|      3162.9|      630.92|      4602.8|     -1439.9|      1227.9|        17|       1.6|
|      1155.4|      917.52|        3831|     -2675.6|      2020.3|        12|         2|
|      3061.4|      652.19|      4516.5|     -1455.1|      1258.9|        13|       1.5|
|      1382.7|      655.62|        3295|     -1912.3|      1555.1|        13|       1.9|
|      896.48|      419.08|      3291.9|     -2395.4|      1594.2|        12|       2.1|
|       891.5|      354.78|      3229.9|     -2338.4|      1592.5|        12|       2.1|
|      903.92|      318.87|      3182.6|     -2278.6|      1590.3|        13|         2|
|       741.6|       227.4|      2925.4|     -2183.8|      1723.2|        12|       2.2|
|       731.3|      223.76|      2910.1|     -2178.8|      1751.8|        12|       2.3|
|      734.47|      227.92|      2937.3|     -2202.8|      1726.4|        13|       2.1|
|      730.61|      224.19|        2918|     -2187.4|      1746.1|        12|       2.2|
|      726.37|      222.18|      2931.8|     -2205.4|      1741.7|        13|       2.1|
|      723.61|      225.68|        2909|     -2185.3|      1714.9|        13|       2.1|
|      713.11|      224.63|        2903|     -2189.9|        1710|        13|       2.1|
|      698.37|      229.98|      2885.1|     -2186.7|      1700.5|        13|       2.1|
|      673.83|      246.27|      2857.5|     -2183.7|      1687.2|        13|       2.1|
|      595.44|      317.42|      2783.2|     -2187.8|      1637.6|        13|       2.1|
|       368.5|      443.94|      2664.6|     -2296.1|      1804.9|        13|       1.9|
|      30.239|      322.23|      2768.9|     -2738.6|      2224.5|        13|       1.9|
|       20.91|      322.06|      2763.2|     -2742.2|      2224.6|        13|       1.9|
|     -13.182|      320.03|      2748.5|     -2761.7|      2225.2|        13|       2.1|
|     -42.596|      323.85|      2777.5|     -2820.1|      2226.6|        13|       2.5|
|     -42.506|       318.5|      2750.8|     -2793.4|      2225.8|        13|       2.1|
|     -46.665|      320.57|      2762.8|     -2809.5|      2226.2|        13|       2.1|
|     -46.987|      321.06|      2747.9|     -2794.9|        2225|        13|       2.1|
|     -46.519|      321.01|      2726.3|     -2772.8|      2223.6|        13|         2|
|      -47.14|      320.81|        2736|     -2783.1|      2224.3|        13|         2|
|     -47.156|       320.9|      2743.2|     -2790.4|      2224.7|        13|         2|
|     -47.166|      320.89|      2743.6|     -2790.7|      2224.7|        13|         2|
|      -47.23|      320.84|      2744.7|     -2791.9|      2224.8|        13|         2|
|     -47.393|      320.73|      2746.2|     -2793.6|      2224.9|        13|         2|
|     -48.007|      320.39|      2750.4|     -2798.4|      2225.1|        13|         2|
|     -48.297|      320.26|      2751.1|     -2799.4|      2225.1|        13|       2.1|
|     -48.717|      320.06|      2752.1|     -2800.8|      2225.1|        13|       2.1|
|     -48.878|         320|        2752|     -2800.9|      2225.1|        13|       2.1|
|     -49.528|      319.74|      2751.9|     -2801.5|        2229|        13|       2.2|
|     -55.493|      316.69|        2764|     -2819.5|      2383.6|        13|       1.5|
|      -51.61|      318.89|      2753.7|     -2805.3|        2270|        13|         2|
|     -55.379|      316.76|      2765.9|     -2821.2|        2369|        13|       1.6|
|     -53.009|      318.25|      2756.7|     -2809.8|      2297.7|        13|       1.9|
|     -54.912|      317.08|      2765.4|     -2820.3|      2338.9|        13|       1.9|
|     -54.263|       317.5|      2763.5|     -2817.7|      2325.3|        13|       1.9|
|     -54.837|      317.14|      2765.1|     -2819.9|      2337.1|        13|       1.9|
|     -54.904|      317.09|      2765.3|     -2820.2|      2338.6|        13|       1.9|
|     -54.907|      317.08|      2765.4|     -2820.3|      2338.8|        13|       1.9|
|     -54.912|      317.08|      2765.4|     -2820.3|      2338.9|        13|       1.9|
|     -54.914|      317.08|      2765.4|     -2820.3|      2338.9|        13|       1.9|
|     -54.912|      317.08|      2765.4|     -2820.3|      2338.9|        13|       1.9|
|     -54.914|      317.08|      2765.4|     -2820.3|      2338.9|        13|       1.9|
|     -53.985|      317.62|      2764.8|     -2818.8|      2322.8|        13|         2|
|     -54.776|      317.17|      2765.2|       -2820|      2336.3|        13|       1.9|
|     -54.895|      317.09|      2765.4|     -2820.3|      2338.5|        13|       1.9|
|     -54.909|      317.08|      2765.4|     -2820.3|      2338.7|        13|       1.9|
|     -54.911|      317.08|      2765.4|     -2820.3|      2338.9|        13|       1.9|
|     -54.912|      317.08|      2765.4|     -2820.3|      2338.9|        13|       1.9|
|     -54.913|      317.08|      2765.4|     -2820.3|      2338.9|        13|       1.9|
|     -54.912|      317.08|      2765.4|     -2820.3|      2338.9|        13|       1.9|
|     -54.913|      317.08|      2765.4|     -2820.3|      2338.9|        13|       1.9|
Optimization result:
  message: CONVERGENCE: RELATIVE REDUCTION OF F <= FACTR*EPSMCH
  success: True
   status: 0
      fun: -54.912915894123216
        x: [-4.605e+00 -1.704e-02 ...  3.401e+00 -2.117e+00]
      nit: 23
      jac: [ 3.101e-01  1.831e-01 ... -8.227e+03  1.025e-01]
     nfev: 58
     njev: 58
 hess_inv: <26x26 LbfgsInvHessProduct with dtype=float64>
|        logP|       dlogP|     y^T.K.y|     log|K| |     Cond(K)|  GPU time|  CPU time|
|------------|------------|------------|------------|------------|----------|----------|
|      3117.1|      753.66|      4576.8|     -1459.7|        1165|        18|       1.6|
|      758.14|        1012|      3458.8|     -2700.7|      1834.7|        13|       1.9|
|      2992.5|      782.67|      4467.5|     -1474.9|        1187|        14|       1.5|
|      1075.5|       707.3|      2984.7|     -1909.2|      1357.7|        13|         2|
|      530.23|      495.01|      2936.2|     -2405.9|      1586.8|        13|       2.1|
|      532.35|      424.25|      2877.1|     -2344.7|      1566.1|        13|       2.2|
|      530.23|      495.01|      2936.2|     -2405.9|      1586.8|        13|       2.1|
|        2181|      940.07|      3684.1|       -1503|      1246.1|        13|         2|
|      683.09|      462.37|      2761.1|       -2078|      1426.4|        13|       1.9|
|       536.9|      377.09|      2816.4|     -2279.5|      1542.4|        13|       2.1|
|      525.16|      446.54|      2892.3|     -2367.2|        1575|        13|       2.2|
|      482.66|      365.79|      2774.6|       -2292|      1562.7|        13|       2.2|
|      318.27|      289.41|        2540|     -2221.7|      1620.2|        13|       2.1|
|      313.26|      293.78|      2525.5|     -2212.3|      1613.1|        13|       2.1|
|        90.4|      509.41|      2215.7|     -2125.3|      1605.2|        13|       2.1|
|      399.31|      598.09|        2286|     -1886.7|      1815.2|        13|       1.8|
|       90.99|      533.09|        2183|       -2092|      1629.5|        13|       2.2|
|      90.182|      514.37|      2208.5|     -2118.3|      1610.2|        13|       2.1|
|      90.426|      526.79|      2191.3|     -2100.9|      1622.9|        13|       2.1|
|      90.139|      516.97|      2204.8|     -2114.6|      1612.8|        13|       2.1|
|      90.141|      519.02|      2201.9|     -2111.8|      1614.9|        13|       2.1|
|      90.138|      517.41|      2204.2|       -2114|      1613.3|        13|       2.1|
|      90.136|      517.75|      2203.7|     -2113.6|      1613.6|        13|       2.1|
|      90.135|      518.02|      2203.3|     -2113.2|      1613.9|        13|       2.1|
|      90.137|      518.23|        2203|     -2112.9|      1614.1|        13|       2.1|
|      90.137|      518.02|      2203.3|     -2113.2|      1613.9|        13|       2.1|
|      81.579|      527.72|      2190.9|     -2109.3|      1633.4|        13|       2.1|
|      339.31|      603.32|      2260.4|     -1921.1|      1849.5|        13|       1.8|
|      83.802|      551.71|      2160.9|     -2077.1|      1661.3|        13|       2.2|
|      81.665|      532.57|      2184.5|     -2102.8|      1638.9|        13|       2.2|
|      81.583|      528.74|      2189.5|     -2107.9|      1634.5|        13|       2.1|
|      81.579|      527.94|      2190.6|       -2109|      1633.6|        13|       2.1|
|      81.579|      527.77|      2190.8|     -2109.2|      1633.4|        13|       2.1|
|      81.578|      527.81|      2190.8|     -2109.2|      1633.4|        13|       2.1|
|      81.579|      527.83|      2190.7|     -2109.2|      1633.5|        13|       2.1|
|      81.579|      527.81|      2190.8|     -2109.2|      1633.4|        13|       2.1|
|      81.578|      527.81|      2190.8|     -2109.2|      1633.4|        13|       2.2|
Optimization result:
  message: CONVERGENCE: RELATIVE REDUCTION OF F <= FACTR*EPSMCH
  success: True
   status: 0
      fun: 81.5784832040149
        x: [-4.605e+00 -2.784e-01 ...  2.451e+00 -1.895e+00]
      nit: 9
      jac: [ 1.383e-01 -4.403e+00 ... -4.470e+03  2.469e+00]
     nfev: 37
     njev: 37
 hess_inv: <26x26 LbfgsInvHessProduct with dtype=float64>
Running seed: 13
|        logP|       dlogP|     y^T.K.y|     log|K| |     Cond(K)|  GPU time|  CPU time|
|------------|------------|------------|------------|------------|----------|----------|
|      2525.8|      629.09|      3975.3|     -1449.5|      896.48|        17|       1.7|
|      753.93|      1002.5|      3435.8|     -2681.9|      1963.4|        13|         2|
|      2445.6|      630.85|      3907.5|     -1461.9|      895.89|        13|       1.6|
|      952.15|       589.4|      2849.1|       -1897|      1157.6|        13|         2|
|      466.91|      415.39|      2857.9|       -2391|      1560.3|        13|       2.2|
|      462.02|      357.43|      2808.5|     -2346.5|      1502.9|        13|       2.2|
|      468.64|      311.74|      2763.2|     -2294.6|      1437.5|        13|       2.1|
|      347.75|      328.29|      2717.9|     -2370.2|        1854|        13|       2.5|
|      562.75|      490.84|      2324.6|     -1761.9|        1382|        13|         2|
|      315.43|       225.8|        2451|     -2135.5|      1708.6|        13|       2.4|
|      309.25|      207.37|      2479.8|     -2170.5|      1730.9|        13|       2.3|
|      306.44|      199.47|      2508.6|     -2202.2|        1747|        13|       2.3|
|      306.35|       199.6|      2507.5|     -2201.1|      1744.1|        13|       2.3|
|      304.13|      197.27|      2503.5|     -2199.4|      1738.6|        13|       2.4|
|      301.13|      193.85|      2499.5|     -2198.4|      1737.2|        13|       2.4|
|      282.47|      173.91|      2475.5|     -2193.1|      1731.7|        13|       2.4|
|      268.03|      162.37|      2457.7|     -2189.7|      1728.7|        13|       2.4|
|      265.63|      164.06|        2457|     -2191.4|        1730|        13|       2.4|
|      250.35|      180.17|      2449.5|     -2199.1|      1734.9|        13|       2.4|
|      38.582|      383.35|      2337.5|     -2298.9|      1756.7|        13|       2.3|
|     -75.695|      432.55|      2308.3|       -2384|      1766.9|        13|       2.3|
|     -439.33|      281.34|      2414.7|       -2854|      2360.9|        13|       2.2|
|     -439.66|      280.48|      2423.4|       -2863|      2365.2|        13|       2.2|
|     -439.86|      280.42|        2429|     -2868.9|      2367.2|        13|       2.2|
|     -439.91|       280.7|      2426.7|     -2866.6|      2365.3|        13|       2.2|
|     -439.97|      280.88|      2424.1|     -2864.1|      2363.8|        13|       2.2|
|        -440|      280.92|      2423.4|     -2863.4|      2363.4|        13|       2.2|
|     -440.03|      280.96|      2422.9|     -2862.9|        2363|        13|       2.2|
|     -440.17|      281.03|      2421.6|     -2861.7|        2362|        13|       2.2|
|     -440.51|      281.18|      2419.2|     -2859.7|      2360.5|        13|       2.2|
|     -440.84|      281.24|      2417.9|     -2858.8|      2360.1|        13|       2.2|
|     -442.17|      281.52|        2413|     -2855.2|      2359.1|        13|       1.9|
|     -442.77|      281.66|      2410.8|     -2853.6|      2358.7|        13|       1.9|
|     -442.76|      281.63|      2411.6|     -2854.4|        2359|        13|       1.9|
|     -442.77|      281.65|        2411|     -2853.8|      2358.7|        13|       1.9|
Optimization result:
  message: CONVERGENCE: RELATIVE REDUCTION OF F <= FACTR*EPSMCH
  success: True
   status: 0
      fun: -442.77121076491903
        x: [-4.605e+00  0.000e+00 ...  3.401e+00 -2.065e+00]
      nit: 22
      jac: [ 1.035e-01 -3.791e+00 ... -7.231e+03  8.745e-02]
     nfev: 35
     njev: 35
 hess_inv: <26x26 LbfgsInvHessProduct with dtype=float64>
|        logP|       dlogP|     y^T.K.y|     log|K| |     Cond(K)|  GPU time|  CPU time|
|------------|------------|------------|------------|------------|----------|----------|
|      3755.2|      692.35|      5236.9|     -1481.7|        1244|        17|       1.7|
|      1049.1|      921.51|      3743.6|     -2694.5|      1985.6|        13|         2|
|      3616.7|      760.14|      5117.8|     -1501.1|      1272.4|        13|       1.6|
|        1461|      844.18|      3397.1|       -1936|      1641.9|        13|       1.9|
|      863.51|      458.01|      3272.6|     -2409.1|      1692.7|        13|       2.1|
|      868.94|      405.69|      3223.2|     -2354.3|      1690.4|        13|       2.1|
|      863.51|      458.02|      3272.6|     -2409.1|      1692.7|        13|       2.1|
|      2552.6|      1135.8|      4112.2|     -1559.5|      1437.7|        13|         2|
|      1001.2|      477.78|      3116.9|     -2115.6|      1674.1|        13|       1.8|
|      873.79|      371.32|      3165.2|     -2291.5|      1687.4|        13|       1.9|
|      860.41|       419.3|      3232.9|     -2372.5|      1691.3|        13|       2.2|
|       808.3|      358.36|      3121.1|     -2312.7|      1688.6|        13|       2.2|
|      608.74|      361.76|      2667.3|     -2058.6|      1680.1|        13|       2.1|
|      594.22|      352.35|      2680.2|       -2086|      1696.2|        13|       2.1|
|      549.31|      336.31|      2745.5|     -2196.2|      1758.5|        13|       2.2|
|      296.29|      511.04|      2833.8|     -2537.5|      1947.2|        13|       2.5|
|      115.77|      589.56|      3239.4|     -3123.6|      2339.7|        13|       2.3|
|      141.88|      554.79|      2503.8|     -2361.9|      2236.8|        13|         2|
|     -55.487|       329.1|      2800.6|       -2856|      2326.7|        13|       2.3|
|     -60.739|      323.51|      2761.4|     -2822.1|        2324|        13|       2.1|
|     -62.764|      325.47|      2724.7|     -2787.4|        2321|        13|       2.1|
|     -62.771|      327.07|      2718.8|     -2781.6|      2320.3|        13|       2.2|
|     -62.799|      325.87|      2723.1|     -2785.9|      2320.8|        13|       2.1|
|     -62.685|      327.98|      2721.6|     -2784.2|      2320.4|        13|       2.1|
|     -62.894|      326.51|      2722.6|     -2785.5|      2320.7|        13|       2.1|
|      -62.86|      327.34|      2729.2|     -2792.1|      2320.9|        13|       2.1|
|     -62.991|      326.78|      2724.8|     -2787.7|      2320.8|        13|       2.1|
|     -63.109|      326.86|      2732.9|       -2796|      2321.2|        13|       2.1|
|     -63.299|      326.62|      2734.1|     -2797.4|      2321.3|        13|       2.1|
|     -64.436|      325.37|      2740.9|     -2805.4|      2321.6|        13|       2.1|
|     -65.437|      324.39|      2745.9|     -2811.3|      2321.7|        13|       2.1|
|     -68.276|      321.88|        2765|     -2833.3|        2322|        14|       2.1|
|     -68.358|      322.13|      2762.1|     -2830.5|      2321.7|        14|       2.1|
|     -68.706|      323.62|      2760.5|     -2829.2|      2321.1|        14|       2.1|
|     -68.846|      323.38|      2759.1|       -2828|        2321|        14|       2.1|
|     -69.393|      322.65|      2755.6|       -2825|      2320.9|        14|       2.1|
|     -69.794|      322.59|      2754.2|       -2824|        2321|        14|       2.1|
|     -70.128|      322.85|      2754.3|     -2824.4|      2321.1|        14|       2.1|
|     -70.451|      323.21|        2755|     -2825.5|      2321.2|        14|       2.1|
|     -71.125|      323.18|      2758.1|     -2829.3|      2321.3|        14|       2.1|
|     -78.675|      349.44|      2887.2|     -2965.9|      2323.2|        16|       2.2|
|     -75.725|      322.77|      2791.5|     -2867.2|      2321.8|        14|       2.5|
|     -80.376|      347.06|      2833.3|     -2913.7|      2322.2|        16|       2.2|
|     -80.351|      350.48|        2826|     -2906.3|        2322|        16|       2.2|
|      -80.38|      347.77|      2831.6|       -2912|      2322.2|        16|       2.2|
|     -80.371|      349.51|      2827.9|     -2908.2|        2322|        16|       2.2|
|     -80.381|      348.13|      2830.8|     -2911.2|      2322.2|        16|       2.2|
|     -80.383|      349.02|      2828.8|     -2909.2|      2322.1|        16|       2.2|
|     -79.737|      363.48|      2807.9|     -2887.7|      2321.1|        17|       2.4|
|     -80.326|      351.58|      2823.6|     -2903.9|      2321.9|        16|       2.3|
|      -80.37|      349.52|      2827.7|     -2908.1|        2322|        16|       2.2|
|     -80.377|      349.11|      2828.6|       -2909|      2322.1|        16|       2.2|
|     -80.376|      349.03|      2828.8|     -2909.2|        2322|        16|       2.2|
|     -80.377|      349.02|      2828.9|     -2909.2|      2322.1|        16|       2.2|
|     -80.377|      349.02|      2828.9|     -2909.2|      2322.1|        16|       2.2|
|     -80.374|      349.02|      2828.9|     -2909.2|        2322|        16|       2.2|
|     -80.377|      349.01|      2828.9|     -2909.2|        2322|        16|       2.2|
Optimization result:
  message: CONVERGENCE: RELATIVE REDUCTION OF F <= FACTR*EPSMCH
  success: True
   status: 0
      fun: -80.37692886108835
        x: [-4.605e+00  0.000e+00 ...  3.401e+00 -2.303e+00]
      nit: 29
      jac: [-5.673e-01 -4.188e+00 ... -7.513e+03  8.142e-01]
     nfev: 57
     njev: 57
 hess_inv: <26x26 LbfgsInvHessProduct with dtype=float64>
|        logP|       dlogP|     y^T.K.y|     log|K| |     Cond(K)|  GPU time|  CPU time|
|------------|------------|------------|------------|------------|----------|----------|
|      2908.7|      657.68|      4375.4|     -1466.6|      1082.4|        17|       1.6|
|      798.53|      992.76|      3528.8|     -2730.3|      2173.7|        12|       1.9|
|      2798.2|      683.34|      4282.7|     -1484.5|        1101|        13|       1.5|
|      1018.1|      649.81|      2966.8|     -1948.6|      1195.1|        13|       1.9|
|      574.09|      481.58|      3006.5|     -2432.4|      1708.9|        12|       2.1|
|      570.58|      412.11|      2948.1|     -2377.5|        1630|        12|       2.1|
|      580.36|      362.02|      2901.2|     -2320.8|      1552.5|        12|       1.9|
|      372.68|      364.13|      2742.8|     -2370.2|      2028.8|        12|       2.2|
|      308.61|      429.93|      2426.6|     -2117.9|      1821.7|        12|       2.1|
|      47.595|      530.36|      2320.6|       -2273|      1784.6|        12|       2.1|
|     -185.24|      430.38|      2377.1|     -2562.4|      1976.4|        12|       2.2|
|     -227.33|      382.25|      2433.3|     -2660.7|      2030.9|        12|       2.1|
|     -228.54|      390.58|      2719.8|     -2948.3|      2149.1|        12|         2|
|     -248.18|      352.26|      2506.7|     -2754.9|      2076.2|        12|       2.5|
|     -252.09|      346.38|      2576.8|     -2828.9|      2107.3|        12|       2.4|
|     -252.39|      345.98|      2550.3|     -2802.7|      2096.6|        12|       2.4|
|     -252.68|      345.75|      2552.9|     -2805.6|      2097.7|        12|       2.4|
|     -253.05|      345.54|      2553.3|     -2806.3|      2097.8|        12|       2.4|
|     -254.92|      344.53|      2553.1|       -2808|      2097.8|        12|       2.4|
|     -257.83|         343|      2551.6|     -2809.4|      2097.4|        12|       2.4|
|      -261.4|      341.17|      2557.5|     -2818.9|      2096.8|        12|       2.4|
|      -261.5|      341.13|      2556.6|     -2818.1|      2096.7|        12|       2.4|
|     -265.42|      338.99|      2560.8|     -2826.2|      2097.5|        12|       2.5|
|     -272.59|      334.61|      2573.9|     -2846.5|      2099.9|        13|       2.5|
|     -280.09|      329.11|      2593.9|       -2874|        2103|        13|       2.4|
|     -268.67|      323.66|      2768.5|     -3037.2|      2116.5|        13|       2.2|
|     -286.46|      322.73|      2620.1|     -2906.6|      2105.8|        13|       2.4|
|     -287.96|      313.52|        2695|       -2983|      2112.1|        13|       2.2|
|     -289.62|      317.83|      2645.4|       -2935|      2108.3|        13|       2.3|
|     -290.28|      315.17|      2666.5|     -2956.7|      2109.9|        13|       2.3|
|     -290.32|       315.9|      2661.7|     -2952.1|      2109.7|        13|       2.3|
|     -290.32|       315.6|      2664.8|     -2955.1|      2109.8|        13|       2.3|
|     -290.32|      315.45|      2666.1|     -2956.4|      2109.9|        13|       2.3|
|     -290.32|      315.57|      2665.1|     -2955.4|      2109.8|        13|       2.3|
|     -290.32|      315.56|      2665.1|     -2955.5|      2109.9|        13|       2.3|
|     -290.32|      315.57|      2665.1|     -2955.4|      2109.8|        13|       2.3|
|     -290.32|      315.57|      2665.1|     -2955.4|      2109.8|        13|       2.3|
Optimization result:
  message: CONVERGENCE: RELATIVE REDUCTION OF F <= FACTR*EPSMCH
  success: True
   status: 0
      fun: -290.32140281355987
        x: [-4.605e+00 -1.241e-01 ...  3.401e+00 -2.279e+00]
      nit: 24
      jac: [ 1.446e-01 -1.305e+00 ... -8.488e+03  3.583e-01]
     nfev: 37
     njev: 37
 hess_inv: <26x26 LbfgsInvHessProduct with dtype=float64>
|        logP|       dlogP|     y^T.K.y|     log|K| |     Cond(K)|  GPU time|  CPU time|
|------------|------------|------------|------------|------------|----------|----------|
|      2745.2|      633.48|      4229.8|     -1484.6|      1140.2|        17|       1.8|
|       785.9|      850.17|      3724.8|     -2938.9|      3040.3|        13|      0.77|
|      2638.5|      638.13|      4147.9|     -1509.4|      1167.5|        13|       1.6|
|      1169.5|      578.58|      3207.3|     -2037.9|      1457.6|        13|      0.95|
|      673.03|      501.28|      3265.4|     -2592.3|      2131.4|        13|      0.87|
|         685|      450.36|      3206.2|     -2521.2|      1956.6|        13|      0.84|
|      673.04|      501.28|      3265.4|     -2592.3|      2131.4|        13|      0.87|
|        1986|       671.9|      3598.1|     -1612.1|        1301|        13|       1.2|
|      819.57|      423.56|      3070.3|     -2250.7|      1482.3|        13|      0.88|
|      691.36|      416.23|      3153.4|       -2462|        1845|        13|      0.84|
|      673.88|      471.62|      3228.2|     -2554.3|      2044.8|        13|      0.84|
|      672.91|      494.03|      3256.3|     -2583.4|      2110.9|        13|      0.86|
|      673.31|      479.01|      3237.5|     -2564.2|      2067.1|        13|      0.85|
|      672.92|      490.62|        3252|     -2579.1|        2101|        13|      0.86|
|      672.91|       493.3|      3255.4|     -2582.5|      2108.7|        13|      0.86|
|      672.91|      491.52|      3253.2|     -2580.2|      2103.7|        13|      0.86|
|      672.91|      492.92|      3254.9|       -2582|      2107.7|        13|      0.86|
|      672.91|         492|      3253.8|     -2580.8|        2105|        13|      0.86|
|      672.91|      492.73|      3254.7|     -2581.8|      2107.1|        13|      0.87|
|      672.91|      492.92|      3254.9|       -2582|      2107.7|        13|      0.86|
|      599.66|      412.89|      3100.2|     -2500.5|      2086.8|        13|      0.84|
|      271.04|      426.37|        2671|       -2400|      2610.1|        13|      0.78|
|      197.71|      453.05|        2630|     -2432.3|      2673.7|        13|      0.78|
|     -110.16|      462.28|      2572.2|     -2682.4|      2978.8|        13|      0.79|
|     -236.56|       358.4|      2636.1|     -2872.7|        3104|        13|       0.8|
|     -241.14|       351.4|      2658.7|     -2899.8|      3149.8|        13|      0.78|
|     -247.09|       339.9|        2757|       -3004|      3317.8|        13|      0.76|
|     -247.87|       340.2|      2729.5|     -2977.4|      3276.7|        13|      0.76|
|     -248.18|      340.15|      2730.7|     -2978.9|      3279.5|        13|      0.76|
|     -251.15|      339.99|      2731.7|     -2982.9|      3288.5|        13|      0.77|
|     -253.92|      339.74|        2729|     -2982.9|      3289.3|        13|      0.76|
|     -262.23|      339.24|      2717.5|     -2979.8|      3285.8|        13|      0.79|
|     -268.88|      338.51|      2708.2|     -2977.1|      3280.7|        13|      0.86|
|     -276.04|      336.54|      2701.8|     -2977.8|      3277.2|        13|      0.84|
|     -286.95|      332.48|      2697.2|     -2984.1|      3278.6|        13|      0.77|
|     -293.67|      330.41|      2702.6|     -2996.2|      3263.8|        13|      0.84|
|     -294.66|      330.41|      2704.9|     -2999.5|      3249.7|        13|      0.83|
|     -295.12|      330.54|      2709.1|     -3004.2|      3222.4|        13|      0.92|
|     -295.22|      330.21|      2713.4|     -3008.6|      3230.9|        13|      0.91|
|     -294.96|      328.79|      2741.7|     -3036.6|      3280.8|        13|      0.88|
|     -295.28|      329.91|      2717.7|       -3013|      3238.7|        13|      0.89|
|      -295.2|      329.06|      2733.4|     -3028.6|      3266.6|        13|      0.88|
|      -295.3|      329.73|      2720.3|     -3015.6|      3243.5|        13|      0.89|
|     -291.85|      328.91|      2784.9|     -3076.7|      3360.6|        13|      0.81|
|     -295.31|      329.54|      2723.3|     -3018.6|      3249.6|        13|      0.88|
|     -293.82|      328.42|      2763.1|     -3056.9|      3323.8|        13|      0.86|
|      -295.3|      329.39|      2725.7|       -3021|      3254.3|        13|      0.88|
|     -295.31|       329.5|      2723.8|     -3019.1|      3250.5|        13|      0.88|
|     -295.31|      329.53|      2723.4|     -3018.7|      3249.7|        13|      0.88|
|     -295.31|      329.51|      2723.6|       -3019|      3250.3|        13|      0.88|
|     -295.31|      329.53|      2723.4|     -3018.7|      3249.7|        13|      0.88|
|     -288.79|      329.96|      2809.2|       -3098|      3408.6|        13|      0.79|
|      -295.3|      329.34|      2726.4|     -3021.7|      3256.2|        13|      0.87|
|     -295.31|      329.49|      2723.9|     -3019.2|      3250.9|        13|      0.88|
|     -295.31|      329.52|      2723.5|     -3018.8|        3250|        13|      0.88|
|     -295.31|      329.53|      2723.4|     -3018.7|      3249.8|        13|      0.88|
|     -295.31|      329.53|      2723.4|     -3018.7|      3249.9|        13|      0.88|
|     -295.31|      329.53|      2723.4|     -3018.7|      3249.8|        13|      0.88|
Optimization result:
  message: CONVERGENCE: RELATIVE REDUCTION OF F <= FACTR*EPSMCH
  success: True
   status: 0
      fun: -295.31135048746273
        x: [-4.605e+00 -2.816e-01 ...  3.401e+00 -2.299e+00]
      nit: 22
      jac: [ 4.261e-01 -1.006e+00 ... -7.899e+03 -7.068e-02]
     nfev: 58
     njev: 58
 hess_inv: <26x26 LbfgsInvHessProduct with dtype=float64>
|        logP|       dlogP|     y^T.K.y|     log|K| |     Cond(K)|  GPU time|  CPU time|
|------------|------------|------------|------------|------------|----------|----------|
|      3146.4|      677.08|      4593.9|     -1447.4|        1213|        17|       1.6|
|      915.62|      915.55|      3735.9|     -2820.3|      2450.4|        13|       1.9|
|      3046.1|      693.03|      4510.6|     -1464.5|        1246|        13|       1.6|
|        1133|      783.08|      3092.2|     -1959.3|      1556.1|        13|       1.9|
|      625.65|      484.23|      3124.4|     -2498.8|      1923.3|        13|       2.2|
|      616.04|      406.92|      3041.3|     -2425.3|      1793.8|        13|       1.7|
|       625.2|      373.12|      2991.1|     -2365.9|      1690.5|        13|       1.8|
|      445.17|      288.08|      2776.4|     -2331.2|      1924.5|        13|       1.9|
|      451.66|      342.54|      2657.3|     -2205.7|      1791.2|        13|       1.8|
|      439.35|      296.93|      2724.7|     -2285.4|      1873.6|        13|       2.3|
|      415.22|      305.76|      2717.8|     -2302.6|      1885.5|        13|       2.3|
|      9.4365|      483.18|      2728.6|     -2719.2|        2190|        13|       1.8|
|     -107.62|      343.29|      2766.5|     -2874.1|      2262.3|        13|       1.9|
|     -110.64|      343.32|      2697.7|     -2808.3|      2257.5|        13|         2|
|     -118.75|      339.67|        2697|     -2815.8|        2258|        13|         2|
|      -148.9|      328.48|      2698.2|     -2847.1|      2303.5|        13|       1.8|
|     -16.002|      604.88|      3241.9|     -3257.9|      3362.7|        13|       1.8|
|      -183.6|      404.75|        2893|     -3076.6|      2970.8|        13|         2|
|     -166.84|       328.8|      2717.9|     -2884.7|      2409.1|        13|       1.8|
|     -132.16|      432.32|        2993|     -3125.2|      3213.1|        13|       1.9|
|     -211.17|      356.98|      2819.8|     -3030.9|      2965.1|        13|       2.1|
|     -197.92|      330.94|      2738.9|     -2936.8|      2624.6|        13|       2.1|
|     -53.983|      550.44|      3166.5|     -3220.4|      3340.3|        13|       1.8|
|     -195.74|      383.93|      2863.4|     -3059.2|      2980.2|        13|         2|
|     -204.64|      353.44|        2801|     -3005.6|      2832.2|        13|       1.9|
|     -199.11|      332.09|      2743.2|     -2942.3|      2641.6|        13|       2.2|
|     -198.07|      314.75|      2766.4|     -2964.4|      3006.8|        13|       1.7|
|     -232.84|      314.83|      2731.4|     -2964.3|        2925|        13|       2.4|
|     -241.97|      304.95|      2624.9|     -2866.9|        2710|        13|       2.1|
|     -248.65|      301.34|      2616.8|     -2865.5|      2745.2|        13|         2|
|     -254.42|      296.92|      2613.9|     -2868.3|      2745.5|        13|         2|
|     -260.43|      292.78|      2607.7|     -2868.2|      2727.1|        13|         2|
|     -261.56|      292.54|      2605.9|     -2867.4|      2710.8|        13|         2|
|     -262.65|      292.22|      2605.9|     -2868.5|      2700.9|        13|       2.1|
|     -264.63|      291.45|        2608|     -2872.7|      2689.4|        13|       2.1|
|     -268.85|      289.54|      2615.5|     -2884.4|      2672.7|        13|         2|
|     -274.68|      286.32|      2632.4|     -2907.1|      2658.6|        13|       2.1|
|     -279.65|      282.22|      2666.8|     -2946.4|      2646.6|        13|       2.2|
|     -279.76|      281.96|      2669.8|     -2949.6|        2645|        13|       2.2|
|      -279.8|      281.82|      2671.6|     -2951.4|      2644.1|        14|       2.2|
|     -279.81|      281.82|      2671.4|     -2951.2|      2642.7|        14|       2.2|
|     -279.85|      281.92|      2670.5|     -2950.3|      2639.2|        14|       2.2|
|     -279.87|      281.87|      2671.2|       -2951|      2638.3|        13|       2.2|
|     -279.92|      281.85|      2672.2|     -2952.1|      2637.5|        14|       2.2|
|      -280.1|      281.91|      2675.4|     -2955.5|      2634.6|        14|       2.2|
|     -280.38|      282.29|        2681|     -2961.4|      2630.1|        14|         2|
|     -280.65|      283.67|      2689.9|     -2970.5|      2623.5|        14|       1.8|
|     -280.67|      283.73|      2689.3|       -2970|      2624.3|        14|       1.8|
|     -280.79|      283.92|      2687.6|     -2968.4|      2626.4|        14|       1.8|
|     -281.07|      284.27|      2684.4|     -2965.5|      2630.6|        14|       1.8|
|     -281.54|      285.13|      2677.8|     -2959.4|      2640.1|        14|       1.8|
|     -281.85|      286.45|      2669.8|     -2951.7|      2652.3|        14|       1.9|
|     -281.72|      288.19|      2661.6|     -2943.3|      2665.7|        14|       1.9|
|     -281.86|      286.65|      2668.7|     -2950.6|        2654|        14|       1.9|
|     -281.81|      287.65|      2663.9|     -2945.8|      2661.8|        14|       1.9|
|     -281.86|      286.79|        2668|     -2949.9|      2655.1|        14|       1.9|
|     -281.49|       289.1|      2658.1|     -2939.6|        2672|        14|       1.9|
|     -281.86|      286.95|      2667.3|     -2949.1|      2656.4|        14|       1.9|
|     -281.86|      286.82|      2667.9|     -2949.8|      2655.3|        14|       1.9|
|     -281.86|      286.79|        2668|     -2949.9|      2655.1|        14|       1.9|
|     -281.86|      286.79|        2668|     -2949.9|      2655.1|        14|       1.9|
|     -281.86|      286.79|        2668|     -2949.9|      2655.1|        14|       1.9|
|     -281.86|      286.79|        2668|     -2949.9|      2655.1|        14|       1.9|
|     -281.87|      286.79|        2668|     -2949.9|      2655.1|        14|       1.9|
|     -281.86|      286.79|        2668|     -2949.9|      2655.1|        14|       1.9|
|     -281.86|      286.79|        2668|     -2949.9|      2655.1|        14|       1.9|
Optimization result:
  message: CONVERGENCE: RELATIVE REDUCTION OF F <= FACTR*EPSMCH
  success: True
   status: 0
      fun: -281.85746931286303
        x: [-4.605e+00  0.000e+00 ...  3.401e+00  2.416e+00]
      nit: 37
      jac: [ 1.945e-01 -5.539e+00 ... -6.157e+03 -1.471e+00]
     nfev: 66
     njev: 66
 hess_inv: <26x26 LbfgsInvHessProduct with dtype=float64>
Running seed: 42
|        logP|       dlogP|     y^T.K.y|     log|K| |     Cond(K)|  GPU time|  CPU time|
|------------|------------|------------|------------|------------|----------|----------|
|      3271.1|      659.87|      4750.2|     -1479.1|      1091.5|        17|       1.7|
|      1037.6|       885.4|      3717.8|     -2680.2|      2060.9|        12|         2|
|      3161.6|      689.18|      4655.7|     -1494.1|      1122.4|        13|       1.6|
|        1316|      799.51|      3236.8|     -1920.7|      1289.6|        13|       2.1|
|      784.87|       415.4|      3179.4|     -2394.5|      1703.4|        12|       2.3|
|      781.58|      372.04|      3127.2|     -2345.6|      1641.4|        12|       2.1|
|      790.72|      352.66|      3086.6|     -2295.9|      1576.9|        12|       1.8|
|      668.74|      357.09|      3034.1|     -2365.4|      1932.7|        12|         2|
|      1005.5|      503.73|      2464.5|       -1459|      1257.4|        12|       1.8|
|      622.13|      281.23|      2654.3|     -2032.2|        1673|        12|         2|
|       604.8|      244.59|      2705.7|     -2100.9|      1731.2|        12|       2.1|
|      585.79|      247.79|      2810.4|     -2224.7|      1816.3|        12|       2.7|
|      576.76|      246.07|      2770.2|     -2193.4|      1790.8|        12|       2.4|
|      506.23|      318.69|        2660|     -2153.8|      1728.3|        12|       1.9|
|      74.911|      461.32|      2469.1|     -2394.1|      1793.6|        12|       2.3|
|      42.925|      416.03|      2516.6|     -2473.7|      1851.5|        12|       2.4|
|     -7.3686|      352.74|      2569.4|     -2576.7|      1900.8|        12|       2.2|
|      70.116|      511.54|      3160.1|       -3090|      2329.3|        12|       1.9|
|     -43.626|      301.07|      2825.2|     -2868.8|        2165|        12|       2.6|
|     -53.782|      283.31|      2689.3|     -2743.1|      2057.6|        12|       1.9|
|     -57.671|       280.1|      2713.8|     -2771.4|      2082.9|        12|       2.2|
|     -60.733|      282.27|      2765.3|     -2826.1|        2162|        12|       2.3|
|     -61.739|      281.44|      2750.5|     -2812.3|      2162.3|        12|       2.3|
|     -62.419|      282.25|        2729|     -2791.4|      2147.1|        12|       2.3|
|     -62.322|      282.32|      2729.9|     -2792.2|        2149|        12|       2.3|
|     -62.403|      282.26|      2729.2|     -2791.6|      2147.4|        12|       2.3|
|     -62.416|      282.25|        2729|     -2791.5|      2147.1|        12|       2.3|
|     -62.418|      282.25|        2729|     -2791.4|      2147.1|        12|       2.3|
|      -62.42|      282.25|        2729|     -2791.4|      2147.1|        12|       2.3|
|     -62.419|      282.25|        2729|     -2791.4|      2147.1|        12|       2.3|
|     -62.418|      282.25|        2729|     -2791.4|      2147.1|        12|       2.3|
Optimization result:
  message: CONVERGENCE: RELATIVE REDUCTION OF F <= FACTR*EPSMCH
  success: True
   status: 0
      fun: -62.41799726028876
        x: [-4.605e+00 -2.741e-01 ...  3.401e+00  4.462e-01]
      nit: 15
      jac: [ 1.451e-01 -3.589e-01 ... -6.479e+03  7.805e+00]
     nfev: 31
     njev: 31
 hess_inv: <26x26 LbfgsInvHessProduct with dtype=float64>
|        logP|       dlogP|     y^T.K.y|     log|K| |     Cond(K)|  GPU time|  CPU time|
|------------|------------|------------|------------|------------|----------|----------|
|      3250.7|      652.67|      4787.8|     -1537.1|      1148.6|        17|       1.6|
|      947.56|       995.3|      3781.5|       -2834|      2226.5|        13|       1.8|
|      3153.1|      661.34|        4708|     -1554.8|      1170.9|        13|       1.5|
|      1393.9|      779.85|        3424|     -2030.1|      1445.3|        13|       1.8|
|      787.11|      532.37|      3314.3|     -2527.2|      1850.1|        13|       2.1|
|      796.94|       477.1|      3266.7|     -2469.8|      1782.2|        13|       1.6|
|       787.1|      532.37|      3314.3|     -2527.2|      1850.1|        13|       2.1|
|      2433.4|      801.73|      4056.1|     -1622.8|      1243.5|        13|       1.6|
|       952.2|      510.85|      3174.3|     -2222.1|      1510.7|        13|       1.6|
|      806.82|      439.55|      3215.2|     -2408.4|        1721|        13|       1.7|
|      787.26|      494.78|      3278.6|     -2491.4|        1811|        13|       1.8|
|      786.69|      522.75|      3305.3|     -2518.6|      1840.7|        13|       2.1|
|      786.75|      503.82|      3287.4|     -2500.6|        1821|        13|       1.9|
|      718.85|      433.79|      3155.7|     -2436.9|      1816.6|        13|       1.9|
|      385.87|      472.51|      2619.5|     -2233.6|      1846.3|        13|       1.8|
|      344.68|      505.95|      2582.7|       -2238|      1821.2|        13|       1.8|
|       313.5|      528.04|      2559.5|       -2246|      1802.5|        13|       1.8|
|      241.26|      568.05|      2516.6|     -2275.3|      1833.7|        13|       1.8|
|       46.89|      529.38|      2573.4|     -2526.5|      2217.4|        13|       1.8|
|      32.682|         523|      2571.5|     -2538.8|      2228.4|        13|         2|
|      -19.05|      494.71|      2568.6|     -2587.7|      2266.3|        13|       2.4|
|     -155.92|      332.79|      2717.5|     -2873.4|      2463.2|        13|       1.9|
|     -158.88|      321.19|        2825|     -2983.9|      2521.3|        13|       2.2|
|      -160.7|      321.07|      2763.8|     -2924.5|      2491.9|        13|       2.1|
|     -161.04|      320.16|      2772.1|     -2933.1|      2500.9|        13|       2.1|
|     -161.51|      319.38|        2784|     -2945.5|      2522.2|        13|       2.1|
|        -162|      319.09|      2792.1|     -2954.1|      2547.9|        13|       1.9|
|     -162.94|      318.92|      2791.5|     -2954.4|      2561.2|        13|       1.7|
|     -165.64|      318.79|      2780.7|     -2946.4|      2555.8|        13|       1.8|
|     -167.15|      318.87|      2770.1|     -2937.3|        2533|        13|       1.8|
|     -168.43|      318.94|      2760.7|     -2929.2|      2507.1|        13|       1.9|
|     -168.31|      318.68|      2766.5|     -2934.8|      2516.6|        13|       1.8|
|     -168.41|      318.87|      2762.2|     -2930.6|      2509.5|        13|       1.9|
|     -168.43|      318.93|        2761|     -2929.5|      2507.6|        13|       1.9|
|     -168.43|      318.94|      2760.8|     -2929.2|      2507.2|        13|       1.9|
|     -168.43|      318.93|      2760.9|     -2929.4|      2507.4|        13|       1.9|
|     -168.43|      318.94|      2760.8|     -2929.2|      2507.2|        13|       1.9|
|     -168.43|      318.94|      2760.8|     -2929.2|      2507.2|        13|       1.9|
|     -168.43|      318.94|      2760.8|     -2929.2|      2507.2|        13|       1.8|
Optimization result:
  message: CONVERGENCE: RELATIVE REDUCTION OF F <= FACTR*EPSMCH
  success: True
   status: 0
      fun: -168.43369198395885
        x: [-4.605e+00 -2.219e-01 ...  3.401e+00  3.401e+00]
      nit: 17
      jac: [ 1.675e-01 -3.452e+00 ... -7.005e+03 -3.400e+01]
     nfev: 39
     njev: 39
 hess_inv: <26x26 LbfgsInvHessProduct with dtype=float64>
|        logP|       dlogP|     y^T.K.y|     log|K| |     Cond(K)|  GPU time|  CPU time|
|------------|------------|------------|------------|------------|----------|----------|
|      3461.9|      756.04|      4874.1|     -1412.2|      1208.9|        17|       1.6|
|      1097.8|      956.67|      3782.3|     -2684.4|      2136.7|        13|         2|
|      3342.4|      786.89|      4770.5|     -1428.2|      1247.9|        13|       1.5|
|      1394.2|      771.69|      3268.8|     -1874.7|      1639.4|        13|       1.9|
|      841.03|      440.56|      3225.8|     -2384.7|      1692.2|        13|       2.1|
|      839.45|      390.66|      3169.7|     -2330.3|      1690.1|        13|         2|
|      852.26|      368.99|      3126.8|     -2274.6|      1687.5|        13|         2|
|      660.17|      281.37|      2919.5|     -2259.3|        1949|        13|       2.5|
|      780.92|      456.35|      2670.1|     -1889.2|      1657.3|        13|         2|
|      661.59|      305.79|      2764.6|       -2103|      1807.4|        13|       2.2|
|      650.23|      270.31|      2850.5|     -2200.2|      1900.5|        13|       2.1|
|      638.12|         276|      2826.1|       -2188|      1873.2|        13|       2.2|
|      577.91|       318.4|      2760.1|     -2182.2|      1832.7|        13|       2.2|
|      402.25|      424.63|      2645.5|     -2243.3|      1843.7|        13|       2.2|
|     -27.898|      354.81|      2679.3|     -2707.2|      2338.4|        13|       2.2|
|     -36.782|      350.05|      2702.9|     -2739.7|      2340.2|        13|         2|
|     -44.408|      358.47|      2811.9|     -2856.3|      2344.8|        13|       2.2|
|      -49.23|      348.55|      2751.1|     -2800.3|      2342.7|        13|       2.4|
|     -50.064|         350|      2772.6|     -2822.7|      2342.9|        13|       2.3|
|     -53.336|       347.3|      2735.6|     -2788.9|        2341|        13|       2.5|
|     -53.571|      347.76|      2724.9|     -2778.5|      2340.2|        13|       2.5|
|     -53.639|      347.81|        2724|     -2777.7|      2340.1|        13|       2.5|
|     -53.704|      347.81|      2723.9|     -2777.6|      2340.1|        13|       2.5|
|     -54.166|      347.82|        2724|     -2778.1|        2340|        13|       2.5|
|     -54.665|      347.78|      2724.8|     -2779.4|        2340|        13|       2.5|
|     -56.659|       347.6|        2728|     -2784.7|      2339.9|        13|       2.5|
|     -67.021|      345.29|        2750|       -2817|      2339.6|        13|         2|
|     -78.581|      337.03|        2799|     -2877.6|      2339.3|        13|         2|
|     -78.343|      337.24|      2798.7|     -2877.1|      2339.5|        13|         2|
|     -78.548|      337.06|      2798.9|     -2877.5|      2339.3|        13|         2|
|     -78.579|      337.04|        2799|     -2877.5|      2339.3|        13|         2|
|      -78.58|      337.03|        2799|     -2877.6|      2339.3|        13|         2|
|      -78.58|      337.03|        2799|     -2877.6|      2339.3|        13|         2|
|     -78.579|      337.03|        2799|     -2877.6|      2339.3|        13|         2|
|      -78.58|      337.03|        2799|     -2877.6|      2339.3|        13|         2|
|     -78.581|      337.03|        2799|     -2877.6|      2339.3|        13|         2|
|     -78.581|      337.03|        2799|     -2877.6|      2339.3|        13|         2|
Optimization result:
  message: CONVERGENCE: RELATIVE REDUCTION OF F <= FACTR*EPSMCH
  success: True
   status: 0
      fun: -78.58066610927835
        x: [-4.605e+00 -1.906e-02 ...  3.401e+00 -2.013e+00]
      nit: 18
      jac: [ 2.889e-01 -2.285e+00 ... -8.198e+03 -4.678e-01]
     nfev: 37
     njev: 37
 hess_inv: <26x26 LbfgsInvHessProduct with dtype=float64>
|        logP|       dlogP|     y^T.K.y|     log|K| |     Cond(K)|  GPU time|  CPU time|
|------------|------------|------------|------------|------------|----------|----------|
|      2590.7|      605.89|      4056.3|     -1465.6|        1329|        17|       1.7|
|      599.13|      894.85|      3239.6|     -2640.5|        2047|        13|         2|
|      2498.8|      621.14|      3978.7|     -1479.9|      1354.5|        13|       1.6|
|      821.13|      602.38|        2724|     -1902.8|      1492.4|        13|       1.9|
|      375.99|      418.19|      2741.2|     -2365.3|        1662|        13|       2.1|
|      373.33|      356.06|      2687.8|     -2314.5|      1608.6|        13|       2.1|
|      383.58|      311.96|      2644.9|     -2261.4|        1582|        13|         2|
|         218|      297.58|      2524.1|     -2306.1|        1929|        13|       2.5|
|      325.84|      393.13|      2199.2|     -1873.3|      1576.7|        13|         2|
|      201.09|      234.97|      2331.1|       -2130|      1812.9|        13|       2.2|
|      191.03|      235.12|      2343.1|     -2152.1|        1825|        13|       2.2|
|      70.048|       399.2|      2417.8|     -2347.7|      1891.2|        13|       2.1|
|     -74.372|      649.53|      2615.4|     -2689.8|      1946.9|        13|       2.4|
|     -116.49|      747.72|      2805.1|     -2921.6|      2135.8|        13|       2.1|
|     -135.68|      766.78|      2886.7|     -3022.4|      2219.3|        13|       2.1|
|     -209.65|      688.17|      2792.3|     -3001.9|      2237.5|        13|       2.1|
|     -413.72|      409.23|      2479.9|     -2893.6|      2286.1|        13|       2.1|
|     -453.93|      332.64|      2352.2|     -2806.1|      2280.8|        13|       2.1|
|     -467.14|      310.79|      2275.5|     -2742.6|      2275.8|        13|       2.1|
|     -469.05|      310.32|      2245.4|     -2714.4|      2273.3|        13|       2.1|
|      -469.1|      311.37|      2238.1|     -2707.2|      2272.4|        13|       2.1|
|     -469.13|      311.68|      2238.8|       -2708|      2272.4|        13|       2.1|
|     -469.37|      311.37|      2244.4|     -2713.8|      2272.7|        13|       2.1|
|      -469.5|       311.2|      2246.4|     -2715.9|      2272.9|        13|       2.1|
|     -469.58|      311.12|        2247|     -2716.6|      2272.9|        13|       2.1|
|     -469.87|       310.9|      2248.6|     -2718.5|        2273|        13|       2.1|
|     -470.63|       310.4|        2252|     -2722.6|      2273.1|        13|       2.1|
|     -472.73|      309.19|      2260.3|       -2733|      2273.3|        13|       2.2|
|     -477.88|      306.77|      2282.2|     -2760.1|      2273.6|        13|       2.1|
|      -485.7|      304.79|      2347.5|     -2833.2|      2274.2|        13|       2.5|
|     -486.09|      305.48|      2367.4|     -2853.5|      2274.1|        13|       2.3|
|     -474.84|      315.23|      2456.3|     -2931.2|      2273.7|        13|       2.3|
|        -486|      305.77|      2372.9|     -2858.9|      2274.1|        13|       2.2|
|     -486.08|      305.52|      2368.3|     -2854.4|      2274.1|        13|       2.2|
|     -486.09|      305.48|      2367.4|     -2853.5|      2274.1|        13|       2.3|
|     -260.48|      466.49|        2840|     -3100.5|      2271.8|        13|       1.6|
|     -480.12|      311.08|      2428.7|     -2908.8|      2273.6|        13|       2.2|
|     -486.01|      305.74|      2372.5|     -2858.5|      2274.1|        13|       2.2|
|     -486.09|      305.52|      2368.3|     -2854.3|      2274.1|        13|       2.2|
|     -486.09|      305.49|      2367.6|     -2853.7|      2274.1|        13|       2.3|
|     -486.09|      305.48|      2367.4|     -2853.5|      2274.1|        13|       2.3|
|     -486.09|      305.49|      2367.5|     -2853.6|      2274.1|        13|       2.3|
|     -486.09|      305.48|      2367.4|     -2853.5|      2274.1|        13|       2.3|
|     -486.09|      305.48|      2367.5|     -2853.6|      2274.1|        13|       2.3|
|     -486.09|      305.48|      2367.5|     -2853.6|      2274.2|        13|       2.3|
|     -486.09|      305.48|      2367.4|     -2853.5|      2274.1|        13|       2.3|
|     -486.09|      305.48|      2367.4|     -2853.5|      2274.1|        13|       2.3|
Optimization result:
  message: CONVERGENCE: RELATIVE REDUCTION OF F <= FACTR*EPSMCH
  success: True
   status: 0
      fun: -486.0935135785435
        x: [-4.605e+00  0.000e+00 ...  3.401e+00 -2.289e+00]
      nit: 25
      jac: [ 7.921e-02 -4.506e+00 ... -7.913e+03  2.981e-01]
     nfev: 47
     njev: 47
 hess_inv: <26x26 LbfgsInvHessProduct with dtype=float64>
|        logP|       dlogP|     y^T.K.y|     log|K| |     Cond(K)|  GPU time|  CPU time|
|------------|------------|------------|------------|------------|----------|----------|
|      3548.4|      715.86|      5015.7|     -1467.3|      1142.4|        17|       1.7|
|      1156.4|      936.73|      3866.6|     -2710.2|      1693.8|        13|       1.9|
|        3423|      745.91|        4908|       -1485|        1169|        14|       1.6|
|      1430.2|      773.36|        3374|     -1943.8|      1293.2|        13|       1.9|
|      921.85|      466.63|      3349.6|     -2427.7|        1508|        13|       2.2|
|      918.17|      394.34|      3281.4|     -2363.2|      1489.2|        13|       2.1|
|      933.59|      358.15|      3234.3|     -2300.7|      1462.9|        13|       1.9|
|      733.68|      260.49|      2962.7|       -2229|      1462.4|        13|       2.3|
|      693.66|      286.97|      2922.3|     -2228.6|      1432.9|        13|       2.2|
|      514.08|      465.43|      2732.9|     -2218.8|      1476.3|        13|         2|
|       507.2|       470.5|      2728.4|     -2221.2|      1493.3|        13|         2|
|      319.67|      531.67|        2853|     -2533.3|      2155.2|        13|         2|
|       269.9|      475.71|      2858.3|     -2588.4|      2194.8|        13|         2|
|      252.67|      513.68|      3175.6|     -2922.9|      2355.4|        13|         2|
|      224.12|      414.71|      2885.9|     -2661.8|      2241.1|        13|       1.9|
|       195.9|      380.54|      2977.4|     -2781.5|      2302.6|        13|       1.9|
|      201.75|      383.05|      2927.3|     -2725.6|      2275.7|        13|       1.9|
|      196.26|      378.08|      2959.3|       -2763|      2294.1|        13|       1.9|
|      195.85|      379.61|      2972.7|     -2776.9|      2300.5|        13|       1.9|
|      198.87|      379.72|      2938.6|     -2739.8|      2282.8|        13|       1.9|
|      196.06|      378.24|      2962.1|     -2766.1|      2295.5|        13|       1.9|
|      195.84|      379.18|      2970.2|     -2774.4|      2299.4|        13|       1.9|
|      195.84|      379.51|      2972.2|     -2776.3|      2300.2|        13|       1.9|
|      195.84|      379.29|      2970.9|       -2775|      2299.7|        13|       1.9|
|      195.84|      379.22|      2970.4|     -2774.6|      2299.4|        13|       1.9|
|      195.84|      379.27|      2970.8|     -2774.9|      2299.6|        13|       1.9|
|      195.84|      379.29|      2970.9|       -2775|      2299.7|        20|       1.9|
|       198.9|      379.87|      2937.4|     -2738.5|      2282.1|        20|       1.9|
|      196.09|       378.1|      2960.5|     -2764.4|      2294.7|        20|       1.9|
|      195.85|      378.91|      2968.4|     -2772.5|      2298.5|        19|       1.9|
|      195.84|       379.2|      2970.3|     -2774.5|      2299.4|        19|       1.9|
|      195.84|         379|        2969|     -2773.2|      2298.8|        19|       1.9|
|      195.84|      379.16|      2970.1|     -2774.2|      2299.3|        19|       1.9|
|      195.84|      379.05|      2969.4|     -2773.5|      2298.9|        20|       1.9|
|      195.84|      379.14|      2969.9|     -2774.1|      2299.2|        20|       1.9|
|      195.84|      379.15|        2970|     -2774.2|      2299.2|        20|       1.9|
|      195.84|      379.16|      2970.1|     -2774.2|      2299.3|        19|       1.9|
Optimization result:
  message: CONVERGENCE: RELATIVE REDUCTION OF F <= FACTR*EPSMCH
  success: True
   status: 0
      fun: 195.8448622463552
        x: [-4.605e+00 -2.466e-01 ...  3.401e+00 -1.615e+00]
      nit: 11
      jac: [ 1.847e-01 -4.084e+00 ... -9.443e+03  2.799e+00]
     nfev: 37
     njev: 37
 hess_inv: <26x26 LbfgsInvHessProduct with dtype=float64>
Average scores:	 rmse: 0.32±0.03	 r2: 0.81±0.03
Filename: (MG-COUNT)_(MGK_Graph-Matern32_product)_hypOFF_feat_transformerOFF_target_transformerOFF

------------------------------------------------------------
Sender: LSF System <lsfadmin@gpu10>
Subject: Job 830211: <structure_numerical_20260421> in cluster <Hazel> Done

Job <structure_numerical_20260421> was submitted from host <gpu10> by user <sdehgha2> in cluster <Hazel> at Tue Apr 21 08:53:49 2026
Job was executed on host(s) <gpu10>, in queue <gpu>, as user <sdehgha2> in cluster <Hazel> at Tue Apr 21 08:53:49 2026
</home/sdehgha2> was used as the home directory.
</share/ddomlab/sdehgha2/working_space/GP_collab/code_python/training/hpc_submit_training_GP> was used as the working directory.
Started at Tue Apr 21 08:53:49 2026
Terminated at Tue Apr 21 12:03:50 2026
Results reported at Tue Apr 21 12:03:50 2026

Your job looked like:

------------------------------------------------------------
# LSBATCH: User input


#BSUB -n 1
#BSUB -W 20:40
#BSUB -q gpu
#BSUB -gpu "num=1:mode=shared:mps=no"
#BSUB -R "rusage[mem=32GB]"
#BSUB -J "structure_numerical_20260421"
#BSUB -o "/share/ddomlab/sdehgha2/working_space/GP_collab/results/HPC_history/hpc_20260421/Machine Learning for Polymer Design to Enhance Pervaporation-Based Organic Recovery/MGK_product_GPU.out"
#BSUB -e "/share/ddomlab/sdehgha2/working_space/GP_collab/results/HPC_history/hpc_20260421/Machine Learning for Polymer Design to Enhance Pervaporation-Based Organic Recovery/MGK_product_GPU.err"

source ~/.bashrc
module load cuda/12.1
module load gcc/9.3.0
conda activate /usr/local/usrapps/ddomlab/sdehgha2/env12

python ../train_structure_numerical.py  --Kernel_mixing_method product                                         --paper "Machine Learning for Polymer Design to Enhance Pervaporation-Based Organic Recovery"                                         --dataset "flux_data_imputed"


------------------------------------------------------------

Successfully completed.

Resource usage summary:

    CPU time :                                   11317.20 sec.
    Max Memory :                                 3 GB
    Average Memory :                             1.22 GB
    Total Requested Memory :                     32.00 GB
    Delta Memory :                               29.00 GB
    Max Swap :                                   -
    Max Processes :                              14
    Max Threads :                                18
    Run time :                                   11385 sec.
    Turnaround time :                            11401 sec.

The output (if any) is above this job summary.



PS:

Read file </share/ddomlab/sdehgha2/working_space/GP_collab/results/HPC_history/hpc_20260421/Machine Learning for Polymer Design to Enhance Pervaporation-Based Organic Recovery/MGK_product_GPU.err> for stderr output of this job.

