Running seed: 6
No hyperparameter optimization
Running seed: 13
No hyperparameter optimization
Running seed: 42
No hyperparameter optimization
Average scores:	 rmse: 0.21±0.04	 r2: 0.87±0.05
Filename: (ECFP3_count_512-COUNT)_RF_hypOFF_Standard_Standard
Running seed: 6
No hyperparameter optimization
Running seed: 13
No hyperparameter optimization
Running seed: 42
No hyperparameter optimization
Average scores:	 rmse: 0.16±0.05	 r2: 0.92±0.05
Filename: (ECFP3_count_512-COUNT)_XGBR_hypOFF_Standard_Standard
Running seed: 6
No hyperparameter optimization
Running seed: 13
No hyperparameter optimization
Running seed: 42
No hyperparameter optimization
Average scores:	 rmse: 0.2±0.03	 r2: 0.89±0.03
Filename: (ECFP3_count_512-COUNT)_NGB_hypOFF_Standard_Standard
[14:01:17] WARNING: /croot/xgboost-split_1712794674171/work/src/learner.cc:767: 
Parameters: { "verbose" } are not used.

[14:01:17] WARNING: /croot/xgboost-split_1712794674171/work/src/learner.cc:767: 
Parameters: { "verbose" } are not used.

[14:01:17] WARNING: /croot/xgboost-split_1712794674171/work/src/learner.cc:767: 
Parameters: { "verbose" } are not used.

[14:01:17] WARNING: /croot/xgboost-split_1712794674171/work/src/learner.cc:767: 
Parameters: { "verbose" } are not used.

[14:01:17] WARNING: /croot/xgboost-split_1712794674171/work/src/learner.cc:767: 
Parameters: { "verbose" } are not used.

[14:01:26] WARNING: /croot/xgboost-split_1712794674171/work/src/learner.cc:767: 
Parameters: { "verbose" } are not used.

[14:01:26] WARNING: /croot/xgboost-split_1712794674171/work/src/learner.cc:767: 
Parameters: { "verbose" } are not used.

[14:01:26] WARNING: /croot/xgboost-split_1712794674171/work/src/learner.cc:767: 
Parameters: { "verbose" } are not used.

[14:01:26] WARNING: /croot/xgboost-split_1712794674171/work/src/learner.cc:767: 
Parameters: { "verbose" } are not used.

[14:01:26] WARNING: /croot/xgboost-split_1712794674171/work/src/learner.cc:767: 
Parameters: { "verbose" } are not used.

[14:01:34] WARNING: /croot/xgboost-split_1712794674171/work/src/learner.cc:767: 
Parameters: { "verbose" } are not used.

[14:01:34] WARNING: /croot/xgboost-split_1712794674171/work/src/learner.cc:767: 
Parameters: { "verbose" } are not used.

[14:01:34] WARNING: /croot/xgboost-split_1712794674171/work/src/learner.cc:767: 
Parameters: { "verbose" } are not used.

[14:01:34] WARNING: /croot/xgboost-split_1712794674171/work/src/learner.cc:767: 
Parameters: { "verbose" } are not used.

[14:01:34] WARNING: /croot/xgboost-split_1712794674171/work/src/learner.cc:767: 
Parameters: { "verbose" } are not used.


------------------------------------------------------------
Sender: LSF System <lsfadmin@c051n03>
Subject: Job 9836: <structure_numerical_20260119> in cluster <Hazel> Done

Job <structure_numerical_20260119> was submitted from host <c053n02> by user <sdehgha2> in cluster <Hazel> at Mon Jan 19 14:00:25 2026
Job was executed on host(s) <6*c051n03>, in queue <short>, as user <sdehgha2> in cluster <Hazel> at Mon Jan 19 14:00:25 2026
</tmp/.lsbtmp404534> was used as the home directory.
</share/ddomlab/sdehgha2/working-space/main/_colab_GP/GP_collab/code_python/training/hpc_submit_training_GP> was used as the working directory.
Started at Mon Jan 19 14:00:25 2026
Terminated at Mon Jan 19 14:02:12 2026
Results reported at Mon Jan 19 14:02:12 2026

Your job looked like:

------------------------------------------------------------
# LSBATCH: User input

#BSUB -n 6
#BSUB -W 2:00
#BSUB -R span[hosts=1]
#BSUB -R "rusage[mem=32GB]"
#BSUB -J "structure_numerical_20260119"
#BSUB -o "/share/ddomlab/sdehgha2/working-space/main/_colab_GP/GP_collab/results/HPC_history/hpc_20260119/Robust Learning from Literature Data_Model Generalizability and Uncertainty for Predicting Conjugated Polymer Solution Conformation/structure_numericalRF-XGB-NGB_20260119.out"
#BSUB -e "/share/ddomlab/sdehgha2/working-space/main/_colab_GP/GP_collab/results/HPC_history/hpc_20260119/Robust Learning from Literature Data_Model Generalizability and Uncertainty for Predicting Conjugated Polymer Solution Conformation/structure_numericalRF-XGB-NGB_20260119.err"

source ~/.bashrc
conda activate /usr/local/usrapps/ddomlab/sdehgha2/torch_cpu
python ../train_structure_numerical.py --dataset "Rg data with clusters aging imputed"                                         --paper "Robust Learning from Literature Data_Model Generalizability and Uncertainty for Predicting Conjugated Polymer Solution Conformation"                                          


------------------------------------------------------------

Successfully completed.

Resource usage summary:

    CPU time :                                   328.00 sec.
    Max Memory :                                 8 GB
    Average Memory :                             1.83 GB
    Total Requested Memory :                     32.00 GB
    Delta Memory :                               24.00 GB
    Max Swap :                                   -
    Max Processes :                              38
    Max Threads :                                41
    Run time :                                   129 sec.
    Turnaround time :                            107 sec.

The output (if any) is above this job summary.



PS:

Read file </share/ddomlab/sdehgha2/working-space/main/_colab_GP/GP_collab/results/HPC_history/hpc_20260119/Robust Learning from Literature Data_Model Generalizability and Uncertainty for Predicting Conjugated Polymer Solution Conformation/structure_numericalRF-XGB-NGB_20260119.err> for stderr output of this job.

