Data filtering and preprocessing took 0.02 seconds.
Running seed: 6
Running seed: 13
Running seed: 42
Average scores:	 rmse: 0.19±0.07	 r2: 0.88±0.09
Filename: (ECFP3_count_512-COUNT)_XGBR_hypOFF_Standard_Standard

------------------------------------------------------------
Sender: LSF System <lsfadmin@c016n03>
Subject: Job 252779: <tree_selected_20260902_17> in cluster <Hazel> Done

Job <tree_selected_20260902_17> was submitted from host <login03.hpc.ncsu.edu> by user <sdehgha2> in cluster <Hazel> at Wed Sep  2 17:15:41 2026
Job was executed on host(s) <6*c016n03>, in queue <single_chassis>, as user <sdehgha2> in cluster <Hazel> at Wed Sep  2 18:50:01 2026
</home/sdehgha2> was used as the home directory.
</share/ddomlab/sdehgha2/working_space/GP_collab/code_python/training/hpc_submit_training_GP> was used as the working directory.
Started at Wed Sep  2 18:50:01 2026
Terminated at Wed Sep  2 18:50:53 2026
Results reported at Wed Sep  2 18:50:53 2026

Your job looked like:

------------------------------------------------------------
# LSBATCH: User input
#BSUB -n 6
#BSUB -W 45:00
#BSUB -R span[hosts=1]
#BSUB -R "rusage[mem=32GB]"
#BSUB -J "tree_selected_20260902_17"
#BSUB -o "/share/ddomlab/sdehgha2/working_space/GP_collab/results/HPC_history/hpc_20260902/Robust Learning from Literature Data_Model Generalizability and Uncertainty for Predicting Conjugated Polymer Solution Conformation/XGBR_Rg_data_with_clusters_aging_imputed_CPU.out"
#BSUB -e "/share/ddomlab/sdehgha2/working_space/GP_collab/results/HPC_history/hpc_20260902/Robust Learning from Literature Data_Model Generalizability and Uncertainty for Predicting Conjugated Polymer Solution Conformation/XGBR_Rg_data_with_clusters_aging_imputed_CPU.err"

source ~/.bashrc
conda activate /usr/local/usrapps/ddomlab/sdehgha2/env12

python ../train_structure_numerical.py --regressor_type "XGBR"                                         --dataset "Rg data with clusters aging imputed"                                         --paper "Robust Learning from Literature Data_Model Generalizability and Uncertainty for Predicting Conjugated Polymer Solution Conformation"

------------------------------------------------------------

Successfully completed.

Resource usage summary:

    CPU time :                                   63.31 sec.
    Max Memory :                                 1 GB
    Average Memory :                             -
    Total Requested Memory :                     32.00 GB
    Delta Memory :                               31.00 GB
    Max Swap :                                   -
    Max Processes :                              12
    Max Threads :                                15
    Run time :                                   52 sec.
    Turnaround time :                            5712 sec.

The output (if any) is above this job summary.



PS:

Read file </share/ddomlab/sdehgha2/working_space/GP_collab/results/HPC_history/hpc_20260902/Robust Learning from Literature Data_Model Generalizability and Uncertainty for Predicting Conjugated Polymer Solution Conformation/XGBR_Rg_data_with_clusters_aging_imputed_CPU.err> for stderr output of this job.

Data filtering and preprocessing took 0.00 seconds.
Running seed: 6
Running seed: 13
Running seed: 42
Average scores:	 rmse: 0.2±0.06	 r2: 0.88±0.08
Filename: (COUNT)_XGBR_hypOFF_Standard_Standard

------------------------------------------------------------
Sender: LSF System <lsfadmin@c016n03>
Subject: Job 252833: <tree_selected_20260902_17> in cluster <Hazel> Done

Job <tree_selected_20260902_17> was submitted from host <login03.hpc.ncsu.edu> by user <sdehgha2> in cluster <Hazel> at Wed Sep  2 17:32:46 2026
Job was executed on host(s) <6*c016n03>, in queue <single_chassis>, as user <sdehgha2> in cluster <Hazel> at Wed Sep  2 19:16:40 2026
</home/sdehgha2> was used as the home directory.
</share/ddomlab/sdehgha2/working_space/GP_collab/code_python/training/hpc_submit_training_GP> was used as the working directory.
Started at Wed Sep  2 19:16:40 2026
Terminated at Wed Sep  2 19:17:33 2026
Results reported at Wed Sep  2 19:17:33 2026

Your job looked like:

------------------------------------------------------------
# LSBATCH: User input
#BSUB -n 6
#BSUB -W 20:00
#BSUB -R span[hosts=1]
#BSUB -R "rusage[mem=32GB]"
#BSUB -J "tree_selected_20260902_17"
#BSUB -o "/share/ddomlab/sdehgha2/working_space/GP_collab/results/HPC_history/hpc_20260902/Robust Learning from Literature Data_Model Generalizability and Uncertainty for Predicting Conjugated Polymer Solution Conformation/XGBR_Rg_data_with_clusters_aging_imputed_CPU.out"
#BSUB -e "/share/ddomlab/sdehgha2/working_space/GP_collab/results/HPC_history/hpc_20260902/Robust Learning from Literature Data_Model Generalizability and Uncertainty for Predicting Conjugated Polymer Solution Conformation/XGBR_Rg_data_with_clusters_aging_imputed_CPU.err"

source ~/.bashrc
conda activate /usr/local/usrapps/ddomlab/sdehgha2/env12

python ../train_numerical.py --regressor_type "XGBR"                                         --dataset "Rg data with clusters aging imputed"                                         --paper "Robust Learning from Literature Data_Model Generalizability and Uncertainty for Predicting Conjugated Polymer Solution Conformation"

------------------------------------------------------------

Successfully completed.

Resource usage summary:

    CPU time :                                   65.59 sec.
    Max Memory :                                 3 GB
    Average Memory :                             2.25 GB
    Total Requested Memory :                     32.00 GB
    Delta Memory :                               29.00 GB
    Max Swap :                                   -
    Max Processes :                              12
    Max Threads :                                15
    Run time :                                   53 sec.
    Turnaround time :                            6287 sec.

The output (if any) is above this job summary.



PS:

Read file </share/ddomlab/sdehgha2/working_space/GP_collab/results/HPC_history/hpc_20260902/Robust Learning from Literature Data_Model Generalizability and Uncertainty for Predicting Conjugated Polymer Solution Conformation/XGBR_Rg_data_with_clusters_aging_imputed_CPU.err> for stderr output of this job.

