
------------------------------------------------------------
Sender: LSF System <lsfadmin@gpu01>
Subject: Job 128018: <structure_numerical_20260508> in cluster <Hazel> Exited

Job <structure_numerical_20260508> was submitted from host <gpu01> by user <sdehgha2> in cluster <Hazel> at Fri May  8 12:19:29 2026
Job was executed on host(s) <gpu01>, in queue <gpu>, as user <sdehgha2> in cluster <Hazel> at Fri May  8 12:19:29 2026
</home/sdehgha2> was used as the home directory.
</share/ddomlab/sdehgha2/working_space/GP_collab/code_python/training/hpc_submit_training_GP> was used as the working directory.
Started at Fri May  8 12:19:29 2026
Terminated at Sat May  9 14:09:44 2026
Results reported at Sat May  9 14:09:44 2026

Your job looked like:

------------------------------------------------------------
# LSBATCH: User input


#BSUB -n 1
#BSUB -W 25:50
#BSUB -q gpu
#BSUB -gpu "num=1:mode=shared:mps=no"
#BSUB -R "rusage[mem=32GB]"
#BSUB -J "structure_numerical_20260508"
#BSUB -o "/share/ddomlab/sdehgha2/working_space/GP_collab/results/HPC_history/hpc_20260508/Beyond molecular structure_ critically assessing machine learning for designing organic photovoltaic materials and devices/MGK_product_per_feature_GPU.out"
#BSUB -e "/share/ddomlab/sdehgha2/working_space/GP_collab/results/HPC_history/hpc_20260508/Beyond molecular structure_ critically assessing machine learning for designing organic photovoltaic materials and devices/MGK_product_per_feature_GPU.err"

source ~/.bashrc
module load cuda/12.1
module load gcc/9.3.0
conda activate /usr/local/usrapps/ddomlab/sdehgha2/env12

python ../train_structure_numerical.py  --Kernel_mixing_method product                                         --paper "Beyond molecular structure_ critically assessing machine learning for designing organic photovoltaic materials and devices"                                         --dataset "Beyond molecular structure_seifrid_imputed"                                         --kernel_feature_mode per_feature


------------------------------------------------------------

TERM_RUNLIMIT: job killed after reaching LSF run time limit.
Exited with exit code 140.

Resource usage summary:

    CPU time :                                   92803.00 sec.
    Max Memory :                                 2 GB
    Average Memory :                             1.00 GB
    Total Requested Memory :                     32.00 GB
    Delta Memory :                               30.00 GB
    Max Swap :                                   -
    Max Processes :                              14
    Max Threads :                                18
    Run time :                                   93014 sec.
    Turnaround time :                            93015 sec.

The output (if any) is above this job summary.



PS:

Read file </share/ddomlab/sdehgha2/working_space/GP_collab/results/HPC_history/hpc_20260508/Beyond molecular structure_ critically assessing machine learning for designing organic photovoltaic materials and devices/MGK_product_per_feature_GPU.err> for stderr output of this job.

