[Parallel(n_jobs=8)]: Using backend LokyBackend with 8 concurrent workers.
[Parallel(n_jobs=8)]: Done  34 tasks      | elapsed:   22.8s
[Parallel(n_jobs=8)]: Done 256 out of 256 | elapsed:   22.9s finished
[Parallel(n_jobs=4)]: Using backend LokyBackend with 4 concurrent workers.
[Parallel(n_jobs=4)]: Done  22 out of  22 | elapsed:    1.8s finished
Traceback (most recent call last):
  File "/gpfs_common/share03/ddomlab/sdehgha2/working_space/GP_collab/code_python/training/hpc_submit_training_GP/../train_structure_numerical.py", line 98, in <module>
    main_structural_numerical(
  File "/gpfs_common/share03/ddomlab/sdehgha2/working_space/GP_collab/code_python/training/hpc_submit_training_GP/../train_structure_numerical.py", line 49, in main_structural_numerical
    scores, predictions  =   train_regressor(
                             ^^^^^^^^^^^^^^^^
  File "/gpfs_common/share03/ddomlab/sdehgha2/working_space/GP_collab/code_python/training/training_utils_gp_special.py", line 93, in train_regressor
    scores, predictions = _prepare_data(
                          ^^^^^^^^^^^^^^
  File "/gpfs_common/share03/ddomlab/sdehgha2/working_space/GP_collab/code_python/training/training_utils_gp_special.py", line 194, in _prepare_data
    score,predication = run(
                        ^^^^
  File "/gpfs_common/share03/ddomlab/sdehgha2/working_space/GP_collab/code_python/training/training_utils_gp_special.py", line 302, in run
    scores, predictions = mgk_cross_validate_regressor(model, X, y, cv_outer, loss_function='likelihood', repeat=1,return_importance=False)
                          ^^^^^^^^^^^^^^^^^^^^^^^^^^^^^^^^^^^^^^^^^^^^^^^^^^^^^^^^^^^^^^^^^^^^^^^^^^^^^^^^^^^^^^^^^^^^^^^^^^^^^^^^^^^^^^^^^
  File "/gpfs_common/share03/ddomlab/sdehgha2/working_space/GP_collab/code_python/training/scoring.py", line 511, in mgk_cross_validate_regressor
    score, predictions = mgk_cross_validate(
                         ^^^^^^^^^^^^^^^^^^^
  File "/gpfs_common/share03/ddomlab/sdehgha2/working_space/GP_collab/code_python/training/scoring.py", line 489, in mgk_cross_validate
    est.fit(X_train, y_train, loss=loss_function, verbose=True, repeat=repeat)
  File "/usr/local/usrapps/ddomlab/sdehgha2/env12/lib/python3.12/site-packages/graphdot/model/gaussian_process/gpr.py", line 132, in fit
    K = self._gramian(self.alpha, self._X)
        ^^^^^^^^^^^^^^^^^^^^^^^^^^^^^^^^^^
  File "/usr/local/usrapps/ddomlab/sdehgha2/env12/lib/python3.12/site-packages/graphdot/model/gaussian_process/base.py", line 94, in _gramian
    K = kernel(X, **self.kernel_options)
        ^^^^^^^^^^^^^^^^^^^^^^^^^^^^^^^^
  File "/gpfs_common/share03/ddomlab/sdehgha2/working_space/GP_collab/code_python/training/MGK_and_tools/mgktools/mgktools/kernels/HybridKernel.py", line 77, in __call__
    output = kernel(Xi, Y=Yi, eval_gradient=False)
             ^^^^^^^^^^^^^^^^^^^^^^^^^^^^^^^^^^^^^
  File "/usr/local/usrapps/ddomlab/sdehgha2/env12/lib/python3.12/site-packages/graphdot/kernel/fix.py", line 63, in __call__
    R = self.kernel(X, Y, **options)
        ^^^^^^^^^^^^^^^^^^^^^^^^^^^^
  File "/gpfs_common/share03/ddomlab/sdehgha2/working_space/GP_collab/code_python/training/MGK_and_tools/mgktools/mgktools/kernels/GraphKernel.py", line 55, in __call__
    return super().__call__(X, Y, eval_gradient=eval_gradient, *args, **kwargs)
           ^^^^^^^^^^^^^^^^^^^^^^^^^^^^^^^^^^^^^^^^^^^^^^^^^^^^^^^^^^^^^^^^^^^^
  File "/usr/local/usrapps/ddomlab/sdehgha2/env12/lib/python3.12/site-packages/graphdot/kernel/marginalized/_kernel.py", line 240, in __call__
    backend(
  File "/usr/local/usrapps/ddomlab/sdehgha2/env12/lib/python3.12/site-packages/graphdot/kernel/marginalized/_backend_cuda.py", line 368, in __call__
    self.ctx.synchronize()
KeyboardInterrupt
[Parallel(n_jobs=8)]: Using backend LokyBackend with 8 concurrent workers.
[Parallel(n_jobs=8)]: Done  34 tasks      | elapsed:   22.6s
[Parallel(n_jobs=8)]: Done 256 out of 256 | elapsed:   22.7s finished
[Parallel(n_jobs=4)]: Using backend LokyBackend with 4 concurrent workers.
[Parallel(n_jobs=4)]: Done  22 out of  22 | elapsed:    1.8s finished
[I 2026-04-21 10:04:05,334] A new study created in RDB with name: optuna-study
/gpfs_common/share03/ddomlab/sdehgha2/working_space/GP_collab/code_python/training/MGK_and_tools/mgktools/mgktools/kernels/base.py:225: UserWarning: The distribution is specified by [0.1, 30] and step=1, but the range is not divisible by `step`. It will be replaced with [0.1, 29.1].
  self.unique_name: trial.suggest_float(
[W 2026-04-21 10:04:08,707] Trial 0 failed with parameters: {'0:atom_AtomicNumber:kDelta': 1.0, '0:atom_AtomicNumber_list_1:kConv': 0.8, '0:atom_AtomicNumber_list_2:kConv': 0.95, '0:atom_AtomicNumber_list_3:kConv': 0.75, '0:atom_AtomicNumber_list_4:kConv': 0.75, '0:atom_MorganHash:kDelta': 0.9, '0:atom_Ring_count:kDelta': 0.9, '0:atom_RingSize_list:kConv': 0.85, '0:atom_Hcount:kDelta': 0.85, '0:atom_AtomicNumber_count_1:kDelta': 0.9, '0:atom_AtomicNumber_count_2:kDelta': 0.85, '0:atom_Chiral:kDelta': 0.95, '0:bond_Order:kDelta': 0.9, '0:bond_Stereo:kDelta': 0.9, '0:bond_RingStereo:kDelta': 0.9, '0:q:q': 0.5, '1:features_kernel:Matern32': 24.1, '2:features_kernel:Matern32': 12.1, '3:features_kernel:Matern32': 26.1, '4:features_kernel:Matern32': 24.1, '5:features_kernel:Matern32': 1.1, '6:features_kernel:Matern32': 21.1, '7:features_kernel:Matern32': 24.1, '8:features_kernel:Matern32': 22.1, '9:features_kernel:Matern32': 21.1, '10:features_kernel:Matern32': 16.1, '11:features_kernel:Matern32': 3.1, 'alpha': 0.096} because of the following error: ValueError('Unsupported cross-validation method n-fold.').
Traceback (most recent call last):
  File "/usr/local/usrapps/ddomlab/sdehgha2/env12/lib/python3.12/site-packages/optuna/study/_optimize.py", line 206, in _run_trial
    value_or_values = func(trial)
                      ^^^^^^^^^^^
  File "/gpfs_common/share03/ddomlab/sdehgha2/working_space/GP_collab/code_python/training/MGK_and_tools/mgktools/mgktools/hyperparameters/optuna.py", line 250, in objective
    score = evaluate_model(
            ^^^^^^^^^^^^^^^
  File "/gpfs_common/share03/ddomlab/sdehgha2/working_space/GP_collab/code_python/training/MGK_and_tools/mgktools/mgktools/hyperparameters/optuna.py", line 65, in evaluate_model
    score = evaluator.run_cross_validation()
            ^^^^^^^^^^^^^^^^^^^^^^^^^^^^^^^^
  File "/gpfs_common/share03/ddomlab/sdehgha2/working_space/GP_collab/code_python/training/MGK_and_tools/mgktools/mgktools/evaluators/cross_validation.py", line 214, in run_cross_validation
    raise ValueError("Unsupported cross-validation method %s." % self.cross_validation)
ValueError: Unsupported cross-validation method n-fold.
[W 2026-04-21 10:04:08,752] Trial 0 failed with value None.
Traceback (most recent call last):
  File "/gpfs_common/share03/ddomlab/sdehgha2/working_space/GP_collab/code_python/training/hpc_submit_training_GP/../train_structure_numerical.py", line 98, in <module>
    main_structural_numerical(
  File "/gpfs_common/share03/ddomlab/sdehgha2/working_space/GP_collab/code_python/training/hpc_submit_training_GP/../train_structure_numerical.py", line 49, in main_structural_numerical
    scores, predictions  =   train_regressor(
                             ^^^^^^^^^^^^^^^^
  File "/gpfs_common/share03/ddomlab/sdehgha2/working_space/GP_collab/code_python/training/training_utils_gp_special.py", line 93, in train_regressor
    scores, predictions = _prepare_data(
                          ^^^^^^^^^^^^^^
  File "/gpfs_common/share03/ddomlab/sdehgha2/working_space/GP_collab/code_python/training/training_utils_gp_special.py", line 194, in _prepare_data
    score,predication = run(
                        ^^^^
  File "/gpfs_common/share03/ddomlab/sdehgha2/working_space/GP_collab/code_python/training/training_utils_gp_special.py", line 277, in run
    alpha = bayesian_optimization(
            ^^^^^^^^^^^^^^^^^^^^^^
  File "/gpfs_common/share03/ddomlab/sdehgha2/working_space/GP_collab/code_python/training/MGK_and_tools/mgktools/mgktools/hyperparameters/optuna.py", line 283, in bayesian_optimization
    study.optimize(objective, n_trials=n_to_run)
  File "/usr/local/usrapps/ddomlab/sdehgha2/env12/lib/python3.12/site-packages/optuna/study/study.py", line 490, in optimize
    _optimize(
  File "/usr/local/usrapps/ddomlab/sdehgha2/env12/lib/python3.12/site-packages/optuna/study/_optimize.py", line 68, in _optimize
    _optimize_sequential(
  File "/usr/local/usrapps/ddomlab/sdehgha2/env12/lib/python3.12/site-packages/optuna/study/_optimize.py", line 165, in _optimize_sequential
    frozen_trial_id = _run_trial(study, func, catch)
                      ^^^^^^^^^^^^^^^^^^^^^^^^^^^^^^
  File "/usr/local/usrapps/ddomlab/sdehgha2/env12/lib/python3.12/site-packages/optuna/study/_optimize.py", line 263, in _run_trial
    raise func_err
  File "/usr/local/usrapps/ddomlab/sdehgha2/env12/lib/python3.12/site-packages/optuna/study/_optimize.py", line 206, in _run_trial
    value_or_values = func(trial)
                      ^^^^^^^^^^^
  File "/gpfs_common/share03/ddomlab/sdehgha2/working_space/GP_collab/code_python/training/MGK_and_tools/mgktools/mgktools/hyperparameters/optuna.py", line 250, in objective
    score = evaluate_model(
            ^^^^^^^^^^^^^^^
  File "/gpfs_common/share03/ddomlab/sdehgha2/working_space/GP_collab/code_python/training/MGK_and_tools/mgktools/mgktools/hyperparameters/optuna.py", line 65, in evaluate_model
    score = evaluator.run_cross_validation()
            ^^^^^^^^^^^^^^^^^^^^^^^^^^^^^^^^
  File "/gpfs_common/share03/ddomlab/sdehgha2/working_space/GP_collab/code_python/training/MGK_and_tools/mgktools/mgktools/evaluators/cross_validation.py", line 214, in run_cross_validation
    raise ValueError("Unsupported cross-validation method %s." % self.cross_validation)
ValueError: Unsupported cross-validation method n-fold.
[Parallel(n_jobs=8)]: Using backend LokyBackend with 8 concurrent workers.
[Parallel(n_jobs=8)]: Done  34 tasks      | elapsed:   21.5s
[Parallel(n_jobs=8)]: Done 256 out of 256 | elapsed:   21.5s finished
[Parallel(n_jobs=4)]: Using backend LokyBackend with 4 concurrent workers.
[Parallel(n_jobs=4)]: Done  22 out of  22 | elapsed:    1.8s finished
[I 2026-04-21 14:33:09,925] Using an existing study with name 'optuna-study' instead of creating a new one.
/gpfs_common/share03/ddomlab/sdehgha2/working_space/GP_collab/code_python/training/MGK_and_tools/mgktools/mgktools/kernels/base.py:225: UserWarning: The distribution is specified by [0.1, 30] and step=1, but the range is not divisible by `step`. It will be replaced with [0.1, 29.1].
  self.unique_name: trial.suggest_float(
[I 2026-04-21 14:33:14,333] Trial 1 finished with value: 0.7823092823342773 and parameters: {'0:atom_AtomicNumber:kDelta': 1.0, '0:atom_AtomicNumber_list_1:kConv': 0.8, '0:atom_AtomicNumber_list_2:kConv': 0.95, '0:atom_AtomicNumber_list_3:kConv': 0.75, '0:atom_AtomicNumber_list_4:kConv': 0.75, '0:atom_MorganHash:kDelta': 0.9, '0:atom_Ring_count:kDelta': 0.9, '0:atom_RingSize_list:kConv': 0.85, '0:atom_Hcount:kDelta': 0.85, '0:atom_AtomicNumber_count_1:kDelta': 0.9, '0:atom_AtomicNumber_count_2:kDelta': 0.85, '0:atom_Chiral:kDelta': 0.95, '0:bond_Order:kDelta': 0.9, '0:bond_Stereo:kDelta': 0.9, '0:bond_RingStereo:kDelta': 0.9, '0:q:q': 0.5, '1:features_kernel:Matern32': 24.1, '2:features_kernel:Matern32': 12.1, '3:features_kernel:Matern32': 26.1, '4:features_kernel:Matern32': 24.1, '5:features_kernel:Matern32': 1.1, '6:features_kernel:Matern32': 21.1, '7:features_kernel:Matern32': 24.1, '8:features_kernel:Matern32': 22.1, '9:features_kernel:Matern32': 21.1, '10:features_kernel:Matern32': 16.1, '11:features_kernel:Matern32': 3.1, 'alpha': 0.096}. Best is trial 1 with value: 0.7823092823342773.
/gpfs_common/share03/ddomlab/sdehgha2/working_space/GP_collab/code_python/training/MGK_and_tools/mgktools/mgktools/kernels/base.py:225: UserWarning: The distribution is specified by [0.1, 30] and step=1, but the range is not divisible by `step`. It will be replaced with [0.1, 29.1].
  self.unique_name: trial.suggest_float(
[I 2026-04-21 14:33:17,798] Trial 2 finished with value: 0.6229313137078076 and parameters: {'0:atom_AtomicNumber:kDelta': 0.85, '0:atom_AtomicNumber_list_1:kConv': 0.8, '0:atom_AtomicNumber_list_2:kConv': 0.95, '0:atom_AtomicNumber_list_3:kConv': 1.0, '0:atom_AtomicNumber_list_4:kConv': 0.8, '0:atom_MorganHash:kDelta': 0.95, '0:atom_Ring_count:kDelta': 0.9, '0:atom_RingSize_list:kConv': 0.95, '0:atom_Hcount:kDelta': 1.0, '0:atom_AtomicNumber_count_1:kDelta': 0.85, '0:atom_AtomicNumber_count_2:kDelta': 0.8, '0:atom_Chiral:kDelta': 0.85, '0:bond_Order:kDelta': 0.95, '0:bond_Stereo:kDelta': 0.95, '0:bond_RingStereo:kDelta': 0.85, '0:q:q': 0.5, '1:features_kernel:Matern32': 13.1, '2:features_kernel:Matern32': 11.1, '3:features_kernel:Matern32': 21.1, '4:features_kernel:Matern32': 2.1, '5:features_kernel:Matern32': 11.1, '6:features_kernel:Matern32': 23.1, '7:features_kernel:Matern32': 22.1, '8:features_kernel:Matern32': 8.1, '9:features_kernel:Matern32': 5.1, '10:features_kernel:Matern32': 14.1, '11:features_kernel:Matern32': 10.1, 'alpha': 0.074}. Best is trial 2 with value: 0.6229313137078076.
/gpfs_common/share03/ddomlab/sdehgha2/working_space/GP_collab/code_python/training/MGK_and_tools/mgktools/mgktools/kernels/base.py:225: UserWarning: The distribution is specified by [0.1, 30] and step=1, but the range is not divisible by `step`. It will be replaced with [0.1, 29.1].
  self.unique_name: trial.suggest_float(
[I 2026-04-21 14:33:21,163] Trial 3 finished with value: 0.6114385483530966 and parameters: {'0:atom_AtomicNumber:kDelta': 0.8, '0:atom_AtomicNumber_list_1:kConv': 0.8, '0:atom_AtomicNumber_list_2:kConv': 1.0, '0:atom_AtomicNumber_list_3:kConv': 0.9, '0:atom_AtomicNumber_list_4:kConv': 1.0, '0:atom_MorganHash:kDelta': 1.0, '0:atom_Ring_count:kDelta': 1.0, '0:atom_RingSize_list:kConv': 0.8, '0:atom_Hcount:kDelta': 0.9, '0:atom_AtomicNumber_count_1:kDelta': 0.85, '0:atom_AtomicNumber_count_2:kDelta': 0.85, '0:atom_Chiral:kDelta': 0.95, '0:bond_Order:kDelta': 0.95, '0:bond_Stereo:kDelta': 0.95, '0:bond_RingStereo:kDelta': 0.75, '0:q:q': 0.36000000000000004, '1:features_kernel:Matern32': 1.1, '2:features_kernel:Matern32': 5.1, '3:features_kernel:Matern32': 27.1, '4:features_kernel:Matern32': 12.1, '5:features_kernel:Matern32': 4.1, '6:features_kernel:Matern32': 20.1, '7:features_kernel:Matern32': 4.1, '8:features_kernel:Matern32': 19.1, '9:features_kernel:Matern32': 7.1, '10:features_kernel:Matern32': 1.1, '11:features_kernel:Matern32': 28.1, 'alpha': 0.007}. Best is trial 3 with value: 0.6114385483530966.
/gpfs_common/share03/ddomlab/sdehgha2/working_space/GP_collab/code_python/training/MGK_and_tools/mgktools/mgktools/kernels/base.py:225: UserWarning: The distribution is specified by [0.1, 30] and step=1, but the range is not divisible by `step`. It will be replaced with [0.1, 29.1].
  self.unique_name: trial.suggest_float(
[I 2026-04-21 14:33:24,866] Trial 4 finished with value: 0.5630342395225714 and parameters: {'0:atom_AtomicNumber:kDelta': 0.9, '0:atom_AtomicNumber_list_1:kConv': 0.85, '0:atom_AtomicNumber_list_2:kConv': 0.9, '0:atom_AtomicNumber_list_3:kConv': 1.0, '0:atom_AtomicNumber_list_4:kConv': 0.9, '0:atom_MorganHash:kDelta': 0.9, '0:atom_Ring_count:kDelta': 0.75, '0:atom_RingSize_list:kConv': 0.95, '0:atom_Hcount:kDelta': 0.8, '0:atom_AtomicNumber_count_1:kDelta': 0.85, '0:atom_AtomicNumber_count_2:kDelta': 0.75, '0:atom_Chiral:kDelta': 0.8, '0:bond_Order:kDelta': 1.0, '0:bond_Stereo:kDelta': 0.9, '0:bond_RingStereo:kDelta': 0.9, '0:q:q': 0.19, '1:features_kernel:Matern32': 24.1, '2:features_kernel:Matern32': 8.1, '3:features_kernel:Matern32': 3.1, '4:features_kernel:Matern32': 16.1, '5:features_kernel:Matern32': 8.1, '6:features_kernel:Matern32': 23.1, '7:features_kernel:Matern32': 5.1, '8:features_kernel:Matern32': 23.1, '9:features_kernel:Matern32': 18.1, '10:features_kernel:Matern32': 1.1, '11:features_kernel:Matern32': 16.1, 'alpha': 0.067}. Best is trial 4 with value: 0.5630342395225714.
/gpfs_common/share03/ddomlab/sdehgha2/working_space/GP_collab/code_python/training/MGK_and_tools/mgktools/mgktools/kernels/base.py:225: UserWarning: The distribution is specified by [0.1, 30] and step=1, but the range is not divisible by `step`. It will be replaced with [0.1, 29.1].
  self.unique_name: trial.suggest_float(
[I 2026-04-21 14:33:28,367] Trial 5 finished with value: 0.6974331539318595 and parameters: {'0:atom_AtomicNumber:kDelta': 1.0, '0:atom_AtomicNumber_list_1:kConv': 0.95, '0:atom_AtomicNumber_list_2:kConv': 0.95, '0:atom_AtomicNumber_list_3:kConv': 0.85, '0:atom_AtomicNumber_list_4:kConv': 0.75, '0:atom_MorganHash:kDelta': 0.95, '0:atom_Ring_count:kDelta': 0.75, '0:atom_RingSize_list:kConv': 0.9, '0:atom_Hcount:kDelta': 0.9, '0:atom_AtomicNumber_count_1:kDelta': 0.75, '0:atom_AtomicNumber_count_2:kDelta': 0.75, '0:atom_Chiral:kDelta': 0.9, '0:bond_Order:kDelta': 0.85, '0:bond_Stereo:kDelta': 0.8, '0:bond_RingStereo:kDelta': 0.75, '0:q:q': 0.32, '1:features_kernel:Matern32': 3.1, '2:features_kernel:Matern32': 0.1, '3:features_kernel:Matern32': 8.1, '4:features_kernel:Matern32': 9.1, '5:features_kernel:Matern32': 5.1, '6:features_kernel:Matern32': 2.1, '7:features_kernel:Matern32': 23.1, '8:features_kernel:Matern32': 12.1, '9:features_kernel:Matern32': 7.1, '10:features_kernel:Matern32': 15.1, '11:features_kernel:Matern32': 7.1, 'alpha': 0.08600000000000001}. Best is trial 4 with value: 0.5630342395225714.
/gpfs_common/share03/ddomlab/sdehgha2/working_space/GP_collab/code_python/training/MGK_and_tools/mgktools/mgktools/kernels/base.py:225: UserWarning: The distribution is specified by [0.1, 30] and step=1, but the range is not divisible by `step`. It will be replaced with [0.1, 29.1].
  self.unique_name: trial.suggest_float(
[I 2026-04-21 14:33:31,833] Trial 6 finished with value: 0.5963690807270267 and parameters: {'0:atom_AtomicNumber:kDelta': 0.85, '0:atom_AtomicNumber_list_1:kConv': 0.9, '0:atom_AtomicNumber_list_2:kConv': 1.0, '0:atom_AtomicNumber_list_3:kConv': 0.85, '0:atom_AtomicNumber_list_4:kConv': 0.8, '0:atom_MorganHash:kDelta': 1.0, '0:atom_Ring_count:kDelta': 0.9, '0:atom_RingSize_list:kConv': 1.0, '0:atom_Hcount:kDelta': 1.0, '0:atom_AtomicNumber_count_1:kDelta': 0.95, '0:atom_AtomicNumber_count_2:kDelta': 0.75, '0:atom_Chiral:kDelta': 0.9, '0:bond_Order:kDelta': 0.8, '0:bond_Stereo:kDelta': 0.75, '0:bond_RingStereo:kDelta': 0.85, '0:q:q': 0.11, '1:features_kernel:Matern32': 22.1, '2:features_kernel:Matern32': 28.1, '3:features_kernel:Matern32': 0.1, '4:features_kernel:Matern32': 7.1, '5:features_kernel:Matern32': 7.1, '6:features_kernel:Matern32': 4.1, '7:features_kernel:Matern32': 28.1, '8:features_kernel:Matern32': 7.1, '9:features_kernel:Matern32': 10.1, '10:features_kernel:Matern32': 1.1, '11:features_kernel:Matern32': 7.1, 'alpha': 0.089}. Best is trial 4 with value: 0.5630342395225714.
/gpfs_common/share03/ddomlab/sdehgha2/working_space/GP_collab/code_python/training/MGK_and_tools/mgktools/mgktools/kernels/base.py:225: UserWarning: The distribution is specified by [0.1, 30] and step=1, but the range is not divisible by `step`. It will be replaced with [0.1, 29.1].
  self.unique_name: trial.suggest_float(
[I 2026-04-21 14:33:35,697] Trial 7 finished with value: 0.6250189774757315 and parameters: {'0:atom_AtomicNumber:kDelta': 1.0, '0:atom_AtomicNumber_list_1:kConv': 0.9, '0:atom_AtomicNumber_list_2:kConv': 0.8, '0:atom_AtomicNumber_list_3:kConv': 0.75, '0:atom_AtomicNumber_list_4:kConv': 1.0, '0:atom_MorganHash:kDelta': 0.75, '0:atom_Ring_count:kDelta': 0.8, '0:atom_RingSize_list:kConv': 0.9, '0:atom_Hcount:kDelta': 0.8, '0:atom_AtomicNumber_count_1:kDelta': 1.0, '0:atom_AtomicNumber_count_2:kDelta': 0.9, '0:atom_Chiral:kDelta': 0.85, '0:bond_Order:kDelta': 1.0, '0:bond_Stereo:kDelta': 1.0, '0:bond_RingStereo:kDelta': 0.8, '0:q:q': 0.01, '1:features_kernel:Matern32': 20.1, '2:features_kernel:Matern32': 8.1, '3:features_kernel:Matern32': 0.1, '4:features_kernel:Matern32': 2.1, '5:features_kernel:Matern32': 12.1, '6:features_kernel:Matern32': 3.1, '7:features_kernel:Matern32': 6.1, '8:features_kernel:Matern32': 22.1, '9:features_kernel:Matern32': 13.1, '10:features_kernel:Matern32': 3.1, '11:features_kernel:Matern32': 6.1, 'alpha': 0.094}. Best is trial 4 with value: 0.5630342395225714.
/gpfs_common/share03/ddomlab/sdehgha2/working_space/GP_collab/code_python/training/MGK_and_tools/mgktools/mgktools/kernels/base.py:225: UserWarning: The distribution is specified by [0.1, 30] and step=1, but the range is not divisible by `step`. It will be replaced with [0.1, 29.1].
  self.unique_name: trial.suggest_float(
[I 2026-04-21 14:33:39,288] Trial 8 finished with value: 0.7915881331382365 and parameters: {'0:atom_AtomicNumber:kDelta': 0.75, '0:atom_AtomicNumber_list_1:kConv': 0.9, '0:atom_AtomicNumber_list_2:kConv': 0.9, '0:atom_AtomicNumber_list_3:kConv': 0.95, '0:atom_AtomicNumber_list_4:kConv': 0.9, '0:atom_MorganHash:kDelta': 0.95, '0:atom_Ring_count:kDelta': 0.95, '0:atom_RingSize_list:kConv': 0.9, '0:atom_Hcount:kDelta': 0.8, '0:atom_AtomicNumber_count_1:kDelta': 0.95, '0:atom_AtomicNumber_count_2:kDelta': 0.8, '0:atom_Chiral:kDelta': 1.0, '0:bond_Order:kDelta': 0.9, '0:bond_Stereo:kDelta': 0.75, '0:bond_RingStereo:kDelta': 1.0, '0:q:q': 0.24000000000000002, '1:features_kernel:Matern32': 28.1, '2:features_kernel:Matern32': 1.1, '3:features_kernel:Matern32': 3.1, '4:features_kernel:Matern32': 22.1, '5:features_kernel:Matern32': 1.1, '6:features_kernel:Matern32': 13.1, '7:features_kernel:Matern32': 24.1, '8:features_kernel:Matern32': 12.1, '9:features_kernel:Matern32': 5.1, '10:features_kernel:Matern32': 25.1, '11:features_kernel:Matern32': 3.1, 'alpha': 0.029}. Best is trial 4 with value: 0.5630342395225714.
/gpfs_common/share03/ddomlab/sdehgha2/working_space/GP_collab/code_python/training/MGK_and_tools/mgktools/mgktools/kernels/base.py:225: UserWarning: The distribution is specified by [0.1, 30] and step=1, but the range is not divisible by `step`. It will be replaced with [0.1, 29.1].
  self.unique_name: trial.suggest_float(
[I 2026-04-21 14:33:42,783] Trial 9 finished with value: 0.6929688255175914 and parameters: {'0:atom_AtomicNumber:kDelta': 0.8, '0:atom_AtomicNumber_list_1:kConv': 0.85, '0:atom_AtomicNumber_list_2:kConv': 0.8, '0:atom_AtomicNumber_list_3:kConv': 1.0, '0:atom_AtomicNumber_list_4:kConv': 0.95, '0:atom_MorganHash:kDelta': 0.95, '0:atom_Ring_count:kDelta': 0.75, '0:atom_RingSize_list:kConv': 0.9, '0:atom_Hcount:kDelta': 1.0, '0:atom_AtomicNumber_count_1:kDelta': 1.0, '0:atom_AtomicNumber_count_2:kDelta': 0.9, '0:atom_Chiral:kDelta': 0.8, '0:bond_Order:kDelta': 0.8, '0:bond_Stereo:kDelta': 0.9, '0:bond_RingStereo:kDelta': 0.95, '0:q:q': 0.16, '1:features_kernel:Matern32': 20.1, '2:features_kernel:Matern32': 15.1, '3:features_kernel:Matern32': 24.1, '4:features_kernel:Matern32': 20.1, '5:features_kernel:Matern32': 27.1, '6:features_kernel:Matern32': 3.1, '7:features_kernel:Matern32': 25.1, '8:features_kernel:Matern32': 28.1, '9:features_kernel:Matern32': 17.1, '10:features_kernel:Matern32': 0.1, '11:features_kernel:Matern32': 1.1, 'alpha': 0.042}. Best is trial 4 with value: 0.5630342395225714.
/gpfs_common/share03/ddomlab/sdehgha2/working_space/GP_collab/code_python/training/MGK_and_tools/mgktools/mgktools/kernels/base.py:225: UserWarning: The distribution is specified by [0.1, 30] and step=1, but the range is not divisible by `step`. It will be replaced with [0.1, 29.1].
  self.unique_name: trial.suggest_float(
[I 2026-04-21 14:33:46,487] Trial 10 finished with value: 0.5056304174185942 and parameters: {'0:atom_AtomicNumber:kDelta': 0.85, '0:atom_AtomicNumber_list_1:kConv': 0.85, '0:atom_AtomicNumber_list_2:kConv': 0.95, '0:atom_AtomicNumber_list_3:kConv': 0.95, '0:atom_AtomicNumber_list_4:kConv': 0.95, '0:atom_MorganHash:kDelta': 0.85, '0:atom_Ring_count:kDelta': 0.9, '0:atom_RingSize_list:kConv': 0.85, '0:atom_Hcount:kDelta': 0.95, '0:atom_AtomicNumber_count_1:kDelta': 0.9, '0:atom_AtomicNumber_count_2:kDelta': 0.9, '0:atom_Chiral:kDelta': 0.85, '0:bond_Order:kDelta': 0.9, '0:bond_Stereo:kDelta': 1.0, '0:bond_RingStereo:kDelta': 0.9, '0:q:q': 0.06999999999999999, '1:features_kernel:Matern32': 2.1, '2:features_kernel:Matern32': 20.1, '3:features_kernel:Matern32': 10.1, '4:features_kernel:Matern32': 9.1, '5:features_kernel:Matern32': 26.1, '6:features_kernel:Matern32': 25.1, '7:features_kernel:Matern32': 24.1, '8:features_kernel:Matern32': 10.1, '9:features_kernel:Matern32': 19.1, '10:features_kernel:Matern32': 17.1, '11:features_kernel:Matern32': 7.1, 'alpha': 0.059000000000000004}. Best is trial 10 with value: 0.5056304174185942.
/gpfs_common/share03/ddomlab/sdehgha2/working_space/GP_collab/code_python/training/MGK_and_tools/mgktools/mgktools/kernels/base.py:225: UserWarning: The distribution is specified by [0.1, 30] and step=1, but the range is not divisible by `step`. It will be replaced with [0.1, 29.1].
  self.unique_name: trial.suggest_float(
[I 2026-04-21 14:33:50,317] Trial 11 finished with value: 0.4881911592233676 and parameters: {'0:atom_AtomicNumber:kDelta': 0.9, '0:atom_AtomicNumber_list_1:kConv': 1.0, '0:atom_AtomicNumber_list_2:kConv': 0.75, '0:atom_AtomicNumber_list_3:kConv': 0.9, '0:atom_AtomicNumber_list_4:kConv': 0.95, '0:atom_MorganHash:kDelta': 0.8, '0:atom_Ring_count:kDelta': 0.85, '0:atom_RingSize_list:kConv': 0.75, '0:atom_Hcount:kDelta': 0.95, '0:atom_AtomicNumber_count_1:kDelta': 0.75, '0:atom_AtomicNumber_count_2:kDelta': 1.0, '0:atom_Chiral:kDelta': 0.75, '0:bond_Order:kDelta': 0.75, '0:bond_Stereo:kDelta': 1.0, '0:bond_RingStereo:kDelta': 1.0, '0:q:q': 0.01, '1:features_kernel:Matern32': 8.1, '2:features_kernel:Matern32': 21.1, '3:features_kernel:Matern32': 15.1, '4:features_kernel:Matern32': 27.1, '5:features_kernel:Matern32': 23.1, '6:features_kernel:Matern32': 27.1, '7:features_kernel:Matern32': 12.1, '8:features_kernel:Matern32': 0.1, '9:features_kernel:Matern32': 29.1, '10:features_kernel:Matern32': 29.1, '11:features_kernel:Matern32': 18.1, 'alpha': 0.049}. Best is trial 11 with value: 0.4881911592233676.
/gpfs_common/share03/ddomlab/sdehgha2/working_space/GP_collab/code_python/training/MGK_and_tools/mgktools/mgktools/kernels/base.py:225: UserWarning: The distribution is specified by [0.1, 30] and step=1, but the range is not divisible by `step`. It will be replaced with [0.1, 29.1].
  self.unique_name: trial.suggest_float(
[I 2026-04-21 14:33:53,932] Trial 12 finished with value: 0.48742328895039855 and parameters: {'0:atom_AtomicNumber:kDelta': 0.9, '0:atom_AtomicNumber_list_1:kConv': 1.0, '0:atom_AtomicNumber_list_2:kConv': 0.75, '0:atom_AtomicNumber_list_3:kConv': 0.9, '0:atom_AtomicNumber_list_4:kConv': 0.95, '0:atom_MorganHash:kDelta': 0.8, '0:atom_Ring_count:kDelta': 0.85, '0:atom_RingSize_list:kConv': 0.75, '0:atom_Hcount:kDelta': 0.95, '0:atom_AtomicNumber_count_1:kDelta': 0.75, '0:atom_AtomicNumber_count_2:kDelta': 1.0, '0:atom_Chiral:kDelta': 0.75, '0:bond_Order:kDelta': 0.75, '0:bond_Stereo:kDelta': 1.0, '0:bond_RingStereo:kDelta': 1.0, '0:q:q': 0.01, '1:features_kernel:Matern32': 8.1, '2:features_kernel:Matern32': 21.1, '3:features_kernel:Matern32': 14.1, '4:features_kernel:Matern32': 28.1, '5:features_kernel:Matern32': 24.1, '6:features_kernel:Matern32': 29.1, '7:features_kernel:Matern32': 14.1, '8:features_kernel:Matern32': 0.1, '9:features_kernel:Matern32': 29.1, '10:features_kernel:Matern32': 29.1, '11:features_kernel:Matern32': 21.1, 'alpha': 0.054}. Best is trial 12 with value: 0.48742328895039855.
/gpfs_common/share03/ddomlab/sdehgha2/working_space/GP_collab/code_python/training/MGK_and_tools/mgktools/mgktools/kernels/base.py:225: UserWarning: The distribution is specified by [0.1, 30] and step=1, but the range is not divisible by `step`. It will be replaced with [0.1, 29.1].
  self.unique_name: trial.suggest_float(
[I 2026-04-21 14:33:57,716] Trial 13 finished with value: 0.4932753934168995 and parameters: {'0:atom_AtomicNumber:kDelta': 0.9, '0:atom_AtomicNumber_list_1:kConv': 1.0, '0:atom_AtomicNumber_list_2:kConv': 0.75, '0:atom_AtomicNumber_list_3:kConv': 0.9, '0:atom_AtomicNumber_list_4:kConv': 0.95, '0:atom_MorganHash:kDelta': 0.8, '0:atom_Ring_count:kDelta': 0.85, '0:atom_RingSize_list:kConv': 0.75, '0:atom_Hcount:kDelta': 0.95, '0:atom_AtomicNumber_count_1:kDelta': 0.75, '0:atom_AtomicNumber_count_2:kDelta': 1.0, '0:atom_Chiral:kDelta': 0.75, '0:bond_Order:kDelta': 0.75, '0:bond_Stereo:kDelta': 1.0, '0:bond_RingStereo:kDelta': 1.0, '0:q:q': 0.02, '1:features_kernel:Matern32': 9.1, '2:features_kernel:Matern32': 23.1, '3:features_kernel:Matern32': 17.1, '4:features_kernel:Matern32': 29.1, '5:features_kernel:Matern32': 19.1, '6:features_kernel:Matern32': 28.1, '7:features_kernel:Matern32': 12.1, '8:features_kernel:Matern32': 0.1, '9:features_kernel:Matern32': 29.1, '10:features_kernel:Matern32': 29.1, '11:features_kernel:Matern32': 18.1, 'alpha': 0.041}. Best is trial 12 with value: 0.48742328895039855.
/gpfs_common/share03/ddomlab/sdehgha2/working_space/GP_collab/code_python/training/MGK_and_tools/mgktools/mgktools/kernels/base.py:225: UserWarning: The distribution is specified by [0.1, 30] and step=1, but the range is not divisible by `step`. It will be replaced with [0.1, 29.1].
  self.unique_name: trial.suggest_float(
[I 2026-04-21 14:34:01,302] Trial 14 finished with value: 0.4877803913453924 and parameters: {'0:atom_AtomicNumber:kDelta': 0.95, '0:atom_AtomicNumber_list_1:kConv': 1.0, '0:atom_AtomicNumber_list_2:kConv': 0.75, '0:atom_AtomicNumber_list_3:kConv': 0.8, '0:atom_AtomicNumber_list_4:kConv': 0.85, '0:atom_MorganHash:kDelta': 0.75, '0:atom_Ring_count:kDelta': 0.85, '0:atom_RingSize_list:kConv': 0.75, '0:atom_Hcount:kDelta': 0.95, '0:atom_AtomicNumber_count_1:kDelta': 0.8, '0:atom_AtomicNumber_count_2:kDelta': 1.0, '0:atom_Chiral:kDelta': 0.75, '0:bond_Order:kDelta': 0.75, '0:bond_Stereo:kDelta': 0.95, '0:bond_RingStereo:kDelta': 1.0, '0:q:q': 0.08, '1:features_kernel:Matern32': 8.1, '2:features_kernel:Matern32': 19.1, '3:features_kernel:Matern32': 14.1, '4:features_kernel:Matern32': 29.1, '5:features_kernel:Matern32': 21.1, '6:features_kernel:Matern32': 29.1, '7:features_kernel:Matern32': 14.1, '8:features_kernel:Matern32': 0.1, '9:features_kernel:Matern32': 28.1, '10:features_kernel:Matern32': 24.1, '11:features_kernel:Matern32': 23.1, 'alpha': 0.024}. Best is trial 12 with value: 0.48742328895039855.
/gpfs_common/share03/ddomlab/sdehgha2/working_space/GP_collab/code_python/training/MGK_and_tools/mgktools/mgktools/kernels/base.py:225: UserWarning: The distribution is specified by [0.1, 30] and step=1, but the range is not divisible by `step`. It will be replaced with [0.1, 29.1].
  self.unique_name: trial.suggest_float(
[I 2026-04-21 14:34:05,023] Trial 15 finished with value: 0.49492924533903804 and parameters: {'0:atom_AtomicNumber:kDelta': 0.95, '0:atom_AtomicNumber_list_1:kConv': 0.95, '0:atom_AtomicNumber_list_2:kConv': 0.8, '0:atom_AtomicNumber_list_3:kConv': 0.8, '0:atom_AtomicNumber_list_4:kConv': 0.85, '0:atom_MorganHash:kDelta': 0.75, '0:atom_Ring_count:kDelta': 0.8, '0:atom_RingSize_list:kConv': 0.8, '0:atom_Hcount:kDelta': 0.9, '0:atom_AtomicNumber_count_1:kDelta': 0.8, '0:atom_AtomicNumber_count_2:kDelta': 0.95, '0:atom_Chiral:kDelta': 0.75, '0:bond_Order:kDelta': 0.8, '0:bond_Stereo:kDelta': 0.95, '0:bond_RingStereo:kDelta': 0.95, '0:q:q': 0.12, '1:features_kernel:Matern32': 7.1, '2:features_kernel:Matern32': 17.1, '3:features_kernel:Matern32': 9.1, '4:features_kernel:Matern32': 18.1, '5:features_kernel:Matern32': 18.1, '6:features_kernel:Matern32': 16.1, '7:features_kernel:Matern32': 16.1, '8:features_kernel:Matern32': 4.1, '9:features_kernel:Matern32': 24.1, '10:features_kernel:Matern32': 22.1, '11:features_kernel:Matern32': 24.1, 'alpha': 0.019000000000000003}. Best is trial 12 with value: 0.48742328895039855.
/gpfs_common/share03/ddomlab/sdehgha2/working_space/GP_collab/code_python/training/MGK_and_tools/mgktools/mgktools/kernels/base.py:225: UserWarning: The distribution is specified by [0.1, 30] and step=1, but the range is not divisible by `step`. It will be replaced with [0.1, 29.1].
  self.unique_name: trial.suggest_float(
[I 2026-04-21 14:34:08,813] Trial 16 finished with value: 0.4882985966940258 and parameters: {'0:atom_AtomicNumber:kDelta': 0.95, '0:atom_AtomicNumber_list_1:kConv': 1.0, '0:atom_AtomicNumber_list_2:kConv': 0.85, '0:atom_AtomicNumber_list_3:kConv': 0.8, '0:atom_AtomicNumber_list_4:kConv': 0.85, '0:atom_MorganHash:kDelta': 0.8, '0:atom_Ring_count:kDelta': 0.8, '0:atom_RingSize_list:kConv': 0.8, '0:atom_Hcount:kDelta': 0.95, '0:atom_AtomicNumber_count_1:kDelta': 0.8, '0:atom_AtomicNumber_count_2:kDelta': 0.95, '0:atom_Chiral:kDelta': 0.8, '0:bond_Order:kDelta': 0.75, '0:bond_Stereo:kDelta': 0.85, '0:bond_RingStereo:kDelta': 0.95, '0:q:q': 0.09999999999999999, '1:features_kernel:Matern32': 14.1, '2:features_kernel:Matern32': 26.1, '3:features_kernel:Matern32': 18.1, '4:features_kernel:Matern32': 24.1, '5:features_kernel:Matern32': 21.1, '6:features_kernel:Matern32': 29.1, '7:features_kernel:Matern32': 17.1, '8:features_kernel:Matern32': 4.1, '9:features_kernel:Matern32': 24.1, '10:features_kernel:Matern32': 22.1, '11:features_kernel:Matern32': 23.1, 'alpha': 0.025}. Best is trial 12 with value: 0.48742328895039855.
/gpfs_common/share03/ddomlab/sdehgha2/working_space/GP_collab/code_python/training/MGK_and_tools/mgktools/mgktools/kernels/base.py:225: UserWarning: The distribution is specified by [0.1, 30] and step=1, but the range is not divisible by `step`. It will be replaced with [0.1, 29.1].
  self.unique_name: trial.suggest_float(
[I 2026-04-21 14:34:12,277] Trial 17 finished with value: 0.4943791848509861 and parameters: {'0:atom_AtomicNumber:kDelta': 0.95, '0:atom_AtomicNumber_list_1:kConv': 0.95, '0:atom_AtomicNumber_list_2:kConv': 0.75, '0:atom_AtomicNumber_list_3:kConv': 0.8, '0:atom_AtomicNumber_list_4:kConv': 0.9, '0:atom_MorganHash:kDelta': 0.75, '0:atom_Ring_count:kDelta': 0.85, '0:atom_RingSize_list:kConv': 0.75, '0:atom_Hcount:kDelta': 0.75, '0:atom_AtomicNumber_count_1:kDelta': 0.8, '0:atom_AtomicNumber_count_2:kDelta': 1.0, '0:atom_Chiral:kDelta': 0.75, '0:bond_Order:kDelta': 0.85, '0:bond_Stereo:kDelta': 0.95, '0:bond_RingStereo:kDelta': 1.0, '0:q:q': 0.21000000000000002, '1:features_kernel:Matern32': 10.1, '2:features_kernel:Matern32': 18.1, '3:features_kernel:Matern32': 12.1, '4:features_kernel:Matern32': 29.1, '5:features_kernel:Matern32': 16.1, '6:features_kernel:Matern32': 11.1, '7:features_kernel:Matern32': 9.1, '8:features_kernel:Matern32': 4.1, '9:features_kernel:Matern32': 25.1, '10:features_kernel:Matern32': 9.1, '11:features_kernel:Matern32': 23.1, 'alpha': 0.002}. Best is trial 12 with value: 0.48742328895039855.
/gpfs_common/share03/ddomlab/sdehgha2/working_space/GP_collab/code_python/training/MGK_and_tools/mgktools/mgktools/kernels/base.py:225: UserWarning: The distribution is specified by [0.1, 30] and step=1, but the range is not divisible by `step`. It will be replaced with [0.1, 29.1].
  self.unique_name: trial.suggest_float(
[I 2026-04-21 14:34:15,950] Trial 18 finished with value: 0.4848924562263708 and parameters: {'0:atom_AtomicNumber:kDelta': 0.95, '0:atom_AtomicNumber_list_1:kConv': 0.75, '0:atom_AtomicNumber_list_2:kConv': 0.85, '0:atom_AtomicNumber_list_3:kConv': 0.85, '0:atom_AtomicNumber_list_4:kConv': 0.85, '0:atom_MorganHash:kDelta': 0.85, '0:atom_Ring_count:kDelta': 0.95, '0:atom_RingSize_list:kConv': 0.8, '0:atom_Hcount:kDelta': 0.85, '0:atom_AtomicNumber_count_1:kDelta': 0.8, '0:atom_AtomicNumber_count_2:kDelta': 0.95, '0:atom_Chiral:kDelta': 0.8, '0:bond_Order:kDelta': 0.8, '0:bond_Stereo:kDelta': 0.85, '0:bond_RingStereo:kDelta': 0.95, '0:q:q': 0.33, '1:features_kernel:Matern32': 5.1, '2:features_kernel:Matern32': 25.1, '3:features_kernel:Matern32': 20.1, '4:features_kernel:Matern32': 27.1, '5:features_kernel:Matern32': 24.1, '6:features_kernel:Matern32': 17.1, '7:features_kernel:Matern32': 0.1, '8:features_kernel:Matern32': 17.1, '9:features_kernel:Matern32': 26.1, '10:features_kernel:Matern32': 26.1, '11:features_kernel:Matern32': 29.1, 'alpha': 0.035}. Best is trial 18 with value: 0.4848924562263708.
/gpfs_common/share03/ddomlab/sdehgha2/working_space/GP_collab/code_python/training/MGK_and_tools/mgktools/mgktools/kernels/base.py:225: UserWarning: The distribution is specified by [0.1, 30] and step=1, but the range is not divisible by `step`. It will be replaced with [0.1, 29.1].
  self.unique_name: trial.suggest_float(
[I 2026-04-21 14:34:19,391] Trial 19 finished with value: 0.5732791256200318 and parameters: {'0:atom_AtomicNumber:kDelta': 0.9, '0:atom_AtomicNumber_list_1:kConv': 0.75, '0:atom_AtomicNumber_list_2:kConv': 0.85, '0:atom_AtomicNumber_list_3:kConv': 0.85, '0:atom_AtomicNumber_list_4:kConv': 0.8, '0:atom_MorganHash:kDelta': 0.85, '0:atom_Ring_count:kDelta': 1.0, '0:atom_RingSize_list:kConv': 0.8, '0:atom_Hcount:kDelta': 0.85, '0:atom_AtomicNumber_count_1:kDelta': 0.75, '0:atom_AtomicNumber_count_2:kDelta': 0.95, '0:atom_Chiral:kDelta': 0.8, '0:bond_Order:kDelta': 0.8, '0:bond_Stereo:kDelta': 0.85, '0:bond_RingStereo:kDelta': 0.95, '0:q:q': 0.32, '1:features_kernel:Matern32': 5.1, '2:features_kernel:Matern32': 25.1, '3:features_kernel:Matern32': 21.1, '4:features_kernel:Matern32': 25.1, '5:features_kernel:Matern32': 29.1, '6:features_kernel:Matern32': 8.1, '7:features_kernel:Matern32': 0.1, '8:features_kernel:Matern32': 17.1, '9:features_kernel:Matern32': 1.1, '10:features_kernel:Matern32': 26.1, '11:features_kernel:Matern32': 29.1, 'alpha': 0.037000000000000005}. Best is trial 18 with value: 0.4848924562263708.
/gpfs_common/share03/ddomlab/sdehgha2/working_space/GP_collab/code_python/training/MGK_and_tools/mgktools/mgktools/kernels/base.py:225: UserWarning: The distribution is specified by [0.1, 30] and step=1, but the range is not divisible by `step`. It will be replaced with [0.1, 29.1].
  self.unique_name: trial.suggest_float(
[I 2026-04-21 14:34:23,022] Trial 20 finished with value: 0.48920111014655293 and parameters: {'0:atom_AtomicNumber:kDelta': 0.95, '0:atom_AtomicNumber_list_1:kConv': 0.75, '0:atom_AtomicNumber_list_2:kConv': 0.85, '0:atom_AtomicNumber_list_3:kConv': 0.95, '0:atom_AtomicNumber_list_4:kConv': 1.0, '0:atom_MorganHash:kDelta': 0.85, '0:atom_Ring_count:kDelta': 0.95, '0:atom_RingSize_list:kConv': 0.85, '0:atom_Hcount:kDelta': 0.85, '0:atom_AtomicNumber_count_1:kDelta': 0.8, '0:atom_AtomicNumber_count_2:kDelta': 0.95, '0:atom_Chiral:kDelta': 0.8, '0:bond_Order:kDelta': 0.85, '0:bond_Stereo:kDelta': 0.8, '0:bond_RingStereo:kDelta': 0.95, '0:q:q': 0.42000000000000004, '1:features_kernel:Matern32': 12.1, '2:features_kernel:Matern32': 29.1, '3:features_kernel:Matern32': 21.1, '4:features_kernel:Matern32': 20.1, '5:features_kernel:Matern32': 24.1, '6:features_kernel:Matern32': 16.1, '7:features_kernel:Matern32': 0.1, '8:features_kernel:Matern32': 16.1, '9:features_kernel:Matern32': 22.1, '10:features_kernel:Matern32': 19.1, '11:features_kernel:Matern32': 26.1, 'alpha': 0.059000000000000004}. Best is trial 18 with value: 0.4848924562263708.
/gpfs_common/share03/ddomlab/sdehgha2/working_space/GP_collab/code_python/training/MGK_and_tools/mgktools/mgktools/kernels/base.py:225: UserWarning: The distribution is specified by [0.1, 30] and step=1, but the range is not divisible by `step`. It will be replaced with [0.1, 29.1].
  self.unique_name: trial.suggest_float(
[I 2026-04-21 14:34:26,689] Trial 21 finished with value: 0.507076314559097 and parameters: {'0:atom_AtomicNumber:kDelta': 0.8, '0:atom_AtomicNumber_list_1:kConv': 0.75, '0:atom_AtomicNumber_list_2:kConv': 0.8, '0:atom_AtomicNumber_list_3:kConv': 0.9, '0:atom_AtomicNumber_list_4:kConv': 0.9, '0:atom_MorganHash:kDelta': 0.8, '0:atom_Ring_count:kDelta': 0.95, '0:atom_RingSize_list:kConv': 0.8, '0:atom_Hcount:kDelta': 0.75, '0:atom_AtomicNumber_count_1:kDelta': 0.75, '0:atom_AtomicNumber_count_2:kDelta': 0.95, '0:atom_Chiral:kDelta': 0.85, '0:bond_Order:kDelta': 0.8, '0:bond_Stereo:kDelta': 0.8, '0:bond_RingStereo:kDelta': 0.9, '0:q:q': 0.29000000000000004, '1:features_kernel:Matern32': 16.1, '2:features_kernel:Matern32': 24.1, '3:features_kernel:Matern32': 17.1, '4:features_kernel:Matern32': 16.1, '5:features_kernel:Matern32': 16.1, '6:features_kernel:Matern32': 7.1, '7:features_kernel:Matern32': 20.1, '8:features_kernel:Matern32': 28.1, '9:features_kernel:Matern32': 26.1, '10:features_kernel:Matern32': 12.1, '11:features_kernel:Matern32': 20.1, 'alpha': 0.076}. Best is trial 18 with value: 0.4848924562263708.
/gpfs_common/share03/ddomlab/sdehgha2/working_space/GP_collab/code_python/training/MGK_and_tools/mgktools/mgktools/kernels/base.py:225: UserWarning: The distribution is specified by [0.1, 30] and step=1, but the range is not divisible by `step`. It will be replaced with [0.1, 29.1].
  self.unique_name: trial.suggest_float(
[I 2026-04-21 14:34:30,280] Trial 22 finished with value: 0.4829597785126034 and parameters: {'0:atom_AtomicNumber:kDelta': 0.95, '0:atom_AtomicNumber_list_1:kConv': 0.95, '0:atom_AtomicNumber_list_2:kConv': 0.75, '0:atom_AtomicNumber_list_3:kConv': 0.8, '0:atom_AtomicNumber_list_4:kConv': 0.85, '0:atom_MorganHash:kDelta': 0.75, '0:atom_Ring_count:kDelta': 0.85, '0:atom_RingSize_list:kConv': 0.75, '0:atom_Hcount:kDelta': 0.9, '0:atom_AtomicNumber_count_1:kDelta': 0.8, '0:atom_AtomicNumber_count_2:kDelta': 1.0, '0:atom_Chiral:kDelta': 0.75, '0:bond_Order:kDelta': 0.75, '0:bond_Stereo:kDelta': 0.85, '0:bond_RingStereo:kDelta': 1.0, '0:q:q': 0.060000000000000005, '1:features_kernel:Matern32': 4.1, '2:features_kernel:Matern32': 21.1, '3:features_kernel:Matern32': 13.1, '4:features_kernel:Matern32': 27.1, '5:features_kernel:Matern32': 24.1, '6:features_kernel:Matern32': 18.1, '7:features_kernel:Matern32': 12.1, '8:features_kernel:Matern32': 2.1, '9:features_kernel:Matern32': 27.1, '10:features_kernel:Matern32': 25.1, '11:features_kernel:Matern32': 21.1, 'alpha': 0.018000000000000002}. Best is trial 22 with value: 0.4829597785126034.
/gpfs_common/share03/ddomlab/sdehgha2/working_space/GP_collab/code_python/training/MGK_and_tools/mgktools/mgktools/kernels/base.py:225: UserWarning: The distribution is specified by [0.1, 30] and step=1, but the range is not divisible by `step`. It will be replaced with [0.1, 29.1].
  self.unique_name: trial.suggest_float(
[I 2026-04-21 14:34:33,901] Trial 23 finished with value: 0.4771237252753598 and parameters: {'0:atom_AtomicNumber:kDelta': 0.95, '0:atom_AtomicNumber_list_1:kConv': 0.95, '0:atom_AtomicNumber_list_2:kConv': 0.8, '0:atom_AtomicNumber_list_3:kConv': 0.85, '0:atom_AtomicNumber_list_4:kConv': 0.85, '0:atom_MorganHash:kDelta': 0.8, '0:atom_Ring_count:kDelta': 0.8, '0:atom_RingSize_list:kConv': 0.75, '0:atom_Hcount:kDelta': 0.9, '0:atom_AtomicNumber_count_1:kDelta': 0.8, '0:atom_AtomicNumber_count_2:kDelta': 1.0, '0:atom_Chiral:kDelta': 0.75, '0:bond_Order:kDelta': 0.75, '0:bond_Stereo:kDelta': 0.85, '0:bond_RingStereo:kDelta': 1.0, '0:q:q': 0.39, '1:features_kernel:Matern32': 5.1, '2:features_kernel:Matern32': 22.1, '3:features_kernel:Matern32': 13.1, '4:features_kernel:Matern32': 26.1, '5:features_kernel:Matern32': 29.1, '6:features_kernel:Matern32': 18.1, '7:features_kernel:Matern32': 9.1, '8:features_kernel:Matern32': 3.1, '9:features_kernel:Matern32': 27.1, '10:features_kernel:Matern32': 27.1, '11:features_kernel:Matern32': 14.1, 'alpha': 0.010000000000000002}. Best is trial 23 with value: 0.4771237252753598.
/gpfs_common/share03/ddomlab/sdehgha2/working_space/GP_collab/code_python/training/MGK_and_tools/mgktools/mgktools/kernels/base.py:225: UserWarning: The distribution is specified by [0.1, 30] and step=1, but the range is not divisible by `step`. It will be replaced with [0.1, 29.1].
  self.unique_name: trial.suggest_float(
[I 2026-04-21 14:34:37,523] Trial 24 finished with value: 0.4794029511186689 and parameters: {'0:atom_AtomicNumber:kDelta': 1.0, '0:atom_AtomicNumber_list_1:kConv': 0.95, '0:atom_AtomicNumber_list_2:kConv': 0.8, '0:atom_AtomicNumber_list_3:kConv': 0.85, '0:atom_AtomicNumber_list_4:kConv': 0.85, '0:atom_MorganHash:kDelta': 0.85, '0:atom_Ring_count:kDelta': 0.8, '0:atom_RingSize_list:kConv': 0.75, '0:atom_Hcount:kDelta': 0.9, '0:atom_AtomicNumber_count_1:kDelta': 0.85, '0:atom_AtomicNumber_count_2:kDelta': 1.0, '0:atom_Chiral:kDelta': 0.8, '0:bond_Order:kDelta': 0.75, '0:bond_Stereo:kDelta': 0.85, '0:bond_RingStereo:kDelta': 0.95, '0:q:q': 0.37, '1:features_kernel:Matern32': 0.1, '2:features_kernel:Matern32': 23.1, '3:features_kernel:Matern32': 6.1, '4:features_kernel:Matern32': 22.1, '5:features_kernel:Matern32': 28.1, '6:features_kernel:Matern32': 18.1, '7:features_kernel:Matern32': 9.1, '8:features_kernel:Matern32': 13.1, '9:features_kernel:Matern32': 21.1, '10:features_kernel:Matern32': 20.1, '11:features_kernel:Matern32': 13.1, 'alpha': 0.012}. Best is trial 23 with value: 0.4771237252753598.
/gpfs_common/share03/ddomlab/sdehgha2/working_space/GP_collab/code_python/training/MGK_and_tools/mgktools/mgktools/kernels/base.py:225: UserWarning: The distribution is specified by [0.1, 30] and step=1, but the range is not divisible by `step`. It will be replaced with [0.1, 29.1].
  self.unique_name: trial.suggest_float(
[I 2026-04-21 14:34:40,978] Trial 25 finished with value: 0.4800058490939385 and parameters: {'0:atom_AtomicNumber:kDelta': 1.0, '0:atom_AtomicNumber_list_1:kConv': 0.95, '0:atom_AtomicNumber_list_2:kConv': 0.8, '0:atom_AtomicNumber_list_3:kConv': 0.8, '0:atom_AtomicNumber_list_4:kConv': 0.8, '0:atom_MorganHash:kDelta': 0.8, '0:atom_Ring_count:kDelta': 0.8, '0:atom_RingSize_list:kConv': 0.75, '0:atom_Hcount:kDelta': 0.9, '0:atom_AtomicNumber_count_1:kDelta': 0.85, '0:atom_AtomicNumber_count_2:kDelta': 1.0, '0:atom_Chiral:kDelta': 0.75, '0:bond_Order:kDelta': 0.75, '0:bond_Stereo:kDelta': 0.85, '0:bond_RingStereo:kDelta': 1.0, '0:q:q': 0.42000000000000004, '1:features_kernel:Matern32': 0.1, '2:features_kernel:Matern32': 16.1, '3:features_kernel:Matern32': 6.1, '4:features_kernel:Matern32': 22.1, '5:features_kernel:Matern32': 28.1, '6:features_kernel:Matern32': 19.1, '7:features_kernel:Matern32': 9.1, '8:features_kernel:Matern32': 6.1, '9:features_kernel:Matern32': 21.1, '10:features_kernel:Matern32': 19.1, '11:features_kernel:Matern32': 12.1, 'alpha': 0.015}. Best is trial 23 with value: 0.4771237252753598.
/gpfs_common/share03/ddomlab/sdehgha2/working_space/GP_collab/code_python/training/MGK_and_tools/mgktools/mgktools/kernels/base.py:225: UserWarning: The distribution is specified by [0.1, 30] and step=1, but the range is not divisible by `step`. It will be replaced with [0.1, 29.1].
  self.unique_name: trial.suggest_float(
[I 2026-04-21 14:34:44,575] Trial 26 finished with value: 0.47941971173103426 and parameters: {'0:atom_AtomicNumber:kDelta': 1.0, '0:atom_AtomicNumber_list_1:kConv': 0.95, '0:atom_AtomicNumber_list_2:kConv': 0.8, '0:atom_AtomicNumber_list_3:kConv': 0.75, '0:atom_AtomicNumber_list_4:kConv': 0.8, '0:atom_MorganHash:kDelta': 0.9, '0:atom_Ring_count:kDelta': 0.8, '0:atom_RingSize_list:kConv': 0.75, '0:atom_Hcount:kDelta': 0.9, '0:atom_AtomicNumber_count_1:kDelta': 0.85, '0:atom_AtomicNumber_count_2:kDelta': 1.0, '0:atom_Chiral:kDelta': 0.8, '0:bond_Order:kDelta': 0.75, '0:bond_Stereo:kDelta': 0.8, '0:bond_RingStereo:kDelta': 0.95, '0:q:q': 0.41000000000000003, '1:features_kernel:Matern32': 0.1, '2:features_kernel:Matern32': 15.1, '3:features_kernel:Matern32': 6.1, '4:features_kernel:Matern32': 21.1, '5:features_kernel:Matern32': 29.1, '6:features_kernel:Matern32': 12.1, '7:features_kernel:Matern32': 9.1, '8:features_kernel:Matern32': 7.1, '9:features_kernel:Matern32': 15.1, '10:features_kernel:Matern32': 18.1, '11:features_kernel:Matern32': 12.1, 'alpha': 0.010000000000000002}. Best is trial 23 with value: 0.4771237252753598.
/gpfs_common/share03/ddomlab/sdehgha2/working_space/GP_collab/code_python/training/MGK_and_tools/mgktools/mgktools/kernels/base.py:225: UserWarning: The distribution is specified by [0.1, 30] and step=1, but the range is not divisible by `step`. It will be replaced with [0.1, 29.1].
  self.unique_name: trial.suggest_float(
[I 2026-04-21 14:34:48,220] Trial 27 finished with value: 0.4797714724490634 and parameters: {'0:atom_AtomicNumber:kDelta': 1.0, '0:atom_AtomicNumber_list_1:kConv': 0.9, '0:atom_AtomicNumber_list_2:kConv': 0.8, '0:atom_AtomicNumber_list_3:kConv': 0.75, '0:atom_AtomicNumber_list_4:kConv': 0.8, '0:atom_MorganHash:kDelta': 0.9, '0:atom_Ring_count:kDelta': 0.8, '0:atom_RingSize_list:kConv': 0.8, '0:atom_Hcount:kDelta': 0.9, '0:atom_AtomicNumber_count_1:kDelta': 0.9, '0:atom_AtomicNumber_count_2:kDelta': 0.95, '0:atom_Chiral:kDelta': 0.8, '0:bond_Order:kDelta': 0.8, '0:bond_Stereo:kDelta': 0.8, '0:bond_RingStereo:kDelta': 0.95, '0:q:q': 0.4, '1:features_kernel:Matern32': 0.1, '2:features_kernel:Matern32': 13.1, '3:features_kernel:Matern32': 5.1, '4:features_kernel:Matern32': 20.1, '5:features_kernel:Matern32': 29.1, '6:features_kernel:Matern32': 13.1, '7:features_kernel:Matern32': 9.1, '8:features_kernel:Matern32': 10.1, '9:features_kernel:Matern32': 15.1, '10:features_kernel:Matern32': 10.1, '11:features_kernel:Matern32': 13.1, 'alpha': 0.009000000000000001}. Best is trial 23 with value: 0.4771237252753598.
/gpfs_common/share03/ddomlab/sdehgha2/working_space/GP_collab/code_python/training/MGK_and_tools/mgktools/mgktools/kernels/base.py:225: UserWarning: The distribution is specified by [0.1, 30] and step=1, but the range is not divisible by `step`. It will be replaced with [0.1, 29.1].
  self.unique_name: trial.suggest_float(
[I 2026-04-21 14:34:51,603] Trial 28 finished with value: 0.4888964541321058 and parameters: {'0:atom_AtomicNumber:kDelta': 1.0, '0:atom_AtomicNumber_list_1:kConv': 0.95, '0:atom_AtomicNumber_list_2:kConv': 0.85, '0:atom_AtomicNumber_list_3:kConv': 0.75, '0:atom_AtomicNumber_list_4:kConv': 0.75, '0:atom_MorganHash:kDelta': 0.9, '0:atom_Ring_count:kDelta': 0.75, '0:atom_RingSize_list:kConv': 0.75, '0:atom_Hcount:kDelta': 0.85, '0:atom_AtomicNumber_count_1:kDelta': 0.85, '0:atom_AtomicNumber_count_2:kDelta': 1.0, '0:atom_Chiral:kDelta': 0.85, '0:bond_Order:kDelta': 0.75, '0:bond_Stereo:kDelta': 0.8, '0:bond_RingStereo:kDelta': 0.85, '0:q:q': 0.45, '1:features_kernel:Matern32': 2.1, '2:features_kernel:Matern32': 14.1, '3:features_kernel:Matern32': 11.1, '4:features_kernel:Matern32': 13.1, '5:features_kernel:Matern32': 26.1, '6:features_kernel:Matern32': 11.1, '7:features_kernel:Matern32': 7.1, '8:features_kernel:Matern32': 14.1, '9:features_kernel:Matern32': 13.1, '10:features_kernel:Matern32': 21.1, '11:features_kernel:Matern32': 11.1, 'alpha': 0.010000000000000002}. Best is trial 23 with value: 0.4771237252753598.
/gpfs_common/share03/ddomlab/sdehgha2/working_space/GP_collab/code_python/training/MGK_and_tools/mgktools/mgktools/kernels/base.py:225: UserWarning: The distribution is specified by [0.1, 30] and step=1, but the range is not divisible by `step`. It will be replaced with [0.1, 29.1].
  self.unique_name: trial.suggest_float(
[I 2026-04-21 14:34:55,241] Trial 29 finished with value: 0.47981275893788367 and parameters: {'0:atom_AtomicNumber:kDelta': 1.0, '0:atom_AtomicNumber_list_1:kConv': 0.9, '0:atom_AtomicNumber_list_2:kConv': 0.8, '0:atom_AtomicNumber_list_3:kConv': 0.85, '0:atom_AtomicNumber_list_4:kConv': 0.8, '0:atom_MorganHash:kDelta': 0.85, '0:atom_Ring_count:kDelta': 0.8, '0:atom_RingSize_list:kConv': 0.85, '0:atom_Hcount:kDelta': 0.9, '0:atom_AtomicNumber_count_1:kDelta': 0.9, '0:atom_AtomicNumber_count_2:kDelta': 0.9, '0:atom_Chiral:kDelta': 0.9, '0:bond_Order:kDelta': 0.85, '0:bond_Stereo:kDelta': 0.75, '0:bond_RingStereo:kDelta': 0.9, '0:q:q': 0.37, '1:features_kernel:Matern32': 5.1, '2:features_kernel:Matern32': 27.1, '3:features_kernel:Matern32': 5.1, '4:features_kernel:Matern32': 22.1, '5:features_kernel:Matern32': 27.1, '6:features_kernel:Matern32': 9.1, '7:features_kernel:Matern32': 4.1, '8:features_kernel:Matern32': 9.1, '9:features_kernel:Matern32': 15.1, '10:features_kernel:Matern32': 18.1, '11:features_kernel:Matern32': 15.1, 'alpha': 0.002}. Best is trial 23 with value: 0.4771237252753598.
/gpfs_common/share03/ddomlab/sdehgha2/working_space/GP_collab/code_python/training/MGK_and_tools/mgktools/mgktools/kernels/base.py:225: UserWarning: The distribution is specified by [0.1, 30] and step=1, but the range is not divisible by `step`. It will be replaced with [0.1, 29.1].
  self.unique_name: trial.suggest_float(
[I 2026-04-21 14:34:58,686] Trial 30 finished with value: 0.4921081680304262 and parameters: {'0:atom_AtomicNumber:kDelta': 1.0, '0:atom_AtomicNumber_list_1:kConv': 0.95, '0:atom_AtomicNumber_list_2:kConv': 0.9, '0:atom_AtomicNumber_list_3:kConv': 0.75, '0:atom_AtomicNumber_list_4:kConv': 0.75, '0:atom_MorganHash:kDelta': 0.9, '0:atom_Ring_count:kDelta': 0.75, '0:atom_RingSize_list:kConv': 0.75, '0:atom_Hcount:kDelta': 0.85, '0:atom_AtomicNumber_count_1:kDelta': 0.9, '0:atom_AtomicNumber_count_2:kDelta': 0.85, '0:atom_Chiral:kDelta': 0.8, '0:bond_Order:kDelta': 0.75, '0:bond_Stereo:kDelta': 0.9, '0:bond_RingStereo:kDelta': 0.95, '0:q:q': 0.48000000000000004, '1:features_kernel:Matern32': 0.1, '2:features_kernel:Matern32': 11.1, '3:features_kernel:Matern32': 7.1, '4:features_kernel:Matern32': 24.1, '5:features_kernel:Matern32': 21.1, '6:features_kernel:Matern32': 22.1, '7:features_kernel:Matern32': 8.1, '8:features_kernel:Matern32': 6.1, '9:features_kernel:Matern32': 21.1, '10:features_kernel:Matern32': 6.1, '11:features_kernel:Matern32': 10.1, 'alpha': 0.030000000000000002}. Best is trial 23 with value: 0.4771237252753598.
/gpfs_common/share03/ddomlab/sdehgha2/working_space/GP_collab/code_python/training/MGK_and_tools/mgktools/mgktools/kernels/base.py:225: UserWarning: The distribution is specified by [0.1, 30] and step=1, but the range is not divisible by `step`. It will be replaced with [0.1, 29.1].
  self.unique_name: trial.suggest_float(
[I 2026-04-21 14:35:02,429] Trial 31 finished with value: 0.47989572023240257 and parameters: {'0:atom_AtomicNumber:kDelta': 1.0, '0:atom_AtomicNumber_list_1:kConv': 0.9, '0:atom_AtomicNumber_list_2:kConv': 0.8, '0:atom_AtomicNumber_list_3:kConv': 0.85, '0:atom_AtomicNumber_list_4:kConv': 0.85, '0:atom_MorganHash:kDelta': 0.85, '0:atom_Ring_count:kDelta': 0.8, '0:atom_RingSize_list:kConv': 0.8, '0:atom_Hcount:kDelta': 0.85, '0:atom_AtomicNumber_count_1:kDelta': 0.85, '0:atom_AtomicNumber_count_2:kDelta': 1.0, '0:atom_Chiral:kDelta': 0.95, '0:bond_Order:kDelta': 0.8, '0:bond_Stereo:kDelta': 0.9, '0:bond_RingStereo:kDelta': 0.9, '0:q:q': 0.27, '1:features_kernel:Matern32': 16.1, '2:features_kernel:Matern32': 22.1, '3:features_kernel:Matern32': 4.1, '4:features_kernel:Matern32': 18.1, '5:features_kernel:Matern32': 29.1, '6:features_kernel:Matern32': 14.1, '7:features_kernel:Matern32': 11.1, '8:features_kernel:Matern32': 12.1, '9:features_kernel:Matern32': 23.1, '10:features_kernel:Matern32': 21.1, '11:features_kernel:Matern32': 14.1, 'alpha': 0.014000000000000002}. Best is trial 23 with value: 0.4771237252753598.
/gpfs_common/share03/ddomlab/sdehgha2/working_space/GP_collab/code_python/training/MGK_and_tools/mgktools/mgktools/kernels/base.py:225: UserWarning: The distribution is specified by [0.1, 30] and step=1, but the range is not divisible by `step`. It will be replaced with [0.1, 29.1].
  self.unique_name: trial.suggest_float(
[I 2026-04-21 14:35:06,084] Trial 32 finished with value: 0.47935539524045323 and parameters: {'0:atom_AtomicNumber:kDelta': 1.0, '0:atom_AtomicNumber_list_1:kConv': 0.9, '0:atom_AtomicNumber_list_2:kConv': 0.8, '0:atom_AtomicNumber_list_3:kConv': 0.75, '0:atom_AtomicNumber_list_4:kConv': 0.8, '0:atom_MorganHash:kDelta': 0.9, '0:atom_Ring_count:kDelta': 0.8, '0:atom_RingSize_list:kConv': 0.8, '0:atom_Hcount:kDelta': 0.9, '0:atom_AtomicNumber_count_1:kDelta': 0.95, '0:atom_AtomicNumber_count_2:kDelta': 0.95, '0:atom_Chiral:kDelta': 0.8, '0:bond_Order:kDelta': 0.8, '0:bond_Stereo:kDelta': 0.8, '0:bond_RingStereo:kDelta': 0.95, '0:q:q': 0.4, '1:features_kernel:Matern32': 0.1, '2:features_kernel:Matern32': 13.1, '3:features_kernel:Matern32': 7.1, '4:features_kernel:Matern32': 20.1, '5:features_kernel:Matern32': 29.1, '6:features_kernel:Matern32': 12.1, '7:features_kernel:Matern32': 10.1, '8:features_kernel:Matern32': 10.1, '9:features_kernel:Matern32': 16.1, '10:features_kernel:Matern32': 11.1, '11:features_kernel:Matern32': 13.1, 'alpha': 0.007}. Best is trial 23 with value: 0.4771237252753598.
/gpfs_common/share03/ddomlab/sdehgha2/working_space/GP_collab/code_python/training/MGK_and_tools/mgktools/mgktools/kernels/base.py:225: UserWarning: The distribution is specified by [0.1, 30] and step=1, but the range is not divisible by `step`. It will be replaced with [0.1, 29.1].
  self.unique_name: trial.suggest_float(
[I 2026-04-21 14:35:09,484] Trial 33 finished with value: 0.48175906953817094 and parameters: {'0:atom_AtomicNumber:kDelta': 1.0, '0:atom_AtomicNumber_list_1:kConv': 0.95, '0:atom_AtomicNumber_list_2:kConv': 0.85, '0:atom_AtomicNumber_list_3:kConv': 0.75, '0:atom_AtomicNumber_list_4:kConv': 0.8, '0:atom_MorganHash:kDelta': 0.9, '0:atom_Ring_count:kDelta': 0.8, '0:atom_RingSize_list:kConv': 0.75, '0:atom_Hcount:kDelta': 0.9, '0:atom_AtomicNumber_count_1:kDelta': 0.95, '0:atom_AtomicNumber_count_2:kDelta': 0.95, '0:atom_Chiral:kDelta': 0.8, '0:bond_Order:kDelta': 0.75, '0:bond_Stereo:kDelta': 0.8, '0:bond_RingStereo:kDelta': 0.95, '0:q:q': 0.46, '1:features_kernel:Matern32': 3.1, '2:features_kernel:Matern32': 9.1, '3:features_kernel:Matern32': 7.1, '4:features_kernel:Matern32': 25.1, '5:features_kernel:Matern32': 26.1, '6:features_kernel:Matern32': 11.1, '7:features_kernel:Matern32': 3.1, '8:features_kernel:Matern32': 14.1, '9:features_kernel:Matern32': 11.1, '10:features_kernel:Matern32': 13.1, '11:features_kernel:Matern32': 16.1, 'alpha': 0.002}. Best is trial 23 with value: 0.4771237252753598.
/gpfs_common/share03/ddomlab/sdehgha2/working_space/GP_collab/code_python/training/MGK_and_tools/mgktools/mgktools/kernels/base.py:225: UserWarning: The distribution is specified by [0.1, 30] and step=1, but the range is not divisible by `step`. It will be replaced with [0.1, 29.1].
  self.unique_name: trial.suggest_float(
[I 2026-04-21 14:35:13,202] Trial 34 finished with value: 0.482763417386582 and parameters: {'0:atom_AtomicNumber:kDelta': 0.95, '0:atom_AtomicNumber_list_1:kConv': 0.9, '0:atom_AtomicNumber_list_2:kConv': 0.8, '0:atom_AtomicNumber_list_3:kConv': 0.75, '0:atom_AtomicNumber_list_4:kConv': 0.8, '0:atom_MorganHash:kDelta': 0.95, '0:atom_Ring_count:kDelta': 0.75, '0:atom_RingSize_list:kConv': 0.8, '0:atom_Hcount:kDelta': 0.9, '0:atom_AtomicNumber_count_1:kDelta': 0.85, '0:atom_AtomicNumber_count_2:kDelta': 1.0, '0:atom_Chiral:kDelta': 0.85, '0:bond_Order:kDelta': 0.75, '0:bond_Stereo:kDelta': 0.85, '0:bond_RingStereo:kDelta': 0.95, '0:q:q': 0.38, '1:features_kernel:Matern32': 2.1, '2:features_kernel:Matern32': 11.1, '3:features_kernel:Matern32': 29.1, '4:features_kernel:Matern32': 18.1, '5:features_kernel:Matern32': 29.1, '6:features_kernel:Matern32': 20.1, '7:features_kernel:Matern32': 10.1, '8:features_kernel:Matern32': 8.1, '9:features_kernel:Matern32': 19.1, '10:features_kernel:Matern32': 15.1, '11:features_kernel:Matern32': 9.1, 'alpha': 0.021}. Best is trial 23 with value: 0.4771237252753598.
/gpfs_common/share03/ddomlab/sdehgha2/working_space/GP_collab/code_python/training/MGK_and_tools/mgktools/mgktools/kernels/base.py:225: UserWarning: The distribution is specified by [0.1, 30] and step=1, but the range is not divisible by `step`. It will be replaced with [0.1, 29.1].
  self.unique_name: trial.suggest_float(
[I 2026-04-21 14:35:16,683] Trial 35 finished with value: 0.4831432407412549 and parameters: {'0:atom_AtomicNumber:kDelta': 1.0, '0:atom_AtomicNumber_list_1:kConv': 0.95, '0:atom_AtomicNumber_list_2:kConv': 0.8, '0:atom_AtomicNumber_list_3:kConv': 0.8, '0:atom_AtomicNumber_list_4:kConv': 0.75, '0:atom_MorganHash:kDelta': 0.9, '0:atom_Ring_count:kDelta': 0.8, '0:atom_RingSize_list:kConv': 0.75, '0:atom_Hcount:kDelta': 0.95, '0:atom_AtomicNumber_count_1:kDelta': 0.9, '0:atom_AtomicNumber_count_2:kDelta': 1.0, '0:atom_Chiral:kDelta': 0.8, '0:bond_Order:kDelta': 0.8, '0:bond_Stereo:kDelta': 0.8, '0:bond_RingStereo:kDelta': 0.9, '0:q:q': 0.35000000000000003, '1:features_kernel:Matern32': 6.1, '2:features_kernel:Matern32': 4.1, '3:features_kernel:Matern32': 2.1, '4:features_kernel:Matern32': 23.1, '5:features_kernel:Matern32': 26.1, '6:features_kernel:Matern32': 16.1, '7:features_kernel:Matern32': 7.1, '8:features_kernel:Matern32': 3.1, '9:features_kernel:Matern32': 17.1, '10:features_kernel:Matern32': 10.1, '11:features_kernel:Matern32': 13.1, 'alpha': 0.011}. Best is trial 23 with value: 0.4771237252753598.
/gpfs_common/share03/ddomlab/sdehgha2/working_space/GP_collab/code_python/training/MGK_and_tools/mgktools/mgktools/kernels/base.py:225: UserWarning: The distribution is specified by [0.1, 30] and step=1, but the range is not divisible by `step`. It will be replaced with [0.1, 29.1].
  self.unique_name: trial.suggest_float(
[I 2026-04-21 14:35:20,267] Trial 36 finished with value: 0.4802384632326467 and parameters: {'0:atom_AtomicNumber:kDelta': 1.0, '0:atom_AtomicNumber_list_1:kConv': 0.85, '0:atom_AtomicNumber_list_2:kConv': 0.85, '0:atom_AtomicNumber_list_3:kConv': 0.75, '0:atom_AtomicNumber_list_4:kConv': 0.85, '0:atom_MorganHash:kDelta': 0.9, '0:atom_Ring_count:kDelta': 0.75, '0:atom_RingSize_list:kConv': 0.8, '0:atom_Hcount:kDelta': 0.9, '0:atom_AtomicNumber_count_1:kDelta': 0.85, '0:atom_AtomicNumber_count_2:kDelta': 0.95, '0:atom_Chiral:kDelta': 0.85, '0:bond_Order:kDelta': 0.95, '0:bond_Stereo:kDelta': 0.75, '0:bond_RingStereo:kDelta': 0.8, '0:q:q': 0.44, '1:features_kernel:Matern32': 0.1, '2:features_kernel:Matern32': 18.1, '3:features_kernel:Matern32': 9.1, '4:features_kernel:Matern32': 20.1, '5:features_kernel:Matern32': 27.1, '6:features_kernel:Matern32': 6.1, '7:features_kernel:Matern32': 3.1, '8:features_kernel:Matern32': 11.1, '9:features_kernel:Matern32': 20.1, '10:features_kernel:Matern32': 16.1, '11:features_kernel:Matern32': 18.1, 'alpha': 0.007}. Best is trial 23 with value: 0.4771237252753598.
/gpfs_common/share03/ddomlab/sdehgha2/working_space/GP_collab/code_python/training/MGK_and_tools/mgktools/mgktools/kernels/base.py:225: UserWarning: The distribution is specified by [0.1, 30] and step=1, but the range is not divisible by `step`. It will be replaced with [0.1, 29.1].
  self.unique_name: trial.suggest_float(
[I 2026-04-21 14:35:23,669] Trial 37 finished with value: 0.4933287768869274 and parameters: {'0:atom_AtomicNumber:kDelta': 0.95, '0:atom_AtomicNumber_list_1:kConv': 0.8, '0:atom_AtomicNumber_list_2:kConv': 0.75, '0:atom_AtomicNumber_list_3:kConv': 0.8, '0:atom_AtomicNumber_list_4:kConv': 0.8, '0:atom_MorganHash:kDelta': 0.85, '0:atom_Ring_count:kDelta': 0.85, '0:atom_RingSize_list:kConv': 1.0, '0:atom_Hcount:kDelta': 0.85, '0:atom_AtomicNumber_count_1:kDelta': 0.95, '0:atom_AtomicNumber_count_2:kDelta': 1.0, '0:atom_Chiral:kDelta': 1.0, '0:bond_Order:kDelta': 0.75, '0:bond_Stereo:kDelta': 0.85, '0:bond_RingStereo:kDelta': 0.85, '0:q:q': 0.5, '1:features_kernel:Matern32': 3.1, '2:features_kernel:Matern32': 15.1, '3:features_kernel:Matern32': 2.1, '4:features_kernel:Matern32': 14.1, '5:features_kernel:Matern32': 22.1, '6:features_kernel:Matern32': 14.1, '7:features_kernel:Matern32': 18.1, '8:features_kernel:Matern32': 6.1, '9:features_kernel:Matern32': 16.1, '10:features_kernel:Matern32': 12.1, '11:features_kernel:Matern32': 10.1, 'alpha': 0.016}. Best is trial 23 with value: 0.4771237252753598.
/gpfs_common/share03/ddomlab/sdehgha2/working_space/GP_collab/code_python/training/MGK_and_tools/mgktools/mgktools/kernels/base.py:225: UserWarning: The distribution is specified by [0.1, 30] and step=1, but the range is not divisible by `step`. It will be replaced with [0.1, 29.1].
  self.unique_name: trial.suggest_float(
[I 2026-04-21 14:35:27,297] Trial 38 finished with value: 0.5094654607875901 and parameters: {'0:atom_AtomicNumber:kDelta': 1.0, '0:atom_AtomicNumber_list_1:kConv': 0.9, '0:atom_AtomicNumber_list_2:kConv': 0.8, '0:atom_AtomicNumber_list_3:kConv': 0.85, '0:atom_AtomicNumber_list_4:kConv': 0.75, '0:atom_MorganHash:kDelta': 1.0, '0:atom_Ring_count:kDelta': 0.8, '0:atom_RingSize_list:kConv': 0.75, '0:atom_Hcount:kDelta': 1.0, '0:atom_AtomicNumber_count_1:kDelta': 0.85, '0:atom_AtomicNumber_count_2:kDelta': 0.95, '0:atom_Chiral:kDelta': 0.8, '0:bond_Order:kDelta': 0.8, '0:bond_Stereo:kDelta': 0.8, '0:bond_RingStereo:kDelta': 1.0, '0:q:q': 0.4, '1:features_kernel:Matern32': 2.1, '2:features_kernel:Matern32': 9.1, '3:features_kernel:Matern32': 11.1, '4:features_kernel:Matern32': 17.1, '5:features_kernel:Matern32': 13.1, '6:features_kernel:Matern32': 21.1, '7:features_kernel:Matern32': 5.1, '8:features_kernel:Matern32': 7.1, '9:features_kernel:Matern32': 10.1, '10:features_kernel:Matern32': 4.1, '11:features_kernel:Matern32': 16.1, 'alpha': 0.006}. Best is trial 23 with value: 0.4771237252753598.
/gpfs_common/share03/ddomlab/sdehgha2/working_space/GP_collab/code_python/training/MGK_and_tools/mgktools/mgktools/kernels/base.py:225: UserWarning: The distribution is specified by [0.1, 30] and step=1, but the range is not divisible by `step`. It will be replaced with [0.1, 29.1].
  self.unique_name: trial.suggest_float(
[I 2026-04-21 14:35:30,951] Trial 39 finished with value: 0.4963491538150908 and parameters: {'0:atom_AtomicNumber:kDelta': 0.95, '0:atom_AtomicNumber_list_1:kConv': 0.95, '0:atom_AtomicNumber_list_2:kConv': 0.9, '0:atom_AtomicNumber_list_3:kConv': 0.95, '0:atom_AtomicNumber_list_4:kConv': 0.85, '0:atom_MorganHash:kDelta': 0.95, '0:atom_Ring_count:kDelta': 0.75, '0:atom_RingSize_list:kConv': 0.85, '0:atom_Hcount:kDelta': 0.9, '0:atom_AtomicNumber_count_1:kDelta': 0.95, '0:atom_AtomicNumber_count_2:kDelta': 0.9, '0:atom_Chiral:kDelta': 0.75, '0:bond_Order:kDelta': 0.85, '0:bond_Stereo:kDelta': 0.9, '0:bond_RingStereo:kDelta': 0.95, '0:q:q': 0.34, '1:features_kernel:Matern32': 11.1, '2:features_kernel:Matern32': 6.1, '3:features_kernel:Matern32': 7.1, '4:features_kernel:Matern32': 26.1, '5:features_kernel:Matern32': 25.1, '6:features_kernel:Matern32': 18.1, '7:features_kernel:Matern32': 15.1, '8:features_kernel:Matern32': 19.1, '9:features_kernel:Matern32': 13.1, '10:features_kernel:Matern32': 7.1, '11:features_kernel:Matern32': 5.1, 'alpha': 0.031}. Best is trial 23 with value: 0.4771237252753598.
/gpfs_common/share03/ddomlab/sdehgha2/working_space/GP_collab/code_python/training/MGK_and_tools/mgktools/mgktools/kernels/base.py:225: UserWarning: The distribution is specified by [0.1, 30] and step=1, but the range is not divisible by `step`. It will be replaced with [0.1, 29.1].
  self.unique_name: trial.suggest_float(
[I 2026-04-21 14:35:34,430] Trial 40 finished with value: 0.4838762654372138 and parameters: {'0:atom_AtomicNumber:kDelta': 0.85, '0:atom_AtomicNumber_list_1:kConv': 1.0, '0:atom_AtomicNumber_list_2:kConv': 0.85, '0:atom_AtomicNumber_list_3:kConv': 0.75, '0:atom_AtomicNumber_list_4:kConv': 0.9, '0:atom_MorganHash:kDelta': 0.9, '0:atom_Ring_count:kDelta': 0.8, '0:atom_RingSize_list:kConv': 0.85, '0:atom_Hcount:kDelta': 0.8, '0:atom_AtomicNumber_count_1:kDelta': 1.0, '0:atom_AtomicNumber_count_2:kDelta': 1.0, '0:atom_Chiral:kDelta': 0.85, '0:bond_Order:kDelta': 0.75, '0:bond_Stereo:kDelta': 0.75, '0:bond_RingStereo:kDelta': 0.9, '0:q:q': 0.3, '1:features_kernel:Matern32': 4.1, '2:features_kernel:Matern32': 13.1, '3:features_kernel:Matern32': 1.1, '4:features_kernel:Matern32': 21.1, '5:features_kernel:Matern32': 28.1, '6:features_kernel:Matern32': 0.1, '7:features_kernel:Matern32': 13.1, '8:features_kernel:Matern32': 9.1, '9:features_kernel:Matern32': 18.1, '10:features_kernel:Matern32': 19.1, '11:features_kernel:Matern32': 8.1, 'alpha': 0.026000000000000002}. Best is trial 23 with value: 0.4771237252753598.
/gpfs_common/share03/ddomlab/sdehgha2/working_space/GP_collab/code_python/training/MGK_and_tools/mgktools/mgktools/kernels/base.py:225: UserWarning: The distribution is specified by [0.1, 30] and step=1, but the range is not divisible by `step`. It will be replaced with [0.1, 29.1].
  self.unique_name: trial.suggest_float(
[I 2026-04-21 14:35:38,082] Trial 41 finished with value: 0.5261286750833811 and parameters: {'0:atom_AtomicNumber:kDelta': 1.0, '0:atom_AtomicNumber_list_1:kConv': 0.9, '0:atom_AtomicNumber_list_2:kConv': 0.75, '0:atom_AtomicNumber_list_3:kConv': 1.0, '0:atom_AtomicNumber_list_4:kConv': 0.8, '0:atom_MorganHash:kDelta': 0.95, '0:atom_Ring_count:kDelta': 0.9, '0:atom_RingSize_list:kConv': 0.95, '0:atom_Hcount:kDelta': 0.95, '0:atom_AtomicNumber_count_1:kDelta': 0.85, '0:atom_AtomicNumber_count_2:kDelta': 0.8, '0:atom_Chiral:kDelta': 0.9, '0:bond_Order:kDelta': 0.9, '0:bond_Stereo:kDelta': 0.8, '0:bond_RingStereo:kDelta': 0.8, '0:q:q': 0.39, '1:features_kernel:Matern32': 1.1, '2:features_kernel:Matern32': 23.1, '3:features_kernel:Matern32': 9.1, '4:features_kernel:Matern32': 23.1, '5:features_kernel:Matern32': 8.1, '6:features_kernel:Matern32': 24.1, '7:features_kernel:Matern32': 6.1, '8:features_kernel:Matern32': 13.1, '9:features_kernel:Matern32': 12.1, '10:features_kernel:Matern32': 23.1, '11:features_kernel:Matern32': 12.1, 'alpha': 0.014000000000000002}. Best is trial 23 with value: 0.4771237252753598.
Traceback (most recent call last):
  File "/gpfs_common/share03/ddomlab/sdehgha2/working_space/GP_collab/code_python/training/hpc_submit_training_GP/../train_structure_numerical.py", line 98, in <module>
    main_structural_numerical(
  File "/gpfs_common/share03/ddomlab/sdehgha2/working_space/GP_collab/code_python/training/hpc_submit_training_GP/../train_structure_numerical.py", line 49, in main_structural_numerical
    scores, predictions  =   train_regressor(
                             ^^^^^^^^^^^^^^^^
  File "/gpfs_common/share03/ddomlab/sdehgha2/working_space/GP_collab/code_python/training/training_utils_gp_special.py", line 93, in train_regressor
    scores, predictions = _prepare_data(
                          ^^^^^^^^^^^^^^
  File "/gpfs_common/share03/ddomlab/sdehgha2/working_space/GP_collab/code_python/training/training_utils_gp_special.py", line 194, in _prepare_data
    score,predication = run(
                        ^^^^
  File "/gpfs_common/share03/ddomlab/sdehgha2/working_space/GP_collab/code_python/training/training_utils_gp_special.py", line 298, in run
    model = optimized_models(regressor_type, graph_kernel_config=kernel_parameters, alpha=float(alpha))
                                                                                          ^^^^^^^^^^^^
TypeError: float() argument must be a string or a real number, not 'NoneType'
