
------------------------------------------------------------
Sender: LSF System <lsfadmin@gpu15>
Subject: Job 210759: <structure_numerical_20260829_GpyroHMC> in cluster <Hazel> Exited

Job <structure_numerical_20260829_GpyroHMC> was submitted from host <login02.hpc.ncsu.edu> by user <sdehgha2> in cluster <Hazel> at Sat Aug 29 22:37:16 2026
Job was executed on host(s) <gpu15>, in queue <short_gpu>, as user <sdehgha2> in cluster <Hazel> at Sat Aug 29 22:37:17 2026
</home/sdehgha2> was used as the home directory.
</share/ddomlab/sdehgha2/working_space/GP_collab/code_python/training/hpc_submit_training_GP> was used as the working directory.
Started at Sat Aug 29 22:37:17 2026
Terminated at Sun Aug 30 00:28:17 2026
Results reported at Sun Aug 30 00:28:17 2026

Your job looked like:

------------------------------------------------------------
# LSBATCH: User input


#BSUB -n 1
#BSUB -W 1:59
#BSUB -q short_gpu
#BSUB -gpu "num=1:mode=exclusive_process:mps=no"
#BSUB -R "rusage[mem=32GB]"
#BSUB -R "select[a10 || a30 || a100 || l40 || h100]"
#BSUB -J "structure_numerical_20260829_GpyroHMC"
#BSUB -o "/share/ddomlab/sdehgha2/working_space/GP_collab/results/HPC_history/hpc_20260829/Machine Learning-Enabled Prediction and High-Throughput Screening of Polymer Membranes for Pervaporation Separation/GpyroHMC_RBF_Matern32_sum_GPU.out"
#BSUB -e "/share/ddomlab/sdehgha2/working_space/GP_collab/results/HPC_history/hpc_20260829/Machine Learning-Enabled Prediction and High-Throughput Screening of Polymer Membranes for Pervaporation Separation/GpyroHMC_RBF_Matern32_sum_GPU.err"

source ~/.bashrc
module load cuda/12.1
module load gcc/9.3.0
conda activate /usr/local/usrapps/ddomlab/sdehgha2/env12

python ../train_structure_numerical.py  --K_fp RBF                                         --K_count Matern32                                         --Kernel_mixing_method "sum"                                         --paper "Machine Learning-Enabled Prediction and High-Throughput Screening of Polymer Membranes for Pervaporation Separation"                                         --dataset "cleaned_dataset_pervaporation_membranes_wang"                                         --regressor_type "GpyroHMC" 


------------------------------------------------------------

TERM_RUNLIMIT: job killed after reaching LSF run time limit.
Exited with exit code 140.

Resource usage summary:

    CPU time :                                   6404.00 sec.
    Max Memory :                                 1 GB
    Average Memory :                             0.93 GB
    Total Requested Memory :                     32.00 GB
    Delta Memory :                               31.00 GB
    Max Swap :                                   -
    Max Processes :                              4
    Max Threads :                                8
    Run time :                                   7200 sec.
    Turnaround time :                            6661 sec.

The output (if any) is above this job summary.



PS:

Read file </share/ddomlab/sdehgha2/working_space/GP_collab/results/HPC_history/hpc_20260829/Machine Learning-Enabled Prediction and High-Throughput Screening of Polymer Membranes for Pervaporation Separation/GpyroHMC_RBF_Matern32_sum_GPU.err> for stderr output of this job.

