
------------------------------------------------------------
Sender: LSF System <lsfadmin@c200n04>
Subject: Job 969909: <structure_numerical_20260115> in cluster <Hazel> Exited

Job <structure_numerical_20260115> was submitted from host <c207n06> by user <sdehgha2> in cluster <Hazel> at Thu Jan 15 09:54:33 2026
Job was executed on host(s) <6*c200n04>, in queue <single_chassis>, as user <sdehgha2> in cluster <Hazel> at Thu Jan 15 09:54:44 2026
</tmp/.lsbtmp404534> was used as the home directory.
</share/ddomlab/sdehgha2/working-space/main/_colab_GP/GP_collab> was used as the working directory.
Started at Thu Jan 15 09:54:44 2026
Terminated at Thu Jan 15 09:54:45 2026
Results reported at Thu Jan 15 09:54:45 2026

Your job looked like:

------------------------------------------------------------
# LSBATCH: User input



#BSUB -n 6
#BSUB -W 12:00
#BSUB -R span[hosts=1]
#BSUB -R "rusage[mem=32GB]"
#BSUB -J "structure_numerical_20260115"
#BSUB -o "/share/ddomlab/sdehgha2/working-space/main/_colab_GP/GP_collab/results/HPC_history/hpc_20260115/Machine Learning for Polymer Design to Enhance Pervaporation-Based Organic Recovery/GPytorchMAP_Matern52_Matern52_averageProduct.out"
#BSUB -e "/share/ddomlab/sdehgha2/working-space/main/_colab_GP/GP_collab/results/HPC_history/hpc_20260115/Machine Learning for Polymer Design to Enhance Pervaporation-Based Organic Recovery/GPytorchMAP_Matern52_Matern52_averageProduct.err"

source ~/.bashrc
conda activate /usr/local/usrapps/ddomlab/sdehgha2/torch_cpu
python ../train_structure_numerical.py --K_fp Matern52                                         --K_count Matern52                                         --Kernel_mixing_method averageProduct                                         --paper "Machine Learning for Polymer Design to Enhance Pervaporation-Based Organic Recovery"                                         --dataset "separation_data_imputed" 

------------------------------------------------------------

Exited with exit code 2.

Resource usage summary:

    CPU time :                                   0.64 sec.
    Max Memory :                                 -
    Average Memory :                             -
    Total Requested Memory :                     32.00 GB
    Delta Memory :                               -
    Max Swap :                                   -
    Max Processes :                              -
    Max Threads :                                -
    Run time :                                   2 sec.
    Turnaround time :                            12 sec.

The output (if any) is above this job summary.



PS:

Read file </share/ddomlab/sdehgha2/working-space/main/_colab_GP/GP_collab/results/HPC_history/hpc_20260115/Machine Learning for Polymer Design to Enhance Pervaporation-Based Organic Recovery/GPytorchMAP_Matern52_Matern52_averageProduct.err> for stderr output of this job.

Running seed: 6
No hyperparameter optimization
Running seed: 13
No hyperparameter optimization
Running seed: 42
No hyperparameter optimization
Average scores:	 rmse: 0.36±0.02	 r2: 0.84±0.02
Filename: (ECFP3_count_512-COUNT)_(GPytorchMAP_Matern52-Matern52_averageProduct)_hypOFF_Standard_Standard

------------------------------------------------------------
Sender: LSF System <lsfadmin@c205n13>
Subject: Job 969996: <structure_numerical_20260115> in cluster <Hazel> Done

Job <structure_numerical_20260115> was submitted from host <c202n02> by user <sdehgha2> in cluster <Hazel> at Thu Jan 15 09:57:59 2026
Job was executed on host(s) <6*c205n13>, in queue <single_chassis>, as user <sdehgha2> in cluster <Hazel> at Thu Jan 15 14:22:17 2026
</tmp/.lsbtmp404534> was used as the home directory.
</share/ddomlab/sdehgha2/working-space/main/_colab_GP/GP_collab/code_python/training/hpc_submit_training_GP> was used as the working directory.
Started at Thu Jan 15 14:22:17 2026
Terminated at Thu Jan 15 15:13:30 2026
Results reported at Thu Jan 15 15:13:30 2026

Your job looked like:

------------------------------------------------------------
# LSBATCH: User input



#BSUB -n 6
#BSUB -W 12:00
#BSUB -R span[hosts=1]
#BSUB -R "rusage[mem=32GB]"
#BSUB -J "structure_numerical_20260115"
#BSUB -o "/share/ddomlab/sdehgha2/working-space/main/_colab_GP/GP_collab/results/HPC_history/hpc_20260115/Machine Learning for Polymer Design to Enhance Pervaporation-Based Organic Recovery/GPytorchMAP_Matern52_Matern52_averageProduct.out"
#BSUB -e "/share/ddomlab/sdehgha2/working-space/main/_colab_GP/GP_collab/results/HPC_history/hpc_20260115/Machine Learning for Polymer Design to Enhance Pervaporation-Based Organic Recovery/GPytorchMAP_Matern52_Matern52_averageProduct.err"

source ~/.bashrc
conda activate /usr/local/usrapps/ddomlab/sdehgha2/torch_cpu
python ../train_structure_numerical.py --K_fp Matern52                                         --K_count Matern52                                         --Kernel_mixing_method averageProduct                                         --paper "Machine Learning for Polymer Design to Enhance Pervaporation-Based Organic Recovery"                                         --dataset "separation_data_imputed" 

------------------------------------------------------------

Successfully completed.

Resource usage summary:

    CPU time :                                   14662.45 sec.
    Max Memory :                                 8 GB
    Average Memory :                             6.78 GB
    Total Requested Memory :                     32.00 GB
    Delta Memory :                               24.00 GB
    Max Swap :                                   -
    Max Processes :                              30
    Max Threads :                                33
    Run time :                                   3074 sec.
    Turnaround time :                            18931 sec.

The output (if any) is above this job summary.



PS:

Read file </share/ddomlab/sdehgha2/working-space/main/_colab_GP/GP_collab/results/HPC_history/hpc_20260115/Machine Learning for Polymer Design to Enhance Pervaporation-Based Organic Recovery/GPytorchMAP_Matern52_Matern52_averageProduct.err> for stderr output of this job.

