/usr/local/usrapps/ddomlab/sdehgha2/env12/lib/python3.12/site-packages/torch/cuda/__init__.py:435: UserWarning: 
    Found GPU0 Tesla P100-PCIE-16GB which is of cuda capability 6.0.
    Minimum and Maximum cuda capability supported by this version of PyTorch is
    (7.0) - (12.0)
    
  queued_call()
/usr/local/usrapps/ddomlab/sdehgha2/env12/lib/python3.12/site-packages/torch/cuda/__init__.py:435: UserWarning: 
    Please install PyTorch with a following CUDA
    configurations:  12.6 following instructions at
    https://pytorch.org/get-started/locally/
    
  queued_call()
/usr/local/usrapps/ddomlab/sdehgha2/env12/lib/python3.12/site-packages/torch/cuda/__init__.py:435: UserWarning: 
Tesla P100-PCIE-16GB with CUDA capability sm_60 is not compatible with the current PyTorch installation.
The current PyTorch install supports CUDA capabilities sm_70 sm_75 sm_80 sm_86 sm_90 sm_100 sm_120.
If you want to use the Tesla P100-PCIE-16GB GPU with PyTorch, please check the instructions at https://pytorch.org/get-started/locally/

  queued_call()
Traceback (most recent call last):
  File "/gpfs_common/share03/ddomlab/sdehgha2/working_space/GP_collab/code_python/training/hpc_submit_training_GP/../train_structure_numerical.py", line 92, in <module>
    main_structural_numerical(
  File "/gpfs_common/share03/ddomlab/sdehgha2/working_space/GP_collab/code_python/training/hpc_submit_training_GP/../train_structure_numerical.py", line 46, in main_structural_numerical
    scores, predictions  =   train_regressor(
                             ^^^^^^^^^^^^^^^^
  File "/gpfs_common/share03/ddomlab/sdehgha2/working_space/GP_collab/code_python/training/training_utils_gp_special.py", line 76, in train_regressor
    scores, predictions = _prepare_data(
                          ^^^^^^^^^^^^^^
  File "/gpfs_common/share03/ddomlab/sdehgha2/working_space/GP_collab/code_python/training/training_utils_gp_special.py", line 237, in _prepare_data
    score,predication = run(
                        ^^^^
  File "/gpfs_common/share03/ddomlab/sdehgha2/working_space/GP_collab/code_python/training/training_utils_gp_special.py", line 403, in run
    scores, predictions = cross_validate_regressor(
                          ^^^^^^^^^^^^^^^^^^^^^^^^^
  File "/gpfs_common/share03/ddomlab/sdehgha2/working_space/GP_collab/code_python/training/scoring.py", line 723, in cross_validate_regressor
    score, predictions = cross_validate(
                         ^^^^^^^^^^^^^^^
  File "/gpfs_common/share03/ddomlab/sdehgha2/working_space/GP_collab/code_python/training/scoring.py", line 667, in cross_validate
    parallel_results = Parallel(n_jobs=n_jobs, verbose=0, require="sharedmem")(
                       ^^^^^^^^^^^^^^^^^^^^^^^^^^^^^^^^^^^^^^^^^^^^^^^^^^^^^^^^
  File "/usr/local/usrapps/ddomlab/sdehgha2/env12/lib/python3.12/site-packages/joblib/parallel.py", line 1986, in __call__
    return output if self.return_generator else list(output)
                                                ^^^^^^^^^^^^
  File "/usr/local/usrapps/ddomlab/sdehgha2/env12/lib/python3.12/site-packages/joblib/parallel.py", line 1914, in _get_sequential_output
    res = func(*args, **kwargs)
          ^^^^^^^^^^^^^^^^^^^^^
  File "/gpfs_common/share03/ddomlab/sdehgha2/working_space/GP_collab/code_python/training/scoring.py", line 613, in _gp_fit_predict_score
    est.fit(X_train, y_train)
  File "/usr/local/usrapps/ddomlab/sdehgha2/env12/lib/python3.12/site-packages/sklearn/base.py", line 1336, in wrapper
    return fit_method(estimator, *args, **kwargs)
           ^^^^^^^^^^^^^^^^^^^^^^^^^^^^^^^^^^^^^^
  File "/usr/local/usrapps/ddomlab/sdehgha2/env12/lib/python3.12/site-packages/sklearn/pipeline.py", line 621, in fit
    self._final_estimator.fit(Xt, y, **last_step_params["fit"])
  File "/gpfs_common/share03/ddomlab/sdehgha2/working_space/GP_collab/code_python/training/GPytorch_kernel_mix.py", line 921, in fit
    self.regressor_.fit(X, y)
  File "/gpfs_common/share03/ddomlab/sdehgha2/working_space/GP_collab/code_python/training/GPytorch_kernel_mix.py", line 690, in fit
    X_train = self._prepare_X(X_train, fit=True)
              ^^^^^^^^^^^^^^^^^^^^^^^^^^^^^^^^^^
  File "/gpfs_common/share03/ddomlab/sdehgha2/working_space/GP_collab/code_python/training/GPytorch_kernel_mix.py", line 681, in _prepare_X
    return torch.as_tensor(
           ^^^^^^^^^^^^^^^^
torch.AcceleratorError: CUDA error: no kernel image is available for execution on the device
Search for `cudaErrorNoKernelImageForDevice' in https://docs.nvidia.com/cuda/cuda-runtime-api/group__CUDART__TYPES.html for more information.
CUDA kernel errors might be asynchronously reported at some other API call, so the stacktrace below might be incorrect.
For debugging consider passing CUDA_LAUNCH_BLOCKING=1
Compile with `TORCH_USE_CUDA_DSA` to enable device-side assertions.

Traceback (most recent call last):
  File "/gpfs_common/share03/ddomlab/sdehgha2/working_space/GP_collab/code_python/training/hpc_submit_training_GP/../train_structure_numerical.py", line 92, in <module>
    main_structural_numerical(
  File "/gpfs_common/share03/ddomlab/sdehgha2/working_space/GP_collab/code_python/training/hpc_submit_training_GP/../train_structure_numerical.py", line 46, in main_structural_numerical
    scores, predictions  =   train_regressor(
                             ^^^^^^^^^^^^^^^^
  File "/gpfs_common/share03/ddomlab/sdehgha2/working_space/GP_collab/code_python/training/training_utils_gp_special.py", line 76, in train_regressor
    scores, predictions = _prepare_data(
                          ^^^^^^^^^^^^^^
  File "/gpfs_common/share03/ddomlab/sdehgha2/working_space/GP_collab/code_python/training/training_utils_gp_special.py", line 237, in _prepare_data
    score,predication = run(
                        ^^^^
  File "/gpfs_common/share03/ddomlab/sdehgha2/working_space/GP_collab/code_python/training/training_utils_gp_special.py", line 403, in run
    scores, predictions = cross_validate_regressor(
                          ^^^^^^^^^^^^^^^^^^^^^^^^^
  File "/gpfs_common/share03/ddomlab/sdehgha2/working_space/GP_collab/code_python/training/scoring.py", line 723, in cross_validate_regressor
    score, predictions = cross_validate(
                         ^^^^^^^^^^^^^^^
  File "/gpfs_common/share03/ddomlab/sdehgha2/working_space/GP_collab/code_python/training/scoring.py", line 667, in cross_validate
    parallel_results = Parallel(n_jobs=n_jobs, verbose=0, require="sharedmem")(
                       ^^^^^^^^^^^^^^^^^^^^^^^^^^^^^^^^^^^^^^^^^^^^^^^^^^^^^^^^
  File "/usr/local/usrapps/ddomlab/sdehgha2/env12/lib/python3.12/site-packages/joblib/parallel.py", line 1986, in __call__
    return output if self.return_generator else list(output)
                                                ^^^^^^^^^^^^
  File "/usr/local/usrapps/ddomlab/sdehgha2/env12/lib/python3.12/site-packages/joblib/parallel.py", line 1914, in _get_sequential_output
    res = func(*args, **kwargs)
          ^^^^^^^^^^^^^^^^^^^^^
  File "/gpfs_common/share03/ddomlab/sdehgha2/working_space/GP_collab/code_python/training/scoring.py", line 613, in _gp_fit_predict_score
    est.fit(X_train, y_train)
  File "/usr/local/usrapps/ddomlab/sdehgha2/env12/lib/python3.12/site-packages/sklearn/base.py", line 1336, in wrapper
    return fit_method(estimator, *args, **kwargs)
           ^^^^^^^^^^^^^^^^^^^^^^^^^^^^^^^^^^^^^^
  File "/usr/local/usrapps/ddomlab/sdehgha2/env12/lib/python3.12/site-packages/sklearn/pipeline.py", line 621, in fit
    self._final_estimator.fit(Xt, y, **last_step_params["fit"])
  File "/gpfs_common/share03/ddomlab/sdehgha2/working_space/GP_collab/code_python/training/GPytorch_kernel_mix.py", line 921, in fit
    self.regressor_.fit(X, y)
  File "/gpfs_common/share03/ddomlab/sdehgha2/working_space/GP_collab/code_python/training/GPytorch_kernel_mix.py", line 733, in fit
    loss = -mll(y_pred, y_train)
            ^^^^^^^^^^^^^^^^^^^^
  File "/usr/local/usrapps/ddomlab/sdehgha2/env12/lib/python3.12/site-packages/gpytorch/module.py", line 83, in __call__
    outputs = self.forward(*inputs, **kwargs)
              ^^^^^^^^^^^^^^^^^^^^^^^^^^^^^^^
  File "/usr/local/usrapps/ddomlab/sdehgha2/env12/lib/python3.12/site-packages/gpytorch/mlls/exact_marginal_log_likelihood.py", line 84, in forward
    res = output.log_prob(target)
          ^^^^^^^^^^^^^^^^^^^^^^^
  File "/usr/local/usrapps/ddomlab/sdehgha2/env12/lib/python3.12/site-packages/gpytorch/distributions/multivariate_normal.py", line 248, in log_prob
    covar = covar.evaluate_kernel()
            ^^^^^^^^^^^^^^^^^^^^^^^
  File "/usr/local/usrapps/ddomlab/sdehgha2/env12/lib/python3.12/site-packages/linear_operator/operators/added_diag_linear_operator.py", line 208, in evaluate_kernel
    added_diag_linear_op = self.representation_tree()(*self.representation())
                           ^^^^^^^^^^^^^^^^^^^^^^^^^^
  File "/usr/local/usrapps/ddomlab/sdehgha2/env12/lib/python3.12/site-packages/linear_operator/operators/_linear_operator.py", line 2089, in representation_tree
    return LinearOperatorRepresentationTree(self)
           ^^^^^^^^^^^^^^^^^^^^^^^^^^^^^^^^^^^^^^
  File "/usr/local/usrapps/ddomlab/sdehgha2/env12/lib/python3.12/site-packages/linear_operator/operators/linear_operator_representation_tree.py", line 17, in __init__
    representation_size = len(arg.representation())
                              ^^^^^^^^^^^^^^^^^^^^
  File "/usr/local/usrapps/ddomlab/sdehgha2/env12/lib/python3.12/site-packages/gpytorch/lazy/lazy_evaluated_kernel_tensor.py", line 397, in representation
    return self.evaluate_kernel().representation()
           ^^^^^^^^^^^^^^^^^^^^^^
  File "/usr/local/usrapps/ddomlab/sdehgha2/env12/lib/python3.12/site-packages/gpytorch/utils/memoize.py", line 61, in g
    return _add_to_cache(self, cache_name, method(self, *args, **kwargs), *args, kwargs_pkl=kwargs_pkl)
                                           ^^^^^^^^^^^^^^^^^^^^^^^^^^^^^
  File "/usr/local/usrapps/ddomlab/sdehgha2/env12/lib/python3.12/site-packages/gpytorch/lazy/lazy_evaluated_kernel_tensor.py", line 27, in wrapped
    output = method(self, *args, **kwargs)
             ^^^^^^^^^^^^^^^^^^^^^^^^^^^^^
  File "/usr/local/usrapps/ddomlab/sdehgha2/env12/lib/python3.12/site-packages/gpytorch/lazy/lazy_evaluated_kernel_tensor.py", line 355, in evaluate_kernel
    res = self.kernel(
          ^^^^^^^^^^^^
  File "/usr/local/usrapps/ddomlab/sdehgha2/env12/lib/python3.12/site-packages/gpytorch/kernels/kernel.py", line 533, in __call__
    res = to_linear_operator(super().__call__(x1_, x2_, last_dim_is_batch=last_dim_is_batch, **params))
                             ^^^^^^^^^^^^^^^^^^^^^^^^^^^^^^^^^^^^^^^^^^^^^^^^^^^^^^^^^^^^^^^^^^^^^^^^^
  File "/usr/local/usrapps/ddomlab/sdehgha2/env12/lib/python3.12/site-packages/gpytorch/module.py", line 83, in __call__
    outputs = self.forward(*inputs, **kwargs)
              ^^^^^^^^^^^^^^^^^^^^^^^^^^^^^^^
  File "/usr/local/usrapps/ddomlab/sdehgha2/env12/lib/python3.12/site-packages/gpytorch/kernels/scale_kernel.py", line 109, in forward
    orig_output = self.base_kernel.forward(x1, x2, diag=diag, last_dim_is_batch=last_dim_is_batch, **params)
                  ^^^^^^^^^^^^^^^^^^^^^^^^^^^^^^^^^^^^^^^^^^^^^^^^^^^^^^^^^^^^^^^^^^^^^^^^^^^^^^^^^^^^^^^^^^
  File "/usr/local/usrapps/ddomlab/sdehgha2/env12/lib/python3.12/site-packages/gpytorch/kernels/kernel.py", line 662, in forward
    res = self.kernels[0](x1, x2, diag=diag, **params)
          ^^^^^^^^^^^^^^^^^^^^^^^^^^^^^^^^^^^^^^^^^^^^
  File "/usr/local/usrapps/ddomlab/sdehgha2/env12/lib/python3.12/site-packages/gpytorch/kernels/kernel.py", line 533, in __call__
    res = to_linear_operator(super().__call__(x1_, x2_, last_dim_is_batch=last_dim_is_batch, **params))
                             ^^^^^^^^^^^^^^^^^^^^^^^^^^^^^^^^^^^^^^^^^^^^^^^^^^^^^^^^^^^^^^^^^^^^^^^^^
  File "/usr/local/usrapps/ddomlab/sdehgha2/env12/lib/python3.12/site-packages/gpytorch/module.py", line 83, in __call__
    outputs = self.forward(*inputs, **kwargs)
              ^^^^^^^^^^^^^^^^^^^^^^^^^^^^^^^
  File "/gpfs_common/share03/ddomlab/sdehgha2/working_space/GP_collab/code_python/training/GPytorch_kernel_mix.py", line 96, in forward
    dist = weighted_tanimoto(x1, x2)
           ^^^^^^^^^^^^^^^^^^^^^^^^^
  File "/gpfs_common/share03/ddomlab/sdehgha2/working_space/GP_collab/code_python/training/GPytorch_kernel_mix.py", line 39, in weighted_tanimoto
    numerator = torch.min(x1e, x2e).sum(dim=-1)
                ^^^^^^^^^^^^^^^^^^^
torch.OutOfMemoryError: CUDA out of memory. Tried to allocate 6.52 GiB. GPU 0 has a total capacity of 22.09 GiB of which 1.11 GiB is free. Process 1706097 has 19.93 GiB memory in use. Process 1706821 has 764.00 MiB memory in use. Including non-PyTorch memory, this process has 286.00 MiB memory in use. Of the allocated memory 10.96 MiB is allocated by PyTorch, and 11.04 MiB is reserved by PyTorch but unallocated. If reserved but unallocated memory is large try setting PYTORCH_ALLOC_CONF=expandable_segments:True to avoid fragmentation.  See documentation for Memory Management  (https://pytorch.org/docs/stable/notes/cuda.html#environment-variables)
