Running seed: 6
Running seed: 13
Running seed: 42
Average scores:	 rmse: 0.31±0.03	 r2: 0.82±0.03
Filename: (ECFP3_count_512-COUNT)_(GPytorchMAP_Matern32-RBF_averageProduct)_hypOFF_Standard_Standard_GPU

------------------------------------------------------------
Sender: LSF System <lsfadmin@gpu13>
Subject: Job 302112: <structure_numerical_20260525> in cluster <Hazel> Done

Job <structure_numerical_20260525> was submitted from host <gpu17> by user <sdehgha2> in cluster <Hazel> at Mon May 25 15:47:10 2026
Job was executed on host(s) <gpu13>, in queue <gpu>, as user <sdehgha2> in cluster <Hazel> at Mon May 25 16:00:14 2026
</home/sdehgha2> was used as the home directory.
</share/ddomlab/sdehgha2/working_space/GP_collab/code_python/training/hpc_submit_training_GP> was used as the working directory.
Started at Mon May 25 16:00:14 2026
Terminated at Mon May 25 16:09:33 2026
Results reported at Mon May 25 16:09:33 2026

Your job looked like:

------------------------------------------------------------
# LSBATCH: User input

#BSUB -n 1
#BSUB -W 3:30
#BSUB -q gpu
#BSUB -gpu "num=1:mode=shared:mps=no"
#BSUB -R "rusage[mem=16GB]"
#BSUB -J "structure_numerical_20260525"
#BSUB -o "/share/ddomlab/sdehgha2/working_space/GP_collab/results/HPC_history/hpc_20260525/Machine Learning for Polymer Design to Enhance Pervaporation-Based Organic Recovery/GPytorchMAP_Matern32_RBF_averageProduct_GPU.out"
#BSUB -e "/share/ddomlab/sdehgha2/working_space/GP_collab/results/HPC_history/hpc_20260525/Machine Learning for Polymer Design to Enhance Pervaporation-Based Organic Recovery/GPytorchMAP_Matern32_RBF_averageProduct_GPU.err"

source ~/.bashrc
module load cuda/12.1
module load gcc/9.3.0
conda activate /usr/local/usrapps/ddomlab/sdehgha2/env12

python ../train_structure_numerical.py --K_fp Matern32                                         --K_count RBF                                         --Kernel_mixing_method averageProduct                                         --dataset "flux_data_imputed"                                         --paper "Machine Learning for Polymer Design to Enhance Pervaporation-Based Organic Recovery" 


------------------------------------------------------------

Successfully completed.

Resource usage summary:

    CPU time :                                   522.12 sec.
    Max Memory :                                 1 GB
    Average Memory :                             0.89 GB
    Total Requested Memory :                     16.00 GB
    Delta Memory :                               15.00 GB
    Max Swap :                                   -
    Max Processes :                              4
    Max Threads :                                8
    Run time :                                   559 sec.
    Turnaround time :                            1343 sec.

The output (if any) is above this job summary.



PS:

Read file </share/ddomlab/sdehgha2/working_space/GP_collab/results/HPC_history/hpc_20260525/Machine Learning for Polymer Design to Enhance Pervaporation-Based Organic Recovery/GPytorchMAP_Matern32_RBF_averageProduct_GPU.err> for stderr output of this job.


------------------------------------------------------------
Sender: LSF System <lsfadmin@gpu01>
Subject: Job 302190: <structure_numerical_20260525> in cluster <Hazel> Exited

Job <structure_numerical_20260525> was submitted from host <gpu13> by user <sdehgha2> in cluster <Hazel> at Mon May 25 16:06:26 2026
Job was executed on host(s) <gpu01>, in queue <gpu>, as user <sdehgha2> in cluster <Hazel> at Mon May 25 16:23:12 2026
</home/sdehgha2> was used as the home directory.
</share/ddomlab/sdehgha2/working_space/GP_collab/code_python/training/hpc_submit_training_GP> was used as the working directory.
Started at Mon May 25 16:23:12 2026
Terminated at Mon May 25 16:23:13 2026
Results reported at Mon May 25 16:23:13 2026
Cannot open your job file: /home/sdehgha2/.lsbatch/1779739586.302190
Exited.


The output (if any) is above this job summary.



PS:

Read file </share/ddomlab/sdehgha2/working_space/GP_collab/results/HPC_history/hpc_20260525/Machine Learning for Polymer Design to Enhance Pervaporation-Based Organic Recovery/GPytorchMAP_Matern32_RBF_averageProduct_GPU.err> for stderr output of this job.

