Running seed: 6

------------------------------------------------------------
Sender: LSF System <lsfadmin@gpu03>
Subject: Job 302073: <structure_numerical_20260525> in cluster <Hazel> Exited

Job <structure_numerical_20260525> was submitted from host <gpu17> by user <sdehgha2> in cluster <Hazel> at Mon May 25 15:46:57 2026
Job was executed on host(s) <gpu03>, in queue <gpu>, as user <sdehgha2> in cluster <Hazel> at Mon May 25 15:52:05 2026
</home/sdehgha2> was used as the home directory.
</share/ddomlab/sdehgha2/working_space/GP_collab/code_python/training/hpc_submit_training_GP> was used as the working directory.
Started at Mon May 25 15:52:05 2026
Terminated at Mon May 25 15:52:23 2026
Results reported at Mon May 25 15:52:23 2026

Your job looked like:

------------------------------------------------------------
# LSBATCH: User input

#BSUB -n 1
#BSUB -W 3:30
#BSUB -q gpu
#BSUB -gpu "num=1:mode=shared:mps=no"
#BSUB -R "rusage[mem=16GB]"
#BSUB -J "structure_numerical_20260525"
#BSUB -o "/share/ddomlab/sdehgha2/working_space/GP_collab/results/HPC_history/hpc_20260525/Machine Learning for Polymer Design to Enhance Pervaporation-Based Organic Recovery/GPytorchMAP_Matern52_RBF_sum_GPU.out"
#BSUB -e "/share/ddomlab/sdehgha2/working_space/GP_collab/results/HPC_history/hpc_20260525/Machine Learning for Polymer Design to Enhance Pervaporation-Based Organic Recovery/GPytorchMAP_Matern52_RBF_sum_GPU.err"

source ~/.bashrc
module load cuda/12.1
module load gcc/9.3.0
conda activate /usr/local/usrapps/ddomlab/sdehgha2/env12

python ../train_structure_numerical.py --K_fp Matern52                                         --K_count RBF                                         --Kernel_mixing_method sum                                         --dataset "flux_data_imputed"                                         --paper "Machine Learning for Polymer Design to Enhance Pervaporation-Based Organic Recovery" 


------------------------------------------------------------

Exited with exit code 1.

Resource usage summary:

    CPU time :                                   9.22 sec.
    Max Memory :                                 -
    Average Memory :                             -
    Total Requested Memory :                     16.00 GB
    Delta Memory :                               -
    Max Swap :                                   -
    Max Processes :                              4
    Max Threads :                                5
    Run time :                                   18 sec.
    Turnaround time :                            326 sec.

The output (if any) is above this job summary.



PS:

Read file </share/ddomlab/sdehgha2/working_space/GP_collab/results/HPC_history/hpc_20260525/Machine Learning for Polymer Design to Enhance Pervaporation-Based Organic Recovery/GPytorchMAP_Matern52_RBF_sum_GPU.err> for stderr output of this job.

Running seed: 6
Running seed: 13
Running seed: 42
Average scores:	 rmse: 0.49±0.02	 r2: 0.72±0.03
Filename: (ECFP3_count_512-COUNT)_(GPytorchMAP_Matern52-RBF_sum)_hypOFF_Standard_Standard_GPU

------------------------------------------------------------
Sender: LSF System <lsfadmin@gpu13>
Subject: Job 302151: <structure_numerical_20260525> in cluster <Hazel> Done

Job <structure_numerical_20260525> was submitted from host <gpu13> by user <sdehgha2> in cluster <Hazel> at Mon May 25 16:06:13 2026
Job was executed on host(s) <gpu13>, in queue <gpu>, as user <sdehgha2> in cluster <Hazel> at Mon May 25 16:16:28 2026
</home/sdehgha2> was used as the home directory.
</share/ddomlab/sdehgha2/working_space/GP_collab/code_python/training/hpc_submit_training_GP> was used as the working directory.
Started at Mon May 25 16:16:28 2026
Terminated at Mon May 25 16:25:22 2026
Results reported at Mon May 25 16:25:22 2026

Your job looked like:

------------------------------------------------------------
# LSBATCH: User input

#BSUB -n 1
#BSUB -W 1:30
#BSUB -q gpu
#BSUB -gpu "num=1:mode=shared:mps=no"
#BSUB -R "rusage[mem=16GB]"
#BSUB -J "structure_numerical_20260525"
#BSUB -o "/share/ddomlab/sdehgha2/working_space/GP_collab/results/HPC_history/hpc_20260525/Machine Learning for Polymer Design to Enhance Pervaporation-Based Organic Recovery/GPytorchMAP_Matern52_RBF_sum_GPU.out"
#BSUB -e "/share/ddomlab/sdehgha2/working_space/GP_collab/results/HPC_history/hpc_20260525/Machine Learning for Polymer Design to Enhance Pervaporation-Based Organic Recovery/GPytorchMAP_Matern52_RBF_sum_GPU.err"

source ~/.bashrc
module load cuda/12.1
module load gcc/9.3.0
conda activate /usr/local/usrapps/ddomlab/sdehgha2/env12

python ../train_structure_numerical.py --K_fp Matern52                                         --K_count RBF                                         --Kernel_mixing_method sum                                         --dataset "separation_data_imputed"                                         --paper "Machine Learning for Polymer Design to Enhance Pervaporation-Based Organic Recovery" 


------------------------------------------------------------

Successfully completed.

Resource usage summary:

    CPU time :                                   494.04 sec.
    Max Memory :                                 1 GB
    Average Memory :                             0.94 GB
    Total Requested Memory :                     16.00 GB
    Delta Memory :                               15.00 GB
    Max Swap :                                   -
    Max Processes :                              4
    Max Threads :                                8
    Run time :                                   519 sec.
    Turnaround time :                            1149 sec.

The output (if any) is above this job summary.



PS:

Read file </share/ddomlab/sdehgha2/working_space/GP_collab/results/HPC_history/hpc_20260525/Machine Learning for Polymer Design to Enhance Pervaporation-Based Organic Recovery/GPytorchMAP_Matern52_RBF_sum_GPU.err> for stderr output of this job.

