Running seed: 6
No hyperparameter optimization

------------------------------------------------------------
Sender: LSF System <lsfadmin@c207n07>
Subject: Job 511461: <structure_numerical_20251120> in cluster <Hazel> Exited

Job <structure_numerical_20251120> was submitted from host <c207n07> by user <sdehgha2> in cluster <Hazel> at Thu Nov 20 00:33:11 2025
Job was executed on host(s) <6*c207n07>, in queue <single_chassis>, as user <sdehgha2> in cluster <Hazel> at Thu Nov 20 00:35:02 2025
</home/sdehgha2> was used as the home directory.
</share/ddomlab/sdehgha2/working-space/main/_colab_GP/GP_collab/code_/training/hpc_submit_training_GP> was used as the working directory.
Started at Thu Nov 20 00:35:02 2025
Terminated at Thu Nov 20 00:55:04 2025
Results reported at Thu Nov 20 00:55:04 2025

Your job looked like:

------------------------------------------------------------
# LSBATCH: User input

#BSUB -n 6
#BSUB -W 20:00
#BSUB -R span[hosts=1]
#BSUB -R "rusage[mem=32GB]"
#BSUB -J "structure_numerical_20251120"
#BSUB -o "/share/ddomlab/sdehgha2/working-space/main/_colab_GP/GP_collab/results/HPC_history/hpc_20251120/structure_numericalGPMixMCMC_20251120.out"
#BSUB -e "/share/ddomlab/sdehgha2/working-space/main/_colab_GP/GP_collab/results/HPC_history/hpc_20251120/structure_numericalGPMixMCMC_20251120.err"

source ~/.bashrc
conda activate /usr/local/usrapps/ddomlab/sdehgha2/torch_cpu
python ../train_structure_numerical.py


------------------------------------------------------------

Exited with exit code 1.

Resource usage summary:

    CPU time :                                   4508.20 sec.
    Max Memory :                                 14 GB
    Average Memory :                             4.31 GB
    Total Requested Memory :                     32.00 GB
    Delta Memory :                               18.00 GB
    Max Swap :                                   -
    Max Processes :                              26
    Max Threads :                                34
    Run time :                                   1220 sec.
    Turnaround time :                            1313 sec.

The output (if any) is above this job summary.



PS:

Read file </share/ddomlab/sdehgha2/working-space/main/_colab_GP/GP_collab/results/HPC_history/hpc_20251120/structure_numericalGPMixMCMC_20251120.err> for stderr output of this job.

Running seed: 6
No hyperparameter optimization
Running seed: 13
No hyperparameter optimization
Running seed: 42
No hyperparameter optimization
Running seed: 69
No hyperparameter optimization
Running seed: 420
No hyperparameter optimization
Running seed: 1234567890
No hyperparameter optimization
Running seed: 473129
No hyperparameter optimization
Average scores:	 rmse: 0.52±0.04	 r2: 0.24±0.08
Filename: (ECFP3_count_512-COUNT)_GPMixMCMC_hypOFF_Standard_Standard_chain1

------------------------------------------------------------
Sender: LSF System <lsfadmin@c207n12>
Subject: Job 511517: <structure_numerical_20251120> in cluster <Hazel> Done

Job <structure_numerical_20251120> was submitted from host <c207n07> by user <sdehgha2> in cluster <Hazel> at Thu Nov 20 01:14:23 2025
Job was executed on host(s) <6*c207n12>, in queue <single_chassis>, as user <sdehgha2> in cluster <Hazel> at Thu Nov 20 01:14:23 2025
</home/sdehgha2> was used as the home directory.
</share/ddomlab/sdehgha2/working-space/main/_colab_GP/GP_collab/code_/training/hpc_submit_training_GP> was used as the working directory.
Started at Thu Nov 20 01:14:23 2025
Terminated at Thu Nov 20 01:43:47 2025
Results reported at Thu Nov 20 01:43:47 2025

Your job looked like:

------------------------------------------------------------
# LSBATCH: User input

#BSUB -n 6
#BSUB -W 20:00
#BSUB -R span[hosts=1]
#BSUB -R "rusage[mem=32GB]"
#BSUB -J "structure_numerical_20251120"
#BSUB -o "/share/ddomlab/sdehgha2/working-space/main/_colab_GP/GP_collab/results/HPC_history/hpc_20251120/structure_numericalGPMixMCMC_20251120.out"
#BSUB -e "/share/ddomlab/sdehgha2/working-space/main/_colab_GP/GP_collab/results/HPC_history/hpc_20251120/structure_numericalGPMixMCMC_20251120.err"

source ~/.bashrc
conda activate /usr/local/usrapps/ddomlab/sdehgha2/torch_cpu
python ../train_structure_numerical.py


------------------------------------------------------------

Successfully completed.

Resource usage summary:

    CPU time :                                   8096.47 sec.
    Max Memory :                                 35 GB
    Average Memory :                             19.69 GB
    Total Requested Memory :                     32.00 GB
    Delta Memory :                               -3.00 GB
    Max Swap :                                   -
    Max Processes :                              26
    Max Threads :                                44
    Run time :                                   1772 sec.
    Turnaround time :                            1764 sec.

The output (if any) is above this job summary.



PS:

Read file </share/ddomlab/sdehgha2/working-space/main/_colab_GP/GP_collab/results/HPC_history/hpc_20251120/structure_numericalGPMixMCMC_20251120.err> for stderr output of this job.

