Data filtering and preprocessing took 0.03 seconds.
Running seed: 6
Running seed: 13
Running seed: 42
Average scores:	 rmse: 0.26±0.02	 r2: 0.84±0.03
Filename: (ECFP3_count_512-COUNT)_(GPytorchMAP_TanimotoMatern52-Matern32_sum)_hypOFF_Standard_Standard_GPU
Data filtering and preprocessing took 0.03 seconds.
Running seed: 6
Running seed: 13
Running seed: 42
Average scores:	 rmse: 0.35±0.04	 r2: 0.96±0.01
Filename: (ECFP3_count_512-COUNT)_(GPytorchMAP_TanimotoMatern52-Matern32_sum)_hypOFF_Standard_Standard_GPU

------------------------------------------------------------
Sender: LSF System <lsfadmin@gpu33>
Subject: Job 29737: <structure_numerical_20260821_GPytorchMAP> in cluster <Hazel> Done

Job <structure_numerical_20260821_GPytorchMAP> was submitted from host <login01.hpc.ncsu.edu> by user <sdehgha2> in cluster <Hazel> at Fri Aug 21 02:55:36 2026
Job was executed on host(s) <gpu33>, in queue <short_gpu>, as user <sdehgha2> in cluster <Hazel> at Fri Aug 21 03:21:20 2026
</home/sdehgha2> was used as the home directory.
</share/ddomlab/sdehgha2/working_space/GP_collab/code_python/training/hpc_submit_training_GP> was used as the working directory.
Started at Fri Aug 21 03:21:20 2026
Terminated at Fri Aug 21 03:23:36 2026
Results reported at Fri Aug 21 03:23:36 2026

Your job looked like:

------------------------------------------------------------
# LSBATCH: User input


#BSUB -n 1
#BSUB -W 1:59
#BSUB -q short_gpu
#BSUB -gpu "num=1:mode=shared:mps=no"
#BSUB -R "rusage[mem=8GB]"
#BSUB -R "select[a10 || a30 || a100 || l40 || h100]"
#BSUB -J "structure_numerical_20260821_GPytorchMAP"
#BSUB -o "/share/ddomlab/sdehgha2/working_space/GP_collab/results/HPC_history/hpc_20260821/Machine Learning-Enabled Prediction and High-Throughput Screening of Polymer Membranes for Pervaporation Separation/GPytorchMAP_TanimotoMatern52_Matern32_sum_GPU.out"
#BSUB -e "/share/ddomlab/sdehgha2/working_space/GP_collab/results/HPC_history/hpc_20260821/Machine Learning-Enabled Prediction and High-Throughput Screening of Polymer Membranes for Pervaporation Separation/GPytorchMAP_TanimotoMatern52_Matern32_sum_GPU.err"

source ~/.bashrc
module load cuda/12.1
module load gcc/9.3.0
conda activate /usr/local/usrapps/ddomlab/sdehgha2/env12

python ../train_structure_numerical.py  --K_fp TanimotoMatern52                                         --K_count Matern32                                         --Kernel_mixing_method "sum"                                         --paper "Machine Learning-Enabled Prediction and High-Throughput Screening of Polymer Membranes for Pervaporation Separation"                                         --dataset "cleaned_dataset_pervaporation_membranes_wang"                                         --regressor_type "GPytorchMAP" 


------------------------------------------------------------

Successfully completed.

Resource usage summary:

    CPU time :                                   127.52 sec.
    Max Memory :                                 1 GB
    Average Memory :                             0.83 GB
    Total Requested Memory :                     8.00 GB
    Delta Memory :                               7.00 GB
    Max Swap :                                   -
    Max Processes :                              6
    Max Threads :                                9
    Run time :                                   136 sec.
    Turnaround time :                            1680 sec.

The output (if any) is above this job summary.



PS:

Read file </share/ddomlab/sdehgha2/working_space/GP_collab/results/HPC_history/hpc_20260821/Machine Learning-Enabled Prediction and High-Throughput Screening of Polymer Membranes for Pervaporation Separation/GPytorchMAP_TanimotoMatern52_Matern32_sum_GPU.err> for stderr output of this job.

