[Parallel(n_jobs=8)]: Using backend LokyBackend with 8 concurrent workers.
[Parallel(n_jobs=8)]: Done  34 tasks      | elapsed:   13.9s
[Parallel(n_jobs=8)]: Done 656 tasks      | elapsed:   13.9s
[Parallel(n_jobs=8)]: Done 768 out of 768 | elapsed:   13.9s finished
[Parallel(n_jobs=4)]: Using backend LokyBackend with 4 concurrent workers.
[Parallel(n_jobs=4)]: Done  16 out of  16 | elapsed:    0.8s finished
/usr/local/usrapps/ddomlab/sdehgha2/env12/lib/python3.12/site-packages/graphdot/model/gaussian_process/base.py:116: UserWarning: Kernel matrix singular, falling back to pseudoinverse
  warnings.warn(
/usr/local/usrapps/ddomlab/sdehgha2/env12/lib/python3.12/site-packages/graphdot/model/gaussian_process/base.py:116: UserWarning: Kernel matrix singular, falling back to pseudoinverse
  warnings.warn(
/usr/local/usrapps/ddomlab/sdehgha2/env12/lib/python3.12/site-packages/graphdot/model/gaussian_process/base.py:116: UserWarning: Kernel matrix singular, falling back to pseudoinverse
  warnings.warn(
/usr/local/usrapps/ddomlab/sdehgha2/env12/lib/python3.12/site-packages/graphdot/model/gaussian_process/base.py:116: UserWarning: Kernel matrix singular, falling back to pseudoinverse
  warnings.warn(
/usr/local/usrapps/ddomlab/sdehgha2/env12/lib/python3.12/site-packages/graphdot/model/gaussian_process/base.py:116: UserWarning: Kernel matrix singular, falling back to pseudoinverse
  warnings.warn(
/usr/local/usrapps/ddomlab/sdehgha2/env12/lib/python3.12/site-packages/graphdot/model/gaussian_process/base.py:116: UserWarning: Kernel matrix singular, falling back to pseudoinverse
  warnings.warn(
/usr/local/usrapps/ddomlab/sdehgha2/env12/lib/python3.12/site-packages/graphdot/model/gaussian_process/base.py:116: UserWarning: Kernel matrix singular, falling back to pseudoinverse
  warnings.warn(
/usr/local/usrapps/ddomlab/sdehgha2/env12/lib/python3.12/site-packages/graphdot/model/gaussian_process/base.py:116: UserWarning: Kernel matrix singular, falling back to pseudoinverse
  warnings.warn(
/usr/local/usrapps/ddomlab/sdehgha2/env12/lib/python3.12/site-packages/graphdot/model/gaussian_process/base.py:116: UserWarning: Kernel matrix singular, falling back to pseudoinverse
  warnings.warn(
/usr/local/usrapps/ddomlab/sdehgha2/env12/lib/python3.12/site-packages/graphdot/model/gaussian_process/base.py:116: UserWarning: Kernel matrix singular, falling back to pseudoinverse
  warnings.warn(
/usr/local/usrapps/ddomlab/sdehgha2/env12/lib/python3.12/site-packages/graphdot/model/gaussian_process/base.py:116: UserWarning: Kernel matrix singular, falling back to pseudoinverse
  warnings.warn(
/usr/local/usrapps/ddomlab/sdehgha2/env12/lib/python3.12/site-packages/graphdot/model/gaussian_process/base.py:116: UserWarning: Kernel matrix singular, falling back to pseudoinverse
  warnings.warn(
/usr/local/usrapps/ddomlab/sdehgha2/env12/lib/python3.12/site-packages/graphdot/model/gaussian_process/base.py:116: UserWarning: Kernel matrix singular, falling back to pseudoinverse
  warnings.warn(
/usr/local/usrapps/ddomlab/sdehgha2/env12/lib/python3.12/site-packages/graphdot/model/gaussian_process/base.py:116: UserWarning: Kernel matrix singular, falling back to pseudoinverse
  warnings.warn(
/usr/local/usrapps/ddomlab/sdehgha2/env12/lib/python3.12/site-packages/graphdot/model/gaussian_process/base.py:116: UserWarning: Kernel matrix singular, falling back to pseudoinverse
  warnings.warn(
/usr/local/usrapps/ddomlab/sdehgha2/env12/lib/python3.12/site-packages/graphdot/model/gaussian_process/base.py:116: UserWarning: Kernel matrix singular, falling back to pseudoinverse
  warnings.warn(
/usr/local/usrapps/ddomlab/sdehgha2/env12/lib/python3.12/site-packages/graphdot/model/gaussian_process/base.py:116: UserWarning: Kernel matrix singular, falling back to pseudoinverse
  warnings.warn(
/usr/local/usrapps/ddomlab/sdehgha2/env12/lib/python3.12/site-packages/graphdot/model/gaussian_process/base.py:116: UserWarning: Kernel matrix singular, falling back to pseudoinverse
  warnings.warn(
/usr/local/usrapps/ddomlab/sdehgha2/env12/lib/python3.12/site-packages/graphdot/model/gaussian_process/base.py:116: UserWarning: Kernel matrix singular, falling back to pseudoinverse
  warnings.warn(
/usr/local/usrapps/ddomlab/sdehgha2/env12/lib/python3.12/site-packages/graphdot/model/gaussian_process/base.py:116: UserWarning: Kernel matrix singular, falling back to pseudoinverse
  warnings.warn(
/usr/local/usrapps/ddomlab/sdehgha2/env12/lib/python3.12/site-packages/graphdot/model/gaussian_process/base.py:116: UserWarning: Kernel matrix singular, falling back to pseudoinverse
  warnings.warn(
/usr/local/usrapps/ddomlab/sdehgha2/env12/lib/python3.12/site-packages/graphdot/model/gaussian_process/base.py:116: UserWarning: Kernel matrix singular, falling back to pseudoinverse
  warnings.warn(
/usr/local/usrapps/ddomlab/sdehgha2/env12/lib/python3.12/site-packages/graphdot/model/gaussian_process/base.py:116: UserWarning: Kernel matrix singular, falling back to pseudoinverse
  warnings.warn(
/usr/local/usrapps/ddomlab/sdehgha2/env12/lib/python3.12/site-packages/graphdot/model/gaussian_process/base.py:116: UserWarning: Kernel matrix singular, falling back to pseudoinverse
  warnings.warn(
/usr/local/usrapps/ddomlab/sdehgha2/env12/lib/python3.12/site-packages/graphdot/model/gaussian_process/base.py:116: UserWarning: Kernel matrix singular, falling back to pseudoinverse
  warnings.warn(
/usr/local/usrapps/ddomlab/sdehgha2/env12/lib/python3.12/site-packages/graphdot/model/gaussian_process/base.py:116: UserWarning: Kernel matrix singular, falling back to pseudoinverse
  warnings.warn(
/usr/local/usrapps/ddomlab/sdehgha2/env12/lib/python3.12/site-packages/graphdot/model/gaussian_process/base.py:116: UserWarning: Kernel matrix singular, falling back to pseudoinverse
  warnings.warn(
User defined signal 2
