Running seed: 6
Running seed: 13
Running seed: 42
Average scores:	 rmse: 2.21±0.13	 r2: 0.48±0.06
Filename: (ECFP3_count_512-COUNT)_(GpyroHMC_TanimotoMatern32-Matern32_product)_hypOFF_Standard_Standard_GPU

------------------------------------------------------------
Sender: LSF System <lsfadmin@gpu10>
Subject: Job 406161: <structure_numerical_20260605> in cluster <Hazel> Done

Job <structure_numerical_20260605> was submitted from host <gpu10> by user <sdehgha2> in cluster <Hazel> at Fri Jun  5 10:20:14 2026
Job was executed on host(s) <gpu10>, in queue <gpu>, as user <sdehgha2> in cluster <Hazel> at Fri Jun  5 10:52:00 2026
</home/sdehgha2> was used as the home directory.
</share/ddomlab/sdehgha2/working_space/GP_collab/code_python/training/hpc_submit_training_GP> was used as the working directory.
Started at Fri Jun  5 10:52:00 2026
Terminated at Fri Jun  5 11:39:27 2026
Results reported at Fri Jun  5 11:39:27 2026

Your job looked like:

------------------------------------------------------------
# LSBATCH: User input

#BSUB -n 1
#BSUB -W 50
#BSUB -q gpu
#BSUB -R "select[a10]"
#BSUB -gpu "num=1:mode=shared:mps=no"
#BSUB -R "rusage[mem=16GB]"
#BSUB -J "structure_numerical_20260605"
#BSUB -o "/share/ddomlab/sdehgha2/working_space/GP_collab/results/HPC_history/hpc_20260605/Beyond molecular structure_ critically assessing machine learning for designing organic photovoltaic materials and devices/GpyroHMC_TanimotoMatern32_Matern32_product_GPU.out"
#BSUB -e "/share/ddomlab/sdehgha2/working_space/GP_collab/results/HPC_history/hpc_20260605/Beyond molecular structure_ critically assessing machine learning for designing organic photovoltaic materials and devices/GpyroHMC_TanimotoMatern32_Matern32_product_GPU.err"

source ~/.bashrc
module load cuda/12.1
module load gcc/9.3.0
conda activate /usr/local/usrapps/ddomlab/sdehgha2/env12

python ../train_structure_numerical.py --K_fp TanimotoMatern32                                         --K_count Matern32                                         --Kernel_mixing_method product                                         --dataset "Beyond molecular structure_seifrid_imputed"                                         --paper "Beyond molecular structure_ critically assessing machine learning for designing organic photovoltaic materials and devices"                                         --regressor_type "GpyroHMC" 




------------------------------------------------------------

Successfully completed.

Resource usage summary:

    CPU time :                                   2809.76 sec.
    Max Memory :                                 4 GB
    Average Memory :                             2.45 GB
    Total Requested Memory :                     16.00 GB
    Delta Memory :                               12.00 GB
    Max Swap :                                   -
    Max Processes :                              4
    Max Threads :                                9
    Run time :                                   2845 sec.
    Turnaround time :                            4753 sec.

The output (if any) is above this job summary.



PS:

Read file </share/ddomlab/sdehgha2/working_space/GP_collab/results/HPC_history/hpc_20260605/Beyond molecular structure_ critically assessing machine learning for designing organic photovoltaic materials and devices/GpyroHMC_TanimotoMatern32_Matern32_product_GPU.err> for stderr output of this job.

