Data filtering and preprocessing took 0.26 seconds.
Running seed: 6

------------------------------------------------------------
Sender: LSF System <lsfadmin@gpu26>
Subject: Job 235539: <structure_numerical_20260831_GpyroHMC> in cluster <Hazel> Exited

Job <structure_numerical_20260831_GpyroHMC> was submitted from host <login04> by user <sdehgha2> in cluster <Hazel> at Mon Aug 31 01:36:30 2026
Job was executed on host(s) <2*gpu26>, in queue <gpu>, as user <sdehgha2> in cluster <Hazel> at Mon Aug 31 10:01:04 2026
</home/sdehgha2> was used as the home directory.
</share/ddomlab/sdehgha2/working_space/GP_collab/code_python/training/hpc_submit_training_GP> was used as the working directory.
Started at Mon Aug 31 10:01:04 2026
Terminated at Mon Aug 31 10:01:43 2026
Results reported at Mon Aug 31 10:01:43 2026

Your job looked like:

------------------------------------------------------------
# LSBATCH: User input


#BSUB -n 2
#BSUB -W 30:10
#BSUB -q gpu
#BSUB -gpu "num=1:mode=shared:mps=no"
#BSUB -R "rusage[mem=32GB]"
#BSUB -R "select[a10 || a30 || a100 || l40 || h100]"
#BSUB -J "structure_numerical_20260831_GpyroHMC"
#BSUB -o "/share/ddomlab/sdehgha2/working_space/GP_collab/results/HPC_history/hpc_20260831/Machine Learning for Polymer Design to Enhance Pervaporation-Based Organic Recovery/GpyroHMC_Matern32_Matern32_(count:x)+(fp:x)_GPU.out"
#BSUB -e "/share/ddomlab/sdehgha2/working_space/GP_collab/results/HPC_history/hpc_20260831/Machine Learning for Polymer Design to Enhance Pervaporation-Based Organic Recovery/GpyroHMC_Matern32_Matern32_(count:x)+(fp:x)_GPU.err"

source ~/.bashrc
module load cuda/12.1
module load gcc/9.3.0
conda activate /usr/local/usrapps/ddomlab/sdehgha2/env12

python ../train_structure_numerical.py  --K_fp Matern32                                         --K_count Matern32                                         --Kernel_mixing_method "(count:x)+(fp:x)"                                         --paper "Machine Learning for Polymer Design to Enhance Pervaporation-Based Organic Recovery"                                         --dataset "separation_data_imputed"                                         --regressor_type "GpyroHMC" 


------------------------------------------------------------

Exited with exit code 1.

Resource usage summary:

    CPU time :                                   18.10 sec.
    Max Memory :                                 -
    Average Memory :                             -
    Total Requested Memory :                     32.00 GB
    Delta Memory :                               -
    Max Swap :                                   -
    Max Processes :                              5
    Max Threads :                                6
    Run time :                                   58 sec.
    Turnaround time :                            30313 sec.

The output (if any) is above this job summary.



PS:

Read file </share/ddomlab/sdehgha2/working_space/GP_collab/results/HPC_history/hpc_20260831/Machine Learning for Polymer Design to Enhance Pervaporation-Based Organic Recovery/GpyroHMC_Matern32_Matern32_(count:x)+(fp:x)_GPU.err> for stderr output of this job.

Data filtering and preprocessing took 0.25 seconds.
Running seed: 6
Running seed: 13
Running seed: 42
Average scores:	 rmse: 0.28±0.02	 r2: 0.86±0.02
Filename: (ECFP3_count_512-COUNT)_(GpyroHMC_Matern32-Matern32_(count:x)+(fp:x))_hypOFF_Standard_Standard_GPU

------------------------------------------------------------
Sender: LSF System <lsfadmin@gpu26>
Subject: Job 235537: <structure_numerical_20260831_GpyroHMC> in cluster <Hazel> Done

Job <structure_numerical_20260831_GpyroHMC> was submitted from host <login04> by user <sdehgha2> in cluster <Hazel> at Mon Aug 31 01:36:30 2026
Job was executed on host(s) <2*gpu26>, in queue <gpu>, as user <sdehgha2> in cluster <Hazel> at Mon Aug 31 09:59:04 2026
</home/sdehgha2> was used as the home directory.
</share/ddomlab/sdehgha2/working_space/GP_collab/code_python/training/hpc_submit_training_GP> was used as the working directory.
Started at Mon Aug 31 09:59:04 2026
Terminated at Tue Sep  1 23:27:10 2026
Results reported at Tue Sep  1 23:27:10 2026

Your job looked like:

------------------------------------------------------------
# LSBATCH: User input


#BSUB -n 2
#BSUB -W 30:10
#BSUB -q gpu
#BSUB -gpu "num=1:mode=shared:mps=no"
#BSUB -R "rusage[mem=32GB]"
#BSUB -R "select[a10 || a30 || a100 || l40 || h100]"
#BSUB -J "structure_numerical_20260831_GpyroHMC"
#BSUB -o "/share/ddomlab/sdehgha2/working_space/GP_collab/results/HPC_history/hpc_20260831/Machine Learning for Polymer Design to Enhance Pervaporation-Based Organic Recovery/GpyroHMC_Matern32_Matern32_(count:x)+(fp:x)_GPU.out"
#BSUB -e "/share/ddomlab/sdehgha2/working_space/GP_collab/results/HPC_history/hpc_20260831/Machine Learning for Polymer Design to Enhance Pervaporation-Based Organic Recovery/GpyroHMC_Matern32_Matern32_(count:x)+(fp:x)_GPU.err"

source ~/.bashrc
module load cuda/12.1
module load gcc/9.3.0
conda activate /usr/local/usrapps/ddomlab/sdehgha2/env12

python ../train_structure_numerical.py  --K_fp Matern32                                         --K_count Matern32                                         --Kernel_mixing_method "(count:x)+(fp:x)"                                         --paper "Machine Learning for Polymer Design to Enhance Pervaporation-Based Organic Recovery"                                         --dataset "flux_data_imputed"                                         --regressor_type "GpyroHMC" 


------------------------------------------------------------

Successfully completed.

Resource usage summary:

    CPU time :                                   133549.42 sec.
    Max Memory :                                 3 GB
    Average Memory :                             2.20 GB
    Total Requested Memory :                     32.00 GB
    Delta Memory :                               29.00 GB
    Max Swap :                                   -
    Max Processes :                              4
    Max Threads :                                10
    Run time :                                   134896 sec.
    Turnaround time :                            165040 sec.

The output (if any) is above this job summary.



PS:

Read file </share/ddomlab/sdehgha2/working_space/GP_collab/results/HPC_history/hpc_20260831/Machine Learning for Polymer Design to Enhance Pervaporation-Based Organic Recovery/GpyroHMC_Matern32_Matern32_(count:x)+(fp:x)_GPU.err> for stderr output of this job.

