Traceback (most recent call last):
  File "/usr/local/usrapps/ddomlab/sdehgha2/env12/lib/python3.12/site-packages/pyro/poutine/trace_messenger.py", line 191, in __call__
    ret = self.fn(*args, **kwargs)
          ^^^^^^^^^^^^^^^^^^^^^^^^
  File "/usr/local/usrapps/ddomlab/sdehgha2/env12/lib/python3.12/site-packages/pyro/poutine/messenger.py", line 32, in _context_wrap
    return fn(*args, **kwargs)
           ^^^^^^^^^^^^^^^^^^^
  File "/usr/local/usrapps/ddomlab/sdehgha2/env12/lib/python3.12/site-packages/pyro/poutine/messenger.py", line 32, in _context_wrap
    return fn(*args, **kwargs)
           ^^^^^^^^^^^^^^^^^^^
  File "/usr/local/usrapps/ddomlab/sdehgha2/env12/lib/python3.12/site-packages/pyro/poutine/messenger.py", line 32, in _context_wrap
    return fn(*args, **kwargs)
           ^^^^^^^^^^^^^^^^^^^
  File "/usr/local/usrapps/ddomlab/sdehgha2/env12/lib/python3.12/site-packages/pyro/nn/module.py", line 829, in cached_fn
    return fn(self, *args, **kwargs)
           ^^^^^^^^^^^^^^^^^^^^^^^^^
  File "/usr/local/usrapps/ddomlab/sdehgha2/env12/lib/python3.12/site-packages/pyro/contrib/gp/models/gpr.py", line 87, in model
    Kff = self.kernel(self.X)
          ^^^^^^^^^^^^^^^^^^^
  File "/usr/local/usrapps/ddomlab/sdehgha2/env12/lib/python3.12/site-packages/pyro/nn/module.py", line 520, in __call__
    result = super().__call__(*args, **kwargs)
             ^^^^^^^^^^^^^^^^^^^^^^^^^^^^^^^^^
  File "/usr/local/usrapps/ddomlab/sdehgha2/env12/lib/python3.12/site-packages/torch/nn/modules/module.py", line 1776, in _wrapped_call_impl
    return self._call_impl(*args, **kwargs)
           ^^^^^^^^^^^^^^^^^^^^^^^^^^^^^^^^
  File "/usr/local/usrapps/ddomlab/sdehgha2/env12/lib/python3.12/site-packages/torch/nn/modules/module.py", line 1787, in _call_impl
    return forward_call(*args, **kwargs)
           ^^^^^^^^^^^^^^^^^^^^^^^^^^^^^
  File "/gpfs_common/share03/ddomlab/sdehgha2/working_space/GP_collab/code_python/training/GPyro_kernel_mix.py", line 208, in forward
    val = val + k(X, Z, diag=diag)
                ^^^^^^^^^^^^^^^^^^
  File "/usr/local/usrapps/ddomlab/sdehgha2/env12/lib/python3.12/site-packages/pyro/nn/module.py", line 520, in __call__
    result = super().__call__(*args, **kwargs)
             ^^^^^^^^^^^^^^^^^^^^^^^^^^^^^^^^^
  File "/usr/local/usrapps/ddomlab/sdehgha2/env12/lib/python3.12/site-packages/torch/nn/modules/module.py", line 1776, in _wrapped_call_impl
    return self._call_impl(*args, **kwargs)
           ^^^^^^^^^^^^^^^^^^^^^^^^^^^^^^^^
  File "/usr/local/usrapps/ddomlab/sdehgha2/env12/lib/python3.12/site-packages/torch/nn/modules/module.py", line 1787, in _call_impl
    return forward_call(*args, **kwargs)
           ^^^^^^^^^^^^^^^^^^^^^^^^^^^^^
  File "/gpfs_common/share03/ddomlab/sdehgha2/working_space/GP_collab/code_python/training/GPyro_kernel_mix.py", line 167, in forward
    val = val * k(X, Z, diag=diag)
                ^^^^^^^^^^^^^^^^^^
  File "/usr/local/usrapps/ddomlab/sdehgha2/env12/lib/python3.12/site-packages/pyro/nn/module.py", line 520, in __call__
    result = super().__call__(*args, **kwargs)
             ^^^^^^^^^^^^^^^^^^^^^^^^^^^^^^^^^
  File "/usr/local/usrapps/ddomlab/sdehgha2/env12/lib/python3.12/site-packages/torch/nn/modules/module.py", line 1776, in _wrapped_call_impl
    return self._call_impl(*args, **kwargs)
           ^^^^^^^^^^^^^^^^^^^^^^^^^^^^^^^^
  File "/usr/local/usrapps/ddomlab/sdehgha2/env12/lib/python3.12/site-packages/torch/nn/modules/module.py", line 1787, in _call_impl
    return forward_call(*args, **kwargs)
           ^^^^^^^^^^^^^^^^^^^^^^^^^^^^^
  File "/usr/local/usrapps/ddomlab/sdehgha2/env12/lib/python3.12/site-packages/pyro/contrib/gp/kernels/isotropic.py", line 161, in forward
    r = self._scaled_dist(X, Z)
        ^^^^^^^^^^^^^^^^^^^^^^^
  File "/usr/local/usrapps/ddomlab/sdehgha2/env12/lib/python3.12/site-packages/pyro/contrib/gp/kernels/isotropic.py", line 64, in _scaled_dist
    return _torch_sqrt(self._square_scaled_dist(X, Z))
                       ^^^^^^^^^^^^^^^^^^^^^^^^^^^^^^
  File "/usr/local/usrapps/ddomlab/sdehgha2/env12/lib/python3.12/site-packages/pyro/contrib/gp/kernels/isotropic.py", line 57, in _square_scaled_dist
    r2 = X2 - 2 * XZ + Z2.t()
              ~~^~~~
torch.OutOfMemoryError: CUDA out of memory. Tried to allocate 14.00 MiB. GPU 0 has a total capacity of 39.49 GiB of which 7.06 MiB is free. Process 17601 has 32.00 MiB memory in use. Process 17523 has 35.55 GiB memory in use. Process 19339 has 2.30 GiB memory in use. Including non-PyTorch memory, this process has 1.58 GiB memory in use. Of the allocated memory 980.48 MiB is allocated by PyTorch, and 103.52 MiB is reserved by PyTorch but unallocated. If reserved but unallocated memory is large try setting PYTORCH_ALLOC_CONF=expandable_segments:True to avoid fragmentation.  See documentation for Memory Management  (https://pytorch.org/docs/stable/notes/cuda.html#environment-variables)

The above exception was the direct cause of the following exception:

Traceback (most recent call last):
  File "/gpfs_common/share03/ddomlab/sdehgha2/working_space/GP_collab/code_python/training/hpc_submit_training_GP/../train_structure_numerical.py", line 92, in <module>
    main_structural_numerical(
  File "/gpfs_common/share03/ddomlab/sdehgha2/working_space/GP_collab/code_python/training/hpc_submit_training_GP/../train_structure_numerical.py", line 46, in main_structural_numerical
    scores, predictions  =   train_regressor(
                             ^^^^^^^^^^^^^^^^
  File "/gpfs_common/share03/ddomlab/sdehgha2/working_space/GP_collab/code_python/training/training_utils_gp_special.py", line 74, in train_regressor
    scores, predictions = _prepare_data(
                          ^^^^^^^^^^^^^^
  File "/gpfs_common/share03/ddomlab/sdehgha2/working_space/GP_collab/code_python/training/training_utils_gp_special.py", line 239, in _prepare_data
    score,predication = run(
                        ^^^^
  File "/gpfs_common/share03/ddomlab/sdehgha2/working_space/GP_collab/code_python/training/training_utils_gp_special.py", line 406, in run
    scores, predictions = cross_validate_regressor(
                          ^^^^^^^^^^^^^^^^^^^^^^^^^
  File "/gpfs_common/share03/ddomlab/sdehgha2/working_space/GP_collab/code_python/training/scoring.py", line 524, in cross_validate_regressor
    score, predictions = cross_validate(
                         ^^^^^^^^^^^^^^^
  File "/gpfs_common/share03/ddomlab/sdehgha2/working_space/GP_collab/code_python/training/scoring.py", line 466, in cross_validate
    parallel_results = Parallel(**parallel_kwargs)(
                       ^^^^^^^^^^^^^^^^^^^^^^^^^^^^
  File "/usr/local/usrapps/ddomlab/sdehgha2/env12/lib/python3.12/site-packages/joblib/parallel.py", line 1986, in __call__
    return output if self.return_generator else list(output)
                                                ^^^^^^^^^^^^
  File "/usr/local/usrapps/ddomlab/sdehgha2/env12/lib/python3.12/site-packages/joblib/parallel.py", line 1914, in _get_sequential_output
    res = func(*args, **kwargs)
          ^^^^^^^^^^^^^^^^^^^^^
  File "/gpfs_common/share03/ddomlab/sdehgha2/working_space/GP_collab/code_python/training/scoring.py", line 385, in _fit_predict_score
    est.fit(X_train, y_train)
  File "/usr/local/usrapps/ddomlab/sdehgha2/env12/lib/python3.12/site-packages/sklearn/base.py", line 1336, in wrapper
    return fit_method(estimator, *args, **kwargs)
           ^^^^^^^^^^^^^^^^^^^^^^^^^^^^^^^^^^^^^^
  File "/usr/local/usrapps/ddomlab/sdehgha2/env12/lib/python3.12/site-packages/sklearn/pipeline.py", line 621, in fit
    self._final_estimator.fit(Xt, y, **last_step_params["fit"])
  File "/gpfs_common/share03/ddomlab/sdehgha2/working_space/GP_collab/code_python/training/GPyro_kernel_mix.py", line 965, in fit
    self.regressor_.fit(X, y)
  File "/gpfs_common/share03/ddomlab/sdehgha2/working_space/GP_collab/code_python/training/GPyro_kernel_mix.py", line 731, in fit
    samples = run_inference(
              ^^^^^^^^^^^^^^
  File "/gpfs_common/share03/ddomlab/sdehgha2/working_space/GP_collab/code_python/training/GPyro_kernel_mix.py", line 580, in run_inference
    mcmc.run()
  File "/usr/local/usrapps/ddomlab/sdehgha2/env12/lib/python3.12/site-packages/pyro/poutine/messenger.py", line 32, in _context_wrap
    return fn(*args, **kwargs)
           ^^^^^^^^^^^^^^^^^^^
  File "/usr/local/usrapps/ddomlab/sdehgha2/env12/lib/python3.12/site-packages/pyro/infer/mcmc/api.py", line 565, in run
    for x, chain_id in self.sampler.run(*args, **kwargs):
                       ^^^^^^^^^^^^^^^^^^^^^^^^^^^^^^^^^
  File "/usr/local/usrapps/ddomlab/sdehgha2/env12/lib/python3.12/site-packages/pyro/infer/mcmc/api.py", line 225, in run
    for sample in _gen_samples(
                  ^^^^^^^^^^^^^
  File "/usr/local/usrapps/ddomlab/sdehgha2/env12/lib/python3.12/site-packages/pyro/infer/mcmc/api.py", line 146, in _gen_samples
    kernel.setup(warmup_steps, *args, **kwargs)
  File "/usr/local/usrapps/ddomlab/sdehgha2/env12/lib/python3.12/site-packages/pyro/infer/mcmc/hmc.py", line 345, in setup
    self._initialize_model_properties(args, kwargs)
  File "/usr/local/usrapps/ddomlab/sdehgha2/env12/lib/python3.12/site-packages/pyro/infer/mcmc/hmc.py", line 279, in _initialize_model_properties
    init_params, potential_fn, transforms, trace = initialize_model(
                                                   ^^^^^^^^^^^^^^^^^
  File "/usr/local/usrapps/ddomlab/sdehgha2/env12/lib/python3.12/site-packages/pyro/infer/mcmc/util.py", line 468, in initialize_model
    initial_params = _find_valid_initial_params(
                     ^^^^^^^^^^^^^^^^^^^^^^^^^^^
  File "/usr/local/usrapps/ddomlab/sdehgha2/env12/lib/python3.12/site-packages/pyro/infer/mcmc/util.py", line 351, in _find_valid_initial_params
    pe_grad, pe = potential_grad(potential_fn, params)
                  ^^^^^^^^^^^^^^^^^^^^^^^^^^^^^^^^^^^^
  File "/usr/local/usrapps/ddomlab/sdehgha2/env12/lib/python3.12/site-packages/pyro/ops/integrator.py", line 90, in potential_grad
    raise e
  File "/usr/local/usrapps/ddomlab/sdehgha2/env12/lib/python3.12/site-packages/pyro/ops/integrator.py", line 83, in potential_grad
    potential_energy = potential_fn(z)
                       ^^^^^^^^^^^^^^^
  File "/usr/local/usrapps/ddomlab/sdehgha2/env12/lib/python3.12/site-packages/pyro/infer/mcmc/util.py", line 278, in _potential_fn
    model_trace = poutine.trace(cond_model).get_trace(
                  ^^^^^^^^^^^^^^^^^^^^^^^^^^^^^^^^^^^^
  File "/usr/local/usrapps/ddomlab/sdehgha2/env12/lib/python3.12/site-packages/pyro/poutine/trace_messenger.py", line 216, in get_trace
    self(*args, **kwargs)
  File "/usr/local/usrapps/ddomlab/sdehgha2/env12/lib/python3.12/site-packages/pyro/poutine/trace_messenger.py", line 198, in __call__
    raise exc from e
  File "/usr/local/usrapps/ddomlab/sdehgha2/env12/lib/python3.12/site-packages/pyro/poutine/trace_messenger.py", line 191, in __call__
    ret = self.fn(*args, **kwargs)
          ^^^^^^^^^^^^^^^^^^^^^^^^
  File "/usr/local/usrapps/ddomlab/sdehgha2/env12/lib/python3.12/site-packages/pyro/poutine/messenger.py", line 32, in _context_wrap
    return fn(*args, **kwargs)
           ^^^^^^^^^^^^^^^^^^^
  File "/usr/local/usrapps/ddomlab/sdehgha2/env12/lib/python3.12/site-packages/pyro/poutine/messenger.py", line 32, in _context_wrap
    return fn(*args, **kwargs)
           ^^^^^^^^^^^^^^^^^^^
  File "/usr/local/usrapps/ddomlab/sdehgha2/env12/lib/python3.12/site-packages/pyro/poutine/messenger.py", line 32, in _context_wrap
    return fn(*args, **kwargs)
           ^^^^^^^^^^^^^^^^^^^
  File "/usr/local/usrapps/ddomlab/sdehgha2/env12/lib/python3.12/site-packages/pyro/nn/module.py", line 829, in cached_fn
    return fn(self, *args, **kwargs)
           ^^^^^^^^^^^^^^^^^^^^^^^^^
  File "/usr/local/usrapps/ddomlab/sdehgha2/env12/lib/python3.12/site-packages/pyro/contrib/gp/models/gpr.py", line 87, in model
    Kff = self.kernel(self.X)
          ^^^^^^^^^^^^^^^^^^^
  File "/usr/local/usrapps/ddomlab/sdehgha2/env12/lib/python3.12/site-packages/pyro/nn/module.py", line 520, in __call__
    result = super().__call__(*args, **kwargs)
             ^^^^^^^^^^^^^^^^^^^^^^^^^^^^^^^^^
  File "/usr/local/usrapps/ddomlab/sdehgha2/env12/lib/python3.12/site-packages/torch/nn/modules/module.py", line 1776, in _wrapped_call_impl
    return self._call_impl(*args, **kwargs)
           ^^^^^^^^^^^^^^^^^^^^^^^^^^^^^^^^
  File "/usr/local/usrapps/ddomlab/sdehgha2/env12/lib/python3.12/site-packages/torch/nn/modules/module.py", line 1787, in _call_impl
    return forward_call(*args, **kwargs)
           ^^^^^^^^^^^^^^^^^^^^^^^^^^^^^
  File "/gpfs_common/share03/ddomlab/sdehgha2/working_space/GP_collab/code_python/training/GPyro_kernel_mix.py", line 208, in forward
    val = val + k(X, Z, diag=diag)
                ^^^^^^^^^^^^^^^^^^
  File "/usr/local/usrapps/ddomlab/sdehgha2/env12/lib/python3.12/site-packages/pyro/nn/module.py", line 520, in __call__
    result = super().__call__(*args, **kwargs)
             ^^^^^^^^^^^^^^^^^^^^^^^^^^^^^^^^^
  File "/usr/local/usrapps/ddomlab/sdehgha2/env12/lib/python3.12/site-packages/torch/nn/modules/module.py", line 1776, in _wrapped_call_impl
    return self._call_impl(*args, **kwargs)
           ^^^^^^^^^^^^^^^^^^^^^^^^^^^^^^^^
  File "/usr/local/usrapps/ddomlab/sdehgha2/env12/lib/python3.12/site-packages/torch/nn/modules/module.py", line 1787, in _call_impl
    return forward_call(*args, **kwargs)
           ^^^^^^^^^^^^^^^^^^^^^^^^^^^^^
  File "/gpfs_common/share03/ddomlab/sdehgha2/working_space/GP_collab/code_python/training/GPyro_kernel_mix.py", line 167, in forward
    val = val * k(X, Z, diag=diag)
                ^^^^^^^^^^^^^^^^^^
  File "/usr/local/usrapps/ddomlab/sdehgha2/env12/lib/python3.12/site-packages/pyro/nn/module.py", line 520, in __call__
    result = super().__call__(*args, **kwargs)
             ^^^^^^^^^^^^^^^^^^^^^^^^^^^^^^^^^
  File "/usr/local/usrapps/ddomlab/sdehgha2/env12/lib/python3.12/site-packages/torch/nn/modules/module.py", line 1776, in _wrapped_call_impl
    return self._call_impl(*args, **kwargs)
           ^^^^^^^^^^^^^^^^^^^^^^^^^^^^^^^^
  File "/usr/local/usrapps/ddomlab/sdehgha2/env12/lib/python3.12/site-packages/torch/nn/modules/module.py", line 1787, in _call_impl
    return forward_call(*args, **kwargs)
           ^^^^^^^^^^^^^^^^^^^^^^^^^^^^^
  File "/usr/local/usrapps/ddomlab/sdehgha2/env12/lib/python3.12/site-packages/pyro/contrib/gp/kernels/isotropic.py", line 161, in forward
    r = self._scaled_dist(X, Z)
        ^^^^^^^^^^^^^^^^^^^^^^^
  File "/usr/local/usrapps/ddomlab/sdehgha2/env12/lib/python3.12/site-packages/pyro/contrib/gp/kernels/isotropic.py", line 64, in _scaled_dist
    return _torch_sqrt(self._square_scaled_dist(X, Z))
                       ^^^^^^^^^^^^^^^^^^^^^^^^^^^^^^
  File "/usr/local/usrapps/ddomlab/sdehgha2/env12/lib/python3.12/site-packages/pyro/contrib/gp/kernels/isotropic.py", line 57, in _square_scaled_dist
    r2 = X2 - 2 * XZ + Z2.t()
              ~~^~~~
torch.OutOfMemoryError: CUDA out of memory. Tried to allocate 14.00 MiB. GPU 0 has a total capacity of 39.49 GiB of which 7.06 MiB is free. Process 17601 has 32.00 MiB memory in use. Process 17523 has 35.55 GiB memory in use. Process 19339 has 2.30 GiB memory in use. Including non-PyTorch memory, this process has 1.58 GiB memory in use. Of the allocated memory 980.48 MiB is allocated by PyTorch, and 103.52 MiB is reserved by PyTorch but unallocated. If reserved but unallocated memory is large try setting PYTORCH_ALLOC_CONF=expandable_segments:True to avoid fragmentation.  See documentation for Memory Management  (https://pytorch.org/docs/stable/notes/cuda.html#environment-variables)
                      Trace Shapes:      
                       Param Sites:      
              kernel.kern0.variance      
        kernel.kern1.kern0.variance      
        kernel.kern1.kern1.variance      
        kernel.kern1.kern2.variance      
        kernel.kern1.kern3.variance      
                      Sample Sites:      
      kernel.kern0.lengthscale dist | 512
                              value | 512
kernel.kern1.kern0.lengthscale dist |    
                              value |    
kernel.kern1.kern1.lengthscale dist |    
                              value |    
kernel.kern1.kern2.lengthscale dist |    
                              value |    
kernel.kern1.kern3.lengthscale dist |    
                              value |    
kernel.kern1.kern4.lengthscale dist |    
                              value |    
Traceback (most recent call last):
  File "/usr/local/usrapps/ddomlab/sdehgha2/env12/lib/python3.12/site-packages/pyro/poutine/trace_messenger.py", line 191, in __call__
    ret = self.fn(*args, **kwargs)
          ^^^^^^^^^^^^^^^^^^^^^^^^
  File "/usr/local/usrapps/ddomlab/sdehgha2/env12/lib/python3.12/site-packages/pyro/poutine/messenger.py", line 32, in _context_wrap
    return fn(*args, **kwargs)
           ^^^^^^^^^^^^^^^^^^^
  File "/usr/local/usrapps/ddomlab/sdehgha2/env12/lib/python3.12/site-packages/pyro/poutine/messenger.py", line 32, in _context_wrap
    return fn(*args, **kwargs)
           ^^^^^^^^^^^^^^^^^^^
  File "/usr/local/usrapps/ddomlab/sdehgha2/env12/lib/python3.12/site-packages/pyro/poutine/messenger.py", line 32, in _context_wrap
    return fn(*args, **kwargs)
           ^^^^^^^^^^^^^^^^^^^
  File "/usr/local/usrapps/ddomlab/sdehgha2/env12/lib/python3.12/site-packages/pyro/nn/module.py", line 829, in cached_fn
    return fn(self, *args, **kwargs)
           ^^^^^^^^^^^^^^^^^^^^^^^^^
  File "/usr/local/usrapps/ddomlab/sdehgha2/env12/lib/python3.12/site-packages/pyro/contrib/gp/models/gpr.py", line 87, in model
    Kff = self.kernel(self.X)
          ^^^^^^^^^^^^^^^^^^^
  File "/usr/local/usrapps/ddomlab/sdehgha2/env12/lib/python3.12/site-packages/pyro/nn/module.py", line 520, in __call__
    result = super().__call__(*args, **kwargs)
             ^^^^^^^^^^^^^^^^^^^^^^^^^^^^^^^^^
  File "/usr/local/usrapps/ddomlab/sdehgha2/env12/lib/python3.12/site-packages/torch/nn/modules/module.py", line 1776, in _wrapped_call_impl
    return self._call_impl(*args, **kwargs)
           ^^^^^^^^^^^^^^^^^^^^^^^^^^^^^^^^
  File "/usr/local/usrapps/ddomlab/sdehgha2/env12/lib/python3.12/site-packages/torch/nn/modules/module.py", line 1787, in _call_impl
    return forward_call(*args, **kwargs)
           ^^^^^^^^^^^^^^^^^^^^^^^^^^^^^
  File "/gpfs_common/share03/ddomlab/sdehgha2/working_space/GP_collab/code_python/training/GPyro_kernel_mix.py", line 208, in forward
    val = val + k(X, Z, diag=diag)
                ^^^^^^^^^^^^^^^^^^
  File "/usr/local/usrapps/ddomlab/sdehgha2/env12/lib/python3.12/site-packages/pyro/nn/module.py", line 520, in __call__
    result = super().__call__(*args, **kwargs)
             ^^^^^^^^^^^^^^^^^^^^^^^^^^^^^^^^^
  File "/usr/local/usrapps/ddomlab/sdehgha2/env12/lib/python3.12/site-packages/torch/nn/modules/module.py", line 1776, in _wrapped_call_impl
    return self._call_impl(*args, **kwargs)
           ^^^^^^^^^^^^^^^^^^^^^^^^^^^^^^^^
  File "/usr/local/usrapps/ddomlab/sdehgha2/env12/lib/python3.12/site-packages/torch/nn/modules/module.py", line 1787, in _call_impl
    return forward_call(*args, **kwargs)
           ^^^^^^^^^^^^^^^^^^^^^^^^^^^^^
  File "/gpfs_common/share03/ddomlab/sdehgha2/working_space/GP_collab/code_python/training/GPyro_kernel_mix.py", line 167, in forward
    val = val * k(X, Z, diag=diag)
                ^^^^^^^^^^^^^^^^^^
  File "/usr/local/usrapps/ddomlab/sdehgha2/env12/lib/python3.12/site-packages/pyro/nn/module.py", line 520, in __call__
    result = super().__call__(*args, **kwargs)
             ^^^^^^^^^^^^^^^^^^^^^^^^^^^^^^^^^
  File "/usr/local/usrapps/ddomlab/sdehgha2/env12/lib/python3.12/site-packages/torch/nn/modules/module.py", line 1776, in _wrapped_call_impl
    return self._call_impl(*args, **kwargs)
           ^^^^^^^^^^^^^^^^^^^^^^^^^^^^^^^^
  File "/usr/local/usrapps/ddomlab/sdehgha2/env12/lib/python3.12/site-packages/torch/nn/modules/module.py", line 1787, in _call_impl
    return forward_call(*args, **kwargs)
           ^^^^^^^^^^^^^^^^^^^^^^^^^^^^^
  File "/usr/local/usrapps/ddomlab/sdehgha2/env12/lib/python3.12/site-packages/pyro/contrib/gp/kernels/isotropic.py", line 161, in forward
    r = self._scaled_dist(X, Z)
        ^^^^^^^^^^^^^^^^^^^^^^^
  File "/usr/local/usrapps/ddomlab/sdehgha2/env12/lib/python3.12/site-packages/pyro/contrib/gp/kernels/isotropic.py", line 64, in _scaled_dist
    return _torch_sqrt(self._square_scaled_dist(X, Z))
                       ^^^^^^^^^^^^^^^^^^^^^^^^^^^^^^
  File "/usr/local/usrapps/ddomlab/sdehgha2/env12/lib/python3.12/site-packages/pyro/contrib/gp/kernels/isotropic.py", line 57, in _square_scaled_dist
    r2 = X2 - 2 * XZ + Z2.t()
              ~~^~~~
torch.OutOfMemoryError: CUDA out of memory. Tried to allocate 14.00 MiB. GPU 0 has a total capacity of 39.49 GiB of which 7.06 MiB is free. Process 17601 has 32.00 MiB memory in use. Process 17523 has 35.55 GiB memory in use. Process 19339 has 2.30 GiB memory in use. Including non-PyTorch memory, this process has 1.58 GiB memory in use. Of the allocated memory 1.05 GiB is allocated by PyTorch, and 9.46 MiB is reserved by PyTorch but unallocated. If reserved but unallocated memory is large try setting PYTORCH_ALLOC_CONF=expandable_segments:True to avoid fragmentation.  See documentation for Memory Management  (https://pytorch.org/docs/stable/notes/cuda.html#environment-variables)

The above exception was the direct cause of the following exception:

Traceback (most recent call last):
  File "/gpfs_common/share03/ddomlab/sdehgha2/working_space/GP_collab/code_python/training/hpc_submit_training_GP/../train_structure_numerical.py", line 92, in <module>
    main_structural_numerical(
  File "/gpfs_common/share03/ddomlab/sdehgha2/working_space/GP_collab/code_python/training/hpc_submit_training_GP/../train_structure_numerical.py", line 46, in main_structural_numerical
    scores, predictions  =   train_regressor(
                             ^^^^^^^^^^^^^^^^
  File "/gpfs_common/share03/ddomlab/sdehgha2/working_space/GP_collab/code_python/training/training_utils_gp_special.py", line 74, in train_regressor
    scores, predictions = _prepare_data(
                          ^^^^^^^^^^^^^^
  File "/gpfs_common/share03/ddomlab/sdehgha2/working_space/GP_collab/code_python/training/training_utils_gp_special.py", line 239, in _prepare_data
    score,predication = run(
                        ^^^^
  File "/gpfs_common/share03/ddomlab/sdehgha2/working_space/GP_collab/code_python/training/training_utils_gp_special.py", line 406, in run
    scores, predictions = cross_validate_regressor(
                          ^^^^^^^^^^^^^^^^^^^^^^^^^
  File "/gpfs_common/share03/ddomlab/sdehgha2/working_space/GP_collab/code_python/training/scoring.py", line 524, in cross_validate_regressor
    score, predictions = cross_validate(
                         ^^^^^^^^^^^^^^^
  File "/gpfs_common/share03/ddomlab/sdehgha2/working_space/GP_collab/code_python/training/scoring.py", line 466, in cross_validate
    parallel_results = Parallel(**parallel_kwargs)(
                       ^^^^^^^^^^^^^^^^^^^^^^^^^^^^
  File "/usr/local/usrapps/ddomlab/sdehgha2/env12/lib/python3.12/site-packages/joblib/parallel.py", line 1986, in __call__
    return output if self.return_generator else list(output)
                                                ^^^^^^^^^^^^
  File "/usr/local/usrapps/ddomlab/sdehgha2/env12/lib/python3.12/site-packages/joblib/parallel.py", line 1914, in _get_sequential_output
    res = func(*args, **kwargs)
          ^^^^^^^^^^^^^^^^^^^^^
  File "/gpfs_common/share03/ddomlab/sdehgha2/working_space/GP_collab/code_python/training/scoring.py", line 385, in _fit_predict_score
    est.fit(X_train, y_train)
  File "/usr/local/usrapps/ddomlab/sdehgha2/env12/lib/python3.12/site-packages/sklearn/base.py", line 1336, in wrapper
    return fit_method(estimator, *args, **kwargs)
           ^^^^^^^^^^^^^^^^^^^^^^^^^^^^^^^^^^^^^^
  File "/usr/local/usrapps/ddomlab/sdehgha2/env12/lib/python3.12/site-packages/sklearn/pipeline.py", line 621, in fit
    self._final_estimator.fit(Xt, y, **last_step_params["fit"])
  File "/gpfs_common/share03/ddomlab/sdehgha2/working_space/GP_collab/code_python/training/GPyro_kernel_mix.py", line 965, in fit
    self.regressor_.fit(X, y)
  File "/gpfs_common/share03/ddomlab/sdehgha2/working_space/GP_collab/code_python/training/GPyro_kernel_mix.py", line 731, in fit
    samples = run_inference(
              ^^^^^^^^^^^^^^
  File "/gpfs_common/share03/ddomlab/sdehgha2/working_space/GP_collab/code_python/training/GPyro_kernel_mix.py", line 580, in run_inference
    mcmc.run()
  File "/usr/local/usrapps/ddomlab/sdehgha2/env12/lib/python3.12/site-packages/pyro/poutine/messenger.py", line 32, in _context_wrap
    return fn(*args, **kwargs)
           ^^^^^^^^^^^^^^^^^^^
  File "/usr/local/usrapps/ddomlab/sdehgha2/env12/lib/python3.12/site-packages/pyro/infer/mcmc/api.py", line 565, in run
    for x, chain_id in self.sampler.run(*args, **kwargs):
                       ^^^^^^^^^^^^^^^^^^^^^^^^^^^^^^^^^
  File "/usr/local/usrapps/ddomlab/sdehgha2/env12/lib/python3.12/site-packages/pyro/infer/mcmc/api.py", line 225, in run
    for sample in _gen_samples(
                  ^^^^^^^^^^^^^
  File "/usr/local/usrapps/ddomlab/sdehgha2/env12/lib/python3.12/site-packages/pyro/infer/mcmc/api.py", line 146, in _gen_samples
    kernel.setup(warmup_steps, *args, **kwargs)
  File "/usr/local/usrapps/ddomlab/sdehgha2/env12/lib/python3.12/site-packages/pyro/infer/mcmc/hmc.py", line 345, in setup
    self._initialize_model_properties(args, kwargs)
  File "/usr/local/usrapps/ddomlab/sdehgha2/env12/lib/python3.12/site-packages/pyro/infer/mcmc/hmc.py", line 279, in _initialize_model_properties
    init_params, potential_fn, transforms, trace = initialize_model(
                                                   ^^^^^^^^^^^^^^^^^
  File "/usr/local/usrapps/ddomlab/sdehgha2/env12/lib/python3.12/site-packages/pyro/infer/mcmc/util.py", line 468, in initialize_model
    initial_params = _find_valid_initial_params(
                     ^^^^^^^^^^^^^^^^^^^^^^^^^^^
  File "/usr/local/usrapps/ddomlab/sdehgha2/env12/lib/python3.12/site-packages/pyro/infer/mcmc/util.py", line 351, in _find_valid_initial_params
    pe_grad, pe = potential_grad(potential_fn, params)
                  ^^^^^^^^^^^^^^^^^^^^^^^^^^^^^^^^^^^^
  File "/usr/local/usrapps/ddomlab/sdehgha2/env12/lib/python3.12/site-packages/pyro/ops/integrator.py", line 90, in potential_grad
    raise e
  File "/usr/local/usrapps/ddomlab/sdehgha2/env12/lib/python3.12/site-packages/pyro/ops/integrator.py", line 83, in potential_grad
    potential_energy = potential_fn(z)
                       ^^^^^^^^^^^^^^^
  File "/usr/local/usrapps/ddomlab/sdehgha2/env12/lib/python3.12/site-packages/pyro/infer/mcmc/util.py", line 278, in _potential_fn
    model_trace = poutine.trace(cond_model).get_trace(
                  ^^^^^^^^^^^^^^^^^^^^^^^^^^^^^^^^^^^^
  File "/usr/local/usrapps/ddomlab/sdehgha2/env12/lib/python3.12/site-packages/pyro/poutine/trace_messenger.py", line 216, in get_trace
    self(*args, **kwargs)
  File "/usr/local/usrapps/ddomlab/sdehgha2/env12/lib/python3.12/site-packages/pyro/poutine/trace_messenger.py", line 198, in __call__
    raise exc from e
  File "/usr/local/usrapps/ddomlab/sdehgha2/env12/lib/python3.12/site-packages/pyro/poutine/trace_messenger.py", line 191, in __call__
    ret = self.fn(*args, **kwargs)
          ^^^^^^^^^^^^^^^^^^^^^^^^
  File "/usr/local/usrapps/ddomlab/sdehgha2/env12/lib/python3.12/site-packages/pyro/poutine/messenger.py", line 32, in _context_wrap
    return fn(*args, **kwargs)
           ^^^^^^^^^^^^^^^^^^^
  File "/usr/local/usrapps/ddomlab/sdehgha2/env12/lib/python3.12/site-packages/pyro/poutine/messenger.py", line 32, in _context_wrap
    return fn(*args, **kwargs)
           ^^^^^^^^^^^^^^^^^^^
  File "/usr/local/usrapps/ddomlab/sdehgha2/env12/lib/python3.12/site-packages/pyro/poutine/messenger.py", line 32, in _context_wrap
    return fn(*args, **kwargs)
           ^^^^^^^^^^^^^^^^^^^
  File "/usr/local/usrapps/ddomlab/sdehgha2/env12/lib/python3.12/site-packages/pyro/nn/module.py", line 829, in cached_fn
    return fn(self, *args, **kwargs)
           ^^^^^^^^^^^^^^^^^^^^^^^^^
  File "/usr/local/usrapps/ddomlab/sdehgha2/env12/lib/python3.12/site-packages/pyro/contrib/gp/models/gpr.py", line 87, in model
    Kff = self.kernel(self.X)
          ^^^^^^^^^^^^^^^^^^^
  File "/usr/local/usrapps/ddomlab/sdehgha2/env12/lib/python3.12/site-packages/pyro/nn/module.py", line 520, in __call__
    result = super().__call__(*args, **kwargs)
             ^^^^^^^^^^^^^^^^^^^^^^^^^^^^^^^^^
  File "/usr/local/usrapps/ddomlab/sdehgha2/env12/lib/python3.12/site-packages/torch/nn/modules/module.py", line 1776, in _wrapped_call_impl
    return self._call_impl(*args, **kwargs)
           ^^^^^^^^^^^^^^^^^^^^^^^^^^^^^^^^
  File "/usr/local/usrapps/ddomlab/sdehgha2/env12/lib/python3.12/site-packages/torch/nn/modules/module.py", line 1787, in _call_impl
    return forward_call(*args, **kwargs)
           ^^^^^^^^^^^^^^^^^^^^^^^^^^^^^
  File "/gpfs_common/share03/ddomlab/sdehgha2/working_space/GP_collab/code_python/training/GPyro_kernel_mix.py", line 208, in forward
    val = val + k(X, Z, diag=diag)
                ^^^^^^^^^^^^^^^^^^
  File "/usr/local/usrapps/ddomlab/sdehgha2/env12/lib/python3.12/site-packages/pyro/nn/module.py", line 520, in __call__
    result = super().__call__(*args, **kwargs)
             ^^^^^^^^^^^^^^^^^^^^^^^^^^^^^^^^^
  File "/usr/local/usrapps/ddomlab/sdehgha2/env12/lib/python3.12/site-packages/torch/nn/modules/module.py", line 1776, in _wrapped_call_impl
    return self._call_impl(*args, **kwargs)
           ^^^^^^^^^^^^^^^^^^^^^^^^^^^^^^^^
  File "/usr/local/usrapps/ddomlab/sdehgha2/env12/lib/python3.12/site-packages/torch/nn/modules/module.py", line 1787, in _call_impl
    return forward_call(*args, **kwargs)
           ^^^^^^^^^^^^^^^^^^^^^^^^^^^^^
  File "/gpfs_common/share03/ddomlab/sdehgha2/working_space/GP_collab/code_python/training/GPyro_kernel_mix.py", line 167, in forward
    val = val * k(X, Z, diag=diag)
                ^^^^^^^^^^^^^^^^^^
  File "/usr/local/usrapps/ddomlab/sdehgha2/env12/lib/python3.12/site-packages/pyro/nn/module.py", line 520, in __call__
    result = super().__call__(*args, **kwargs)
             ^^^^^^^^^^^^^^^^^^^^^^^^^^^^^^^^^
  File "/usr/local/usrapps/ddomlab/sdehgha2/env12/lib/python3.12/site-packages/torch/nn/modules/module.py", line 1776, in _wrapped_call_impl
    return self._call_impl(*args, **kwargs)
           ^^^^^^^^^^^^^^^^^^^^^^^^^^^^^^^^
  File "/usr/local/usrapps/ddomlab/sdehgha2/env12/lib/python3.12/site-packages/torch/nn/modules/module.py", line 1787, in _call_impl
    return forward_call(*args, **kwargs)
           ^^^^^^^^^^^^^^^^^^^^^^^^^^^^^
  File "/usr/local/usrapps/ddomlab/sdehgha2/env12/lib/python3.12/site-packages/pyro/contrib/gp/kernels/isotropic.py", line 161, in forward
    r = self._scaled_dist(X, Z)
        ^^^^^^^^^^^^^^^^^^^^^^^
  File "/usr/local/usrapps/ddomlab/sdehgha2/env12/lib/python3.12/site-packages/pyro/contrib/gp/kernels/isotropic.py", line 64, in _scaled_dist
    return _torch_sqrt(self._square_scaled_dist(X, Z))
                       ^^^^^^^^^^^^^^^^^^^^^^^^^^^^^^
  File "/usr/local/usrapps/ddomlab/sdehgha2/env12/lib/python3.12/site-packages/pyro/contrib/gp/kernels/isotropic.py", line 57, in _square_scaled_dist
    r2 = X2 - 2 * XZ + Z2.t()
              ~~^~~~
torch.OutOfMemoryError: CUDA out of memory. Tried to allocate 14.00 MiB. GPU 0 has a total capacity of 39.49 GiB of which 7.06 MiB is free. Process 17601 has 32.00 MiB memory in use. Process 17523 has 35.55 GiB memory in use. Process 19339 has 2.30 GiB memory in use. Including non-PyTorch memory, this process has 1.58 GiB memory in use. Of the allocated memory 1.05 GiB is allocated by PyTorch, and 9.46 MiB is reserved by PyTorch but unallocated. If reserved but unallocated memory is large try setting PYTORCH_ALLOC_CONF=expandable_segments:True to avoid fragmentation.  See documentation for Memory Management  (https://pytorch.org/docs/stable/notes/cuda.html#environment-variables)
                      Trace Shapes:      
                       Param Sites:      
              kernel.kern0.variance      
        kernel.kern1.kern0.variance      
        kernel.kern1.kern1.variance      
        kernel.kern1.kern2.variance      
        kernel.kern1.kern3.variance      
                      Sample Sites:      
      kernel.kern0.lengthscale dist | 512
                              value | 512
kernel.kern1.kern0.lengthscale dist |    
                              value |    
kernel.kern1.kern1.lengthscale dist |    
                              value |    
kernel.kern1.kern2.lengthscale dist |    
                              value |    
kernel.kern1.kern3.lengthscale dist |    
                              value |    
kernel.kern1.kern4.lengthscale dist |    
                              value |    
