Running seed: 6
No hyperparameter optimization

------------------------------------------------------------
Sender: LSF System <lsfadmin@c207n05>
Subject: Job 501943: <structure_numerical_20251118> in cluster <Hazel> Exited

Job <structure_numerical_20251118> was submitted from host <c207n11> by user <sdehgha2> in cluster <Hazel> at Tue Nov 18 11:01:24 2025
Job was executed on host(s) <6*c207n05>, in queue <single_chassis>, as user <sdehgha2> in cluster <Hazel> at Tue Nov 18 11:01:24 2025
</home/sdehgha2> was used as the home directory.
</share/ddomlab/sdehgha2/working-space/main/_colab_GP/GP_collab/code_/training/hpc_submit_training_GP> was used as the working directory.
Started at Tue Nov 18 11:01:24 2025
Terminated at Tue Nov 18 11:01:44 2025
Results reported at Tue Nov 18 11:01:44 2025

Your job looked like:

------------------------------------------------------------
# LSBATCH: User input

#BSUB -n 6
#BSUB -W 04:00
#BSUB -R span[hosts=1]
#BSUB -R "rusage[mem=16GB]"
#BSUB -J "structure_numerical_20251118"
#BSUB -o "/share/ddomlab/sdehgha2/working-space/main/_colab_GP/GP_collab/results/HPC_history/hpc_20251118/structure_numerical_20251118.out"
#BSUB -e "/share/ddomlab/sdehgha2/working-space/main/_colab_GP/GP_collab/results/HPC_history/hpc_20251118/structure_numerical_20251118.err"

source ~/.bashrc
conda activate /usr/local/usrapps/ddomlab/sdehgha2/torch_cpu
python ../train_structure_numerical.py


------------------------------------------------------------

Exited with exit code 1.

Resource usage summary:

    CPU time :                                   33.24 sec.
    Max Memory :                                 -
    Average Memory :                             -
    Total Requested Memory :                     16.00 GB
    Delta Memory :                               -
    Max Swap :                                   -
    Max Processes :                              4
    Max Threads :                                5
    Run time :                                   24 sec.
    Turnaround time :                            20 sec.

The output (if any) is above this job summary.



PS:

Read file </share/ddomlab/sdehgha2/working-space/main/_colab_GP/GP_collab/results/HPC_history/hpc_20251118/structure_numerical_20251118.err> for stderr output of this job.

