
------------------------------------------------------------
Sender: LSF System <lsfadmin@gpu26>
Subject: Job 319390: <structure_numerical_20260527> in cluster <Hazel> Exited

Job <structure_numerical_20260527> was submitted from host <gpu26> by user <sdehgha2> in cluster <Hazel> at Wed May 27 11:18:20 2026
Job was executed on host(s) <gpu26>, in queue <gpu>, as user <sdehgha2> in cluster <Hazel> at Wed May 27 11:18:53 2026
</home/sdehgha2> was used as the home directory.
</share/ddomlab/sdehgha2/working_space/GP_collab/code_python/training/hpc_submit_training_GP> was used as the working directory.
Started at Wed May 27 11:18:53 2026
Terminated at Wed May 27 11:19:24 2026
Results reported at Wed May 27 11:19:24 2026

Your job looked like:

------------------------------------------------------------
# LSBATCH: User input

#BSUB -n 1
#BSUB -W 40
#BSUB -q gpu
#BSUB -gpu "num=1:mode=shared:mps=no"
#BSUB -R "rusage[mem=16GB]"
#BSUB -J "structure_numerical_20260527"
#BSUB -o "/share/ddomlab/sdehgha2/working_space/GP_collab/results/HPC_history/hpc_20260527/Miniaturization of Popular Reactions from the Medicinal Chemists Toolbox for Ultrahigh_Throughput Experimentation/GPytorchMAP_TanimotoMatern32_RBF_product_GPU.out"
#BSUB -e "/share/ddomlab/sdehgha2/working_space/GP_collab/results/HPC_history/hpc_20260527/Miniaturization of Popular Reactions from the Medicinal Chemists Toolbox for Ultrahigh_Throughput Experimentation/GPytorchMAP_TanimotoMatern32_RBF_product_GPU.err"

source ~/.bashrc
module load cuda/12.1
module load gcc/9.3.0
conda activate /usr/local/usrapps/ddomlab/sdehgha2/env12

python ../train_structure_numerical.py --K_fp TanimotoMatern32                                         --K_count RBF                                         --Kernel_mixing_method product                                         --dataset "cleaned_suzuki_synthesis"                                         --paper "Miniaturization of Popular Reactions from the Medicinal Chemists Toolbox for Ultrahigh_Throughput Experimentation" 


------------------------------------------------------------

Exited with exit code 1.

Resource usage summary:

    CPU time :                                   12.07 sec.
    Max Memory :                                 -
    Average Memory :                             -
    Total Requested Memory :                     16.00 GB
    Delta Memory :                               -
    Max Swap :                                   -
    Max Processes :                              4
    Max Threads :                                5
    Run time :                                   3 sec.
    Turnaround time :                            64 sec.

The output (if any) is above this job summary.



PS:

Read file </share/ddomlab/sdehgha2/working_space/GP_collab/results/HPC_history/hpc_20260527/Miniaturization of Popular Reactions from the Medicinal Chemists Toolbox for Ultrahigh_Throughput Experimentation/GPytorchMAP_TanimotoMatern32_RBF_product_GPU.err> for stderr output of this job.

Running seed: 6
Running seed: 13
Running seed: 42
Average scores:	 rmse: 6.98±0.54	 r2: 0.95±0.01
Filename: (ECFP3_count_512-COUNT)_(GPytorchMAP_TanimotoMatern32-RBF_product)_hypOFF_Standard_Standard_GPU

------------------------------------------------------------
Sender: LSF System <lsfadmin@gpu14>
Subject: Job 319414: <structure_numerical_20260527> in cluster <Hazel> Done

Job <structure_numerical_20260527> was submitted from host <gpu14> by user <sdehgha2> in cluster <Hazel> at Wed May 27 11:28:04 2026
Job was executed on host(s) <gpu14>, in queue <gpu>, as user <sdehgha2> in cluster <Hazel> at Wed May 27 11:30:05 2026
</home/sdehgha2> was used as the home directory.
</share/ddomlab/sdehgha2/working_space/GP_collab/code_python/training/hpc_submit_training_GP> was used as the working directory.
Started at Wed May 27 11:30:05 2026
Terminated at Wed May 27 11:32:00 2026
Results reported at Wed May 27 11:32:00 2026

Your job looked like:

------------------------------------------------------------
# LSBATCH: User input

#BSUB -n 1
#BSUB -W 40
#BSUB -q gpu
#BSUB -gpu "num=1:mode=shared:mps=no"
#BSUB -R "rusage[mem=16GB]"
#BSUB -J "structure_numerical_20260527"
#BSUB -o "/share/ddomlab/sdehgha2/working_space/GP_collab/results/HPC_history/hpc_20260527/Miniaturization of Popular Reactions from the Medicinal Chemists Toolbox for Ultrahigh_Throughput Experimentation/GPytorchMAP_TanimotoMatern32_RBF_product_GPU.out"
#BSUB -e "/share/ddomlab/sdehgha2/working_space/GP_collab/results/HPC_history/hpc_20260527/Miniaturization of Popular Reactions from the Medicinal Chemists Toolbox for Ultrahigh_Throughput Experimentation/GPytorchMAP_TanimotoMatern32_RBF_product_GPU.err"

source ~/.bashrc
module load cuda/12.1
module load gcc/9.3.0
conda activate /usr/local/usrapps/ddomlab/sdehgha2/env12

python ../train_structure_numerical.py --K_fp TanimotoMatern32                                         --K_count RBF                                         --Kernel_mixing_method product                                         --dataset "cleaned_suzuki_synthesis"                                         --paper "Miniaturization of Popular Reactions from the Medicinal Chemists Toolbox for Ultrahigh_Throughput Experimentation" 


------------------------------------------------------------

Successfully completed.

Resource usage summary:

    CPU time :                                   87.96 sec.
    Max Memory :                                 1 GB
    Average Memory :                             0.80 GB
    Total Requested Memory :                     16.00 GB
    Delta Memory :                               15.00 GB
    Max Swap :                                   -
    Max Processes :                              4
    Max Threads :                                8
    Run time :                                   95 sec.
    Turnaround time :                            236 sec.

The output (if any) is above this job summary.



PS:

Read file </share/ddomlab/sdehgha2/working_space/GP_collab/results/HPC_history/hpc_20260527/Miniaturization of Popular Reactions from the Medicinal Chemists Toolbox for Ultrahigh_Throughput Experimentation/GPytorchMAP_TanimotoMatern32_RBF_product_GPU.err> for stderr output of this job.

