Data filtering and preprocessing took 0.04 seconds.
Running seed: 42
Filename: (ECFP3_count_512-COUNT)_(GPytorchMAP_TanimotoMatern32-Matern32_sum)_hypOFF_Standard_Standard_GPU
Data filtering and preprocessing took 0.02 seconds.
Running seed: 42
Filename: (ECFP3_count_512-COUNT)_(GPytorchMAP_TanimotoMatern32-Matern32_sum)_hypOFF_Standard_Standard_GPU
Data filtering and preprocessing took 0.02 seconds.
Running seed: 42
Filename: (ECFP3_count_512-COUNT)_(GPytorchMAP_TanimotoMatern32-Matern32_sum)_hypOFF_Standard_Standard_GPU
Data filtering and preprocessing took 0.02 seconds.
Running seed: 42
Filename: (ECFP3_count_512-COUNT)_(GPytorchMAP_TanimotoMatern32-Matern32_sum)_hypOFF_Standard_Standard_GPU
Data filtering and preprocessing took 0.02 seconds.
Running seed: 42
Filename: (ECFP3_count_512-COUNT)_(GPytorchMAP_TanimotoMatern32-Matern32_sum)_hypOFF_Standard_Standard_GPU
Data filtering and preprocessing took 0.02 seconds.
Running seed: 42
Filename: (ECFP3_count_512-COUNT)_(GPytorchMAP_TanimotoMatern32-Matern32_sum)_hypOFF_Standard_Standard_GPU

------------------------------------------------------------
Sender: LSF System <lsfadmin@gpu15>
Subject: Job 321417: <gpmap_all_20260928_17> in cluster <Hazel> Done

Job <gpmap_all_20260928_17> was submitted from host <login01.hpc.ncsu.edu> by user <sdehgha2> in cluster <Hazel> at Mon Sep 28 11:45:31 2026
Job was executed on host(s) <gpu15>, in queue <gpu>, as user <sdehgha2> in cluster <Hazel> at Mon Sep 28 11:56:27 2026
</home/sdehgha2> was used as the home directory.
</share/ddomlab/sdehgha2/working_space/GP_collab/code_python/training/hpc_submit_training_GP> was used as the working directory.
Started at Mon Sep 28 11:56:27 2026
Terminated at Mon Sep 28 12:19:03 2026
Results reported at Mon Sep 28 12:19:03 2026

Your job looked like:

------------------------------------------------------------
# LSBATCH: User input
#BSUB -n 1
#BSUB -W 10:00
#BSUB -q gpu
#BSUB -gpu "num=1:mode=shared:mps=no"
#BSUB -R "rusage[mem=32GB]"
#BSUB -R "select[a10 || a30 || a100 || l40 || h100]"
#BSUB -J "gpmap_all_20260928_17"
#BSUB -o "/share/ddomlab/sdehgha2/working_space/GP_collab/results/HPC_history/hpc_20260928/Understanding and Designing a High-Performance Ultrafiltration Membrane Using Machine Learning/GPytorchMAP_cleaned_dataset_Ultrafiltration_Membrane_imputed_TanimotoMatern32_Matern32_sum_GPU.out"
#BSUB -e "/share/ddomlab/sdehgha2/working_space/GP_collab/results/HPC_history/hpc_20260928/Understanding and Designing a High-Performance Ultrafiltration Membrane Using Machine Learning/GPytorchMAP_cleaned_dataset_Ultrafiltration_Membrane_imputed_TanimotoMatern32_Matern32_sum_GPU.err"

source ~/.bashrc
module load cuda/12.1
module load gcc/9.3.0
conda activate /usr/local/usrapps/ddomlab/sdehgha2/env12

python ../train_structure_numerical.py --K_fp "TanimotoMatern32"                                         --K_count "Matern32"                                         --Kernel_mixing_method "sum"                                         --paper "Understanding and Designing a High-Performance Ultrafiltration Membrane Using Machine Learning"                                         --dataset "cleaned_dataset_Ultrafiltration Membrane_imputed"                                         --regressor_type "GPytorchMAP"                                         --clustering_method "structure_cluster"

------------------------------------------------------------

Successfully completed.

Resource usage summary:

    CPU time :                                   1320.23 sec.
    Max Memory :                                 1 GB
    Average Memory :                             0.91 GB
    Total Requested Memory :                     32.00 GB
    Delta Memory :                               31.00 GB
    Max Swap :                                   -
    Max Processes :                              4
    Max Threads :                                9
    Run time :                                   1309 sec.
    Turnaround time :                            2012 sec.

The output (if any) is above this job summary.



PS:

Read file </share/ddomlab/sdehgha2/working_space/GP_collab/results/HPC_history/hpc_20260928/Understanding and Designing a High-Performance Ultrafiltration Membrane Using Machine Learning/GPytorchMAP_cleaned_dataset_Ultrafiltration_Membrane_imputed_TanimotoMatern32_Matern32_sum_GPU.err> for stderr output of this job.

Data filtering and preprocessing took 0.03 seconds.
Running seed: 42

------------------------------------------------------------
Sender: LSF System <lsfadmin@gpu15>
Subject: Job 322301: <gpmap_all_20260928_21> in cluster <Hazel> Exited

Job <gpmap_all_20260928_21> was submitted from host <login01.hpc.ncsu.edu> by user <sdehgha2> in cluster <Hazel> at Mon Sep 28 18:23:14 2026
Job was executed on host(s) <gpu15>, in queue <gpu>, as user <sdehgha2> in cluster <Hazel> at Mon Sep 28 21:16:52 2026
</home/sdehgha2> was used as the home directory.
</share/ddomlab/sdehgha2/working_space/GP_collab/code_python/training/hpc_submit_training_GP> was used as the working directory.
Started at Mon Sep 28 21:16:52 2026
Terminated at Mon Sep 28 21:17:28 2026
Results reported at Mon Sep 28 21:17:28 2026

Your job looked like:

------------------------------------------------------------
# LSBATCH: User input
#BSUB -n 1
#BSUB -W 10:00
#BSUB -q gpu
#BSUB -gpu "num=1:mode=shared:mps=no"
#BSUB -R "rusage[mem=32GB]"
#BSUB -R "select[a10 || a30 || a100 || l40 || h100]"
#BSUB -J "gpmap_all_20260928_21"
#BSUB -o "/share/ddomlab/sdehgha2/working_space/GP_collab/results/HPC_history/hpc_20260928/Understanding and Designing a High-Performance Ultrafiltration Membrane Using Machine Learning/GPytorchMAP_cleaned_dataset_Ultrafiltration_Membrane_imputed_TanimotoMatern32_Matern32_sum_GPU.out"
#BSUB -e "/share/ddomlab/sdehgha2/working_space/GP_collab/results/HPC_history/hpc_20260928/Understanding and Designing a High-Performance Ultrafiltration Membrane Using Machine Learning/GPytorchMAP_cleaned_dataset_Ultrafiltration_Membrane_imputed_TanimotoMatern32_Matern32_sum_GPU.err"

source ~/.bashrc
module load cuda/12.1
module load gcc/9.3.0
conda activate /usr/local/usrapps/ddomlab/sdehgha2/env12

python ../train_structure_numerical.py --K_fp "TanimotoMatern32"                                         --K_count "Matern32"                                         --Kernel_mixing_method "sum"                                         --paper "Understanding and Designing a High-Performance Ultrafiltration Membrane Using Machine Learning"                                         --dataset "cleaned_dataset_Ultrafiltration Membrane_imputed"                                         --regressor_type "GPytorchMAP"                                         --clustering_method "continuous_cluster"

------------------------------------------------------------

Exited with exit code 1.

Resource usage summary:

    CPU time :                                   16.60 sec.
    Max Memory :                                 -
    Average Memory :                             -
    Total Requested Memory :                     32.00 GB
    Delta Memory :                               -
    Max Swap :                                   -
    Max Processes :                              6
    Max Threads :                                7
    Run time :                                   36 sec.
    Turnaround time :                            10454 sec.

The output (if any) is above this job summary.



PS:

Read file </share/ddomlab/sdehgha2/working_space/GP_collab/results/HPC_history/hpc_20260928/Understanding and Designing a High-Performance Ultrafiltration Membrane Using Machine Learning/GPytorchMAP_cleaned_dataset_Ultrafiltration_Membrane_imputed_TanimotoMatern32_Matern32_sum_GPU.err> for stderr output of this job.

