Data filtering and preprocessing took 0.03 seconds.
Running seed: 42
Filename: (ECFP3_count_512-COUNT)_RF_hypOFF_Standard_Standard
Data filtering and preprocessing took 0.02 seconds.
Running seed: 42
Filename: (ECFP3_count_512-COUNT)_RF_hypOFF_Standard_Standard
Data filtering and preprocessing took 0.02 seconds.
Running seed: 42
Filename: (ECFP3_count_512-COUNT)_RF_hypOFF_Standard_Standard
Data filtering and preprocessing took 0.03 seconds.
Running seed: 42
Filename: (ECFP3_count_512-COUNT)_RF_hypOFF_Standard_Standard
Data filtering and preprocessing took 0.02 seconds.
Running seed: 42
Filename: (ECFP3_count_512-COUNT)_RF_hypOFF_Standard_Standard
Data filtering and preprocessing took 0.02 seconds.
Running seed: 42
Filename: (ECFP3_count_512-COUNT)_RF_hypOFF_Standard_Standard

------------------------------------------------------------
Sender: LSF System <lsfadmin@c012n02>
Subject: Job 321434: <tree_selected_20260928_13> in cluster <Hazel> Done

Job <tree_selected_20260928_13> was submitted from host <login01.hpc.ncsu.edu> by user <sdehgha2> in cluster <Hazel> at Mon Sep 28 11:46:01 2026
Job was executed on host(s) <6*c012n02>, in queue <single_chassis>, as user <sdehgha2> in cluster <Hazel> at Mon Sep 28 12:05:55 2026
</home/sdehgha2> was used as the home directory.
</share/ddomlab/sdehgha2/working_space/GP_collab/code_python/training/hpc_submit_training_GP> was used as the working directory.
Started at Mon Sep 28 12:05:55 2026
Terminated at Mon Sep 28 12:07:28 2026
Results reported at Mon Sep 28 12:07:28 2026

Your job looked like:

------------------------------------------------------------
# LSBATCH: User input
#BSUB -n 6
#BSUB -W 5:00
#BSUB -R span[hosts=1]
#BSUB -R "rusage[mem=32GB]"
#BSUB -J "tree_selected_20260928_13"
#BSUB -o "/share/ddomlab/sdehgha2/working_space/GP_collab/results/HPC_history/hpc_20260928/Understanding and Designing a High-Performance Ultrafiltration Membrane Using Machine Learning/RF_cleaned_dataset_Ultrafiltration_Membrane_imputed_CPU.out"
#BSUB -e "/share/ddomlab/sdehgha2/working_space/GP_collab/results/HPC_history/hpc_20260928/Understanding and Designing a High-Performance Ultrafiltration Membrane Using Machine Learning/RF_cleaned_dataset_Ultrafiltration_Membrane_imputed_CPU.err"

source ~/.bashrc
conda activate /usr/local/usrapps/ddomlab/sdehgha2/env12

python ../train_structure_numerical.py --regressor_type "RF"                                         --dataset "cleaned_dataset_Ultrafiltration Membrane_imputed"                                         --paper "Understanding and Designing a High-Performance Ultrafiltration Membrane Using Machine Learning"                                         --clustering_method "structure_cluster"

------------------------------------------------------------

Successfully completed.

Resource usage summary:

    CPU time :                                   240.29 sec.
    Max Memory :                                 3 GB
    Average Memory :                             1.00 GB
    Total Requested Memory :                     32.00 GB
    Delta Memory :                               29.00 GB
    Max Swap :                                   -
    Max Processes :                              12
    Max Threads :                                15
    Run time :                                   108 sec.
    Turnaround time :                            1287 sec.

The output (if any) is above this job summary.



PS:

Read file </share/ddomlab/sdehgha2/working_space/GP_collab/results/HPC_history/hpc_20260928/Understanding and Designing a High-Performance Ultrafiltration Membrane Using Machine Learning/RF_cleaned_dataset_Ultrafiltration_Membrane_imputed_CPU.err> for stderr output of this job.

Data filtering and preprocessing took 0.03 seconds.
Running seed: 42
Filename: (ECFP3_count_512-COUNT)_RF_hypOFF_Standard_Standard
Data filtering and preprocessing took 0.03 seconds.
Running seed: 42
Filename: (ECFP3_count_512-COUNT)_RF_hypOFF_Standard_Standard
Data filtering and preprocessing took 0.02 seconds.
Running seed: 42
Filename: (ECFP3_count_512-COUNT)_RF_hypOFF_Standard_Standard
Data filtering and preprocessing took 0.02 seconds.
Running seed: 42
Filename: (ECFP3_count_512-COUNT)_RF_hypOFF_Standard_Standard
Data filtering and preprocessing took 0.02 seconds.
Running seed: 42
Filename: (ECFP3_count_512-COUNT)_RF_hypOFF_Standard_Standard
Data filtering and preprocessing took 0.02 seconds.
Running seed: 42
Filename: (ECFP3_count_512-COUNT)_RF_hypOFF_Standard_Standard

------------------------------------------------------------
Sender: LSF System <lsfadmin@c019n04>
Subject: Job 322278: <tree_selected_20260928_16> in cluster <Hazel> Done

Job <tree_selected_20260928_16> was submitted from host <login01.hpc.ncsu.edu> by user <sdehgha2> in cluster <Hazel> at Mon Sep 28 18:22:55 2026
Job was executed on host(s) <6*c019n04>, in queue <single_chassis>, as user <sdehgha2> in cluster <Hazel> at Mon Sep 28 19:52:40 2026
</home/sdehgha2> was used as the home directory.
</share/ddomlab/sdehgha2/working_space/GP_collab/code_python/training/hpc_submit_training_GP> was used as the working directory.
Started at Mon Sep 28 19:52:40 2026
Terminated at Mon Sep 28 19:55:08 2026
Results reported at Mon Sep 28 19:55:08 2026

Your job looked like:

------------------------------------------------------------
# LSBATCH: User input
#BSUB -n 6
#BSUB -W 5:00
#BSUB -R span[hosts=1]
#BSUB -R "rusage[mem=32GB]"
#BSUB -J "tree_selected_20260928_16"
#BSUB -o "/share/ddomlab/sdehgha2/working_space/GP_collab/results/HPC_history/hpc_20260928/Understanding and Designing a High-Performance Ultrafiltration Membrane Using Machine Learning/RF_cleaned_dataset_Ultrafiltration_Membrane_imputed_CPU.out"
#BSUB -e "/share/ddomlab/sdehgha2/working_space/GP_collab/results/HPC_history/hpc_20260928/Understanding and Designing a High-Performance Ultrafiltration Membrane Using Machine Learning/RF_cleaned_dataset_Ultrafiltration_Membrane_imputed_CPU.err"

source ~/.bashrc
conda activate /usr/local/usrapps/ddomlab/sdehgha2/env12

python ../train_structure_numerical.py --regressor_type "RF"                                         --dataset "cleaned_dataset_Ultrafiltration Membrane_imputed"                                         --paper "Understanding and Designing a High-Performance Ultrafiltration Membrane Using Machine Learning"                                         --clustering_method "continuous_cluster"

------------------------------------------------------------

Successfully completed.

Resource usage summary:

    CPU time :                                   655.19 sec.
    Max Memory :                                 3 GB
    Average Memory :                             1.71 GB
    Total Requested Memory :                     32.00 GB
    Delta Memory :                               29.00 GB
    Max Swap :                                   -
    Max Processes :                              12
    Max Threads :                                35
    Run time :                                   149 sec.
    Turnaround time :                            5533 sec.

The output (if any) is above this job summary.



PS:

Read file </share/ddomlab/sdehgha2/working_space/GP_collab/results/HPC_history/hpc_20260928/Understanding and Designing a High-Performance Ultrafiltration Membrane Using Machine Learning/RF_cleaned_dataset_Ultrafiltration_Membrane_imputed_CPU.err> for stderr output of this job.

