
------------------------------------------------------------
Sender: LSF System <lsfadmin@c200n06>
Subject: Job 886754: <structure_numerical_20260104> in cluster <Hazel> Exited

Job <structure_numerical_20260104> was submitted from host <c207n13> by user <sdehgha2> in cluster <Hazel> at Sun Jan  4 15:36:44 2026
Job was executed on host(s) <6*c200n06>, in queue <single_chassis>, as user <sdehgha2> in cluster <Hazel> at Sun Jan  4 15:36:45 2026
</tmp/.lsbtmp404534> was used as the home directory.
</share/ddomlab/sdehgha2/working-space/main/_colab_GP/GP_collab/code_/training/hpc_submit_training_GP> was used as the working directory.
Started at Sun Jan  4 15:36:45 2026
Terminated at Sun Jan  4 15:37:13 2026
Results reported at Sun Jan  4 15:37:13 2026

Your job looked like:

------------------------------------------------------------
# LSBATCH: User input



#BSUB -n 6
#BSUB -W 32:00
#BSUB -R span[hosts=1]
#BSUB -R "rusage[mem=32GB]"
#BSUB -J "structure_numerical_20260104"
#BSUB -o "/share/ddomlab/sdehgha2/working-space/main/_colab_GP/GP_collab/results/HPC_history/hpc_20260104/GpyroMCMC_TanimotoRBF_RBF_averageProduct.out"
#BSUB -e "/share/ddomlab/sdehgha2/working-space/main/_colab_GP/GP_collab/results/HPC_history/hpc_20260104/GpyroMCMC_TanimotoRBF_RBF_averageProduct.err"

source ~/.bashrc
conda activate /usr/local/usrapps/ddomlab/sdehgha2/torch_cpu
python ../train_structure_numerical.py --K_fp TanimotoRBF                                         --K_count RBF                                         --Kernel_mixing_method averageProduct 


------------------------------------------------------------

Exited with exit code 1.

Resource usage summary:

    CPU time :                                   6.35 sec.
    Max Memory :                                 -
    Average Memory :                             -
    Total Requested Memory :                     32.00 GB
    Delta Memory :                               -
    Max Swap :                                   -
    Max Processes :                              4
    Max Threads :                                5
    Run time :                                   34 sec.
    Turnaround time :                            29 sec.

The output (if any) is above this job summary.



PS:

Read file </share/ddomlab/sdehgha2/working-space/main/_colab_GP/GP_collab/results/HPC_history/hpc_20260104/GpyroMCMC_TanimotoRBF_RBF_averageProduct.err> for stderr output of this job.

Running seed: 6
No hyperparameter optimization
Running seed: 6
No hyperparameter optimization
Running seed: 6
No hyperparameter optimization
Running seed: 13
No hyperparameter optimization
Running seed: 42
No hyperparameter optimization
Average scores:	 rmse: 0.22±0.02	 r2: 0.88±0.03
Filename: (ECFP3_count_512-COUNT)_(GpyroMCMC_TanimotoRBF-RBF_averageProduct)_hypOFF_Standard_Standard
Running seed: 6
No hyperparameter optimization
Running seed: 13
No hyperparameter optimization
Running seed: 42
No hyperparameter optimization
Running seed: 6
No hyperparameter optimization
Average scores:	 rmse: 0.29±0.03	 r2: 0.97±0.01
Filename: (ECFP3_count_512-COUNT)_(GpyroMCMC_TanimotoRBF-RBF_averageProduct)_hypOFF_Standard_Standard

------------------------------------------------------------
Sender: LSF System <lsfadmin@c012n04>
Subject: Job 886890: <structure_numerical_20260104> in cluster <Hazel> Done

Job <structure_numerical_20260104> was submitted from host <c201n04> by user <sdehgha2> in cluster <Hazel> at Sun Jan  4 15:55:29 2026
Job was executed on host(s) <6*c012n04>, in queue <single_chassis>, as user <sdehgha2> in cluster <Hazel> at Sun Jan  4 15:57:12 2026
</tmp/.lsbtmp404534> was used as the home directory.
</share/ddomlab/sdehgha2/working-space/main/_colab_GP/GP_collab/code_/training/hpc_submit_training_GP> was used as the working directory.
Started at Sun Jan  4 15:57:12 2026
Terminated at Sun Jan  4 16:26:19 2026
Results reported at Sun Jan  4 16:26:19 2026

Your job looked like:

------------------------------------------------------------
# LSBATCH: User input



#BSUB -n 6
#BSUB -W 5:00
#BSUB -R span[hosts=1]
#BSUB -R "rusage[mem=32GB]"
#BSUB -J "structure_numerical_20260104"
#BSUB -o "/share/ddomlab/sdehgha2/working-space/main/_colab_GP/GP_collab/results/HPC_history/hpc_20260104/GpyroMCMC_TanimotoRBF_RBF_averageProduct.out"
#BSUB -e "/share/ddomlab/sdehgha2/working-space/main/_colab_GP/GP_collab/results/HPC_history/hpc_20260104/GpyroMCMC_TanimotoRBF_RBF_averageProduct.err"

source ~/.bashrc
conda activate /usr/local/usrapps/ddomlab/sdehgha2/torch_cpu
python ../train_structure_numerical.py --K_fp TanimotoRBF                                         --K_count RBF                                         --Kernel_mixing_method averageProduct 


------------------------------------------------------------

Successfully completed.

Resource usage summary:

    CPU time :                                   7886.29 sec.
    Max Memory :                                 10 GB
    Average Memory :                             6.61 GB
    Total Requested Memory :                     32.00 GB
    Delta Memory :                               22.00 GB
    Max Swap :                                   -
    Max Processes :                              38
    Max Threads :                                51
    Run time :                                   1749 sec.
    Turnaround time :                            1850 sec.

The output (if any) is above this job summary.



PS:

Read file </share/ddomlab/sdehgha2/working-space/main/_colab_GP/GP_collab/results/HPC_history/hpc_20260104/GpyroMCMC_TanimotoRBF_RBF_averageProduct.err> for stderr output of this job.

Running seed: 6
No hyperparameter optimization
Running seed: 13
No hyperparameter optimization
Running seed: 42
No hyperparameter optimization
Average scores:	 rmse: 80.13±10.78	 r2: 0.74±0.07
Filename: (ECFP3_count_512-COUNT)_(GpyroMCMC_TanimotoRBF-RBF_averageProduct)_mean_hypOFF_Standard_Standard
Running seed: 6
No hyperparameter optimization
Running seed: 13
No hyperparameter optimization
Running seed: 42
No hyperparameter optimization
Average scores:	 rmse: 10.58±1.01	 r2: 0.57±0.13
Filename: (ECFP3_count_512-COUNT)_(GpyroMCMC_TanimotoRBF-RBF_averageProduct)_mean_hypOFF_Standard_Standard
Running seed: 6
No hyperparameter optimization
Running seed: 13
No hyperparameter optimization
Running seed: 42
No hyperparameter optimization
Average scores:	 rmse: 10.43±1.12	 r2: 0.69±0.07
Filename: (ECFP3_count_512-COUNT)_(GpyroMCMC_TanimotoRBF-RBF_averageProduct)_mean_hypOFF_Standard_Standard
Running seed: 6
No hyperparameter optimization
Running seed: 13
No hyperparameter optimization
Running seed: 42
No hyperparameter optimization

------------------------------------------------------------
Sender: LSF System <lsfadmin@c013n03>
Subject: Job 886933: <structure_numerical_20260104> in cluster <Hazel> Exited

Job <structure_numerical_20260104> was submitted from host <c205n10> by user <sdehgha2> in cluster <Hazel> at Sun Jan  4 16:20:17 2026
Job was executed on host(s) <6*c013n03>, in queue <single_chassis>, as user <sdehgha2> in cluster <Hazel> at Sun Jan  4 16:22:30 2026
</tmp/.lsbtmp404534> was used as the home directory.
</share/ddomlab/sdehgha2/working-space/main/_colab_GP/GP_collab/code_/training/hpc_submit_training_GP> was used as the working directory.
Started at Sun Jan  4 16:22:30 2026
Terminated at Sun Jan  4 16:58:33 2026
Results reported at Sun Jan  4 16:58:33 2026

Your job looked like:

------------------------------------------------------------
# LSBATCH: User input



#BSUB -n 6
#BSUB -W 10:00
#BSUB -R span[hosts=1]
#BSUB -R "rusage[mem=32GB]"
#BSUB -J "structure_numerical_20260104"
#BSUB -o "/share/ddomlab/sdehgha2/working-space/main/_colab_GP/GP_collab/results/HPC_history/hpc_20260104/GpyroMCMC_TanimotoRBF_RBF_averageProduct.out"
#BSUB -e "/share/ddomlab/sdehgha2/working-space/main/_colab_GP/GP_collab/results/HPC_history/hpc_20260104/GpyroMCMC_TanimotoRBF_RBF_averageProduct.err"

source ~/.bashrc
conda activate /usr/local/usrapps/ddomlab/sdehgha2/torch_cpu
python ../train_structure_numerical.py --K_fp TanimotoRBF                                         --K_count RBF                                         --Kernel_mixing_method averageProduct 


------------------------------------------------------------

Exited with exit code 1.

Resource usage summary:

    CPU time :                                   7563.33 sec.
    Max Memory :                                 5 GB
    Average Memory :                             3.47 GB
    Total Requested Memory :                     32.00 GB
    Delta Memory :                               27.00 GB
    Max Swap :                                   -
    Max Processes :                              38
    Max Threads :                                46
    Run time :                                   2189 sec.
    Turnaround time :                            2296 sec.

The output (if any) is above this job summary.



PS:

Read file </share/ddomlab/sdehgha2/working-space/main/_colab_GP/GP_collab/results/HPC_history/hpc_20260104/GpyroMCMC_TanimotoRBF_RBF_averageProduct.err> for stderr output of this job.

Average scores:	 rmse: 8.99±1.27	 r2: 0.5±0.1
Filename: (ECFP3_count_512-COUNT)_(GpyroMCMC_TanimotoRBF-RBF_averageProduct)_mean_hypOFF_Standard_Standard
Running seed: 6
No hyperparameter optimization
Running seed: 13
No hyperparameter optimization
Running seed: 42
No hyperparameter optimization
Average scores:	 rmse: 10.83±1.72	 r2: 0.68±0.1
Filename: (ECFP3_count_512-COUNT)_(GpyroMCMC_TanimotoRBF-RBF_averageProduct)_mean_hypOFF_Standard_Standard
Running seed: 6
No hyperparameter optimization
Running seed: 13
No hyperparameter optimization
Running seed: 42
No hyperparameter optimization
Average scores:	 rmse: 9.0±1.21	 r2: 0.5±0.09
Filename: (ECFP3_count_512-COUNT)_(GpyroMCMC_TanimotoRBF-RBF_averageProduct)_mean_hypOFF_Standard_Standard

------------------------------------------------------------
Sender: LSF System <lsfadmin@c012n04>
Subject: Job 886983: <structure_numerical_20260104> in cluster <Hazel> Done

Job <structure_numerical_20260104> was submitted from host <c202n05> by user <sdehgha2> in cluster <Hazel> at Sun Jan  4 16:35:05 2026
Job was executed on host(s) <6*c012n04>, in queue <single_chassis>, as user <sdehgha2> in cluster <Hazel> at Sun Jan  4 16:35:56 2026
</tmp/.lsbtmp404534> was used as the home directory.
</share/ddomlab/sdehgha2/working-space/main/_colab_GP/GP_collab/code_/training/hpc_submit_training_GP> was used as the working directory.
Started at Sun Jan  4 16:35:56 2026
Terminated at Sun Jan  4 17:07:26 2026
Results reported at Sun Jan  4 17:07:26 2026

Your job looked like:

------------------------------------------------------------
# LSBATCH: User input



#BSUB -n 6
#BSUB -W 10:00
#BSUB -R span[hosts=1]
#BSUB -R "rusage[mem=32GB]"
#BSUB -J "structure_numerical_20260104"
#BSUB -o "/share/ddomlab/sdehgha2/working-space/main/_colab_GP/GP_collab/results/HPC_history/hpc_20260104/GpyroMCMC_TanimotoRBF_RBF_averageProduct.out"
#BSUB -e "/share/ddomlab/sdehgha2/working-space/main/_colab_GP/GP_collab/results/HPC_history/hpc_20260104/GpyroMCMC_TanimotoRBF_RBF_averageProduct.err"

source ~/.bashrc
conda activate /usr/local/usrapps/ddomlab/sdehgha2/torch_cpu
python ../train_structure_numerical.py --K_fp TanimotoRBF                                         --K_count RBF                                         --Kernel_mixing_method averageProduct 


------------------------------------------------------------

Successfully completed.

Resource usage summary:

    CPU time :                                   8333.00 sec.
    Max Memory :                                 15 GB
    Average Memory :                             9.70 GB
    Total Requested Memory :                     32.00 GB
    Delta Memory :                               17.00 GB
    Max Swap :                                   -
    Max Processes :                              38
    Max Threads :                                61
    Run time :                                   1916 sec.
    Turnaround time :                            1941 sec.

The output (if any) is above this job summary.



PS:

Read file </share/ddomlab/sdehgha2/working-space/main/_colab_GP/GP_collab/results/HPC_history/hpc_20260104/GpyroMCMC_TanimotoRBF_RBF_averageProduct.err> for stderr output of this job.

Running seed: 13
No hyperparameter optimization
Running seed: 13
No hyperparameter optimization
Running seed: 42
No hyperparameter optimization
Running seed: 42
No hyperparameter optimization
Average scores:	 rmse: 0.42±0.03	 r2: 0.79±0.03
Filename: (ECFP3_count_512-COUNT)_(GpyroMCMC_TanimotoRBF-RBF_averageProduct)_hypOFF_Standard_Standard

------------------------------------------------------------
Sender: LSF System <lsfadmin@c004n03>
Subject: Job 886828: <structure_numerical_20260104> in cluster <Hazel> Done

Job <structure_numerical_20260104> was submitted from host <c207n13> by user <sdehgha2> in cluster <Hazel> at Sun Jan  4 15:42:50 2026
Job was executed on host(s) <6*c004n03>, in queue <single_chassis>, as user <sdehgha2> in cluster <Hazel> at Sun Jan  4 15:44:35 2026
</tmp/.lsbtmp404534> was used as the home directory.
</share/ddomlab/sdehgha2/working-space/main/_colab_GP/GP_collab/code_/training/hpc_submit_training_GP> was used as the working directory.
Started at Sun Jan  4 15:44:35 2026
Terminated at Sun Jan  4 23:25:59 2026
Results reported at Sun Jan  4 23:25:59 2026

Your job looked like:

------------------------------------------------------------
# LSBATCH: User input



#BSUB -n 6
#BSUB -W 32:00
#BSUB -R span[hosts=1]
#BSUB -R "rusage[mem=32GB]"
#BSUB -J "structure_numerical_20260104"
#BSUB -o "/share/ddomlab/sdehgha2/working-space/main/_colab_GP/GP_collab/results/HPC_history/hpc_20260104/GpyroMCMC_TanimotoRBF_RBF_averageProduct.out"
#BSUB -e "/share/ddomlab/sdehgha2/working-space/main/_colab_GP/GP_collab/results/HPC_history/hpc_20260104/GpyroMCMC_TanimotoRBF_RBF_averageProduct.err"

source ~/.bashrc
conda activate /usr/local/usrapps/ddomlab/sdehgha2/torch_cpu
python ../train_structure_numerical.py --K_fp TanimotoRBF                                         --K_count RBF                                         --Kernel_mixing_method averageProduct 


------------------------------------------------------------

Successfully completed.

Resource usage summary:

    CPU time :                                   102437.50 sec.
    Max Memory :                                 58 GB
    Average Memory :                             21.14 GB
    Total Requested Memory :                     32.00 GB
    Delta Memory :                               -26.00 GB
    Max Swap :                                   23 GB
    Max Processes :                              38
    Max Threads :                                47
    Run time :                                   27684 sec.
    Turnaround time :                            27789 sec.

The output (if any) is above this job summary.



PS:

Read file </share/ddomlab/sdehgha2/working-space/main/_colab_GP/GP_collab/results/HPC_history/hpc_20260104/GpyroMCMC_TanimotoRBF_RBF_averageProduct.err> for stderr output of this job.

Average scores:	 rmse: 0.34±0.01	 r2: 0.78±0.02
Filename: (ECFP3_count_512-COUNT)_(GpyroMCMC_TanimotoRBF-RBF_averageProduct)_hypOFF_Standard_Standard

------------------------------------------------------------
Sender: LSF System <lsfadmin@c200n12>
Subject: Job 886791: <structure_numerical_20260104> in cluster <Hazel> Done

Job <structure_numerical_20260104> was submitted from host <c207n13> by user <sdehgha2> in cluster <Hazel> at Sun Jan  4 15:40:13 2026
Job was executed on host(s) <6*c200n12>, in queue <single_chassis>, as user <sdehgha2> in cluster <Hazel> at Sun Jan  4 15:40:14 2026
</tmp/.lsbtmp404534> was used as the home directory.
</share/ddomlab/sdehgha2/working-space/main/_colab_GP/GP_collab/code_/training/hpc_submit_training_GP> was used as the working directory.
Started at Sun Jan  4 15:40:14 2026
Terminated at Mon Jan  5 02:05:31 2026
Results reported at Mon Jan  5 02:05:31 2026

Your job looked like:

------------------------------------------------------------
# LSBATCH: User input



#BSUB -n 6
#BSUB -W 32:00
#BSUB -R span[hosts=1]
#BSUB -R "rusage[mem=32GB]"
#BSUB -J "structure_numerical_20260104"
#BSUB -o "/share/ddomlab/sdehgha2/working-space/main/_colab_GP/GP_collab/results/HPC_history/hpc_20260104/GpyroMCMC_TanimotoRBF_RBF_averageProduct.out"
#BSUB -e "/share/ddomlab/sdehgha2/working-space/main/_colab_GP/GP_collab/results/HPC_history/hpc_20260104/GpyroMCMC_TanimotoRBF_RBF_averageProduct.err"

source ~/.bashrc
conda activate /usr/local/usrapps/ddomlab/sdehgha2/torch_cpu
python ../train_structure_numerical.py --K_fp TanimotoRBF                                         --K_count RBF                                         --Kernel_mixing_method averageProduct 


------------------------------------------------------------

Successfully completed.

Resource usage summary:

    CPU time :                                   138456.05 sec.
    Max Memory :                                 39 GB
    Average Memory :                             17.50 GB
    Total Requested Memory :                     32.00 GB
    Delta Memory :                               -7.00 GB
    Max Swap :                                   -
    Max Processes :                              26
    Max Threads :                                34
    Run time :                                   37518 sec.
    Turnaround time :                            37518 sec.

The output (if any) is above this job summary.



PS:

Read file </share/ddomlab/sdehgha2/working-space/main/_colab_GP/GP_collab/results/HPC_history/hpc_20260104/GpyroMCMC_TanimotoRBF_RBF_averageProduct.err> for stderr output of this job.

