
------------------------------------------------------------
Sender: LSF System <lsfadmin@c202n07>
Subject: Job 886744: <structure_numerical_20260104> in cluster <Hazel> Exited

Job <structure_numerical_20260104> was submitted from host <c207n13> by user <sdehgha2> in cluster <Hazel> at Sun Jan  4 15:36:41 2026
Job was executed on host(s) <6*c202n07>, in queue <single_chassis>, as user <sdehgha2> in cluster <Hazel> at Sun Jan  4 15:36:42 2026
</tmp/.lsbtmp404534> was used as the home directory.
</share/ddomlab/sdehgha2/working-space/main/_colab_GP/GP_collab/code_/training/hpc_submit_training_GP> was used as the working directory.
Started at Sun Jan  4 15:36:42 2026
Terminated at Sun Jan  4 15:37:13 2026
Results reported at Sun Jan  4 15:37:13 2026

Your job looked like:

------------------------------------------------------------
# LSBATCH: User input



#BSUB -n 6
#BSUB -W 32:00
#BSUB -R span[hosts=1]
#BSUB -R "rusage[mem=32GB]"
#BSUB -J "structure_numerical_20260104"
#BSUB -o "/share/ddomlab/sdehgha2/working-space/main/_colab_GP/GP_collab/results/HPC_history/hpc_20260104/GpyroMCMC_TanimotoMatern32_Matern52_product.out"
#BSUB -e "/share/ddomlab/sdehgha2/working-space/main/_colab_GP/GP_collab/results/HPC_history/hpc_20260104/GpyroMCMC_TanimotoMatern32_Matern52_product.err"

source ~/.bashrc
conda activate /usr/local/usrapps/ddomlab/sdehgha2/torch_cpu
python ../train_structure_numerical.py --K_fp TanimotoMatern32                                         --K_count Matern52                                         --Kernel_mixing_method product 


------------------------------------------------------------

Exited with exit code 1.

Resource usage summary:

    CPU time :                                   10.39 sec.
    Max Memory :                                 -
    Average Memory :                             -
    Total Requested Memory :                     32.00 GB
    Delta Memory :                               -
    Max Swap :                                   -
    Max Processes :                              4
    Max Threads :                                5
    Run time :                                   56 sec.
    Turnaround time :                            32 sec.

The output (if any) is above this job summary.



PS:

Read file </share/ddomlab/sdehgha2/working-space/main/_colab_GP/GP_collab/results/HPC_history/hpc_20260104/GpyroMCMC_TanimotoMatern32_Matern52_product.err> for stderr output of this job.

Running seed: 6
No hyperparameter optimization
Running seed: 6
No hyperparameter optimization

------------------------------------------------------------
Sender: LSF System <lsfadmin@c202n13>
Subject: Job 886818: <structure_numerical_20260104> in cluster <Hazel> Exited

Job <structure_numerical_20260104> was submitted from host <c207n13> by user <sdehgha2> in cluster <Hazel> at Sun Jan  4 15:42:47 2026
Job was executed on host(s) <6*c202n13>, in queue <single_chassis>, as user <sdehgha2> in cluster <Hazel> at Sun Jan  4 15:43:46 2026
</tmp/.lsbtmp404534> was used as the home directory.
</share/ddomlab/sdehgha2/working-space/main/_colab_GP/GP_collab/code_/training/hpc_submit_training_GP> was used as the working directory.
Started at Sun Jan  4 15:43:46 2026
Terminated at Sun Jan  4 15:47:43 2026
Results reported at Sun Jan  4 15:47:43 2026

Your job looked like:

------------------------------------------------------------
# LSBATCH: User input



#BSUB -n 6
#BSUB -W 32:00
#BSUB -R span[hosts=1]
#BSUB -R "rusage[mem=32GB]"
#BSUB -J "structure_numerical_20260104"
#BSUB -o "/share/ddomlab/sdehgha2/working-space/main/_colab_GP/GP_collab/results/HPC_history/hpc_20260104/GpyroMCMC_TanimotoMatern32_Matern52_product.out"
#BSUB -e "/share/ddomlab/sdehgha2/working-space/main/_colab_GP/GP_collab/results/HPC_history/hpc_20260104/GpyroMCMC_TanimotoMatern32_Matern52_product.err"

source ~/.bashrc
conda activate /usr/local/usrapps/ddomlab/sdehgha2/torch_cpu
python ../train_structure_numerical.py --K_fp TanimotoMatern32                                         --K_count Matern52                                         --Kernel_mixing_method product 


------------------------------------------------------------

Exited with exit code 1.

Resource usage summary:

    CPU time :                                   425.11 sec.
    Max Memory :                                 61 GB
    Average Memory :                             26.50 GB
    Total Requested Memory :                     32.00 GB
    Delta Memory :                               -29.00 GB
    Max Swap :                                   1 GB
    Max Processes :                              30
    Max Threads :                                38
    Run time :                                   263 sec.
    Turnaround time :                            296 sec.

The output (if any) is above this job summary.



PS:

Read file </share/ddomlab/sdehgha2/working-space/main/_colab_GP/GP_collab/results/HPC_history/hpc_20260104/GpyroMCMC_TanimotoMatern32_Matern52_product.err> for stderr output of this job.

Running seed: 6
No hyperparameter optimization
Running seed: 13
No hyperparameter optimization
Running seed: 42
No hyperparameter optimization
Average scores:	 rmse: 0.2±0.03	 r2: 0.9±0.03
Filename: (ECFP3_count_512-COUNT)_(GpyroMCMC_TanimotoMatern32-Matern52_product)_hypOFF_Standard_Standard
Running seed: 6
No hyperparameter optimization
Running seed: 13
No hyperparameter optimization
Running seed: 6
No hyperparameter optimization
Running seed: 42
No hyperparameter optimization
Running seed: 13
No hyperparameter optimization
Average scores:	 rmse: 0.26±0.06	 r2: 0.97±0.01
Filename: (ECFP3_count_512-COUNT)_(GpyroMCMC_TanimotoMatern32-Matern52_product)_hypOFF_Standard_Standard

------------------------------------------------------------
Sender: LSF System <lsfadmin@c012n01>
Subject: Job 886880: <structure_numerical_20260104> in cluster <Hazel> Done

Job <structure_numerical_20260104> was submitted from host <c201n04> by user <sdehgha2> in cluster <Hazel> at Sun Jan  4 15:55:23 2026
Job was executed on host(s) <6*c012n01>, in queue <single_chassis>, as user <sdehgha2> in cluster <Hazel> at Sun Jan  4 15:56:39 2026
</tmp/.lsbtmp404534> was used as the home directory.
</share/ddomlab/sdehgha2/working-space/main/_colab_GP/GP_collab/code_/training/hpc_submit_training_GP> was used as the working directory.
Started at Sun Jan  4 15:56:39 2026
Terminated at Sun Jan  4 16:34:18 2026
Results reported at Sun Jan  4 16:34:18 2026

Your job looked like:

------------------------------------------------------------
# LSBATCH: User input



#BSUB -n 6
#BSUB -W 5:00
#BSUB -R span[hosts=1]
#BSUB -R "rusage[mem=32GB]"
#BSUB -J "structure_numerical_20260104"
#BSUB -o "/share/ddomlab/sdehgha2/working-space/main/_colab_GP/GP_collab/results/HPC_history/hpc_20260104/GpyroMCMC_TanimotoMatern32_Matern52_product.out"
#BSUB -e "/share/ddomlab/sdehgha2/working-space/main/_colab_GP/GP_collab/results/HPC_history/hpc_20260104/GpyroMCMC_TanimotoMatern32_Matern52_product.err"

source ~/.bashrc
conda activate /usr/local/usrapps/ddomlab/sdehgha2/torch_cpu
python ../train_structure_numerical.py --K_fp TanimotoMatern32                                         --K_count Matern52                                         --Kernel_mixing_method product 


------------------------------------------------------------

Successfully completed.

Resource usage summary:

    CPU time :                                   10233.00 sec.
    Max Memory :                                 11 GB
    Average Memory :                             7.65 GB
    Total Requested Memory :                     32.00 GB
    Delta Memory :                               21.00 GB
    Max Swap :                                   -
    Max Processes :                              38
    Max Threads :                                48
    Run time :                                   2285 sec.
    Turnaround time :                            2335 sec.

The output (if any) is above this job summary.



PS:

Read file </share/ddomlab/sdehgha2/working-space/main/_colab_GP/GP_collab/results/HPC_history/hpc_20260104/GpyroMCMC_TanimotoMatern32_Matern52_product.err> for stderr output of this job.

Running seed: 6
No hyperparameter optimization
Running seed: 13
No hyperparameter optimization
Running seed: 42
No hyperparameter optimization
Average scores:	 rmse: 70.57±9.88	 r2: 0.8±0.05
Filename: (ECFP3_count_512-COUNT)_(GpyroMCMC_TanimotoMatern32-Matern52_product)_mean_hypOFF_Standard_Standard
Running seed: 6
No hyperparameter optimization
Running seed: 42
No hyperparameter optimization
Running seed: 13
No hyperparameter optimization
Running seed: 42
No hyperparameter optimization
Average scores:	 rmse: 9.19±1.36	 r2: 0.67±0.14
Filename: (ECFP3_count_512-COUNT)_(GpyroMCMC_TanimotoMatern32-Matern52_product)_mean_hypOFF_Standard_Standard
Running seed: 6
No hyperparameter optimization
Running seed: 13
No hyperparameter optimization
Running seed: 42
No hyperparameter optimization
Average scores:	 rmse: 10.15±1.51	 r2: 0.71±0.08
Filename: (ECFP3_count_512-COUNT)_(GpyroMCMC_TanimotoMatern32-Matern52_product)_mean_hypOFF_Standard_Standard
Running seed: 6
No hyperparameter optimization
Running seed: 13
No hyperparameter optimization
Running seed: 42
No hyperparameter optimization
Average scores:	 rmse: 10.12±1.24	 r2: 0.37±0.09
Filename: (ECFP3_count_512-COUNT)_(GpyroMCMC_TanimotoMatern32-Matern52_product)_mean_hypOFF_Standard_Standard
Running seed: 6
No hyperparameter optimization
Running seed: 13
No hyperparameter optimization
Running seed: 42
No hyperparameter optimization
Average scores:	 rmse: 9.9±1.66	 r2: 0.73±0.09
Filename: (ECFP3_count_512-COUNT)_(GpyroMCMC_TanimotoMatern32-Matern52_product)_mean_hypOFF_Standard_Standard
Running seed: 6
No hyperparameter optimization
Average scores:	 rmse: 2.2±0.14	 r2: 0.49±0.06
Filename: (ECFP3_count_512-COUNT)_(GpyroMCMC_TanimotoMatern32-Matern52_product)_hypOFF_Standard_Standard

------------------------------------------------------------
Sender: LSF System <lsfadmin@c021n02>
Subject: Job 886923: <structure_numerical_20260104> in cluster <Hazel> Done

Job <structure_numerical_20260104> was submitted from host <c205n10> by user <sdehgha2> in cluster <Hazel> at Sun Jan  4 16:20:12 2026
Job was executed on host(s) <6*c021n02>, in queue <single_chassis>, as user <sdehgha2> in cluster <Hazel> at Sun Jan  4 16:21:26 2026
</tmp/.lsbtmp404534> was used as the home directory.
</share/ddomlab/sdehgha2/working-space/main/_colab_GP/GP_collab/code_/training/hpc_submit_training_GP> was used as the working directory.
Started at Sun Jan  4 16:21:26 2026
Terminated at Sun Jan  4 17:07:14 2026
Results reported at Sun Jan  4 17:07:14 2026

Your job looked like:

------------------------------------------------------------
# LSBATCH: User input



#BSUB -n 6
#BSUB -W 10:00
#BSUB -R span[hosts=1]
#BSUB -R "rusage[mem=32GB]"
#BSUB -J "structure_numerical_20260104"
#BSUB -o "/share/ddomlab/sdehgha2/working-space/main/_colab_GP/GP_collab/results/HPC_history/hpc_20260104/GpyroMCMC_TanimotoMatern32_Matern52_product.out"
#BSUB -e "/share/ddomlab/sdehgha2/working-space/main/_colab_GP/GP_collab/results/HPC_history/hpc_20260104/GpyroMCMC_TanimotoMatern32_Matern52_product.err"

source ~/.bashrc
conda activate /usr/local/usrapps/ddomlab/sdehgha2/torch_cpu
python ../train_structure_numerical.py --K_fp TanimotoMatern32                                         --K_count Matern52                                         --Kernel_mixing_method product 


------------------------------------------------------------

Successfully completed.

Resource usage summary:

    CPU time :                                   9107.54 sec.
    Max Memory :                                 9 GB
    Average Memory :                             6.65 GB
    Total Requested Memory :                     32.00 GB
    Delta Memory :                               23.00 GB
    Max Swap :                                   -
    Max Processes :                              38
    Max Threads :                                46
    Run time :                                   2749 sec.
    Turnaround time :                            2822 sec.

The output (if any) is above this job summary.



PS:

Read file </share/ddomlab/sdehgha2/working-space/main/_colab_GP/GP_collab/results/HPC_history/hpc_20260104/GpyroMCMC_TanimotoMatern32_Matern52_product.err> for stderr output of this job.

Running seed: 13
No hyperparameter optimization
Running seed: 42
No hyperparameter optimization
Average scores:	 rmse: 10.05±1.39	 r2: 0.38±0.1
Filename: (ECFP3_count_512-COUNT)_(GpyroMCMC_TanimotoMatern32-Matern52_product)_mean_hypOFF_Standard_Standard

------------------------------------------------------------
Sender: LSF System <lsfadmin@c009n01>
Subject: Job 886973: <structure_numerical_20260104> in cluster <Hazel> Done

Job <structure_numerical_20260104> was submitted from host <c202n05> by user <sdehgha2> in cluster <Hazel> at Sun Jan  4 16:34:59 2026
Job was executed on host(s) <6*c009n01>, in queue <single_chassis>, as user <sdehgha2> in cluster <Hazel> at Sun Jan  4 16:35:44 2026
</tmp/.lsbtmp404534> was used as the home directory.
</share/ddomlab/sdehgha2/working-space/main/_colab_GP/GP_collab/code_/training/hpc_submit_training_GP> was used as the working directory.
Started at Sun Jan  4 16:35:44 2026
Terminated at Sun Jan  4 17:09:19 2026
Results reported at Sun Jan  4 17:09:19 2026

Your job looked like:

------------------------------------------------------------
# LSBATCH: User input



#BSUB -n 6
#BSUB -W 10:00
#BSUB -R span[hosts=1]
#BSUB -R "rusage[mem=32GB]"
#BSUB -J "structure_numerical_20260104"
#BSUB -o "/share/ddomlab/sdehgha2/working-space/main/_colab_GP/GP_collab/results/HPC_history/hpc_20260104/GpyroMCMC_TanimotoMatern32_Matern52_product.out"
#BSUB -e "/share/ddomlab/sdehgha2/working-space/main/_colab_GP/GP_collab/results/HPC_history/hpc_20260104/GpyroMCMC_TanimotoMatern32_Matern52_product.err"

source ~/.bashrc
conda activate /usr/local/usrapps/ddomlab/sdehgha2/torch_cpu
python ../train_structure_numerical.py --K_fp TanimotoMatern32                                         --K_count Matern52                                         --Kernel_mixing_method product 


------------------------------------------------------------

Successfully completed.

Resource usage summary:

    CPU time :                                   9197.00 sec.
    Max Memory :                                 19 GB
    Average Memory :                             11.68 GB
    Total Requested Memory :                     32.00 GB
    Delta Memory :                               13.00 GB
    Max Swap :                                   -
    Max Processes :                              38
    Max Threads :                                58
    Run time :                                   2041 sec.
    Turnaround time :                            2060 sec.

The output (if any) is above this job summary.



PS:

Read file </share/ddomlab/sdehgha2/working-space/main/_colab_GP/GP_collab/results/HPC_history/hpc_20260104/GpyroMCMC_TanimotoMatern32_Matern52_product.err> for stderr output of this job.

Running seed: 13
No hyperparameter optimization
Running seed: 42
No hyperparameter optimization
Average scores:	 rmse: 0.27±0.02	 r2: 0.86±0.02
Filename: (ECFP3_count_512-COUNT)_(GpyroMCMC_TanimotoMatern32-Matern52_product)_hypOFF_Standard_Standard

------------------------------------------------------------
Sender: LSF System <lsfadmin@c202n07>
Subject: Job 886781: <structure_numerical_20260104> in cluster <Hazel> Done

Job <structure_numerical_20260104> was submitted from host <c207n13> by user <sdehgha2> in cluster <Hazel> at Sun Jan  4 15:40:10 2026
Job was executed on host(s) <6*c202n07>, in queue <single_chassis>, as user <sdehgha2> in cluster <Hazel> at Sun Jan  4 15:40:11 2026
</tmp/.lsbtmp404534> was used as the home directory.
</share/ddomlab/sdehgha2/working-space/main/_colab_GP/GP_collab/code_/training/hpc_submit_training_GP> was used as the working directory.
Started at Sun Jan  4 15:40:11 2026
Terminated at Mon Jan  5 08:08:28 2026
Results reported at Mon Jan  5 08:08:28 2026

Your job looked like:

------------------------------------------------------------
# LSBATCH: User input



#BSUB -n 6
#BSUB -W 32:00
#BSUB -R span[hosts=1]
#BSUB -R "rusage[mem=32GB]"
#BSUB -J "structure_numerical_20260104"
#BSUB -o "/share/ddomlab/sdehgha2/working-space/main/_colab_GP/GP_collab/results/HPC_history/hpc_20260104/GpyroMCMC_TanimotoMatern32_Matern52_product.out"
#BSUB -e "/share/ddomlab/sdehgha2/working-space/main/_colab_GP/GP_collab/results/HPC_history/hpc_20260104/GpyroMCMC_TanimotoMatern32_Matern52_product.err"

source ~/.bashrc
conda activate /usr/local/usrapps/ddomlab/sdehgha2/torch_cpu
python ../train_structure_numerical.py --K_fp TanimotoMatern32                                         --K_count Matern52                                         --Kernel_mixing_method product 


------------------------------------------------------------

Successfully completed.

Resource usage summary:

    CPU time :                                   251271.06 sec.
    Max Memory :                                 51 GB
    Average Memory :                             32.97 GB
    Total Requested Memory :                     32.00 GB
    Delta Memory :                               -19.00 GB
    Max Swap :                                   11 GB
    Max Processes :                              30
    Max Threads :                                38
    Run time :                                   59322 sec.
    Turnaround time :                            59298 sec.

The output (if any) is above this job summary.



PS:

Read file </share/ddomlab/sdehgha2/working-space/main/_colab_GP/GP_collab/results/HPC_history/hpc_20260104/GpyroMCMC_TanimotoMatern32_Matern52_product.err> for stderr output of this job.

