
------------------------------------------------------------
Sender: LSF System <lsfadmin@c200n11>
Subject: Job 886753: <structure_numerical_20260104> in cluster <Hazel> Exited

Job <structure_numerical_20260104> was submitted from host <c207n13> by user <sdehgha2> in cluster <Hazel> at Sun Jan  4 15:36:44 2026
Job was executed on host(s) <6*c200n11>, in queue <single_chassis>, as user <sdehgha2> in cluster <Hazel> at Sun Jan  4 15:36:45 2026
</tmp/.lsbtmp404534> was used as the home directory.
</share/ddomlab/sdehgha2/working-space/main/_colab_GP/GP_collab/code_/training/hpc_submit_training_GP> was used as the working directory.
Started at Sun Jan  4 15:36:45 2026
Terminated at Sun Jan  4 15:37:13 2026
Results reported at Sun Jan  4 15:37:13 2026

Your job looked like:

------------------------------------------------------------
# LSBATCH: User input



#BSUB -n 6
#BSUB -W 32:00
#BSUB -R span[hosts=1]
#BSUB -R "rusage[mem=32GB]"
#BSUB -J "structure_numerical_20260104"
#BSUB -o "/share/ddomlab/sdehgha2/working-space/main/_colab_GP/GP_collab/results/HPC_history/hpc_20260104/GpyroMCMC_TanimotoRBF_Matern52_averageProduct.out"
#BSUB -e "/share/ddomlab/sdehgha2/working-space/main/_colab_GP/GP_collab/results/HPC_history/hpc_20260104/GpyroMCMC_TanimotoRBF_Matern52_averageProduct.err"

source ~/.bashrc
conda activate /usr/local/usrapps/ddomlab/sdehgha2/torch_cpu
python ../train_structure_numerical.py --K_fp TanimotoRBF                                         --K_count Matern52                                         --Kernel_mixing_method averageProduct 


------------------------------------------------------------

Exited with exit code 1.

Resource usage summary:

    CPU time :                                   6.31 sec.
    Max Memory :                                 -
    Average Memory :                             -
    Total Requested Memory :                     32.00 GB
    Delta Memory :                               -
    Max Swap :                                   -
    Max Processes :                              4
    Max Threads :                                5
    Run time :                                   29 sec.
    Turnaround time :                            29 sec.

The output (if any) is above this job summary.



PS:

Read file </share/ddomlab/sdehgha2/working-space/main/_colab_GP/GP_collab/results/HPC_history/hpc_20260104/GpyroMCMC_TanimotoRBF_Matern52_averageProduct.err> for stderr output of this job.

Running seed: 6
No hyperparameter optimization
Running seed: 6
No hyperparameter optimization
Running seed: 6
No hyperparameter optimization
Running seed: 13
No hyperparameter optimization
Running seed: 42
No hyperparameter optimization
Average scores:	 rmse: 0.22±0.02	 r2: 0.88±0.02
Filename: (ECFP3_count_512-COUNT)_(GpyroMCMC_TanimotoRBF-Matern52_averageProduct)_hypOFF_Standard_Standard
Running seed: 6
No hyperparameter optimization
Running seed: 13
No hyperparameter optimization
Running seed: 6
No hyperparameter optimization
Running seed: 42
No hyperparameter optimization
Average scores:	 rmse: 0.28±0.03	 r2: 0.97±0.01
Filename: (ECFP3_count_512-COUNT)_(GpyroMCMC_TanimotoRBF-Matern52_averageProduct)_hypOFF_Standard_Standard

------------------------------------------------------------
Sender: LSF System <lsfadmin@c026n04>
Subject: Job 886889: <structure_numerical_20260104> in cluster <Hazel> Done

Job <structure_numerical_20260104> was submitted from host <c201n04> by user <sdehgha2> in cluster <Hazel> at Sun Jan  4 15:55:28 2026
Job was executed on host(s) <6*c026n04>, in queue <single_chassis>, as user <sdehgha2> in cluster <Hazel> at Sun Jan  4 15:57:09 2026
</tmp/.lsbtmp404534> was used as the home directory.
</share/ddomlab/sdehgha2/working-space/main/_colab_GP/GP_collab/code_/training/hpc_submit_training_GP> was used as the working directory.
Started at Sun Jan  4 15:57:09 2026
Terminated at Sun Jan  4 16:30:07 2026
Results reported at Sun Jan  4 16:30:07 2026

Your job looked like:

------------------------------------------------------------
# LSBATCH: User input



#BSUB -n 6
#BSUB -W 5:00
#BSUB -R span[hosts=1]
#BSUB -R "rusage[mem=32GB]"
#BSUB -J "structure_numerical_20260104"
#BSUB -o "/share/ddomlab/sdehgha2/working-space/main/_colab_GP/GP_collab/results/HPC_history/hpc_20260104/GpyroMCMC_TanimotoRBF_Matern52_averageProduct.out"
#BSUB -e "/share/ddomlab/sdehgha2/working-space/main/_colab_GP/GP_collab/results/HPC_history/hpc_20260104/GpyroMCMC_TanimotoRBF_Matern52_averageProduct.err"

source ~/.bashrc
conda activate /usr/local/usrapps/ddomlab/sdehgha2/torch_cpu
python ../train_structure_numerical.py --K_fp TanimotoRBF                                         --K_count Matern52                                         --Kernel_mixing_method averageProduct 


------------------------------------------------------------

Successfully completed.

Resource usage summary:

    CPU time :                                   8778.22 sec.
    Max Memory :                                 11 GB
    Average Memory :                             7.44 GB
    Total Requested Memory :                     32.00 GB
    Delta Memory :                               21.00 GB
    Max Swap :                                   -
    Max Processes :                              38
    Max Threads :                                48
    Run time :                                   1988 sec.
    Turnaround time :                            2079 sec.

The output (if any) is above this job summary.



PS:

Read file </share/ddomlab/sdehgha2/working-space/main/_colab_GP/GP_collab/results/HPC_history/hpc_20260104/GpyroMCMC_TanimotoRBF_Matern52_averageProduct.err> for stderr output of this job.

Running seed: 6
No hyperparameter optimization
Running seed: 13
No hyperparameter optimization
Running seed: 42
No hyperparameter optimization
Average scores:	 rmse: 78.96±10.25	 r2: 0.74±0.06
Filename: (ECFP3_count_512-COUNT)_(GpyroMCMC_TanimotoRBF-Matern52_averageProduct)_mean_hypOFF_Standard_Standard
Running seed: 6
No hyperparameter optimization

------------------------------------------------------------
Sender: LSF System <lsfadmin@c002n01>
Subject: Job 886932: <structure_numerical_20260104> in cluster <Hazel> Exited

Job <structure_numerical_20260104> was submitted from host <c205n10> by user <sdehgha2> in cluster <Hazel> at Sun Jan  4 16:20:17 2026
Job was executed on host(s) <6*c002n01>, in queue <single_chassis>, as user <sdehgha2> in cluster <Hazel> at Sun Jan  4 16:22:13 2026
</tmp/.lsbtmp404534> was used as the home directory.
</share/ddomlab/sdehgha2/working-space/main/_colab_GP/GP_collab/code_/training/hpc_submit_training_GP> was used as the working directory.
Started at Sun Jan  4 16:22:13 2026
Terminated at Sun Jan  4 16:45:56 2026
Results reported at Sun Jan  4 16:45:56 2026

Your job looked like:

------------------------------------------------------------
# LSBATCH: User input



#BSUB -n 6
#BSUB -W 10:00
#BSUB -R span[hosts=1]
#BSUB -R "rusage[mem=32GB]"
#BSUB -J "structure_numerical_20260104"
#BSUB -o "/share/ddomlab/sdehgha2/working-space/main/_colab_GP/GP_collab/results/HPC_history/hpc_20260104/GpyroMCMC_TanimotoRBF_Matern52_averageProduct.out"
#BSUB -e "/share/ddomlab/sdehgha2/working-space/main/_colab_GP/GP_collab/results/HPC_history/hpc_20260104/GpyroMCMC_TanimotoRBF_Matern52_averageProduct.err"

source ~/.bashrc
conda activate /usr/local/usrapps/ddomlab/sdehgha2/torch_cpu
python ../train_structure_numerical.py --K_fp TanimotoRBF                                         --K_count Matern52                                         --Kernel_mixing_method averageProduct 


------------------------------------------------------------

Exited with exit code 1.

Resource usage summary:

    CPU time :                                   6900.00 sec.
    Max Memory :                                 5 GB
    Average Memory :                             4.64 GB
    Total Requested Memory :                     32.00 GB
    Delta Memory :                               27.00 GB
    Max Swap :                                   -
    Max Processes :                              38
    Max Threads :                                46
    Run time :                                   1450 sec.
    Turnaround time :                            1539 sec.

The output (if any) is above this job summary.



PS:

Read file </share/ddomlab/sdehgha2/working-space/main/_colab_GP/GP_collab/results/HPC_history/hpc_20260104/GpyroMCMC_TanimotoRBF_Matern52_averageProduct.err> for stderr output of this job.

Running seed: 13
No hyperparameter optimization
Running seed: 42
No hyperparameter optimization
Average scores:	 rmse: 10.54±1.06	 r2: 0.57±0.13
Filename: (ECFP3_count_512-COUNT)_(GpyroMCMC_TanimotoRBF-Matern52_averageProduct)_mean_hypOFF_Standard_Standard
Running seed: 6
No hyperparameter optimization
Running seed: 13
No hyperparameter optimization
Running seed: 42
No hyperparameter optimization
Average scores:	 rmse: 10.3±1.06	 r2: 0.7±0.07
Filename: (ECFP3_count_512-COUNT)_(GpyroMCMC_TanimotoRBF-Matern52_averageProduct)_mean_hypOFF_Standard_Standard
Running seed: 6
No hyperparameter optimization
Running seed: 13
No hyperparameter optimization
Running seed: 42
No hyperparameter optimization
Average scores:	 rmse: 8.82±1.21	 r2: 0.52±0.1
Filename: (ECFP3_count_512-COUNT)_(GpyroMCMC_TanimotoRBF-Matern52_averageProduct)_mean_hypOFF_Standard_Standard
Running seed: 6
No hyperparameter optimization
Running seed: 13
No hyperparameter optimization
Running seed: 42
No hyperparameter optimization
Average scores:	 rmse: 10.71±1.58	 r2: 0.69±0.09
Filename: (ECFP3_count_512-COUNT)_(GpyroMCMC_TanimotoRBF-Matern52_averageProduct)_mean_hypOFF_Standard_Standard
Running seed: 6
No hyperparameter optimization
Running seed: 13
No hyperparameter optimization
Running seed: 42
No hyperparameter optimization
Average scores:	 rmse: 8.81±1.22	 r2: 0.52±0.09
Filename: (ECFP3_count_512-COUNT)_(GpyroMCMC_TanimotoRBF-Matern52_averageProduct)_mean_hypOFF_Standard_Standard

------------------------------------------------------------
Sender: LSF System <lsfadmin@c002n04>
Subject: Job 886982: <structure_numerical_20260104> in cluster <Hazel> Done

Job <structure_numerical_20260104> was submitted from host <c202n05> by user <sdehgha2> in cluster <Hazel> at Sun Jan  4 16:35:05 2026
Job was executed on host(s) <6*c002n04>, in queue <single_chassis>, as user <sdehgha2> in cluster <Hazel> at Sun Jan  4 16:35:55 2026
</tmp/.lsbtmp404534> was used as the home directory.
</share/ddomlab/sdehgha2/working-space/main/_colab_GP/GP_collab/code_/training/hpc_submit_training_GP> was used as the working directory.
Started at Sun Jan  4 16:35:55 2026
Terminated at Sun Jan  4 17:13:39 2026
Results reported at Sun Jan  4 17:13:39 2026

Your job looked like:

------------------------------------------------------------
# LSBATCH: User input



#BSUB -n 6
#BSUB -W 10:00
#BSUB -R span[hosts=1]
#BSUB -R "rusage[mem=32GB]"
#BSUB -J "structure_numerical_20260104"
#BSUB -o "/share/ddomlab/sdehgha2/working-space/main/_colab_GP/GP_collab/results/HPC_history/hpc_20260104/GpyroMCMC_TanimotoRBF_Matern52_averageProduct.out"
#BSUB -e "/share/ddomlab/sdehgha2/working-space/main/_colab_GP/GP_collab/results/HPC_history/hpc_20260104/GpyroMCMC_TanimotoRBF_Matern52_averageProduct.err"

source ~/.bashrc
conda activate /usr/local/usrapps/ddomlab/sdehgha2/torch_cpu
python ../train_structure_numerical.py --K_fp TanimotoRBF                                         --K_count Matern52                                         --Kernel_mixing_method averageProduct 


------------------------------------------------------------

Successfully completed.

Resource usage summary:

    CPU time :                                   10375.00 sec.
    Max Memory :                                 18 GB
    Average Memory :                             11.45 GB
    Total Requested Memory :                     32.00 GB
    Delta Memory :                               14.00 GB
    Max Swap :                                   -
    Max Processes :                              38
    Max Threads :                                57
    Run time :                                   2276 sec.
    Turnaround time :                            2314 sec.

The output (if any) is above this job summary.



PS:

Read file </share/ddomlab/sdehgha2/working-space/main/_colab_GP/GP_collab/results/HPC_history/hpc_20260104/GpyroMCMC_TanimotoRBF_Matern52_averageProduct.err> for stderr output of this job.

Running seed: 13
No hyperparameter optimization
Running seed: 13
No hyperparameter optimization
Running seed: 42
No hyperparameter optimization
Running seed: 42
No hyperparameter optimization
Average scores:	 rmse: 0.4±0.03	 r2: 0.81±0.02
Filename: (ECFP3_count_512-COUNT)_(GpyroMCMC_TanimotoRBF-Matern52_averageProduct)_hypOFF_Standard_Standard

------------------------------------------------------------
Sender: LSF System <lsfadmin@c019n03>
Subject: Job 886827: <structure_numerical_20260104> in cluster <Hazel> Done

Job <structure_numerical_20260104> was submitted from host <c207n13> by user <sdehgha2> in cluster <Hazel> at Sun Jan  4 15:42:50 2026
Job was executed on host(s) <6*c019n03>, in queue <single_chassis>, as user <sdehgha2> in cluster <Hazel> at Sun Jan  4 15:44:30 2026
</tmp/.lsbtmp404534> was used as the home directory.
</share/ddomlab/sdehgha2/working-space/main/_colab_GP/GP_collab/code_/training/hpc_submit_training_GP> was used as the working directory.
Started at Sun Jan  4 15:44:30 2026
Terminated at Mon Jan  5 00:55:08 2026
Results reported at Mon Jan  5 00:55:08 2026

Your job looked like:

------------------------------------------------------------
# LSBATCH: User input



#BSUB -n 6
#BSUB -W 32:00
#BSUB -R span[hosts=1]
#BSUB -R "rusage[mem=32GB]"
#BSUB -J "structure_numerical_20260104"
#BSUB -o "/share/ddomlab/sdehgha2/working-space/main/_colab_GP/GP_collab/results/HPC_history/hpc_20260104/GpyroMCMC_TanimotoRBF_Matern52_averageProduct.out"
#BSUB -e "/share/ddomlab/sdehgha2/working-space/main/_colab_GP/GP_collab/results/HPC_history/hpc_20260104/GpyroMCMC_TanimotoRBF_Matern52_averageProduct.err"

source ~/.bashrc
conda activate /usr/local/usrapps/ddomlab/sdehgha2/torch_cpu
python ../train_structure_numerical.py --K_fp TanimotoRBF                                         --K_count Matern52                                         --Kernel_mixing_method averageProduct 


------------------------------------------------------------

Successfully completed.

Resource usage summary:

    CPU time :                                   150030.02 sec.
    Max Memory :                                 61 GB
    Average Memory :                             38.42 GB
    Total Requested Memory :                     32.00 GB
    Delta Memory :                               -29.00 GB
    Max Swap :                                   15 GB
    Max Processes :                              38
    Max Threads :                                47
    Run time :                                   33064 sec.
    Turnaround time :                            33138 sec.

The output (if any) is above this job summary.



PS:

Read file </share/ddomlab/sdehgha2/working-space/main/_colab_GP/GP_collab/results/HPC_history/hpc_20260104/GpyroMCMC_TanimotoRBF_Matern52_averageProduct.err> for stderr output of this job.

Average scores:	 rmse: 0.33±0.01	 r2: 0.8±0.02
Filename: (ECFP3_count_512-COUNT)_(GpyroMCMC_TanimotoRBF-Matern52_averageProduct)_hypOFF_Standard_Standard

------------------------------------------------------------
Sender: LSF System <lsfadmin@c200n11>
Subject: Job 886790: <structure_numerical_20260104> in cluster <Hazel> Done

Job <structure_numerical_20260104> was submitted from host <c207n13> by user <sdehgha2> in cluster <Hazel> at Sun Jan  4 15:40:13 2026
Job was executed on host(s) <6*c200n11>, in queue <single_chassis>, as user <sdehgha2> in cluster <Hazel> at Sun Jan  4 15:40:14 2026
</tmp/.lsbtmp404534> was used as the home directory.
</share/ddomlab/sdehgha2/working-space/main/_colab_GP/GP_collab/code_/training/hpc_submit_training_GP> was used as the working directory.
Started at Sun Jan  4 15:40:14 2026
Terminated at Mon Jan  5 02:43:56 2026
Results reported at Mon Jan  5 02:43:56 2026

Your job looked like:

------------------------------------------------------------
# LSBATCH: User input



#BSUB -n 6
#BSUB -W 32:00
#BSUB -R span[hosts=1]
#BSUB -R "rusage[mem=32GB]"
#BSUB -J "structure_numerical_20260104"
#BSUB -o "/share/ddomlab/sdehgha2/working-space/main/_colab_GP/GP_collab/results/HPC_history/hpc_20260104/GpyroMCMC_TanimotoRBF_Matern52_averageProduct.out"
#BSUB -e "/share/ddomlab/sdehgha2/working-space/main/_colab_GP/GP_collab/results/HPC_history/hpc_20260104/GpyroMCMC_TanimotoRBF_Matern52_averageProduct.err"

source ~/.bashrc
conda activate /usr/local/usrapps/ddomlab/sdehgha2/torch_cpu
python ../train_structure_numerical.py --K_fp TanimotoRBF                                         --K_count Matern52                                         --Kernel_mixing_method averageProduct 


------------------------------------------------------------

Successfully completed.

Resource usage summary:

    CPU time :                                   182544.45 sec.
    Max Memory :                                 46 GB
    Average Memory :                             31.80 GB
    Total Requested Memory :                     32.00 GB
    Delta Memory :                               -14.00 GB
    Max Swap :                                   -
    Max Processes :                              26
    Max Threads :                                34
    Run time :                                   39823 sec.
    Turnaround time :                            39823 sec.

The output (if any) is above this job summary.



PS:

Read file </share/ddomlab/sdehgha2/working-space/main/_colab_GP/GP_collab/results/HPC_history/hpc_20260104/GpyroMCMC_TanimotoRBF_Matern52_averageProduct.err> for stderr output of this job.

