
------------------------------------------------------------
Sender: LSF System <lsfadmin@c201n14>
Subject: Job 886740: <structure_numerical_20260104> in cluster <Hazel> Exited

Job <structure_numerical_20260104> was submitted from host <c207n13> by user <sdehgha2> in cluster <Hazel> at Sun Jan  4 15:36:39 2026
Job was executed on host(s) <6*c201n14>, in queue <single_chassis>, as user <sdehgha2> in cluster <Hazel> at Sun Jan  4 15:36:40 2026
</tmp/.lsbtmp404534> was used as the home directory.
</share/ddomlab/sdehgha2/working-space/main/_colab_GP/GP_collab/code_/training/hpc_submit_training_GP> was used as the working directory.
Started at Sun Jan  4 15:36:40 2026
Terminated at Sun Jan  4 15:37:13 2026
Results reported at Sun Jan  4 15:37:13 2026

Your job looked like:

------------------------------------------------------------
# LSBATCH: User input



#BSUB -n 6
#BSUB -W 32:00
#BSUB -R span[hosts=1]
#BSUB -R "rusage[mem=32GB]"
#BSUB -J "structure_numerical_20260104"
#BSUB -o "/share/ddomlab/sdehgha2/working-space/main/_colab_GP/GP_collab/results/HPC_history/hpc_20260104/GpyroMCMC_TanimotoRBF_Matern32_product.out"
#BSUB -e "/share/ddomlab/sdehgha2/working-space/main/_colab_GP/GP_collab/results/HPC_history/hpc_20260104/GpyroMCMC_TanimotoRBF_Matern32_product.err"

source ~/.bashrc
conda activate /usr/local/usrapps/ddomlab/sdehgha2/torch_cpu
python ../train_structure_numerical.py --K_fp TanimotoRBF                                         --K_count Matern32                                         --Kernel_mixing_method product 


------------------------------------------------------------

Exited with exit code 1.

Resource usage summary:

    CPU time :                                   10.14 sec.
    Max Memory :                                 -
    Average Memory :                             -
    Total Requested Memory :                     32.00 GB
    Delta Memory :                               -
    Max Swap :                                   -
    Max Processes :                              4
    Max Threads :                                5
    Run time :                                   48 sec.
    Turnaround time :                            34 sec.

The output (if any) is above this job summary.



PS:

Read file </share/ddomlab/sdehgha2/working-space/main/_colab_GP/GP_collab/results/HPC_history/hpc_20260104/GpyroMCMC_TanimotoRBF_Matern32_product.err> for stderr output of this job.

Running seed: 6
No hyperparameter optimization
Running seed: 6
No hyperparameter optimization
Running seed: 6
No hyperparameter optimization
Running seed: 13
No hyperparameter optimization
Running seed: 42
No hyperparameter optimization
Average scores:	 rmse: 0.2±0.04	 r2: 0.91±0.03
Filename: (ECFP3_count_512-COUNT)_(GpyroMCMC_TanimotoRBF-Matern32_product)_hypOFF_Standard_Standard
Running seed: 6
No hyperparameter optimization
Running seed: 13
No hyperparameter optimization
Running seed: 6
No hyperparameter optimization
Running seed: 42
No hyperparameter optimization
Running seed: 13
No hyperparameter optimization
Average scores:	 rmse: 0.24±0.05	 r2: 0.98±0.01
Filename: (ECFP3_count_512-COUNT)_(GpyroMCMC_TanimotoRBF-Matern32_product)_hypOFF_Standard_Standard

------------------------------------------------------------
Sender: LSF System <lsfadmin@c021n01>
Subject: Job 886876: <structure_numerical_20260104> in cluster <Hazel> Done

Job <structure_numerical_20260104> was submitted from host <c201n04> by user <sdehgha2> in cluster <Hazel> at Sun Jan  4 15:55:20 2026
Job was executed on host(s) <6*c021n01>, in queue <single_chassis>, as user <sdehgha2> in cluster <Hazel> at Sun Jan  4 15:56:16 2026
</tmp/.lsbtmp404534> was used as the home directory.
</share/ddomlab/sdehgha2/working-space/main/_colab_GP/GP_collab/code_/training/hpc_submit_training_GP> was used as the working directory.
Started at Sun Jan  4 15:56:16 2026
Terminated at Sun Jan  4 16:34:33 2026
Results reported at Sun Jan  4 16:34:33 2026

Your job looked like:

------------------------------------------------------------
# LSBATCH: User input



#BSUB -n 6
#BSUB -W 5:00
#BSUB -R span[hosts=1]
#BSUB -R "rusage[mem=32GB]"
#BSUB -J "structure_numerical_20260104"
#BSUB -o "/share/ddomlab/sdehgha2/working-space/main/_colab_GP/GP_collab/results/HPC_history/hpc_20260104/GpyroMCMC_TanimotoRBF_Matern32_product.out"
#BSUB -e "/share/ddomlab/sdehgha2/working-space/main/_colab_GP/GP_collab/results/HPC_history/hpc_20260104/GpyroMCMC_TanimotoRBF_Matern32_product.err"

source ~/.bashrc
conda activate /usr/local/usrapps/ddomlab/sdehgha2/torch_cpu
python ../train_structure_numerical.py --K_fp TanimotoRBF                                         --K_count Matern32                                         --Kernel_mixing_method product 


------------------------------------------------------------

Successfully completed.

Resource usage summary:

    CPU time :                                   10593.00 sec.
    Max Memory :                                 11 GB
    Average Memory :                             7.15 GB
    Total Requested Memory :                     32.00 GB
    Delta Memory :                               21.00 GB
    Max Swap :                                   -
    Max Processes :                              38
    Max Threads :                                46
    Run time :                                   2322 sec.
    Turnaround time :                            2353 sec.

The output (if any) is above this job summary.



PS:

Read file </share/ddomlab/sdehgha2/working-space/main/_colab_GP/GP_collab/results/HPC_history/hpc_20260104/GpyroMCMC_TanimotoRBF_Matern32_product.err> for stderr output of this job.

Running seed: 6
No hyperparameter optimization
Running seed: 13
No hyperparameter optimization
Running seed: 42
No hyperparameter optimization
Average scores:	 rmse: 70.07±9.23	 r2: 0.8±0.05
Filename: (ECFP3_count_512-COUNT)_(GpyroMCMC_TanimotoRBF-Matern32_product)_mean_hypOFF_Standard_Standard
Running seed: 6
No hyperparameter optimization
Running seed: 13
No hyperparameter optimization
Running seed: 42
No hyperparameter optimization
Average scores:	 rmse: 9.11±1.34	 r2: 0.67±0.13
Filename: (ECFP3_count_512-COUNT)_(GpyroMCMC_TanimotoRBF-Matern32_product)_mean_hypOFF_Standard_Standard
Running seed: 6
No hyperparameter optimization
Running seed: 13
No hyperparameter optimization
Running seed: 42
No hyperparameter optimization
Average scores:	 rmse: 10.26±1.55	 r2: 0.7±0.08
Filename: (ECFP3_count_512-COUNT)_(GpyroMCMC_TanimotoRBF-Matern32_product)_mean_hypOFF_Standard_Standard
Running seed: 6
No hyperparameter optimization
Running seed: 13
No hyperparameter optimization
Running seed: 42
No hyperparameter optimization
Average scores:	 rmse: 10.04±1.31	 r2: 0.38±0.1
Filename: (ECFP3_count_512-COUNT)_(GpyroMCMC_TanimotoRBF-Matern32_product)_mean_hypOFF_Standard_Standard
Running seed: 6
No hyperparameter optimization
Running seed: 13
No hyperparameter optimization
Running seed: 42
No hyperparameter optimization
Average scores:	 rmse: 9.78±1.53	 r2: 0.74±0.08
Filename: (ECFP3_count_512-COUNT)_(GpyroMCMC_TanimotoRBF-Matern32_product)_mean_hypOFF_Standard_Standard
Running seed: 6
No hyperparameter optimization
Running seed: 13
No hyperparameter optimization
Running seed: 42
No hyperparameter optimization
Average scores:	 rmse: 10.01±1.28	 r2: 0.38±0.1
Filename: (ECFP3_count_512-COUNT)_(GpyroMCMC_TanimotoRBF-Matern32_product)_mean_hypOFF_Standard_Standard

------------------------------------------------------------
Sender: LSF System <lsfadmin@c001n01>
Subject: Job 886969: <structure_numerical_20260104> in cluster <Hazel> Done

Job <structure_numerical_20260104> was submitted from host <c202n05> by user <sdehgha2> in cluster <Hazel> at Sun Jan  4 16:34:57 2026
Job was executed on host(s) <6*c001n01>, in queue <single_chassis>, as user <sdehgha2> in cluster <Hazel> at Sun Jan  4 16:34:58 2026
</tmp/.lsbtmp404534> was used as the home directory.
</share/ddomlab/sdehgha2/working-space/main/_colab_GP/GP_collab/code_/training/hpc_submit_training_GP> was used as the working directory.
Started at Sun Jan  4 16:34:58 2026
Terminated at Sun Jan  4 17:09:46 2026
Results reported at Sun Jan  4 17:09:46 2026

Your job looked like:

------------------------------------------------------------
# LSBATCH: User input



#BSUB -n 6
#BSUB -W 10:00
#BSUB -R span[hosts=1]
#BSUB -R "rusage[mem=32GB]"
#BSUB -J "structure_numerical_20260104"
#BSUB -o "/share/ddomlab/sdehgha2/working-space/main/_colab_GP/GP_collab/results/HPC_history/hpc_20260104/GpyroMCMC_TanimotoRBF_Matern32_product.out"
#BSUB -e "/share/ddomlab/sdehgha2/working-space/main/_colab_GP/GP_collab/results/HPC_history/hpc_20260104/GpyroMCMC_TanimotoRBF_Matern32_product.err"

source ~/.bashrc
conda activate /usr/local/usrapps/ddomlab/sdehgha2/torch_cpu
python ../train_structure_numerical.py --K_fp TanimotoRBF                                         --K_count Matern32                                         --Kernel_mixing_method product 


------------------------------------------------------------

Successfully completed.

Resource usage summary:

    CPU time :                                   9351.43 sec.
    Max Memory :                                 17 GB
    Average Memory :                             11.07 GB
    Total Requested Memory :                     32.00 GB
    Delta Memory :                               15.00 GB
    Max Swap :                                   -
    Max Processes :                              38
    Max Threads :                                58
    Run time :                                   2095 sec.
    Turnaround time :                            2089 sec.

The output (if any) is above this job summary.



PS:

Read file </share/ddomlab/sdehgha2/working-space/main/_colab_GP/GP_collab/results/HPC_history/hpc_20260104/GpyroMCMC_TanimotoRBF_Matern32_product.err> for stderr output of this job.

Running seed: 42
No hyperparameter optimization
Average scores:	 rmse: 2.23±0.14	 r2: 0.47±0.05
Filename: (ECFP3_count_512-COUNT)_(GpyroMCMC_TanimotoRBF-Matern32_product)_hypOFF_Standard_Standard

------------------------------------------------------------
Sender: LSF System <lsfadmin@c022n03>
Subject: Job 886919: <structure_numerical_20260104> in cluster <Hazel> Done

Job <structure_numerical_20260104> was submitted from host <c205n10> by user <sdehgha2> in cluster <Hazel> at Sun Jan  4 16:20:10 2026
Job was executed on host(s) <6*c022n03>, in queue <single_chassis>, as user <sdehgha2> in cluster <Hazel> at Sun Jan  4 16:20:53 2026
</tmp/.lsbtmp404534> was used as the home directory.
</share/ddomlab/sdehgha2/working-space/main/_colab_GP/GP_collab/code_/training/hpc_submit_training_GP> was used as the working directory.
Started at Sun Jan  4 16:20:53 2026
Terminated at Sun Jan  4 17:47:18 2026
Results reported at Sun Jan  4 17:47:18 2026

Your job looked like:

------------------------------------------------------------
# LSBATCH: User input



#BSUB -n 6
#BSUB -W 10:00
#BSUB -R span[hosts=1]
#BSUB -R "rusage[mem=32GB]"
#BSUB -J "structure_numerical_20260104"
#BSUB -o "/share/ddomlab/sdehgha2/working-space/main/_colab_GP/GP_collab/results/HPC_history/hpc_20260104/GpyroMCMC_TanimotoRBF_Matern32_product.out"
#BSUB -e "/share/ddomlab/sdehgha2/working-space/main/_colab_GP/GP_collab/results/HPC_history/hpc_20260104/GpyroMCMC_TanimotoRBF_Matern32_product.err"

source ~/.bashrc
conda activate /usr/local/usrapps/ddomlab/sdehgha2/torch_cpu
python ../train_structure_numerical.py --K_fp TanimotoRBF                                         --K_count Matern32                                         --Kernel_mixing_method product 


------------------------------------------------------------

Successfully completed.

Resource usage summary:

    CPU time :                                   10939.35 sec.
    Max Memory :                                 8 GB
    Average Memory :                             3.41 GB
    Total Requested Memory :                     32.00 GB
    Delta Memory :                               24.00 GB
    Max Swap :                                   -
    Max Processes :                              38
    Max Threads :                                47
    Run time :                                   5210 sec.
    Turnaround time :                            5228 sec.

The output (if any) is above this job summary.



PS:

Read file </share/ddomlab/sdehgha2/working-space/main/_colab_GP/GP_collab/results/HPC_history/hpc_20260104/GpyroMCMC_TanimotoRBF_Matern32_product.err> for stderr output of this job.

Running seed: 13
No hyperparameter optimization
Running seed: 13
No hyperparameter optimization
Running seed: 42
No hyperparameter optimization
Running seed: 42
No hyperparameter optimization
Average scores:	 rmse: 0.32±0.03	 r2: 0.88±0.02
Filename: (ECFP3_count_512-COUNT)_(GpyroMCMC_TanimotoRBF-Matern32_product)_hypOFF_Standard_Standard

------------------------------------------------------------
Sender: LSF System <lsfadmin@c019n03>
Subject: Job 886814: <structure_numerical_20260104> in cluster <Hazel> Done

Job <structure_numerical_20260104> was submitted from host <c207n13> by user <sdehgha2> in cluster <Hazel> at Sun Jan  4 15:42:46 2026
Job was executed on host(s) <6*c019n03>, in queue <single_chassis>, as user <sdehgha2> in cluster <Hazel> at Sun Jan  4 15:43:30 2026
</tmp/.lsbtmp404534> was used as the home directory.
</share/ddomlab/sdehgha2/working-space/main/_colab_GP/GP_collab/code_/training/hpc_submit_training_GP> was used as the working directory.
Started at Sun Jan  4 15:43:30 2026
Terminated at Sun Jan  4 23:32:07 2026
Results reported at Sun Jan  4 23:32:07 2026

Your job looked like:

------------------------------------------------------------
# LSBATCH: User input



#BSUB -n 6
#BSUB -W 32:00
#BSUB -R span[hosts=1]
#BSUB -R "rusage[mem=32GB]"
#BSUB -J "structure_numerical_20260104"
#BSUB -o "/share/ddomlab/sdehgha2/working-space/main/_colab_GP/GP_collab/results/HPC_history/hpc_20260104/GpyroMCMC_TanimotoRBF_Matern32_product.out"
#BSUB -e "/share/ddomlab/sdehgha2/working-space/main/_colab_GP/GP_collab/results/HPC_history/hpc_20260104/GpyroMCMC_TanimotoRBF_Matern32_product.err"

source ~/.bashrc
conda activate /usr/local/usrapps/ddomlab/sdehgha2/torch_cpu
python ../train_structure_numerical.py --K_fp TanimotoRBF                                         --K_count Matern32                                         --Kernel_mixing_method product 


------------------------------------------------------------

Successfully completed.

Resource usage summary:

    CPU time :                                   130650.00 sec.
    Max Memory :                                 62 GB
    Average Memory :                             35.88 GB
    Total Requested Memory :                     32.00 GB
    Delta Memory :                               -30.00 GB
    Max Swap :                                   13 GB
    Max Processes :                              38
    Max Threads :                                47
    Run time :                                   28118 sec.
    Turnaround time :                            28161 sec.

The output (if any) is above this job summary.



PS:

Read file </share/ddomlab/sdehgha2/working-space/main/_colab_GP/GP_collab/results/HPC_history/hpc_20260104/GpyroMCMC_TanimotoRBF_Matern32_product.err> for stderr output of this job.

Average scores:	 rmse: 0.27±0.02	 r2: 0.87±0.02
Filename: (ECFP3_count_512-COUNT)_(GpyroMCMC_TanimotoRBF-Matern32_product)_hypOFF_Standard_Standard

------------------------------------------------------------
Sender: LSF System <lsfadmin@c201n14>
Subject: Job 886777: <structure_numerical_20260104> in cluster <Hazel> Done

Job <structure_numerical_20260104> was submitted from host <c207n13> by user <sdehgha2> in cluster <Hazel> at Sun Jan  4 15:40:09 2026
Job was executed on host(s) <6*c201n14>, in queue <single_chassis>, as user <sdehgha2> in cluster <Hazel> at Sun Jan  4 15:40:10 2026
</tmp/.lsbtmp404534> was used as the home directory.
</share/ddomlab/sdehgha2/working-space/main/_colab_GP/GP_collab/code_/training/hpc_submit_training_GP> was used as the working directory.
Started at Sun Jan  4 15:40:10 2026
Terminated at Mon Jan  5 02:21:35 2026
Results reported at Mon Jan  5 02:21:35 2026

Your job looked like:

------------------------------------------------------------
# LSBATCH: User input



#BSUB -n 6
#BSUB -W 32:00
#BSUB -R span[hosts=1]
#BSUB -R "rusage[mem=32GB]"
#BSUB -J "structure_numerical_20260104"
#BSUB -o "/share/ddomlab/sdehgha2/working-space/main/_colab_GP/GP_collab/results/HPC_history/hpc_20260104/GpyroMCMC_TanimotoRBF_Matern32_product.out"
#BSUB -e "/share/ddomlab/sdehgha2/working-space/main/_colab_GP/GP_collab/results/HPC_history/hpc_20260104/GpyroMCMC_TanimotoRBF_Matern32_product.err"

source ~/.bashrc
conda activate /usr/local/usrapps/ddomlab/sdehgha2/torch_cpu
python ../train_structure_numerical.py --K_fp TanimotoRBF                                         --K_count Matern32                                         --Kernel_mixing_method product 


------------------------------------------------------------

Successfully completed.

Resource usage summary:

    CPU time :                                   167434.00 sec.
    Max Memory :                                 56 GB
    Average Memory :                             32.98 GB
    Total Requested Memory :                     32.00 GB
    Delta Memory :                               -24.00 GB
    Max Swap :                                   5 GB
    Max Processes :                              30
    Max Threads :                                38
    Run time :                                   38512 sec.
    Turnaround time :                            38486 sec.

The output (if any) is above this job summary.



PS:

Read file </share/ddomlab/sdehgha2/working-space/main/_colab_GP/GP_collab/results/HPC_history/hpc_20260104/GpyroMCMC_TanimotoRBF_Matern32_product.err> for stderr output of this job.

