Traceback (most recent call last):
  File "/usr/local/usrapps/ddomlab/sdehgha2/torch_cpu/lib/python3.10/site-packages/pandas/io/pickle.py", line 202, in read_pickle
    return pickle.load(handles.handle)
ModuleNotFoundError: No module named 'numpy._core.numeric'

During handling of the above exception, another exception occurred:

Traceback (most recent call last):
  File "/gpfs_common/share03/ddomlab/sdehgha2/working-space/main/_colab_GP/GP_collab/code_/training/hpc_submit_training_GP/../train_structure_numerical.py", line 90, in <module>
    w_data,feats, all_targets = _get_dataset_features(DATASETS, PAPER, dataset_name)
  File "/gpfs_common/share03/ddomlab/sdehgha2/working-space/main/_colab_GP/GP_collab/code_/training/filter_data.py", line 118, in _get_dataset_features
    dataset = pd.read_pickle(dataset_path)
  File "/usr/local/usrapps/ddomlab/sdehgha2/torch_cpu/lib/python3.10/site-packages/pandas/io/pickle.py", line 207, in read_pickle
    return pc.load(handles.handle, encoding=None)
  File "/usr/local/usrapps/ddomlab/sdehgha2/torch_cpu/lib/python3.10/site-packages/pandas/compat/pickle_compat.py", line 231, in load
    return up.load()
  File "/usr/local/usrapps/ddomlab/sdehgha2/torch_cpu/lib/python3.10/pickle.py", line 1213, in load
    dispatch[key[0]](self)
  File "/usr/local/usrapps/ddomlab/sdehgha2/torch_cpu/lib/python3.10/pickle.py", line 1538, in load_stack_global
    self.append(self.find_class(module, name))
  File "/usr/local/usrapps/ddomlab/sdehgha2/torch_cpu/lib/python3.10/site-packages/pandas/compat/pickle_compat.py", line 162, in find_class
    return super().find_class(module, name)
  File "/usr/local/usrapps/ddomlab/sdehgha2/torch_cpu/lib/python3.10/pickle.py", line 1580, in find_class
    __import__(module, level=0)
ModuleNotFoundError: No module named 'numpy._core.numeric'
User defined signal 2
