
------------------------------------------------------------
Sender: LSF System <lsfadmin@c207n06>
Subject: Job 886725: <structure_numerical_20260104> in cluster <Hazel> Exited

Job <structure_numerical_20260104> was submitted from host <c207n13> by user <sdehgha2> in cluster <Hazel> at Sun Jan  4 15:36:34 2026
Job was executed on host(s) <6*c207n06>, in queue <single_chassis>, as user <sdehgha2> in cluster <Hazel> at Sun Jan  4 15:36:35 2026
</tmp/.lsbtmp404534> was used as the home directory.
</share/ddomlab/sdehgha2/working-space/main/_colab_GP/GP_collab/code_/training/hpc_submit_training_GP> was used as the working directory.
Started at Sun Jan  4 15:36:35 2026
Terminated at Sun Jan  4 15:37:13 2026
Results reported at Sun Jan  4 15:37:13 2026

Your job looked like:

------------------------------------------------------------
# LSBATCH: User input



#BSUB -n 6
#BSUB -W 32:00
#BSUB -R span[hosts=1]
#BSUB -R "rusage[mem=32GB]"
#BSUB -J "structure_numerical_20260104"
#BSUB -o "/share/ddomlab/sdehgha2/working-space/main/_colab_GP/GP_collab/results/HPC_history/hpc_20260104/GpyroMCMC_Tanimoto_Matern32_sum.out"
#BSUB -e "/share/ddomlab/sdehgha2/working-space/main/_colab_GP/GP_collab/results/HPC_history/hpc_20260104/GpyroMCMC_Tanimoto_Matern32_sum.err"

source ~/.bashrc
conda activate /usr/local/usrapps/ddomlab/sdehgha2/torch_cpu
python ../train_structure_numerical.py --K_fp Tanimoto                                         --K_count Matern32                                         --Kernel_mixing_method sum 


------------------------------------------------------------

Exited with exit code 1.

Resource usage summary:

    CPU time :                                   7.02 sec.
    Max Memory :                                 -
    Average Memory :                             -
    Total Requested Memory :                     32.00 GB
    Delta Memory :                               -
    Max Swap :                                   -
    Max Processes :                              4
    Max Threads :                                5
    Run time :                                   45 sec.
    Turnaround time :                            39 sec.

The output (if any) is above this job summary.



PS:

Read file </share/ddomlab/sdehgha2/working-space/main/_colab_GP/GP_collab/results/HPC_history/hpc_20260104/GpyroMCMC_Tanimoto_Matern32_sum.err> for stderr output of this job.

Running seed: 6
No hyperparameter optimization
Running seed: 6
No hyperparameter optimization
Running seed: 6
No hyperparameter optimization
Running seed: 13
No hyperparameter optimization
Running seed: 42
No hyperparameter optimization
Average scores:	 rmse: 0.27±0.02	 r2: 0.83±0.03
Filename: (ECFP3_count_512-COUNT)_(GpyroMCMC_Tanimoto-Matern32_sum)_hypOFF_Standard_Standard
Running seed: 6
No hyperparameter optimization
Running seed: 13
No hyperparameter optimization
Running seed: 6
No hyperparameter optimization
Running seed: 42
No hyperparameter optimization
Running seed: 13
No hyperparameter optimization
Average scores:	 rmse: 0.35±0.04	 r2: 0.95±0.01
Filename: (ECFP3_count_512-COUNT)_(GpyroMCMC_Tanimoto-Matern32_sum)_hypOFF_Standard_Standard

------------------------------------------------------------
Sender: LSF System <lsfadmin@c202n05>
Subject: Job 886861: <structure_numerical_20260104> in cluster <Hazel> Done

Job <structure_numerical_20260104> was submitted from host <c201n04> by user <sdehgha2> in cluster <Hazel> at Sun Jan  4 15:55:11 2026
Job was executed on host(s) <6*c202n05>, in queue <single_chassis>, as user <sdehgha2> in cluster <Hazel> at Sun Jan  4 15:55:11 2026
</tmp/.lsbtmp404534> was used as the home directory.
</share/ddomlab/sdehgha2/working-space/main/_colab_GP/GP_collab/code_/training/hpc_submit_training_GP> was used as the working directory.
Started at Sun Jan  4 15:55:11 2026
Terminated at Sun Jan  4 16:31:11 2026
Results reported at Sun Jan  4 16:31:11 2026

Your job looked like:

------------------------------------------------------------
# LSBATCH: User input



#BSUB -n 6
#BSUB -W 5:00
#BSUB -R span[hosts=1]
#BSUB -R "rusage[mem=32GB]"
#BSUB -J "structure_numerical_20260104"
#BSUB -o "/share/ddomlab/sdehgha2/working-space/main/_colab_GP/GP_collab/results/HPC_history/hpc_20260104/GpyroMCMC_Tanimoto_Matern32_sum.out"
#BSUB -e "/share/ddomlab/sdehgha2/working-space/main/_colab_GP/GP_collab/results/HPC_history/hpc_20260104/GpyroMCMC_Tanimoto_Matern32_sum.err"

source ~/.bashrc
conda activate /usr/local/usrapps/ddomlab/sdehgha2/torch_cpu
python ../train_structure_numerical.py --K_fp Tanimoto                                         --K_count Matern32                                         --Kernel_mixing_method sum 


------------------------------------------------------------

Successfully completed.

Resource usage summary:

    CPU time :                                   10246.30 sec.
    Max Memory :                                 12 GB
    Average Memory :                             7.77 GB
    Total Requested Memory :                     32.00 GB
    Delta Memory :                               20.00 GB
    Max Swap :                                   -
    Max Processes :                              30
    Max Threads :                                38
    Run time :                                   2162 sec.
    Turnaround time :                            2160 sec.

The output (if any) is above this job summary.



PS:

Read file </share/ddomlab/sdehgha2/working-space/main/_colab_GP/GP_collab/results/HPC_history/hpc_20260104/GpyroMCMC_Tanimoto_Matern32_sum.err> for stderr output of this job.

Running seed: 6
No hyperparameter optimization
Running seed: 42
No hyperparameter optimization
Running seed: 13
No hyperparameter optimization
Running seed: 42
No hyperparameter optimization
Average scores:	 rmse: 90.39±11.2	 r2: 0.66±0.08
Filename: (ECFP3_count_512-COUNT)_(GpyroMCMC_Tanimoto-Matern32_sum)_mean_hypOFF_Standard_Standard
Running seed: 6
No hyperparameter optimization
Running seed: 13
No hyperparameter optimization
Running seed: 42
No hyperparameter optimization
Average scores:	 rmse: 12.29±1.3	 r2: 0.42±0.18
Filename: (ECFP3_count_512-COUNT)_(GpyroMCMC_Tanimoto-Matern32_sum)_mean_hypOFF_Standard_Standard
Running seed: 6
No hyperparameter optimization
Average scores:	 rmse: 2.15±0.15	 r2: 0.51±0.06
Filename: (ECFP3_count_512-COUNT)_(GpyroMCMC_Tanimoto-Matern32_sum)_hypOFF_Standard_Standard

------------------------------------------------------------
Sender: LSF System <lsfadmin@c202n09>
Subject: Job 886904: <structure_numerical_20260104> in cluster <Hazel> Done

Job <structure_numerical_20260104> was submitted from host <c205n10> by user <sdehgha2> in cluster <Hazel> at Sun Jan  4 16:20:02 2026
Job was executed on host(s) <6*c202n09>, in queue <single_chassis>, as user <sdehgha2> in cluster <Hazel> at Sun Jan  4 16:20:02 2026
</tmp/.lsbtmp404534> was used as the home directory.
</share/ddomlab/sdehgha2/working-space/main/_colab_GP/GP_collab/code_/training/hpc_submit_training_GP> was used as the working directory.
Started at Sun Jan  4 16:20:02 2026
Terminated at Sun Jan  4 16:50:19 2026
Results reported at Sun Jan  4 16:50:19 2026

Your job looked like:

------------------------------------------------------------
# LSBATCH: User input



#BSUB -n 6
#BSUB -W 10:00
#BSUB -R span[hosts=1]
#BSUB -R "rusage[mem=32GB]"
#BSUB -J "structure_numerical_20260104"
#BSUB -o "/share/ddomlab/sdehgha2/working-space/main/_colab_GP/GP_collab/results/HPC_history/hpc_20260104/GpyroMCMC_Tanimoto_Matern32_sum.out"
#BSUB -e "/share/ddomlab/sdehgha2/working-space/main/_colab_GP/GP_collab/results/HPC_history/hpc_20260104/GpyroMCMC_Tanimoto_Matern32_sum.err"

source ~/.bashrc
conda activate /usr/local/usrapps/ddomlab/sdehgha2/torch_cpu
python ../train_structure_numerical.py --K_fp Tanimoto                                         --K_count Matern32                                         --Kernel_mixing_method sum 


------------------------------------------------------------

Successfully completed.

Resource usage summary:

    CPU time :                                   8001.00 sec.
    Max Memory :                                 12 GB
    Average Memory :                             6.59 GB
    Total Requested Memory :                     32.00 GB
    Delta Memory :                               20.00 GB
    Max Swap :                                   -
    Max Processes :                              30
    Max Threads :                                41
    Run time :                                   1820 sec.
    Turnaround time :                            1817 sec.

The output (if any) is above this job summary.



PS:

Read file </share/ddomlab/sdehgha2/working-space/main/_colab_GP/GP_collab/results/HPC_history/hpc_20260104/GpyroMCMC_Tanimoto_Matern32_sum.err> for stderr output of this job.

Running seed: 13
No hyperparameter optimization
Running seed: 42
No hyperparameter optimization
Average scores:	 rmse: 11.12±1.16	 r2: 0.66±0.06
Filename: (ECFP3_count_512-COUNT)_(GpyroMCMC_Tanimoto-Matern32_sum)_mean_hypOFF_Standard_Standard
Running seed: 6
No hyperparameter optimization
Running seed: 13
No hyperparameter optimization
Running seed: 42
No hyperparameter optimization
Average scores:	 rmse: 10.13±1.28	 r2: 0.37±0.12
Filename: (ECFP3_count_512-COUNT)_(GpyroMCMC_Tanimoto-Matern32_sum)_mean_hypOFF_Standard_Standard
Running seed: 6
No hyperparameter optimization
Running seed: 13
No hyperparameter optimization
Running seed: 42
No hyperparameter optimization
Average scores:	 rmse: 12.93±2.1	 r2: 0.55±0.16
Filename: (ECFP3_count_512-COUNT)_(GpyroMCMC_Tanimoto-Matern32_sum)_mean_hypOFF_Standard_Standard
Running seed: 6
No hyperparameter optimization
Running seed: 13
No hyperparameter optimization
Running seed: 42
No hyperparameter optimization
Average scores:	 rmse: 10.06±1.27	 r2: 0.37±0.12
Filename: (ECFP3_count_512-COUNT)_(GpyroMCMC_Tanimoto-Matern32_sum)_mean_hypOFF_Standard_Standard

------------------------------------------------------------
Sender: LSF System <lsfadmin@c010n04>
Subject: Job 886954: <structure_numerical_20260104> in cluster <Hazel> Done

Job <structure_numerical_20260104> was submitted from host <c202n05> by user <sdehgha2> in cluster <Hazel> at Sun Jan  4 16:34:49 2026
Job was executed on host(s) <6*c010n04>, in queue <single_chassis>, as user <sdehgha2> in cluster <Hazel> at Sun Jan  4 16:34:49 2026
</tmp/.lsbtmp404534> was used as the home directory.
</share/ddomlab/sdehgha2/working-space/main/_colab_GP/GP_collab/code_/training/hpc_submit_training_GP> was used as the working directory.
Started at Sun Jan  4 16:34:49 2026
Terminated at Sun Jan  4 17:09:13 2026
Results reported at Sun Jan  4 17:09:13 2026

Your job looked like:

------------------------------------------------------------
# LSBATCH: User input



#BSUB -n 6
#BSUB -W 10:00
#BSUB -R span[hosts=1]
#BSUB -R "rusage[mem=32GB]"
#BSUB -J "structure_numerical_20260104"
#BSUB -o "/share/ddomlab/sdehgha2/working-space/main/_colab_GP/GP_collab/results/HPC_history/hpc_20260104/GpyroMCMC_Tanimoto_Matern32_sum.out"
#BSUB -e "/share/ddomlab/sdehgha2/working-space/main/_colab_GP/GP_collab/results/HPC_history/hpc_20260104/GpyroMCMC_Tanimoto_Matern32_sum.err"

source ~/.bashrc
conda activate /usr/local/usrapps/ddomlab/sdehgha2/torch_cpu
python ../train_structure_numerical.py --K_fp Tanimoto                                         --K_count Matern32                                         --Kernel_mixing_method sum 


------------------------------------------------------------

Successfully completed.

Resource usage summary:

    CPU time :                                   9335.00 sec.
    Max Memory :                                 17 GB
    Average Memory :                             10.53 GB
    Total Requested Memory :                     32.00 GB
    Delta Memory :                               15.00 GB
    Max Swap :                                   -
    Max Processes :                              38
    Max Threads :                                59
    Run time :                                   2068 sec.
    Turnaround time :                            2064 sec.

The output (if any) is above this job summary.



PS:

Read file </share/ddomlab/sdehgha2/working-space/main/_colab_GP/GP_collab/results/HPC_history/hpc_20260104/GpyroMCMC_Tanimoto_Matern32_sum.err> for stderr output of this job.

Running seed: 13
No hyperparameter optimization
Running seed: 13
No hyperparameter optimization
Running seed: 42
No hyperparameter optimization
Running seed: 42
No hyperparameter optimization
Average scores:	 rmse: 0.48±0.02	 r2: 0.73±0.02
Filename: (ECFP3_count_512-COUNT)_(GpyroMCMC_Tanimoto-Matern32_sum)_hypOFF_Standard_Standard

------------------------------------------------------------
Sender: LSF System <lsfadmin@c207n03>
Subject: Job 886799: <structure_numerical_20260104> in cluster <Hazel> Done

Job <structure_numerical_20260104> was submitted from host <c207n13> by user <sdehgha2> in cluster <Hazel> at Sun Jan  4 15:42:41 2026
Job was executed on host(s) <6*c207n03>, in queue <single_chassis>, as user <sdehgha2> in cluster <Hazel> at Sun Jan  4 15:42:42 2026
</tmp/.lsbtmp404534> was used as the home directory.
</share/ddomlab/sdehgha2/working-space/main/_colab_GP/GP_collab/code_/training/hpc_submit_training_GP> was used as the working directory.
Started at Sun Jan  4 15:42:42 2026
Terminated at Mon Jan  5 04:25:39 2026
Results reported at Mon Jan  5 04:25:39 2026

Your job looked like:

------------------------------------------------------------
# LSBATCH: User input



#BSUB -n 6
#BSUB -W 32:00
#BSUB -R span[hosts=1]
#BSUB -R "rusage[mem=32GB]"
#BSUB -J "structure_numerical_20260104"
#BSUB -o "/share/ddomlab/sdehgha2/working-space/main/_colab_GP/GP_collab/results/HPC_history/hpc_20260104/GpyroMCMC_Tanimoto_Matern32_sum.out"
#BSUB -e "/share/ddomlab/sdehgha2/working-space/main/_colab_GP/GP_collab/results/HPC_history/hpc_20260104/GpyroMCMC_Tanimoto_Matern32_sum.err"

source ~/.bashrc
conda activate /usr/local/usrapps/ddomlab/sdehgha2/torch_cpu
python ../train_structure_numerical.py --K_fp Tanimoto                                         --K_count Matern32                                         --Kernel_mixing_method sum 


------------------------------------------------------------

Successfully completed.

Resource usage summary:

    CPU time :                                   204678.00 sec.
    Max Memory :                                 57 GB
    Average Memory :                             37.83 GB
    Total Requested Memory :                     32.00 GB
    Delta Memory :                               -25.00 GB
    Max Swap :                                   -
    Max Processes :                              26
    Max Threads :                                34
    Run time :                                   45780 sec.
    Turnaround time :                            45778 sec.

The output (if any) is above this job summary.



PS:

Read file </share/ddomlab/sdehgha2/working-space/main/_colab_GP/GP_collab/results/HPC_history/hpc_20260104/GpyroMCMC_Tanimoto_Matern32_sum.err> for stderr output of this job.

Average scores:	 rmse: 0.37±0.01	 r2: 0.75±0.03
Filename: (ECFP3_count_512-COUNT)_(GpyroMCMC_Tanimoto-Matern32_sum)_hypOFF_Standard_Standard

------------------------------------------------------------
Sender: LSF System <lsfadmin@c207n06>
Subject: Job 886762: <structure_numerical_20260104> in cluster <Hazel> Done

Job <structure_numerical_20260104> was submitted from host <c207n13> by user <sdehgha2> in cluster <Hazel> at Sun Jan  4 15:40:04 2026
Job was executed on host(s) <6*c207n06>, in queue <single_chassis>, as user <sdehgha2> in cluster <Hazel> at Sun Jan  4 15:40:04 2026
</tmp/.lsbtmp404534> was used as the home directory.
</share/ddomlab/sdehgha2/working-space/main/_colab_GP/GP_collab/code_/training/hpc_submit_training_GP> was used as the working directory.
Started at Sun Jan  4 15:40:04 2026
Terminated at Mon Jan  5 04:34:31 2026
Results reported at Mon Jan  5 04:34:31 2026

Your job looked like:

------------------------------------------------------------
# LSBATCH: User input



#BSUB -n 6
#BSUB -W 32:00
#BSUB -R span[hosts=1]
#BSUB -R "rusage[mem=32GB]"
#BSUB -J "structure_numerical_20260104"
#BSUB -o "/share/ddomlab/sdehgha2/working-space/main/_colab_GP/GP_collab/results/HPC_history/hpc_20260104/GpyroMCMC_Tanimoto_Matern32_sum.out"
#BSUB -e "/share/ddomlab/sdehgha2/working-space/main/_colab_GP/GP_collab/results/HPC_history/hpc_20260104/GpyroMCMC_Tanimoto_Matern32_sum.err"

source ~/.bashrc
conda activate /usr/local/usrapps/ddomlab/sdehgha2/torch_cpu
python ../train_structure_numerical.py --K_fp Tanimoto                                         --K_count Matern32                                         --Kernel_mixing_method sum 


------------------------------------------------------------

Successfully completed.

Resource usage summary:

    CPU time :                                   204283.00 sec.
    Max Memory :                                 57 GB
    Average Memory :                             27.77 GB
    Total Requested Memory :                     32.00 GB
    Delta Memory :                               -25.00 GB
    Max Swap :                                   -
    Max Processes :                              26
    Max Threads :                                34
    Run time :                                   46473 sec.
    Turnaround time :                            46467 sec.

The output (if any) is above this job summary.



PS:

Read file </share/ddomlab/sdehgha2/working-space/main/_colab_GP/GP_collab/results/HPC_history/hpc_20260104/GpyroMCMC_Tanimoto_Matern32_sum.err> for stderr output of this job.

