
------------------------------------------------------------
Sender: LSF System <lsfadmin@c201n05>
Subject: Job 886737: <structure_numerical_20260104> in cluster <Hazel> Exited

Job <structure_numerical_20260104> was submitted from host <c207n13> by user <sdehgha2> in cluster <Hazel> at Sun Jan  4 15:36:38 2026
Job was executed on host(s) <6*c201n05>, in queue <single_chassis>, as user <sdehgha2> in cluster <Hazel> at Sun Jan  4 15:36:39 2026
</tmp/.lsbtmp404534> was used as the home directory.
</share/ddomlab/sdehgha2/working-space/main/_colab_GP/GP_collab/code_/training/hpc_submit_training_GP> was used as the working directory.
Started at Sun Jan  4 15:36:39 2026
Terminated at Sun Jan  4 15:37:13 2026
Results reported at Sun Jan  4 15:37:13 2026

Your job looked like:

------------------------------------------------------------
# LSBATCH: User input



#BSUB -n 6
#BSUB -W 32:00
#BSUB -R span[hosts=1]
#BSUB -R "rusage[mem=32GB]"
#BSUB -J "structure_numerical_20260104"
#BSUB -o "/share/ddomlab/sdehgha2/working-space/main/_colab_GP/GP_collab/results/HPC_history/hpc_20260104/GpyroMCMC_Tanimoto_Matern32_product.out"
#BSUB -e "/share/ddomlab/sdehgha2/working-space/main/_colab_GP/GP_collab/results/HPC_history/hpc_20260104/GpyroMCMC_Tanimoto_Matern32_product.err"

source ~/.bashrc
conda activate /usr/local/usrapps/ddomlab/sdehgha2/torch_cpu
python ../train_structure_numerical.py --K_fp Tanimoto                                         --K_count Matern32                                         --Kernel_mixing_method product 


------------------------------------------------------------

Exited with exit code 1.

Resource usage summary:

    CPU time :                                   11.70 sec.
    Max Memory :                                 -
    Average Memory :                             -
    Total Requested Memory :                     32.00 GB
    Delta Memory :                               -
    Max Swap :                                   -
    Max Processes :                              4
    Max Threads :                                5
    Run time :                                   56 sec.
    Turnaround time :                            35 sec.

The output (if any) is above this job summary.



PS:

Read file </share/ddomlab/sdehgha2/working-space/main/_colab_GP/GP_collab/results/HPC_history/hpc_20260104/GpyroMCMC_Tanimoto_Matern32_product.err> for stderr output of this job.

Running seed: 6
No hyperparameter optimization
Running seed: 6
No hyperparameter optimization
Running seed: 6
No hyperparameter optimization
Running seed: 13
No hyperparameter optimization
Running seed: 42
No hyperparameter optimization
Average scores:	 rmse: 0.2±0.04	 r2: 0.9±0.04
Filename: (ECFP3_count_512-COUNT)_(GpyroMCMC_Tanimoto-Matern32_product)_hypOFF_Standard_Standard
Running seed: 6
No hyperparameter optimization
Running seed: 13
No hyperparameter optimization
Running seed: 42
No hyperparameter optimization
Running seed: 6
No hyperparameter optimization
Average scores:	 rmse: 0.24±0.05	 r2: 0.98±0.01
Filename: (ECFP3_count_512-COUNT)_(GpyroMCMC_Tanimoto-Matern32_product)_hypOFF_Standard_Standard

------------------------------------------------------------
Sender: LSF System <lsfadmin@c008n03>
Subject: Job 886873: <structure_numerical_20260104> in cluster <Hazel> Done

Job <structure_numerical_20260104> was submitted from host <c201n04> by user <sdehgha2> in cluster <Hazel> at Sun Jan  4 15:55:18 2026
Job was executed on host(s) <6*c008n03>, in queue <single_chassis>, as user <sdehgha2> in cluster <Hazel> at Sun Jan  4 15:55:19 2026
</tmp/.lsbtmp404534> was used as the home directory.
</share/ddomlab/sdehgha2/working-space/main/_colab_GP/GP_collab/code_/training/hpc_submit_training_GP> was used as the working directory.
Started at Sun Jan  4 15:55:19 2026
Terminated at Sun Jan  4 16:25:58 2026
Results reported at Sun Jan  4 16:25:58 2026

Your job looked like:

------------------------------------------------------------
# LSBATCH: User input



#BSUB -n 6
#BSUB -W 5:00
#BSUB -R span[hosts=1]
#BSUB -R "rusage[mem=32GB]"
#BSUB -J "structure_numerical_20260104"
#BSUB -o "/share/ddomlab/sdehgha2/working-space/main/_colab_GP/GP_collab/results/HPC_history/hpc_20260104/GpyroMCMC_Tanimoto_Matern32_product.out"
#BSUB -e "/share/ddomlab/sdehgha2/working-space/main/_colab_GP/GP_collab/results/HPC_history/hpc_20260104/GpyroMCMC_Tanimoto_Matern32_product.err"

source ~/.bashrc
conda activate /usr/local/usrapps/ddomlab/sdehgha2/torch_cpu
python ../train_structure_numerical.py --K_fp Tanimoto                                         --K_count Matern32                                         --Kernel_mixing_method product 


------------------------------------------------------------

Successfully completed.

Resource usage summary:

    CPU time :                                   8402.57 sec.
    Max Memory :                                 10 GB
    Average Memory :                             6.82 GB
    Total Requested Memory :                     32.00 GB
    Delta Memory :                               22.00 GB
    Max Swap :                                   -
    Max Processes :                              38
    Max Threads :                                50
    Run time :                                   1869 sec.
    Turnaround time :                            1840 sec.

The output (if any) is above this job summary.



PS:

Read file </share/ddomlab/sdehgha2/working-space/main/_colab_GP/GP_collab/results/HPC_history/hpc_20260104/GpyroMCMC_Tanimoto_Matern32_product.err> for stderr output of this job.

Running seed: 13
No hyperparameter optimization
Running seed: 42
No hyperparameter optimization
Running seed: 6
No hyperparameter optimization
Running seed: 13
No hyperparameter optimization
Running seed: 42
No hyperparameter optimization
Average scores:	 rmse: 70.87±9.45	 r2: 0.79±0.05
Filename: (ECFP3_count_512-COUNT)_(GpyroMCMC_Tanimoto-Matern32_product)_mean_hypOFF_Standard_Standard
Running seed: 6
No hyperparameter optimization
Average scores:	 rmse: 2.17±0.15	 r2: 0.5±0.04
Filename: (ECFP3_count_512-COUNT)_(GpyroMCMC_Tanimoto-Matern32_product)_hypOFF_Standard_Standard

------------------------------------------------------------
Sender: LSF System <lsfadmin@c025n03>
Subject: Job 886916: <structure_numerical_20260104> in cluster <Hazel> Done

Job <structure_numerical_20260104> was submitted from host <c205n10> by user <sdehgha2> in cluster <Hazel> at Sun Jan  4 16:20:08 2026
Job was executed on host(s) <6*c025n03>, in queue <single_chassis>, as user <sdehgha2> in cluster <Hazel> at Sun Jan  4 16:20:47 2026
</tmp/.lsbtmp404534> was used as the home directory.
</share/ddomlab/sdehgha2/working-space/main/_colab_GP/GP_collab/code_/training/hpc_submit_training_GP> was used as the working directory.
Started at Sun Jan  4 16:20:47 2026
Terminated at Sun Jan  4 16:42:20 2026
Results reported at Sun Jan  4 16:42:20 2026

Your job looked like:

------------------------------------------------------------
# LSBATCH: User input



#BSUB -n 6
#BSUB -W 10:00
#BSUB -R span[hosts=1]
#BSUB -R "rusage[mem=32GB]"
#BSUB -J "structure_numerical_20260104"
#BSUB -o "/share/ddomlab/sdehgha2/working-space/main/_colab_GP/GP_collab/results/HPC_history/hpc_20260104/GpyroMCMC_Tanimoto_Matern32_product.out"
#BSUB -e "/share/ddomlab/sdehgha2/working-space/main/_colab_GP/GP_collab/results/HPC_history/hpc_20260104/GpyroMCMC_Tanimoto_Matern32_product.err"

source ~/.bashrc
conda activate /usr/local/usrapps/ddomlab/sdehgha2/torch_cpu
python ../train_structure_numerical.py --K_fp Tanimoto                                         --K_count Matern32                                         --Kernel_mixing_method product 


------------------------------------------------------------

Successfully completed.

Resource usage summary:

    CPU time :                                   6070.00 sec.
    Max Memory :                                 10 GB
    Average Memory :                             7.07 GB
    Total Requested Memory :                     32.00 GB
    Delta Memory :                               22.00 GB
    Max Swap :                                   -
    Max Processes :                              38
    Max Threads :                                48
    Run time :                                   1292 sec.
    Turnaround time :                            1332 sec.

The output (if any) is above this job summary.



PS:

Read file </share/ddomlab/sdehgha2/working-space/main/_colab_GP/GP_collab/results/HPC_history/hpc_20260104/GpyroMCMC_Tanimoto_Matern32_product.err> for stderr output of this job.

Running seed: 13
No hyperparameter optimization
Running seed: 42
No hyperparameter optimization
Average scores:	 rmse: 9.13±1.3	 r2: 0.67±0.13
Filename: (ECFP3_count_512-COUNT)_(GpyroMCMC_Tanimoto-Matern32_product)_mean_hypOFF_Standard_Standard
Running seed: 6
No hyperparameter optimization
Running seed: 13
No hyperparameter optimization
Running seed: 42
No hyperparameter optimization
Average scores:	 rmse: 10.22±1.47	 r2: 0.71±0.08
Filename: (ECFP3_count_512-COUNT)_(GpyroMCMC_Tanimoto-Matern32_product)_mean_hypOFF_Standard_Standard
Running seed: 6
No hyperparameter optimization
Running seed: 13
No hyperparameter optimization
Running seed: 42
No hyperparameter optimization
Average scores:	 rmse: 10.04±1.31	 r2: 0.38±0.1
Filename: (ECFP3_count_512-COUNT)_(GpyroMCMC_Tanimoto-Matern32_product)_mean_hypOFF_Standard_Standard
Running seed: 6
No hyperparameter optimization
Running seed: 13
No hyperparameter optimization
Running seed: 42
No hyperparameter optimization
Average scores:	 rmse: 9.77±1.5	 r2: 0.74±0.08
Filename: (ECFP3_count_512-COUNT)_(GpyroMCMC_Tanimoto-Matern32_product)_mean_hypOFF_Standard_Standard
Running seed: 6
No hyperparameter optimization
Running seed: 13
No hyperparameter optimization
Running seed: 42
No hyperparameter optimization
Average scores:	 rmse: 10.04±1.3	 r2: 0.38±0.09
Filename: (ECFP3_count_512-COUNT)_(GpyroMCMC_Tanimoto-Matern32_product)_mean_hypOFF_Standard_Standard

------------------------------------------------------------
Sender: LSF System <lsfadmin@c013n04>
Subject: Job 886966: <structure_numerical_20260104> in cluster <Hazel> Done

Job <structure_numerical_20260104> was submitted from host <c202n05> by user <sdehgha2> in cluster <Hazel> at Sun Jan  4 16:34:55 2026
Job was executed on host(s) <6*c013n04>, in queue <single_chassis>, as user <sdehgha2> in cluster <Hazel> at Sun Jan  4 16:34:56 2026
</tmp/.lsbtmp404534> was used as the home directory.
</share/ddomlab/sdehgha2/working-space/main/_colab_GP/GP_collab/code_/training/hpc_submit_training_GP> was used as the working directory.
Started at Sun Jan  4 16:34:56 2026
Terminated at Sun Jan  4 17:06:28 2026
Results reported at Sun Jan  4 17:06:28 2026

Your job looked like:

------------------------------------------------------------
# LSBATCH: User input



#BSUB -n 6
#BSUB -W 10:00
#BSUB -R span[hosts=1]
#BSUB -R "rusage[mem=32GB]"
#BSUB -J "structure_numerical_20260104"
#BSUB -o "/share/ddomlab/sdehgha2/working-space/main/_colab_GP/GP_collab/results/HPC_history/hpc_20260104/GpyroMCMC_Tanimoto_Matern32_product.out"
#BSUB -e "/share/ddomlab/sdehgha2/working-space/main/_colab_GP/GP_collab/results/HPC_history/hpc_20260104/GpyroMCMC_Tanimoto_Matern32_product.err"

source ~/.bashrc
conda activate /usr/local/usrapps/ddomlab/sdehgha2/torch_cpu
python ../train_structure_numerical.py --K_fp Tanimoto                                         --K_count Matern32                                         --Kernel_mixing_method product 


------------------------------------------------------------

Successfully completed.

Resource usage summary:

    CPU time :                                   8708.33 sec.
    Max Memory :                                 15 GB
    Average Memory :                             10.15 GB
    Total Requested Memory :                     32.00 GB
    Delta Memory :                               17.00 GB
    Max Swap :                                   -
    Max Processes :                              38
    Max Threads :                                57
    Run time :                                   1903 sec.
    Turnaround time :                            1893 sec.

The output (if any) is above this job summary.



PS:

Read file </share/ddomlab/sdehgha2/working-space/main/_colab_GP/GP_collab/results/HPC_history/hpc_20260104/GpyroMCMC_Tanimoto_Matern32_product.err> for stderr output of this job.

Running seed: 13
No hyperparameter optimization
Running seed: 13
No hyperparameter optimization
Running seed: 42
No hyperparameter optimization
Running seed: 42
No hyperparameter optimization
Average scores:	 rmse: 0.32±0.03	 r2: 0.88±0.02
Filename: (ECFP3_count_512-COUNT)_(GpyroMCMC_Tanimoto-Matern32_product)_hypOFF_Standard_Standard

------------------------------------------------------------
Sender: LSF System <lsfadmin@c202n13>
Subject: Job 886811: <structure_numerical_20260104> in cluster <Hazel> Done

Job <structure_numerical_20260104> was submitted from host <c207n13> by user <sdehgha2> in cluster <Hazel> at Sun Jan  4 15:42:45 2026
Job was executed on host(s) <6*c202n13>, in queue <single_chassis>, as user <sdehgha2> in cluster <Hazel> at Sun Jan  4 15:42:46 2026
</tmp/.lsbtmp404534> was used as the home directory.
</share/ddomlab/sdehgha2/working-space/main/_colab_GP/GP_collab/code_/training/hpc_submit_training_GP> was used as the working directory.
Started at Sun Jan  4 15:42:46 2026
Terminated at Mon Jan  5 02:11:40 2026
Results reported at Mon Jan  5 02:11:40 2026

Your job looked like:

------------------------------------------------------------
# LSBATCH: User input



#BSUB -n 6
#BSUB -W 32:00
#BSUB -R span[hosts=1]
#BSUB -R "rusage[mem=32GB]"
#BSUB -J "structure_numerical_20260104"
#BSUB -o "/share/ddomlab/sdehgha2/working-space/main/_colab_GP/GP_collab/results/HPC_history/hpc_20260104/GpyroMCMC_Tanimoto_Matern32_product.out"
#BSUB -e "/share/ddomlab/sdehgha2/working-space/main/_colab_GP/GP_collab/results/HPC_history/hpc_20260104/GpyroMCMC_Tanimoto_Matern32_product.err"

source ~/.bashrc
conda activate /usr/local/usrapps/ddomlab/sdehgha2/torch_cpu
python ../train_structure_numerical.py --K_fp Tanimoto                                         --K_count Matern32                                         --Kernel_mixing_method product 


------------------------------------------------------------

Successfully completed.

Resource usage summary:

    CPU time :                                   167347.00 sec.
    Max Memory :                                 64 GB
    Average Memory :                             34.09 GB
    Total Requested Memory :                     32.00 GB
    Delta Memory :                               -32.00 GB
    Max Swap :                                   14 GB
    Max Processes :                              30
    Max Threads :                                39
    Run time :                                   37734 sec.
    Turnaround time :                            37735 sec.

The output (if any) is above this job summary.



PS:

Read file </share/ddomlab/sdehgha2/working-space/main/_colab_GP/GP_collab/results/HPC_history/hpc_20260104/GpyroMCMC_Tanimoto_Matern32_product.err> for stderr output of this job.

Average scores:	 rmse: 0.27±0.02	 r2: 0.87±0.02
Filename: (ECFP3_count_512-COUNT)_(GpyroMCMC_Tanimoto-Matern32_product)_hypOFF_Standard_Standard

------------------------------------------------------------
Sender: LSF System <lsfadmin@c201n05>
Subject: Job 886774: <structure_numerical_20260104> in cluster <Hazel> Done

Job <structure_numerical_20260104> was submitted from host <c207n13> by user <sdehgha2> in cluster <Hazel> at Sun Jan  4 15:40:08 2026
Job was executed on host(s) <6*c201n05>, in queue <single_chassis>, as user <sdehgha2> in cluster <Hazel> at Sun Jan  4 15:40:09 2026
</tmp/.lsbtmp404534> was used as the home directory.
</share/ddomlab/sdehgha2/working-space/main/_colab_GP/GP_collab/code_/training/hpc_submit_training_GP> was used as the working directory.
Started at Sun Jan  4 15:40:09 2026
Terminated at Mon Jan  5 03:43:16 2026
Results reported at Mon Jan  5 03:43:16 2026

Your job looked like:

------------------------------------------------------------
# LSBATCH: User input



#BSUB -n 6
#BSUB -W 32:00
#BSUB -R span[hosts=1]
#BSUB -R "rusage[mem=32GB]"
#BSUB -J "structure_numerical_20260104"
#BSUB -o "/share/ddomlab/sdehgha2/working-space/main/_colab_GP/GP_collab/results/HPC_history/hpc_20260104/GpyroMCMC_Tanimoto_Matern32_product.out"
#BSUB -e "/share/ddomlab/sdehgha2/working-space/main/_colab_GP/GP_collab/results/HPC_history/hpc_20260104/GpyroMCMC_Tanimoto_Matern32_product.err"

source ~/.bashrc
conda activate /usr/local/usrapps/ddomlab/sdehgha2/torch_cpu
python ../train_structure_numerical.py --K_fp Tanimoto                                         --K_count Matern32                                         --Kernel_mixing_method product 


------------------------------------------------------------

Successfully completed.

Resource usage summary:

    CPU time :                                   185346.00 sec.
    Max Memory :                                 55 GB
    Average Memory :                             32.11 GB
    Total Requested Memory :                     32.00 GB
    Delta Memory :                               -23.00 GB
    Max Swap :                                   -
    Max Processes :                              30
    Max Threads :                                38
    Run time :                                   43413 sec.
    Turnaround time :                            43388 sec.

The output (if any) is above this job summary.



PS:

Read file </share/ddomlab/sdehgha2/working-space/main/_colab_GP/GP_collab/results/HPC_history/hpc_20260104/GpyroMCMC_Tanimoto_Matern32_product.err> for stderr output of this job.

