
------------------------------------------------------------
Sender: LSF System <lsfadmin@c201n13>
Subject: Job 886733: <structure_numerical_20260104> in cluster <Hazel> Exited

Job <structure_numerical_20260104> was submitted from host <c207n13> by user <sdehgha2> in cluster <Hazel> at Sun Jan  4 15:36:37 2026
Job was executed on host(s) <6*c201n13>, in queue <single_chassis>, as user <sdehgha2> in cluster <Hazel> at Sun Jan  4 15:36:38 2026
</tmp/.lsbtmp404534> was used as the home directory.
</share/ddomlab/sdehgha2/working-space/main/_colab_GP/GP_collab/code_/training/hpc_submit_training_GP> was used as the working directory.
Started at Sun Jan  4 15:36:38 2026
Terminated at Sun Jan  4 15:37:13 2026
Results reported at Sun Jan  4 15:37:13 2026

Your job looked like:

------------------------------------------------------------
# LSBATCH: User input



#BSUB -n 6
#BSUB -W 32:00
#BSUB -R span[hosts=1]
#BSUB -R "rusage[mem=32GB]"
#BSUB -J "structure_numerical_20260104"
#BSUB -o "/share/ddomlab/sdehgha2/working-space/main/_colab_GP/GP_collab/results/HPC_history/hpc_20260104/GpyroMCMC_TanimotoMatern32_RBF_sum.out"
#BSUB -e "/share/ddomlab/sdehgha2/working-space/main/_colab_GP/GP_collab/results/HPC_history/hpc_20260104/GpyroMCMC_TanimotoMatern32_RBF_sum.err"

source ~/.bashrc
conda activate /usr/local/usrapps/ddomlab/sdehgha2/torch_cpu
python ../train_structure_numerical.py --K_fp TanimotoMatern32                                         --K_count RBF                                         --Kernel_mixing_method sum 


------------------------------------------------------------

Exited with exit code 1.

Resource usage summary:

    CPU time :                                   10.74 sec.
    Max Memory :                                 -
    Average Memory :                             -
    Total Requested Memory :                     32.00 GB
    Delta Memory :                               -
    Max Swap :                                   -
    Max Processes :                              4
    Max Threads :                                5
    Run time :                                   53 sec.
    Turnaround time :                            36 sec.

The output (if any) is above this job summary.



PS:

Read file </share/ddomlab/sdehgha2/working-space/main/_colab_GP/GP_collab/results/HPC_history/hpc_20260104/GpyroMCMC_TanimotoMatern32_RBF_sum.err> for stderr output of this job.

Running seed: 6
No hyperparameter optimization
Running seed: 6
No hyperparameter optimization
Running seed: 6
No hyperparameter optimization
Running seed: 13
No hyperparameter optimization
Running seed: 42
No hyperparameter optimization
Running seed: 6
No hyperparameter optimization
Average scores:	 rmse: 0.29±0.02	 r2: 0.8±0.03
Filename: (ECFP3_count_512-COUNT)_(GpyroMCMC_TanimotoMatern32-RBF_sum)_hypOFF_Standard_Standard
Running seed: 6
No hyperparameter optimization
Running seed: 13
No hyperparameter optimization
Running seed: 13
No hyperparameter optimization
Running seed: 6
No hyperparameter optimization
Running seed: 13
No hyperparameter optimization
Running seed: 42
No hyperparameter optimization
Average scores:	 rmse: 96.48±11.1	 r2: 0.62±0.08
Filename: (ECFP3_count_512-COUNT)_(GpyroMCMC_TanimotoMatern32-RBF_sum)_mean_hypOFF_Standard_Standard
Running seed: 6
No hyperparameter optimization
Running seed: 42
No hyperparameter optimization
Running seed: 42
No hyperparameter optimization
Running seed: 13
No hyperparameter optimization
Running seed: 42
No hyperparameter optimization
Average scores:	 rmse: 12.75±1.42	 r2: 0.37±0.21
Filename: (ECFP3_count_512-COUNT)_(GpyroMCMC_TanimotoMatern32-RBF_sum)_mean_hypOFF_Standard_Standard
Running seed: 6
No hyperparameter optimization

------------------------------------------------------------
Sender: LSF System <lsfadmin@c009n03>
Subject: Job 886912: <structure_numerical_20260104> in cluster <Hazel> Exited

Job <structure_numerical_20260104> was submitted from host <c205n10> by user <sdehgha2> in cluster <Hazel> at Sun Jan  4 16:20:06 2026
Job was executed on host(s) <6*c009n03>, in queue <single_chassis>, as user <sdehgha2> in cluster <Hazel> at Sun Jan  4 16:20:24 2026
</tmp/.lsbtmp404534> was used as the home directory.
</share/ddomlab/sdehgha2/working-space/main/_colab_GP/GP_collab/code_/training/hpc_submit_training_GP> was used as the working directory.
Started at Sun Jan  4 16:20:24 2026
Terminated at Sun Jan  4 16:48:06 2026
Results reported at Sun Jan  4 16:48:06 2026

Your job looked like:

------------------------------------------------------------
# LSBATCH: User input



#BSUB -n 6
#BSUB -W 10:00
#BSUB -R span[hosts=1]
#BSUB -R "rusage[mem=32GB]"
#BSUB -J "structure_numerical_20260104"
#BSUB -o "/share/ddomlab/sdehgha2/working-space/main/_colab_GP/GP_collab/results/HPC_history/hpc_20260104/GpyroMCMC_TanimotoMatern32_RBF_sum.out"
#BSUB -e "/share/ddomlab/sdehgha2/working-space/main/_colab_GP/GP_collab/results/HPC_history/hpc_20260104/GpyroMCMC_TanimotoMatern32_RBF_sum.err"

source ~/.bashrc
conda activate /usr/local/usrapps/ddomlab/sdehgha2/torch_cpu
python ../train_structure_numerical.py --K_fp TanimotoMatern32                                         --K_count RBF                                         --Kernel_mixing_method sum 


------------------------------------------------------------

Exited with exit code 1.

Resource usage summary:

    CPU time :                                   6323.42 sec.
    Max Memory :                                 8 GB
    Average Memory :                             4.79 GB
    Total Requested Memory :                     32.00 GB
    Delta Memory :                               24.00 GB
    Max Swap :                                   -
    Max Processes :                              38
    Max Threads :                                51
    Run time :                                   1688 sec.
    Turnaround time :                            1680 sec.

The output (if any) is above this job summary.



PS:

Read file </share/ddomlab/sdehgha2/working-space/main/_colab_GP/GP_collab/results/HPC_history/hpc_20260104/GpyroMCMC_TanimotoMatern32_RBF_sum.err> for stderr output of this job.

Average scores:	 rmse: 0.37±0.04	 r2: 0.95±0.01
Filename: (ECFP3_count_512-COUNT)_(GpyroMCMC_TanimotoMatern32-RBF_sum)_hypOFF_Standard_Standard

------------------------------------------------------------
Sender: LSF System <lsfadmin@c201n04>
Subject: Job 886869: <structure_numerical_20260104> in cluster <Hazel> Done

Job <structure_numerical_20260104> was submitted from host <c201n04> by user <sdehgha2> in cluster <Hazel> at Sun Jan  4 15:55:16 2026
Job was executed on host(s) <6*c201n04>, in queue <single_chassis>, as user <sdehgha2> in cluster <Hazel> at Sun Jan  4 15:56:09 2026
</tmp/.lsbtmp404534> was used as the home directory.
</share/ddomlab/sdehgha2/working-space/main/_colab_GP/GP_collab/code_/training/hpc_submit_training_GP> was used as the working directory.
Started at Sun Jan  4 15:56:09 2026
Terminated at Sun Jan  4 16:51:02 2026
Results reported at Sun Jan  4 16:51:02 2026

Your job looked like:

------------------------------------------------------------
# LSBATCH: User input



#BSUB -n 6
#BSUB -W 5:00
#BSUB -R span[hosts=1]
#BSUB -R "rusage[mem=32GB]"
#BSUB -J "structure_numerical_20260104"
#BSUB -o "/share/ddomlab/sdehgha2/working-space/main/_colab_GP/GP_collab/results/HPC_history/hpc_20260104/GpyroMCMC_TanimotoMatern32_RBF_sum.out"
#BSUB -e "/share/ddomlab/sdehgha2/working-space/main/_colab_GP/GP_collab/results/HPC_history/hpc_20260104/GpyroMCMC_TanimotoMatern32_RBF_sum.err"

source ~/.bashrc
conda activate /usr/local/usrapps/ddomlab/sdehgha2/torch_cpu
python ../train_structure_numerical.py --K_fp TanimotoMatern32                                         --K_count RBF                                         --Kernel_mixing_method sum 


------------------------------------------------------------

Successfully completed.

Resource usage summary:

    CPU time :                                   14034.40 sec.
    Max Memory :                                 11 GB
    Average Memory :                             5.97 GB
    Total Requested Memory :                     32.00 GB
    Delta Memory :                               21.00 GB
    Max Swap :                                   -
    Max Processes :                              30
    Max Threads :                                38
    Run time :                                   3296 sec.
    Turnaround time :                            3346 sec.

The output (if any) is above this job summary.



PS:

Read file </share/ddomlab/sdehgha2/working-space/main/_colab_GP/GP_collab/results/HPC_history/hpc_20260104/GpyroMCMC_TanimotoMatern32_RBF_sum.err> for stderr output of this job.

Running seed: 13
No hyperparameter optimization
Running seed: 42
No hyperparameter optimization
Average scores:	 rmse: 11.49±1.14	 r2: 0.63±0.06
Filename: (ECFP3_count_512-COUNT)_(GpyroMCMC_TanimotoMatern32-RBF_sum)_mean_hypOFF_Standard_Standard
Running seed: 6
No hyperparameter optimization
Running seed: 13
No hyperparameter optimization
Running seed: 42
No hyperparameter optimization
Average scores:	 rmse: 10.65±1.3	 r2: 0.3±0.12
Filename: (ECFP3_count_512-COUNT)_(GpyroMCMC_TanimotoMatern32-RBF_sum)_mean_hypOFF_Standard_Standard
Running seed: 6
No hyperparameter optimization
Running seed: 13
No hyperparameter optimization
Running seed: 42
No hyperparameter optimization
Average scores:	 rmse: 13.72±2.19	 r2: 0.49±0.17
Filename: (ECFP3_count_512-COUNT)_(GpyroMCMC_TanimotoMatern32-RBF_sum)_mean_hypOFF_Standard_Standard
Running seed: 6
No hyperparameter optimization
Running seed: 13
No hyperparameter optimization
Running seed: 42
No hyperparameter optimization
Average scores:	 rmse: 10.64±1.31	 r2: 0.3±0.12
Filename: (ECFP3_count_512-COUNT)_(GpyroMCMC_TanimotoMatern32-RBF_sum)_mean_hypOFF_Standard_Standard

------------------------------------------------------------
Sender: LSF System <lsfadmin@c011n03>
Subject: Job 886962: <structure_numerical_20260104> in cluster <Hazel> Done

Job <structure_numerical_20260104> was submitted from host <c202n05> by user <sdehgha2> in cluster <Hazel> at Sun Jan  4 16:34:53 2026
Job was executed on host(s) <6*c011n03>, in queue <single_chassis>, as user <sdehgha2> in cluster <Hazel> at Sun Jan  4 16:34:54 2026
</tmp/.lsbtmp404534> was used as the home directory.
</share/ddomlab/sdehgha2/working-space/main/_colab_GP/GP_collab/code_/training/hpc_submit_training_GP> was used as the working directory.
Started at Sun Jan  4 16:34:54 2026
Terminated at Sun Jan  4 17:09:19 2026
Results reported at Sun Jan  4 17:09:19 2026

Your job looked like:

------------------------------------------------------------
# LSBATCH: User input



#BSUB -n 6
#BSUB -W 10:00
#BSUB -R span[hosts=1]
#BSUB -R "rusage[mem=32GB]"
#BSUB -J "structure_numerical_20260104"
#BSUB -o "/share/ddomlab/sdehgha2/working-space/main/_colab_GP/GP_collab/results/HPC_history/hpc_20260104/GpyroMCMC_TanimotoMatern32_RBF_sum.out"
#BSUB -e "/share/ddomlab/sdehgha2/working-space/main/_colab_GP/GP_collab/results/HPC_history/hpc_20260104/GpyroMCMC_TanimotoMatern32_RBF_sum.err"

source ~/.bashrc
conda activate /usr/local/usrapps/ddomlab/sdehgha2/torch_cpu
python ../train_structure_numerical.py --K_fp TanimotoMatern32                                         --K_count RBF                                         --Kernel_mixing_method sum 


------------------------------------------------------------

Successfully completed.

Resource usage summary:

    CPU time :                                   8950.00 sec.
    Max Memory :                                 15 GB
    Average Memory :                             9.48 GB
    Total Requested Memory :                     32.00 GB
    Delta Memory :                               17.00 GB
    Max Swap :                                   -
    Max Processes :                              38
    Max Threads :                                58
    Run time :                                   2078 sec.
    Turnaround time :                            2066 sec.

The output (if any) is above this job summary.



PS:

Read file </share/ddomlab/sdehgha2/working-space/main/_colab_GP/GP_collab/results/HPC_history/hpc_20260104/GpyroMCMC_TanimotoMatern32_RBF_sum.err> for stderr output of this job.

Running seed: 13
No hyperparameter optimization
Running seed: 13
No hyperparameter optimization
Running seed: 42
No hyperparameter optimization
Running seed: 42
No hyperparameter optimization
Average scores:	 rmse: 0.44±0.02	 r2: 0.65±0.03
Filename: (ECFP3_count_512-COUNT)_(GpyroMCMC_TanimotoMatern32-RBF_sum)_hypOFF_Standard_Standard

------------------------------------------------------------
Sender: LSF System <lsfadmin@c201n13>
Subject: Job 886770: <structure_numerical_20260104> in cluster <Hazel> Done

Job <structure_numerical_20260104> was submitted from host <c207n13> by user <sdehgha2> in cluster <Hazel> at Sun Jan  4 15:40:06 2026
Job was executed on host(s) <6*c201n13>, in queue <single_chassis>, as user <sdehgha2> in cluster <Hazel> at Sun Jan  4 15:40:07 2026
</tmp/.lsbtmp404534> was used as the home directory.
</share/ddomlab/sdehgha2/working-space/main/_colab_GP/GP_collab/code_/training/hpc_submit_training_GP> was used as the working directory.
Started at Sun Jan  4 15:40:07 2026
Terminated at Mon Jan  5 03:05:59 2026
Results reported at Mon Jan  5 03:05:59 2026

Your job looked like:

------------------------------------------------------------
# LSBATCH: User input



#BSUB -n 6
#BSUB -W 32:00
#BSUB -R span[hosts=1]
#BSUB -R "rusage[mem=32GB]"
#BSUB -J "structure_numerical_20260104"
#BSUB -o "/share/ddomlab/sdehgha2/working-space/main/_colab_GP/GP_collab/results/HPC_history/hpc_20260104/GpyroMCMC_TanimotoMatern32_RBF_sum.out"
#BSUB -e "/share/ddomlab/sdehgha2/working-space/main/_colab_GP/GP_collab/results/HPC_history/hpc_20260104/GpyroMCMC_TanimotoMatern32_RBF_sum.err"

source ~/.bashrc
conda activate /usr/local/usrapps/ddomlab/sdehgha2/torch_cpu
python ../train_structure_numerical.py --K_fp TanimotoMatern32                                         --K_count RBF                                         --Kernel_mixing_method sum 


------------------------------------------------------------

Successfully completed.

Resource usage summary:

    CPU time :                                   165127.00 sec.
    Max Memory :                                 32 GB
    Average Memory :                             17.31 GB
    Total Requested Memory :                     32.00 GB
    Delta Memory :                               0.00 GB
    Max Swap :                                   1 GB
    Max Processes :                              30
    Max Threads :                                39
    Run time :                                   41176 sec.
    Turnaround time :                            41153 sec.

The output (if any) is above this job summary.



PS:

Read file </share/ddomlab/sdehgha2/working-space/main/_colab_GP/GP_collab/results/HPC_history/hpc_20260104/GpyroMCMC_TanimotoMatern32_RBF_sum.err> for stderr output of this job.

Average scores:	 rmse: 0.54±0.02	 r2: 0.66±0.02
Filename: (ECFP3_count_512-COUNT)_(GpyroMCMC_TanimotoMatern32-RBF_sum)_hypOFF_Standard_Standard

------------------------------------------------------------
Sender: LSF System <lsfadmin@c202n07>
Subject: Job 886807: <structure_numerical_20260104> in cluster <Hazel> Done

Job <structure_numerical_20260104> was submitted from host <c207n13> by user <sdehgha2> in cluster <Hazel> at Sun Jan  4 15:42:44 2026
Job was executed on host(s) <6*c202n07>, in queue <single_chassis>, as user <sdehgha2> in cluster <Hazel> at Sun Jan  4 15:42:44 2026
</tmp/.lsbtmp404534> was used as the home directory.
</share/ddomlab/sdehgha2/working-space/main/_colab_GP/GP_collab/code_/training/hpc_submit_training_GP> was used as the working directory.
Started at Sun Jan  4 15:42:44 2026
Terminated at Mon Jan  5 04:36:27 2026
Results reported at Mon Jan  5 04:36:27 2026

Your job looked like:

------------------------------------------------------------
# LSBATCH: User input



#BSUB -n 6
#BSUB -W 32:00
#BSUB -R span[hosts=1]
#BSUB -R "rusage[mem=32GB]"
#BSUB -J "structure_numerical_20260104"
#BSUB -o "/share/ddomlab/sdehgha2/working-space/main/_colab_GP/GP_collab/results/HPC_history/hpc_20260104/GpyroMCMC_TanimotoMatern32_RBF_sum.out"
#BSUB -e "/share/ddomlab/sdehgha2/working-space/main/_colab_GP/GP_collab/results/HPC_history/hpc_20260104/GpyroMCMC_TanimotoMatern32_RBF_sum.err"

source ~/.bashrc
conda activate /usr/local/usrapps/ddomlab/sdehgha2/torch_cpu
python ../train_structure_numerical.py --K_fp TanimotoMatern32                                         --K_count RBF                                         --Kernel_mixing_method sum 


------------------------------------------------------------

Successfully completed.

Resource usage summary:

    CPU time :                                   199876.17 sec.
    Max Memory :                                 69 GB
    Average Memory :                             21.79 GB
    Total Requested Memory :                     32.00 GB
    Delta Memory :                               -37.00 GB
    Max Swap :                                   5 GB
    Max Processes :                              30
    Max Threads :                                39
    Run time :                                   46452 sec.
    Turnaround time :                            46423 sec.

The output (if any) is above this job summary.



PS:

Read file </share/ddomlab/sdehgha2/working-space/main/_colab_GP/GP_collab/results/HPC_history/hpc_20260104/GpyroMCMC_TanimotoMatern32_RBF_sum.err> for stderr output of this job.

