Running seed: 6
No hyperparameter optimization
Running seed: 13
No hyperparameter optimization
Running seed: 42
No hyperparameter optimization
Average scores:	 rmse: 0.2±0.02	 r2: 0.9±0.02
Filename: (ECFP3_count_512-COUNT)_RF_hypOFF_Standard_Standard
Running seed: 6
No hyperparameter optimization
Running seed: 13
No hyperparameter optimization
Running seed: 42
No hyperparameter optimization
Average scores:	 rmse: 0.19±0.04	 r2: 0.91±0.04
Filename: (ECFP3_count_512-COUNT)_XGBR_hypOFF_Standard_Standard
Running seed: 6
No hyperparameter optimization
Running seed: 13
No hyperparameter optimization
Running seed: 42
No hyperparameter optimization
Average scores:	 rmse: 0.28±0.02	 r2: 0.81±0.02
Filename: (ECFP3_count_512-COUNT)_NGB_hypOFF_Standard_Standard
Running seed: 6
No hyperparameter optimization
Running seed: 13
No hyperparameter optimization
Running seed: 42
No hyperparameter optimization
Average scores:	 rmse: 0.26±0.04	 r2: 0.97±0.01
Filename: (ECFP3_count_512-COUNT)_RF_hypOFF_Standard_Standard
Running seed: 6
No hyperparameter optimization
Running seed: 13
No hyperparameter optimization
Running seed: 42
No hyperparameter optimization
Average scores:	 rmse: 0.24±0.05	 r2: 0.98±0.01
Filename: (ECFP3_count_512-COUNT)_XGBR_hypOFF_Standard_Standard
Running seed: 6
No hyperparameter optimization
Running seed: 13
No hyperparameter optimization
Running seed: 42
No hyperparameter optimization
Average scores:	 rmse: 0.34±0.03	 r2: 0.96±0.01
Filename: (ECFP3_count_512-COUNT)_NGB_hypOFF_Standard_Standard
[14:03:42] WARNING: /croot/xgboost-split_1712794674171/work/src/learner.cc:767: 
Parameters: { "verbose" } are not used.

[14:04:43] WARNING: /croot/xgboost-split_1712794674171/work/src/learner.cc:767: 
Parameters: { "verbose" } are not used.

[14:04:43] WARNING: /croot/xgboost-split_1712794674171/work/src/learner.cc:767: 
Parameters: { "verbose" } are not used.

[14:04:43] WARNING: /croot/xgboost-split_1712794674171/work/src/learner.cc:767: 
Parameters: { "verbose" } are not used.

[14:03:42] WARNING: /croot/xgboost-split_1712794674171/work/src/learner.cc:767: 
Parameters: { "verbose" } are not used.

[14:04:43] WARNING: /croot/xgboost-split_1712794674171/work/src/learner.cc:767: 
Parameters: { "verbose" } are not used.

[14:04:45] WARNING: /croot/xgboost-split_1712794674171/work/src/learner.cc:767: 
Parameters: { "verbose" } are not used.

[14:03:42] WARNING: /croot/xgboost-split_1712794674171/work/src/learner.cc:767: 
Parameters: { "verbose" } are not used.

[14:04:43] WARNING: /croot/xgboost-split_1712794674171/work/src/learner.cc:767: 
Parameters: { "verbose" } are not used.

[14:04:45] WARNING: /croot/xgboost-split_1712794674171/work/src/learner.cc:767: 
Parameters: { "verbose" } are not used.

[14:04:45] WARNING: /croot/xgboost-split_1712794674171/work/src/learner.cc:767: 
Parameters: { "verbose" } are not used.

[14:04:45] WARNING: /croot/xgboost-split_1712794674171/work/src/learner.cc:767: 
Parameters: { "verbose" } are not used.

[14:04:45] WARNING: /croot/xgboost-split_1712794674171/work/src/learner.cc:767: 
Parameters: { "verbose" } are not used.

[14:04:46] WARNING: /croot/xgboost-split_1712794674171/work/src/learner.cc:767: 
Parameters: { "verbose" } are not used.

[14:04:46] WARNING: /croot/xgboost-split_1712794674171/work/src/learner.cc:767: 
Parameters: { "verbose" } are not used.

[14:04:46] WARNING: /croot/xgboost-split_1712794674171/work/src/learner.cc:767: 
Parameters: { "verbose" } are not used.

[14:04:46] WARNING: /croot/xgboost-split_1712794674171/work/src/learner.cc:767: 
Parameters: { "verbose" } are not used.

[14:04:46] WARNING: /croot/xgboost-split_1712794674171/work/src/learner.cc:767: 
Parameters: { "verbose" } are not used.

[14:03:21] WARNING: /croot/xgboost-split_1712794674171/work/src/learner.cc:767: 
Parameters: { "verbose" } are not used.

[14:03:32] WARNING: /croot/xgboost-split_1712794674171/work/src/learner.cc:767: 
Parameters: { "verbose" } are not used.

[14:03:21] WARNING: /croot/xgboost-split_1712794674171/work/src/learner.cc:767: 
Parameters: { "verbose" } are not used.

[14:03:32] WARNING: /croot/xgboost-split_1712794674171/work/src/learner.cc:767: 
Parameters: { "verbose" } are not used.

[14:03:32] WARNING: /croot/xgboost-split_1712794674171/work/src/learner.cc:767: 
Parameters: { "verbose" } are not used.

[14:03:21] WARNING: /croot/xgboost-split_1712794674171/work/src/learner.cc:767: 
Parameters: { "verbose" } are not used.

[14:03:21] WARNING: /croot/xgboost-split_1712794674171/work/src/learner.cc:767: 
Parameters: { "verbose" } are not used.

[14:03:32] WARNING: /croot/xgboost-split_1712794674171/work/src/learner.cc:767: 
Parameters: { "verbose" } are not used.

[14:03:32] WARNING: /croot/xgboost-split_1712794674171/work/src/learner.cc:767: 
Parameters: { "verbose" } are not used.

[14:03:42] WARNING: /croot/xgboost-split_1712794674171/work/src/learner.cc:767: 
Parameters: { "verbose" } are not used.

[14:03:42] WARNING: /croot/xgboost-split_1712794674171/work/src/learner.cc:767: 
Parameters: { "verbose" } are not used.

[14:03:21] WARNING: /croot/xgboost-split_1712794674171/work/src/learner.cc:767: 
Parameters: { "verbose" } are not used.


------------------------------------------------------------
Sender: LSF System <lsfadmin@c043n01>
Subject: Job 9867: <structure_numerical_20260119> in cluster <Hazel> Done

Job <structure_numerical_20260119> was submitted from host <c042n04> by user <sdehgha2> in cluster <Hazel> at Mon Jan 19 14:01:59 2026
Job was executed on host(s) <6*c043n01>, in queue <short>, as user <sdehgha2> in cluster <Hazel> at Mon Jan 19 14:01:59 2026
</tmp/.lsbtmp404534> was used as the home directory.
</share/ddomlab/sdehgha2/working-space/main/_colab_GP/GP_collab/code_python/training/hpc_submit_training_GP> was used as the working directory.
Started at Mon Jan 19 14:01:59 2026
Terminated at Mon Jan 19 14:05:18 2026
Results reported at Mon Jan 19 14:05:18 2026

Your job looked like:

------------------------------------------------------------
# LSBATCH: User input

#BSUB -n 6
#BSUB -W 2:00
#BSUB -R span[hosts=1]
#BSUB -R "rusage[mem=32GB]"
#BSUB -J "structure_numerical_20260119"
#BSUB -o "/share/ddomlab/sdehgha2/working-space/main/_colab_GP/GP_collab/results/HPC_history/hpc_20260119/Machine Learning-Enabled Prediction and High-Throughput Screening of Polymer Membranes for Pervaporation Separation/structure_numericalRF-XGB-NGB_20260119.out"
#BSUB -e "/share/ddomlab/sdehgha2/working-space/main/_colab_GP/GP_collab/results/HPC_history/hpc_20260119/Machine Learning-Enabled Prediction and High-Throughput Screening of Polymer Membranes for Pervaporation Separation/structure_numericalRF-XGB-NGB_20260119.err"

source ~/.bashrc
conda activate /usr/local/usrapps/ddomlab/sdehgha2/torch_cpu
python ../train_structure_numerical.py --dataset "cleaned_dataset_pervaporation_membranes_wang"                                         --paper "Machine Learning-Enabled Prediction and High-Throughput Screening of Polymer Membranes for Pervaporation Separation"                                          


------------------------------------------------------------

Successfully completed.

Resource usage summary:

    CPU time :                                   734.00 sec.
    Max Memory :                                 9 GB
    Average Memory :                             4.33 GB
    Total Requested Memory :                     32.00 GB
    Delta Memory :                               23.00 GB
    Max Swap :                                   -
    Max Processes :                              38
    Max Threads :                                41
    Run time :                                   202 sec.
    Turnaround time :                            199 sec.

The output (if any) is above this job summary.



PS:

Read file </share/ddomlab/sdehgha2/working-space/main/_colab_GP/GP_collab/results/HPC_history/hpc_20260119/Machine Learning-Enabled Prediction and High-Throughput Screening of Polymer Membranes for Pervaporation Separation/structure_numericalRF-XGB-NGB_20260119.err> for stderr output of this job.

