
------------------------------------------------------------
Sender: LSF System <lsfadmin@gpu16>
Subject: Job 210782: <structure_numerical_20260829_GpyroHMC> in cluster <Hazel> Exited

Job <structure_numerical_20260829_GpyroHMC> was submitted from host <login02.hpc.ncsu.edu> by user <sdehgha2> in cluster <Hazel> at Sat Aug 29 22:42:18 2026
Job was executed on host(s) <2*gpu16>, in queue <gpu>, as user <sdehgha2> in cluster <Hazel> at Sat Aug 29 22:48:25 2026
</home/sdehgha2> was used as the home directory.
</share/ddomlab/sdehgha2/working_space/GP_collab/code_python/training/hpc_submit_training_GP> was used as the working directory.
Started at Sat Aug 29 22:48:25 2026
Terminated at Sun Aug 30 22:08:29 2026
Results reported at Sun Aug 30 22:08:29 2026

Your job looked like:

------------------------------------------------------------
# LSBATCH: User input


#BSUB -n 2
#BSUB -W 10:10
#BSUB -q gpu
#BSUB -gpu "num=1:mode=shared:mps=no"
#BSUB -R "rusage[mem=8GB]"
#BSUB -R "select[a10 || a30 || a100 || l40 || h100]"
#BSUB -J "structure_numerical_20260829_GpyroHMC"
#BSUB -o "/share/ddomlab/sdehgha2/working_space/GP_collab/results/HPC_history/hpc_20260829/Machine Learning for Polymer Design to Enhance Pervaporation-Based Organic Recovery/GpyroHMC_RBF_Matern32_product_GPU.out"
#BSUB -e "/share/ddomlab/sdehgha2/working_space/GP_collab/results/HPC_history/hpc_20260829/Machine Learning for Polymer Design to Enhance Pervaporation-Based Organic Recovery/GpyroHMC_RBF_Matern32_product_GPU.err"

source ~/.bashrc
module load cuda/12.1
module load gcc/9.3.0
conda activate /usr/local/usrapps/ddomlab/sdehgha2/env12

python ../train_structure_numerical.py  --K_fp RBF                                         --K_count Matern32                                         --Kernel_mixing_method "product"                                         --paper "Machine Learning for Polymer Design to Enhance Pervaporation-Based Organic Recovery"                                         --dataset "flux_data_imputed"                                         --regressor_type "GpyroHMC" 


------------------------------------------------------------

TERM_RUNLIMIT: job killed after reaching LSF run time limit.
Exited with exit code 140.

Resource usage summary:

    CPU time :                                   83894.00 sec.
    Max Memory :                                 14 GB
    Average Memory :                             9.12 GB
    Total Requested Memory :                     8.00 GB
    Delta Memory :                               -6.00 GB
    Max Swap :                                   -
    Max Processes :                              5
    Max Threads :                                8
    Run time :                                   84006 sec.
    Turnaround time :                            84371 sec.

The output (if any) is above this job summary.



PS:

Read file </share/ddomlab/sdehgha2/working_space/GP_collab/results/HPC_history/hpc_20260829/Machine Learning for Polymer Design to Enhance Pervaporation-Based Organic Recovery/GpyroHMC_RBF_Matern32_product_GPU.err> for stderr output of this job.


------------------------------------------------------------
Sender: LSF System <lsfadmin@gpu16>
Subject: Job 210783: <structure_numerical_20260829_GpyroHMC> in cluster <Hazel> Exited

Job <structure_numerical_20260829_GpyroHMC> was submitted from host <login02.hpc.ncsu.edu> by user <sdehgha2> in cluster <Hazel> at Sat Aug 29 22:42:18 2026
Job was executed on host(s) <2*gpu16>, in queue <gpu>, as user <sdehgha2> in cluster <Hazel> at Sat Aug 29 22:49:25 2026
</home/sdehgha2> was used as the home directory.
</share/ddomlab/sdehgha2/working_space/GP_collab/code_python/training/hpc_submit_training_GP> was used as the working directory.
Started at Sat Aug 29 22:49:25 2026
Terminated at Sun Aug 30 22:09:06 2026
Results reported at Sun Aug 30 22:09:06 2026

Your job looked like:

------------------------------------------------------------
# LSBATCH: User input


#BSUB -n 2
#BSUB -W 10:10
#BSUB -q gpu
#BSUB -gpu "num=1:mode=shared:mps=no"
#BSUB -R "rusage[mem=8GB]"
#BSUB -R "select[a10 || a30 || a100 || l40 || h100]"
#BSUB -J "structure_numerical_20260829_GpyroHMC"
#BSUB -o "/share/ddomlab/sdehgha2/working_space/GP_collab/results/HPC_history/hpc_20260829/Machine Learning for Polymer Design to Enhance Pervaporation-Based Organic Recovery/GpyroHMC_RBF_Matern32_product_GPU.out"
#BSUB -e "/share/ddomlab/sdehgha2/working_space/GP_collab/results/HPC_history/hpc_20260829/Machine Learning for Polymer Design to Enhance Pervaporation-Based Organic Recovery/GpyroHMC_RBF_Matern32_product_GPU.err"

source ~/.bashrc
module load cuda/12.1
module load gcc/9.3.0
conda activate /usr/local/usrapps/ddomlab/sdehgha2/env12

python ../train_structure_numerical.py  --K_fp RBF                                         --K_count Matern32                                         --Kernel_mixing_method "product"                                         --paper "Machine Learning for Polymer Design to Enhance Pervaporation-Based Organic Recovery"                                         --dataset "separation_data_imputed"                                         --regressor_type "GpyroHMC" 


------------------------------------------------------------

TERM_RUNLIMIT: job killed after reaching LSF run time limit.
Exited with exit code 140.

Resource usage summary:

    CPU time :                                   83886.00 sec.
    Max Memory :                                 21 GB
    Average Memory :                             12.78 GB
    Total Requested Memory :                     8.00 GB
    Delta Memory :                               -13.00 GB
    Max Swap :                                   -
    Max Processes :                              5
    Max Threads :                                8
    Run time :                                   84006 sec.
    Turnaround time :                            84408 sec.

The output (if any) is above this job summary.



PS:

Read file </share/ddomlab/sdehgha2/working_space/GP_collab/results/HPC_history/hpc_20260829/Machine Learning for Polymer Design to Enhance Pervaporation-Based Organic Recovery/GpyroHMC_RBF_Matern32_product_GPU.err> for stderr output of this job.

