Running seed: 6
Running seed: 13
Running seed: 42
Average scores:	 rmse: 2.18±0.15	 r2: 0.5±0.06
Filename: (ECFP3_count_512-COUNT)_(GPytorchMAP_TanimotoRBF-RBF_sum)_hypOFF_Standard_Standard_GPU

------------------------------------------------------------
Sender: LSF System <lsfadmin@gpu11>
Subject: Job 337723: <structure_numerical_20260528> in cluster <Hazel> Done

Job <structure_numerical_20260528> was submitted from host <gpu11> by user <sdehgha2> in cluster <Hazel> at Thu May 28 01:01:12 2026
Job was executed on host(s) <gpu11>, in queue <gpu>, as user <sdehgha2> in cluster <Hazel> at Thu May 28 01:01:13 2026
</home/sdehgha2> was used as the home directory.
</share/ddomlab/sdehgha2/working_space/GP_collab/code_python/training/hpc_submit_training_GP> was used as the working directory.
Started at Thu May 28 01:01:13 2026
Terminated at Thu May 28 01:04:06 2026
Results reported at Thu May 28 01:04:06 2026

Your job looked like:

------------------------------------------------------------
# LSBATCH: User input

#BSUB -n 1
#BSUB -W 20
#BSUB -q gpu
#BSUB -R "select[a10]"
#BSUB -gpu "num=1:mode=shared:mps=no"
#BSUB -R "rusage[mem=16GB]"
#BSUB -J "structure_numerical_20260528"
#BSUB -o "/share/ddomlab/sdehgha2/working_space/GP_collab/results/HPC_history/hpc_20260528/Beyond molecular structure_ critically assessing machine learning for designing organic photovoltaic materials and devices/GPytorchMAP_TanimotoRBF_RBF_sum_GPU.out"
#BSUB -e "/share/ddomlab/sdehgha2/working_space/GP_collab/results/HPC_history/hpc_20260528/Beyond molecular structure_ critically assessing machine learning for designing organic photovoltaic materials and devices/GPytorchMAP_TanimotoRBF_RBF_sum_GPU.err"

source ~/.bashrc
module load cuda/12.1
module load gcc/9.3.0
conda activate /usr/local/usrapps/ddomlab/sdehgha2/env12

python ../train_structure_numerical.py --K_fp TanimotoRBF                                         --K_count RBF                                         --Kernel_mixing_method sum                                         --dataset "Beyond molecular structure_seifrid_imputed"                                         --paper "Beyond molecular structure_ critically assessing machine learning for designing organic photovoltaic materials and devices"                                         --regressor_type "GPytorchMAP"                                         --cuda True




------------------------------------------------------------

Successfully completed.

Resource usage summary:

    CPU time :                                   133.78 sec.
    Max Memory :                                 1 GB
    Average Memory :                             0.71 GB
    Total Requested Memory :                     16.00 GB
    Delta Memory :                               15.00 GB
    Max Swap :                                   -
    Max Processes :                              4
    Max Threads :                                8
    Run time :                                   155 sec.
    Turnaround time :                            174 sec.

The output (if any) is above this job summary.



PS:

Read file </share/ddomlab/sdehgha2/working_space/GP_collab/results/HPC_history/hpc_20260528/Beyond molecular structure_ critically assessing machine learning for designing organic photovoltaic materials and devices/GPytorchMAP_TanimotoRBF_RBF_sum_GPU.err> for stderr output of this job.

