Running seed: 6
Running seed: 13
Running seed: 42
Average scores:	 rmse: 2.18±0.15	 r2: 0.5±0.06
Filename: (ECFP3_count_512-COUNT)_(GPytorchMAP_TanimotoRBF-RBF_sum)_hypOFF_Standard_Standard_GPU

------------------------------------------------------------
Sender: LSF System <lsfadmin@c053n04>
Subject: Job 337725: <structure_numerical_20260528> in cluster <Hazel> Done

Job <structure_numerical_20260528> was submitted from host <c053n04> by user <sdehgha2> in cluster <Hazel> at Thu May 28 01:01:17 2026
Job was executed on host(s) <6*c053n04>, in queue <short>, as user <sdehgha2> in cluster <Hazel> at Thu May 28 01:01:17 2026
</home/sdehgha2> was used as the home directory.
</share/ddomlab/sdehgha2/working_space/GP_collab/code_python/training/hpc_submit_training_GP> was used as the working directory.
Started at Thu May 28 01:01:17 2026
Terminated at Thu May 28 01:16:23 2026
Results reported at Thu May 28 01:16:23 2026

Your job looked like:

------------------------------------------------------------
# LSBATCH: User input

#BSUB -n 6
#BSUB -W 40
#BSUB -R span[hosts=1]
#BSUB -R "rusage[mem=32GB]"
#BSUB -J "structure_numerical_20260528"
#BSUB -o "/share/ddomlab/sdehgha2/working_space/GP_collab/results/HPC_history/hpc_20260528/Beyond molecular structure_ critically assessing machine learning for designing organic photovoltaic materials and devices/GPytorchMAP_TanimotoRBF_RBF_sum.out"
#BSUB -e "/share/ddomlab/sdehgha2/working_space/GP_collab/results/HPC_history/hpc_20260528/Beyond molecular structure_ critically assessing machine learning for designing organic photovoltaic materials and devices/GPytorchMAP_TanimotoRBF_RBF_sum.err"

source ~/.bashrc
conda activate /usr/local/usrapps/ddomlab/sdehgha2/env12
python ../train_structure_numerical.py --K_fp TanimotoRBF                                         --K_count RBF                                         --Kernel_mixing_method sum                                         --dataset "Beyond molecular structure_seifrid_imputed"                                         --paper "Beyond molecular structure_ critically assessing machine learning for designing organic photovoltaic materials and devices"                                         --regressor_type "GPytorchMAP"                                         --cuda False



------------------------------------------------------------

Successfully completed.

Resource usage summary:

    CPU time :                                   4279.49 sec.
    Max Memory :                                 3 GB
    Average Memory :                             2.06 GB
    Total Requested Memory :                     32.00 GB
    Delta Memory :                               29.00 GB
    Max Swap :                                   -
    Max Processes :                              4
    Max Threads :                                14
    Run time :                                   904 sec.
    Turnaround time :                            906 sec.

The output (if any) is above this job summary.



PS:

Read file </share/ddomlab/sdehgha2/working_space/GP_collab/results/HPC_history/hpc_20260528/Beyond molecular structure_ critically assessing machine learning for designing organic photovoltaic materials and devices/GPytorchMAP_TanimotoRBF_RBF_sum.err> for stderr output of this job.

