Data filtering and preprocessing took 0.04 seconds.
Running seed: 6
Running seed: 13
Running seed: 42
Average scores:	 rmse: 71.65±11.16	 r2: 0.79±0.06
Filename: (ECFP3_count_512-COUNT)_(GPytorchMAP_TanimotoRBF-RBF_(count:x)+(fp:x))_hypOFF_Standard_Standard_GPU
Data filtering and preprocessing took 0.02 seconds.
Running seed: 6
Running seed: 13
Running seed: 42
Average scores:	 rmse: 9.14±1.4	 r2: 0.67±0.13
Filename: (ECFP3_count_512-COUNT)_(GPytorchMAP_TanimotoRBF-RBF_(count:x)+(fp:x))_hypOFF_Standard_Standard_GPU
Data filtering and preprocessing took 0.02 seconds.
Running seed: 6
Running seed: 13
Running seed: 42
Average scores:	 rmse: 10.32±1.53	 r2: 0.7±0.08
Filename: (ECFP3_count_512-COUNT)_(GPytorchMAP_TanimotoRBF-RBF_(count:x)+(fp:x))_hypOFF_Standard_Standard_GPU
Data filtering and preprocessing took 0.02 seconds.
Running seed: 6
Running seed: 13
Running seed: 42
Average scores:	 rmse: 10.44±1.28	 r2: 0.33±0.09
Filename: (ECFP3_count_512-COUNT)_(GPytorchMAP_TanimotoRBF-RBF_(count:x)+(fp:x))_hypOFF_Standard_Standard_GPU
Data filtering and preprocessing took 0.02 seconds.
Running seed: 6
Running seed: 13
Running seed: 42
Average scores:	 rmse: 10.05±1.65	 r2: 0.73±0.09
Filename: (ECFP3_count_512-COUNT)_(GPytorchMAP_TanimotoRBF-RBF_(count:x)+(fp:x))_hypOFF_Standard_Standard_GPU
Data filtering and preprocessing took 0.02 seconds.
Running seed: 6
Running seed: 13
Running seed: 42
Average scores:	 rmse: 10.44±1.28	 r2: 0.33±0.09
Filename: (ECFP3_count_512-COUNT)_(GPytorchMAP_TanimotoRBF-RBF_(count:x)+(fp:x))_hypOFF_Standard_Standard_GPU

------------------------------------------------------------
Sender: LSF System <lsfadmin@gpu16>
Subject: Job 34108: <structure_numerical_20260822_GPytorchMAP> in cluster <Hazel> Done

Job <structure_numerical_20260822_GPytorchMAP> was submitted from host <login01.hpc.ncsu.edu> by user <sdehgha2> in cluster <Hazel> at Sat Aug 22 18:45:35 2026
Job was executed on host(s) <gpu16>, in queue <short_gpu>, as user <sdehgha2> in cluster <Hazel> at Sat Aug 22 20:03:59 2026
</home/sdehgha2> was used as the home directory.
</share/ddomlab/sdehgha2/working_space/GP_collab/code_python/training/hpc_submit_training_GP> was used as the working directory.
Started at Sat Aug 22 20:03:59 2026
Terminated at Sat Aug 22 20:47:27 2026
Results reported at Sat Aug 22 20:47:27 2026

Your job looked like:

------------------------------------------------------------
# LSBATCH: User input


#BSUB -n 1
#BSUB -W 1:59
#BSUB -q short_gpu
#BSUB -gpu "num=1:mode=shared:mps=no"
#BSUB -R "rusage[mem=8GB]"
#BSUB -R "select[a10 || a30 || a100 || l40 || h100]"
#BSUB -J "structure_numerical_20260822_GPytorchMAP"
#BSUB -o "/share/ddomlab/sdehgha2/working_space/GP_collab/results/HPC_history/hpc_20260822/Understanding and Designing a High-Performance Ultrafiltration Membrane Using Machine Learning/GPytorchMAP_TanimotoRBF_RBF_(count:x)+(fp:x)_GPU.out"
#BSUB -e "/share/ddomlab/sdehgha2/working_space/GP_collab/results/HPC_history/hpc_20260822/Understanding and Designing a High-Performance Ultrafiltration Membrane Using Machine Learning/GPytorchMAP_TanimotoRBF_RBF_(count:x)+(fp:x)_GPU.err"

source ~/.bashrc
module load cuda/12.1
module load gcc/9.3.0
conda activate /usr/local/usrapps/ddomlab/sdehgha2/env12

python ../train_structure_numerical.py  --K_fp TanimotoRBF                                         --K_count RBF                                         --Kernel_mixing_method "(count:x)+(fp:x)"                                         --paper "Understanding and Designing a High-Performance Ultrafiltration Membrane Using Machine Learning"                                         --dataset "cleaned_dataset_Ultrafiltration Membrane_imputed"                                         --regressor_type "GPytorchMAP" 


------------------------------------------------------------

Successfully completed.

Resource usage summary:

    CPU time :                                   2581.06 sec.
    Max Memory :                                 1 GB
    Average Memory :                             0.99 GB
    Total Requested Memory :                     8.00 GB
    Delta Memory :                               7.00 GB
    Max Swap :                                   -
    Max Processes :                              5
    Max Threads :                                9
    Run time :                                   2632 sec.
    Turnaround time :                            7312 sec.

The output (if any) is above this job summary.



PS:

Read file </share/ddomlab/sdehgha2/working_space/GP_collab/results/HPC_history/hpc_20260822/Understanding and Designing a High-Performance Ultrafiltration Membrane Using Machine Learning/GPytorchMAP_TanimotoRBF_RBF_(count:x)+(fp:x)_GPU.err> for stderr output of this job.

