
------------------------------------------------------------
Sender: LSF System <lsfadmin@gpu26>
Subject: Job 994513: <structure_numerical_20260812> in cluster <Hazel> Exited

Job <structure_numerical_20260812> was submitted from host <gpu17> by user <sdehgha2> in cluster <Hazel> at Wed Aug 12 11:33:03 2026
Job was executed on host(s) <gpu26>, in queue <short_gpu>, as user <sdehgha2> in cluster <Hazel> at Wed Aug 12 11:33:03 2026
</home/sdehgha2> was used as the home directory.
</share/ddomlab/sdehgha2/working_space/GP_collab/code_python/training/hpc_submit_training_GP> was used as the working directory.
Started at Wed Aug 12 11:33:03 2026
Terminated at Wed Aug 12 13:52:52 2026
Results reported at Wed Aug 12 13:52:52 2026

Your job looked like:

------------------------------------------------------------
# LSBATCH: User input



#BSUB -n 1
#BSUB -W 1:55
#BSUB -q "short_gpu"
#BSUB -gpu "num=1:mode=shared:mps=no"
#BSUB -R "rusage[mem=32GB]"
#BSUB -R "select[a10 || a30 || a100 || l40 || h100]"
#BSUB -J "structure_numerical_20260812"
#BSUB -o "/share/ddomlab/sdehgha2/working_space/GP_collab/results/HPC_history/hpc_20260812/Understanding and Designing a High-Performance Ultrafiltration Membrane Using Machine Learning/MGK_(count:+)x(graph:+)_per_feature_GPU.out"
#BSUB -e "/share/ddomlab/sdehgha2/working_space/GP_collab/results/HPC_history/hpc_20260812/Understanding and Designing a High-Performance Ultrafiltration Membrane Using Machine Learning/MGK_(count:+)x(graph:+)_per_feature_GPU.err"

source ~/.bashrc
module load cuda/12.1
module load gcc/9.3.0
conda activate /usr/local/usrapps/ddomlab/sdehgha2/env12

python ../train_structure_numerical.py  --K_fp Graph                                         --K_count Matern32                                         --Kernel_mixing_method "(count:+)x(graph:+)"                                         --paper "Understanding and Designing a High-Performance Ultrafiltration Membrane Using Machine Learning"                                         --dataset "cleaned_dataset_Ultrafiltration Membrane_imputed"                                         --kernel_feature_mode per_feature                                         --regressor_type "MGK" 



------------------------------------------------------------

TERM_RUNLIMIT: job killed after reaching LSF run time limit.
Exited with signal termination: 3, and core dumped.

Resource usage summary:

    CPU time :                                   0.18 sec.
    Max Memory :                                 -
    Average Memory :                             -
    Total Requested Memory :                     32.00 GB
    Delta Memory :                               -
    Max Swap :                                   -
    Max Processes :                              1
    Max Threads :                                1
    Run time :                                   0 sec.
    Turnaround time :                            8389 sec.

The output (if any) is above this job summary.



PS:

Read file </share/ddomlab/sdehgha2/working_space/GP_collab/results/HPC_history/hpc_20260812/Understanding and Designing a High-Performance Ultrafiltration Membrane Using Machine Learning/MGK_(count:+)x(graph:+)_per_feature_GPU.err> for stderr output of this job.

