[Parallel(n_jobs=8)]: Using backend LokyBackend with 8 concurrent workers.
[Parallel(n_jobs=8)]: Done  34 tasks      | elapsed:   21.4s
[Parallel(n_jobs=8)]: Done 318 out of 318 | elapsed:   21.5s finished
[Parallel(n_jobs=4)]: Using backend LokyBackend with 4 concurrent workers.
[Parallel(n_jobs=4)]: Done  11 out of  11 | elapsed:    2.2s finished
/usr/local/usrapps/ddomlab/sdehgha2/env12/lib/python3.12/site-packages/graphdot/model/gaussian_process/base.py:116: UserWarning: Kernel matrix singular, falling back to pseudoinverse
  warnings.warn(
/usr/local/usrapps/ddomlab/sdehgha2/env12/lib/python3.12/site-packages/graphdot/model/gaussian_process/base.py:116: UserWarning: Kernel matrix singular, falling back to pseudoinverse
  warnings.warn(
/usr/local/usrapps/ddomlab/sdehgha2/env12/lib/python3.12/site-packages/graphdot/model/gaussian_process/base.py:116: UserWarning: Kernel matrix singular, falling back to pseudoinverse
  warnings.warn(
/usr/local/usrapps/ddomlab/sdehgha2/env12/lib/python3.12/site-packages/graphdot/model/gaussian_process/base.py:116: UserWarning: Kernel matrix singular, falling back to pseudoinverse
  warnings.warn(
/usr/local/usrapps/ddomlab/sdehgha2/env12/lib/python3.12/site-packages/scipy/stats/_distn_infrastructure.py:2159: RuntimeWarning: divide by zero encountered in divide
  x = np.asarray((x - loc)/scale, dtype=dtyp)
/gpfs_common/share03/ddomlab/sdehgha2/working_space/GP_collab/code_python/training/utils_uncertainty_calibration.py:88: RuntimeWarning: divide by zero encountered in divide
  standardized_error  = np.abs((y_pred - y_true) / y_std)
/usr/local/usrapps/ddomlab/sdehgha2/env12/lib/python3.12/site-packages/graphdot/model/gaussian_process/base.py:116: UserWarning: Kernel matrix singular, falling back to pseudoinverse
  warnings.warn(
/usr/local/usrapps/ddomlab/sdehgha2/env12/lib/python3.12/site-packages/graphdot/model/gaussian_process/base.py:116: UserWarning: Kernel matrix singular, falling back to pseudoinverse
  warnings.warn(
/usr/local/usrapps/ddomlab/sdehgha2/env12/lib/python3.12/site-packages/graphdot/model/gaussian_process/base.py:116: UserWarning: Kernel matrix singular, falling back to pseudoinverse
  warnings.warn(
/usr/local/usrapps/ddomlab/sdehgha2/env12/lib/python3.12/site-packages/graphdot/model/gaussian_process/base.py:116: UserWarning: Kernel matrix singular, falling back to pseudoinverse
  warnings.warn(
/usr/local/usrapps/ddomlab/sdehgha2/env12/lib/python3.12/site-packages/graphdot/model/gaussian_process/base.py:116: UserWarning: Kernel matrix singular, falling back to pseudoinverse
  warnings.warn(
/usr/local/usrapps/ddomlab/sdehgha2/env12/lib/python3.12/site-packages/graphdot/model/gaussian_process/base.py:116: UserWarning: Kernel matrix singular, falling back to pseudoinverse
  warnings.warn(
/usr/local/usrapps/ddomlab/sdehgha2/env12/lib/python3.12/site-packages/scipy/stats/_distn_infrastructure.py:2159: RuntimeWarning: divide by zero encountered in divide
  x = np.asarray((x - loc)/scale, dtype=dtyp)
/gpfs_common/share03/ddomlab/sdehgha2/working_space/GP_collab/code_python/training/utils_uncertainty_calibration.py:88: RuntimeWarning: divide by zero encountered in divide
  standardized_error  = np.abs((y_pred - y_true) / y_std)
/usr/local/usrapps/ddomlab/sdehgha2/env12/lib/python3.12/site-packages/graphdot/model/gaussian_process/base.py:116: UserWarning: Kernel matrix singular, falling back to pseudoinverse
  warnings.warn(
/usr/local/usrapps/ddomlab/sdehgha2/env12/lib/python3.12/site-packages/graphdot/model/gaussian_process/base.py:116: UserWarning: Kernel matrix singular, falling back to pseudoinverse
  warnings.warn(
/usr/local/usrapps/ddomlab/sdehgha2/env12/lib/python3.12/site-packages/graphdot/model/gaussian_process/base.py:116: UserWarning: Kernel matrix singular, falling back to pseudoinverse
  warnings.warn(
/usr/local/usrapps/ddomlab/sdehgha2/env12/lib/python3.12/site-packages/graphdot/model/gaussian_process/base.py:116: UserWarning: Kernel matrix singular, falling back to pseudoinverse
  warnings.warn(
/usr/local/usrapps/ddomlab/sdehgha2/env12/lib/python3.12/site-packages/scipy/stats/_distn_infrastructure.py:2159: RuntimeWarning: divide by zero encountered in divide
  x = np.asarray((x - loc)/scale, dtype=dtyp)
/gpfs_common/share03/ddomlab/sdehgha2/working_space/GP_collab/code_python/training/utils_uncertainty_calibration.py:88: RuntimeWarning: divide by zero encountered in divide
  standardized_error  = np.abs((y_pred - y_true) / y_std)
/usr/local/usrapps/ddomlab/sdehgha2/env12/lib/python3.12/site-packages/graphdot/model/gaussian_process/base.py:116: UserWarning: Kernel matrix singular, falling back to pseudoinverse
  warnings.warn(
/usr/local/usrapps/ddomlab/sdehgha2/env12/lib/python3.12/site-packages/graphdot/model/gaussian_process/base.py:116: UserWarning: Kernel matrix singular, falling back to pseudoinverse
  warnings.warn(
/usr/local/usrapps/ddomlab/sdehgha2/env12/lib/python3.12/site-packages/scipy/stats/_distn_infrastructure.py:2159: RuntimeWarning: divide by zero encountered in divide
  x = np.asarray((x - loc)/scale, dtype=dtyp)
/gpfs_common/share03/ddomlab/sdehgha2/working_space/GP_collab/code_python/training/utils_uncertainty_calibration.py:88: RuntimeWarning: divide by zero encountered in divide
  standardized_error  = np.abs((y_pred - y_true) / y_std)
/usr/local/usrapps/ddomlab/sdehgha2/env12/lib/python3.12/site-packages/graphdot/model/gaussian_process/base.py:116: UserWarning: Kernel matrix singular, falling back to pseudoinverse
  warnings.warn(
/usr/local/usrapps/ddomlab/sdehgha2/env12/lib/python3.12/site-packages/graphdot/model/gaussian_process/base.py:116: UserWarning: Kernel matrix singular, falling back to pseudoinverse
  warnings.warn(
/usr/local/usrapps/ddomlab/sdehgha2/env12/lib/python3.12/site-packages/graphdot/model/gaussian_process/base.py:116: UserWarning: Kernel matrix singular, falling back to pseudoinverse
  warnings.warn(
/usr/local/usrapps/ddomlab/sdehgha2/env12/lib/python3.12/site-packages/graphdot/model/gaussian_process/base.py:116: UserWarning: Kernel matrix singular, falling back to pseudoinverse
  warnings.warn(
/usr/local/usrapps/ddomlab/sdehgha2/env12/lib/python3.12/site-packages/graphdot/model/gaussian_process/base.py:116: UserWarning: Kernel matrix singular, falling back to pseudoinverse
  warnings.warn(
/usr/local/usrapps/ddomlab/sdehgha2/env12/lib/python3.12/site-packages/graphdot/model/gaussian_process/base.py:116: UserWarning: Kernel matrix singular, falling back to pseudoinverse
  warnings.warn(
/usr/local/usrapps/ddomlab/sdehgha2/env12/lib/python3.12/site-packages/scipy/stats/_distn_infrastructure.py:2159: RuntimeWarning: divide by zero encountered in divide
  x = np.asarray((x - loc)/scale, dtype=dtyp)
/gpfs_common/share03/ddomlab/sdehgha2/working_space/GP_collab/code_python/training/utils_uncertainty_calibration.py:88: RuntimeWarning: divide by zero encountered in divide
  standardized_error  = np.abs((y_pred - y_true) / y_std)
/usr/local/usrapps/ddomlab/sdehgha2/env12/lib/python3.12/site-packages/graphdot/model/gaussian_process/base.py:116: UserWarning: Kernel matrix singular, falling back to pseudoinverse
  warnings.warn(
/usr/local/usrapps/ddomlab/sdehgha2/env12/lib/python3.12/site-packages/graphdot/model/gaussian_process/base.py:116: UserWarning: Kernel matrix singular, falling back to pseudoinverse
  warnings.warn(
/usr/local/usrapps/ddomlab/sdehgha2/env12/lib/python3.12/site-packages/scipy/stats/_distn_infrastructure.py:2159: RuntimeWarning: divide by zero encountered in divide
  x = np.asarray((x - loc)/scale, dtype=dtyp)
/gpfs_common/share03/ddomlab/sdehgha2/working_space/GP_collab/code_python/training/utils_uncertainty_calibration.py:88: RuntimeWarning: divide by zero encountered in divide
  standardized_error  = np.abs((y_pred - y_true) / y_std)
/usr/local/usrapps/ddomlab/sdehgha2/env12/lib/python3.12/site-packages/graphdot/model/gaussian_process/base.py:116: UserWarning: Kernel matrix singular, falling back to pseudoinverse
  warnings.warn(
/usr/local/usrapps/ddomlab/sdehgha2/env12/lib/python3.12/site-packages/graphdot/model/gaussian_process/base.py:116: UserWarning: Kernel matrix singular, falling back to pseudoinverse
  warnings.warn(
/usr/local/usrapps/ddomlab/sdehgha2/env12/lib/python3.12/site-packages/graphdot/model/gaussian_process/base.py:116: UserWarning: Kernel matrix singular, falling back to pseudoinverse
  warnings.warn(
/usr/local/usrapps/ddomlab/sdehgha2/env12/lib/python3.12/site-packages/graphdot/model/gaussian_process/base.py:116: UserWarning: Kernel matrix singular, falling back to pseudoinverse
  warnings.warn(
/usr/local/usrapps/ddomlab/sdehgha2/env12/lib/python3.12/site-packages/graphdot/model/gaussian_process/base.py:116: UserWarning: Kernel matrix singular, falling back to pseudoinverse
  warnings.warn(
/usr/local/usrapps/ddomlab/sdehgha2/env12/lib/python3.12/site-packages/graphdot/model/gaussian_process/base.py:116: UserWarning: Kernel matrix singular, falling back to pseudoinverse
  warnings.warn(
/usr/local/usrapps/ddomlab/sdehgha2/env12/lib/python3.12/site-packages/numpy/_core/_methods.py:190: RuntimeWarning: overflow encountered in square
  x = um.square(x, out=x)
[Parallel(n_jobs=8)]: Using backend LokyBackend with 8 concurrent workers.
[Parallel(n_jobs=8)]: Done  34 tasks      | elapsed:   17.7s
[Parallel(n_jobs=8)]: Done 318 out of 318 | elapsed:   17.7s finished
[Parallel(n_jobs=4)]: Using backend LokyBackend with 4 concurrent workers.
[Parallel(n_jobs=4)]: Done  11 out of  11 | elapsed:    2.0s finished
/usr/local/usrapps/ddomlab/sdehgha2/env12/lib/python3.12/site-packages/graphdot/model/gaussian_process/base.py:116: UserWarning: Kernel matrix singular, falling back to pseudoinverse
  warnings.warn(
/usr/local/usrapps/ddomlab/sdehgha2/env12/lib/python3.12/site-packages/graphdot/model/gaussian_process/base.py:116: UserWarning: Kernel matrix singular, falling back to pseudoinverse
  warnings.warn(
/usr/local/usrapps/ddomlab/sdehgha2/env12/lib/python3.12/site-packages/scipy/stats/_distn_infrastructure.py:2159: RuntimeWarning: divide by zero encountered in divide
  x = np.asarray((x - loc)/scale, dtype=dtyp)
/gpfs_common/share03/ddomlab/sdehgha2/working_space/GP_collab/code_python/training/utils_uncertainty_calibration.py:88: RuntimeWarning: divide by zero encountered in divide
  standardized_error  = np.abs((y_pred - y_true) / y_std)
/usr/local/usrapps/ddomlab/sdehgha2/env12/lib/python3.12/site-packages/graphdot/model/gaussian_process/base.py:116: UserWarning: Kernel matrix singular, falling back to pseudoinverse
  warnings.warn(
/usr/local/usrapps/ddomlab/sdehgha2/env12/lib/python3.12/site-packages/graphdot/model/gaussian_process/base.py:116: UserWarning: Kernel matrix singular, falling back to pseudoinverse
  warnings.warn(
/usr/local/usrapps/ddomlab/sdehgha2/env12/lib/python3.12/site-packages/graphdot/model/gaussian_process/base.py:116: UserWarning: Kernel matrix singular, falling back to pseudoinverse
  warnings.warn(
/usr/local/usrapps/ddomlab/sdehgha2/env12/lib/python3.12/site-packages/graphdot/model/gaussian_process/base.py:116: UserWarning: Kernel matrix singular, falling back to pseudoinverse
  warnings.warn(
/usr/local/usrapps/ddomlab/sdehgha2/env12/lib/python3.12/site-packages/graphdot/model/gaussian_process/base.py:116: UserWarning: Kernel matrix singular, falling back to pseudoinverse
  warnings.warn(
/usr/local/usrapps/ddomlab/sdehgha2/env12/lib/python3.12/site-packages/graphdot/model/gaussian_process/base.py:116: UserWarning: Kernel matrix singular, falling back to pseudoinverse
  warnings.warn(
/usr/local/usrapps/ddomlab/sdehgha2/env12/lib/python3.12/site-packages/graphdot/model/gaussian_process/base.py:116: UserWarning: Kernel matrix singular, falling back to pseudoinverse
  warnings.warn(
/usr/local/usrapps/ddomlab/sdehgha2/env12/lib/python3.12/site-packages/graphdot/model/gaussian_process/base.py:116: UserWarning: Kernel matrix singular, falling back to pseudoinverse
  warnings.warn(
/usr/local/usrapps/ddomlab/sdehgha2/env12/lib/python3.12/site-packages/graphdot/model/gaussian_process/base.py:116: UserWarning: Kernel matrix singular, falling back to pseudoinverse
  warnings.warn(
/usr/local/usrapps/ddomlab/sdehgha2/env12/lib/python3.12/site-packages/graphdot/model/gaussian_process/base.py:116: UserWarning: Kernel matrix singular, falling back to pseudoinverse
  warnings.warn(
/usr/local/usrapps/ddomlab/sdehgha2/env12/lib/python3.12/site-packages/graphdot/model/gaussian_process/base.py:116: UserWarning: Kernel matrix singular, falling back to pseudoinverse
  warnings.warn(
/usr/local/usrapps/ddomlab/sdehgha2/env12/lib/python3.12/site-packages/graphdot/model/gaussian_process/base.py:116: UserWarning: Kernel matrix singular, falling back to pseudoinverse
  warnings.warn(
/usr/local/usrapps/ddomlab/sdehgha2/env12/lib/python3.12/site-packages/graphdot/model/gaussian_process/base.py:116: UserWarning: Kernel matrix singular, falling back to pseudoinverse
  warnings.warn(
/usr/local/usrapps/ddomlab/sdehgha2/env12/lib/python3.12/site-packages/graphdot/model/gaussian_process/base.py:116: UserWarning: Kernel matrix singular, falling back to pseudoinverse
  warnings.warn(
/usr/local/usrapps/ddomlab/sdehgha2/env12/lib/python3.12/site-packages/graphdot/model/gaussian_process/base.py:116: UserWarning: Kernel matrix singular, falling back to pseudoinverse
  warnings.warn(
/usr/local/usrapps/ddomlab/sdehgha2/env12/lib/python3.12/site-packages/graphdot/model/gaussian_process/base.py:116: UserWarning: Kernel matrix singular, falling back to pseudoinverse
  warnings.warn(
/usr/local/usrapps/ddomlab/sdehgha2/env12/lib/python3.12/site-packages/scipy/stats/_distn_infrastructure.py:2159: RuntimeWarning: divide by zero encountered in divide
  x = np.asarray((x - loc)/scale, dtype=dtyp)
/gpfs_common/share03/ddomlab/sdehgha2/working_space/GP_collab/code_python/training/utils_uncertainty_calibration.py:88: RuntimeWarning: divide by zero encountered in divide
  standardized_error  = np.abs((y_pred - y_true) / y_std)
/usr/local/usrapps/ddomlab/sdehgha2/env12/lib/python3.12/site-packages/graphdot/model/gaussian_process/base.py:116: UserWarning: Kernel matrix singular, falling back to pseudoinverse
  warnings.warn(
/usr/local/usrapps/ddomlab/sdehgha2/env12/lib/python3.12/site-packages/graphdot/model/gaussian_process/base.py:116: UserWarning: Kernel matrix singular, falling back to pseudoinverse
  warnings.warn(
/usr/local/usrapps/ddomlab/sdehgha2/env12/lib/python3.12/site-packages/scipy/stats/_distn_infrastructure.py:2159: RuntimeWarning: divide by zero encountered in divide
  x = np.asarray((x - loc)/scale, dtype=dtyp)
/gpfs_common/share03/ddomlab/sdehgha2/working_space/GP_collab/code_python/training/utils_uncertainty_calibration.py:88: RuntimeWarning: divide by zero encountered in divide
  standardized_error  = np.abs((y_pred - y_true) / y_std)
/usr/local/usrapps/ddomlab/sdehgha2/env12/lib/python3.12/site-packages/graphdot/model/gaussian_process/base.py:116: UserWarning: Kernel matrix singular, falling back to pseudoinverse
  warnings.warn(
/usr/local/usrapps/ddomlab/sdehgha2/env12/lib/python3.12/site-packages/graphdot/model/gaussian_process/base.py:116: UserWarning: Kernel matrix singular, falling back to pseudoinverse
  warnings.warn(
/usr/local/usrapps/ddomlab/sdehgha2/env12/lib/python3.12/site-packages/scipy/stats/_distn_infrastructure.py:2159: RuntimeWarning: divide by zero encountered in divide
  x = np.asarray((x - loc)/scale, dtype=dtyp)
/gpfs_common/share03/ddomlab/sdehgha2/working_space/GP_collab/code_python/training/utils_uncertainty_calibration.py:88: RuntimeWarning: divide by zero encountered in divide
  standardized_error  = np.abs((y_pred - y_true) / y_std)
/usr/local/usrapps/ddomlab/sdehgha2/env12/lib/python3.12/site-packages/graphdot/model/gaussian_process/base.py:116: UserWarning: Kernel matrix singular, falling back to pseudoinverse
  warnings.warn(
/usr/local/usrapps/ddomlab/sdehgha2/env12/lib/python3.12/site-packages/graphdot/model/gaussian_process/base.py:116: UserWarning: Kernel matrix singular, falling back to pseudoinverse
  warnings.warn(
/usr/local/usrapps/ddomlab/sdehgha2/env12/lib/python3.12/site-packages/scipy/stats/_distn_infrastructure.py:2159: RuntimeWarning: divide by zero encountered in divide
  x = np.asarray((x - loc)/scale, dtype=dtyp)
/gpfs_common/share03/ddomlab/sdehgha2/working_space/GP_collab/code_python/training/utils_uncertainty_calibration.py:88: RuntimeWarning: divide by zero encountered in divide
  standardized_error  = np.abs((y_pred - y_true) / y_std)
/usr/local/usrapps/ddomlab/sdehgha2/env12/lib/python3.12/site-packages/graphdot/model/gaussian_process/base.py:116: UserWarning: Kernel matrix singular, falling back to pseudoinverse
  warnings.warn(
/usr/local/usrapps/ddomlab/sdehgha2/env12/lib/python3.12/site-packages/graphdot/model/gaussian_process/base.py:116: UserWarning: Kernel matrix singular, falling back to pseudoinverse
  warnings.warn(
/usr/local/usrapps/ddomlab/sdehgha2/env12/lib/python3.12/site-packages/graphdot/model/gaussian_process/base.py:116: UserWarning: Kernel matrix singular, falling back to pseudoinverse
  warnings.warn(
/usr/local/usrapps/ddomlab/sdehgha2/env12/lib/python3.12/site-packages/graphdot/model/gaussian_process/base.py:116: UserWarning: Kernel matrix singular, falling back to pseudoinverse
  warnings.warn(
/usr/local/usrapps/ddomlab/sdehgha2/env12/lib/python3.12/site-packages/graphdot/model/gaussian_process/base.py:116: UserWarning: Kernel matrix singular, falling back to pseudoinverse
  warnings.warn(
/usr/local/usrapps/ddomlab/sdehgha2/env12/lib/python3.12/site-packages/graphdot/model/gaussian_process/base.py:116: UserWarning: Kernel matrix singular, falling back to pseudoinverse
  warnings.warn(
/usr/local/usrapps/ddomlab/sdehgha2/env12/lib/python3.12/site-packages/scipy/stats/_distn_infrastructure.py:2159: RuntimeWarning: divide by zero encountered in divide
  x = np.asarray((x - loc)/scale, dtype=dtyp)
/gpfs_common/share03/ddomlab/sdehgha2/working_space/GP_collab/code_python/training/utils_uncertainty_calibration.py:88: RuntimeWarning: divide by zero encountered in divide
  standardized_error  = np.abs((y_pred - y_true) / y_std)
[Parallel(n_jobs=8)]: Using backend LokyBackend with 8 concurrent workers.
[Parallel(n_jobs=8)]: Done  34 tasks      | elapsed:   17.2s
[Parallel(n_jobs=8)]: Done 318 out of 318 | elapsed:   17.2s finished
[Parallel(n_jobs=4)]: Using backend LokyBackend with 4 concurrent workers.
[Parallel(n_jobs=4)]: Done  11 out of  11 | elapsed:    1.8s finished
/usr/local/usrapps/ddomlab/sdehgha2/env12/lib/python3.12/site-packages/graphdot/model/gaussian_process/base.py:116: UserWarning: Kernel matrix singular, falling back to pseudoinverse
  warnings.warn(
/usr/local/usrapps/ddomlab/sdehgha2/env12/lib/python3.12/site-packages/graphdot/model/gaussian_process/base.py:116: UserWarning: Kernel matrix singular, falling back to pseudoinverse
  warnings.warn(
User defined signal 2
