MGK regressor, only scaling numerical features
Running seed: 6
Running seed: 13
Running seed: 42
Average scores:	 rmse: 94.63±23.94	 r2: 0.62±0.21
Filename: (MG-COUNT)_(MGK_Graph-Matern32_sum)_hypOFF_Standard_Standard_GPU
MGK regressor, only scaling numerical features
Running seed: 6
Running seed: 13
Running seed: 42
Average scores:	 rmse: 9.68±1.81	 r2: 0.62±0.19
Filename: (MG-COUNT)_(MGK_Graph-Matern32_sum)_hypOFF_Standard_Standard_GPU

------------------------------------------------------------
Sender: LSF System <lsfadmin@gpu33>
Subject: Job 994516: <structure_numerical_20260812> in cluster <Hazel> Exited

Job <structure_numerical_20260812> was submitted from host <gpu17> by user <sdehgha2> in cluster <Hazel> at Wed Aug 12 11:33:04 2026
Job was executed on host(s) <gpu33>, in queue <short_gpu>, as user <sdehgha2> in cluster <Hazel> at Wed Aug 12 11:34:04 2026
</home/sdehgha2> was used as the home directory.
</share/ddomlab/sdehgha2/working_space/GP_collab/code_python/training/hpc_submit_training_GP> was used as the working directory.
Started at Wed Aug 12 11:34:04 2026
Terminated at Wed Aug 12 13:27:37 2026
Results reported at Wed Aug 12 13:27:37 2026

Your job looked like:

------------------------------------------------------------
# LSBATCH: User input



#BSUB -n 1
#BSUB -W 1:55
#BSUB -q "short_gpu"
#BSUB -gpu "num=1:mode=shared:mps=no"
#BSUB -R "rusage[mem=32GB]"
#BSUB -R "select[a10 || a30 || a100 || l40 || h100]"
#BSUB -J "structure_numerical_20260812"
#BSUB -o "/share/ddomlab/sdehgha2/working_space/GP_collab/results/HPC_history/hpc_20260812/Understanding and Designing a High-Performance Ultrafiltration Membrane Using Machine Learning/MGK_sum_per_feature_GPU.out"
#BSUB -e "/share/ddomlab/sdehgha2/working_space/GP_collab/results/HPC_history/hpc_20260812/Understanding and Designing a High-Performance Ultrafiltration Membrane Using Machine Learning/MGK_sum_per_feature_GPU.err"

source ~/.bashrc
module load cuda/12.1
module load gcc/9.3.0
conda activate /usr/local/usrapps/ddomlab/sdehgha2/env12

python ../train_structure_numerical.py  --K_fp Graph                                         --K_count Matern32                                         --Kernel_mixing_method "sum"                                         --paper "Understanding and Designing a High-Performance Ultrafiltration Membrane Using Machine Learning"                                         --dataset "cleaned_dataset_Ultrafiltration Membrane_imputed"                                         --kernel_feature_mode per_feature                                         --regressor_type "MGK" 



------------------------------------------------------------

TERM_RUNLIMIT: job killed after reaching LSF run time limit.
Exited with exit code 140.

Resource usage summary:

    CPU time :                                   6022.00 sec.
    Max Memory :                                 4 GB
    Average Memory :                             1.67 GB
    Total Requested Memory :                     32.00 GB
    Delta Memory :                               28.00 GB
    Max Swap :                                   -
    Max Processes :                              12
    Max Threads :                                18
    Run time :                                   6943 sec.
    Turnaround time :                            6873 sec.

The output (if any) is above this job summary.



PS:

Read file </share/ddomlab/sdehgha2/working_space/GP_collab/results/HPC_history/hpc_20260812/Understanding and Designing a High-Performance Ultrafiltration Membrane Using Machine Learning/MGK_sum_per_feature_GPU.err> for stderr output of this job.

