Running seed: 6
Running seed: 13
Running seed: 42
Average scores:	 rmse: 78.35±10.06	 r2: 0.75±0.06
Filename: (ECFP3_count_512-COUNT)_(GPytorchMAP_TanimotoRBF-Matern52_averageProduct)_mean_hypOFF_Standard_Standard_GPU
Running seed: 6
Running seed: 13
Running seed: 42
Average scores:	 rmse: 9.9±1.12	 r2: 0.62±0.12
Filename: (ECFP3_count_512-COUNT)_(GPytorchMAP_TanimotoRBF-Matern52_averageProduct)_mean_hypOFF_Standard_Standard_GPU
Running seed: 6
Running seed: 13
Running seed: 42
Average scores:	 rmse: 10.16±1.05	 r2: 0.71±0.07
Filename: (ECFP3_count_512-COUNT)_(GPytorchMAP_TanimotoRBF-Matern52_averageProduct)_mean_hypOFF_Standard_Standard_GPU
Running seed: 6
Running seed: 13
Running seed: 42
Average scores:	 rmse: 8.58±1.19	 r2: 0.54±0.1
Filename: (ECFP3_count_512-COUNT)_(GPytorchMAP_TanimotoRBF-Matern52_averageProduct)_mean_hypOFF_Standard_Standard_GPU
Running seed: 6
Running seed: 13
Running seed: 42
Average scores:	 rmse: 10.62±1.53	 r2: 0.7±0.09
Filename: (ECFP3_count_512-COUNT)_(GPytorchMAP_TanimotoRBF-Matern52_averageProduct)_mean_hypOFF_Standard_Standard_GPU
Running seed: 6
Running seed: 13
Running seed: 42
Average scores:	 rmse: 8.58±1.19	 r2: 0.54±0.1
Filename: (ECFP3_count_512-COUNT)_(GPytorchMAP_TanimotoRBF-Matern52_averageProduct)_mean_hypOFF_Standard_Standard_GPU

------------------------------------------------------------
Sender: LSF System <lsfadmin@gpu14>
Subject: Job 301941: <structure_numerical_20260525> in cluster <Hazel> Done

Job <structure_numerical_20260525> was submitted from host <gpu11> by user <sdehgha2> in cluster <Hazel> at Mon May 25 15:06:16 2026
Job was executed on host(s) <gpu14>, in queue <gpu>, as user <sdehgha2> in cluster <Hazel> at Mon May 25 15:30:22 2026
</home/sdehgha2> was used as the home directory.
</share/ddomlab/sdehgha2/working_space/GP_collab/code_python/training/hpc_submit_training_GP> was used as the working directory.
Started at Mon May 25 15:30:22 2026
Terminated at Mon May 25 15:43:54 2026
Results reported at Mon May 25 15:43:54 2026

Your job looked like:

------------------------------------------------------------
# LSBATCH: User input

#BSUB -n 1
#BSUB -W 50
#BSUB -q gpu
#BSUB -gpu "num=1:mode=shared:mps=no"
#BSUB -R "rusage[mem=16GB]"
#BSUB -J "structure_numerical_20260525"
#BSUB -o "/share/ddomlab/sdehgha2/working_space/GP_collab/results/HPC_history/hpc_20260525/Understanding and Designing a High-Performance Ultrafiltration Membrane Using Machine Learning/GPytorchMAP_TanimotoRBF_Matern52_averageProduct_GPU.out"
#BSUB -e "/share/ddomlab/sdehgha2/working_space/GP_collab/results/HPC_history/hpc_20260525/Understanding and Designing a High-Performance Ultrafiltration Membrane Using Machine Learning/GPytorchMAP_TanimotoRBF_Matern52_averageProduct_GPU.err"

source ~/.bashrc
module load cuda/12.1
module load gcc/9.3.0
conda activate /usr/local/usrapps/ddomlab/sdehgha2/env12

python ../train_structure_numerical.py --K_fp TanimotoRBF                                         --K_count Matern52                                         --Kernel_mixing_method averageProduct                                         --dataset "cleaned_dataset_Ultrafiltration Membrane"                                         --paper "Understanding and Designing a High-Performance Ultrafiltration Membrane Using Machine Learning" 


------------------------------------------------------------

Successfully completed.

Resource usage summary:

    CPU time :                                   770.18 sec.
    Max Memory :                                 1 GB
    Average Memory :                             0.92 GB
    Total Requested Memory :                     16.00 GB
    Delta Memory :                               15.00 GB
    Max Swap :                                   -
    Max Processes :                              4
    Max Threads :                                8
    Run time :                                   817 sec.
    Turnaround time :                            2258 sec.

The output (if any) is above this job summary.



PS:

Read file </share/ddomlab/sdehgha2/working_space/GP_collab/results/HPC_history/hpc_20260525/Understanding and Designing a High-Performance Ultrafiltration Membrane Using Machine Learning/GPytorchMAP_TanimotoRBF_Matern52_averageProduct_GPU.err> for stderr output of this job.

