Running seed: 6
Running seed: 13
Running seed: 42
Average scores:	 rmse: 86.78±11.57	 r2: 0.69±0.07
Filename: (ECFP3_count_512-COUNT)_(GPytorchMAP_RBF-Matern52_sum)_mean_hypOFF_Standard_Standard_GPU
Running seed: 6
Running seed: 13
Running seed: 42
Average scores:	 rmse: 11.25±1.48	 r2: 0.51±0.17
Filename: (ECFP3_count_512-COUNT)_(GPytorchMAP_RBF-Matern52_sum)_mean_hypOFF_Standard_Standard_GPU
Running seed: 6
Running seed: 13
Running seed: 42
Average scores:	 rmse: 10.31±1.19	 r2: 0.7±0.06
Filename: (ECFP3_count_512-COUNT)_(GPytorchMAP_RBF-Matern52_sum)_mean_hypOFF_Standard_Standard_GPU
Running seed: 6
Running seed: 13
Running seed: 42
Average scores:	 rmse: 9.4±1.13	 r2: 0.45±0.09
Filename: (ECFP3_count_512-COUNT)_(GPytorchMAP_RBF-Matern52_sum)_mean_hypOFF_Standard_Standard_GPU
Running seed: 6
Running seed: 13
Running seed: 42
Average scores:	 rmse: 12.28±2.0	 r2: 0.59±0.15
Filename: (ECFP3_count_512-COUNT)_(GPytorchMAP_RBF-Matern52_sum)_mean_hypOFF_Standard_Standard_GPU
Running seed: 6
Running seed: 13
Running seed: 42
Average scores:	 rmse: 9.4±1.13	 r2: 0.45±0.09
Filename: (ECFP3_count_512-COUNT)_(GPytorchMAP_RBF-Matern52_sum)_mean_hypOFF_Standard_Standard_GPU

------------------------------------------------------------
Sender: LSF System <lsfadmin@gpu15>
Subject: Job 301911: <structure_numerical_20260525> in cluster <Hazel> Done

Job <structure_numerical_20260525> was submitted from host <gpu11> by user <sdehgha2> in cluster <Hazel> at Mon May 25 15:06:07 2026
Job was executed on host(s) <gpu15>, in queue <gpu>, as user <sdehgha2> in cluster <Hazel> at Mon May 25 15:14:04 2026
</home/sdehgha2> was used as the home directory.
</share/ddomlab/sdehgha2/working_space/GP_collab/code_python/training/hpc_submit_training_GP> was used as the working directory.
Started at Mon May 25 15:14:04 2026
Terminated at Mon May 25 15:24:09 2026
Results reported at Mon May 25 15:24:09 2026

Your job looked like:

------------------------------------------------------------
# LSBATCH: User input

#BSUB -n 1
#BSUB -W 50
#BSUB -q gpu
#BSUB -gpu "num=1:mode=shared:mps=no"
#BSUB -R "rusage[mem=16GB]"
#BSUB -J "structure_numerical_20260525"
#BSUB -o "/share/ddomlab/sdehgha2/working_space/GP_collab/results/HPC_history/hpc_20260525/Understanding and Designing a High-Performance Ultrafiltration Membrane Using Machine Learning/GPytorchMAP_RBF_Matern52_sum_GPU.out"
#BSUB -e "/share/ddomlab/sdehgha2/working_space/GP_collab/results/HPC_history/hpc_20260525/Understanding and Designing a High-Performance Ultrafiltration Membrane Using Machine Learning/GPytorchMAP_RBF_Matern52_sum_GPU.err"

source ~/.bashrc
module load cuda/12.1
module load gcc/9.3.0
conda activate /usr/local/usrapps/ddomlab/sdehgha2/env12

python ../train_structure_numerical.py --K_fp RBF                                         --K_count Matern52                                         --Kernel_mixing_method sum                                         --dataset "cleaned_dataset_Ultrafiltration Membrane"                                         --paper "Understanding and Designing a High-Performance Ultrafiltration Membrane Using Machine Learning" 


------------------------------------------------------------

Successfully completed.

Resource usage summary:

    CPU time :                                   557.70 sec.
    Max Memory :                                 1 GB
    Average Memory :                             0.90 GB
    Total Requested Memory :                     16.00 GB
    Delta Memory :                               15.00 GB
    Max Swap :                                   -
    Max Processes :                              4
    Max Threads :                                8
    Run time :                                   626 sec.
    Turnaround time :                            1082 sec.

The output (if any) is above this job summary.



PS:

Read file </share/ddomlab/sdehgha2/working_space/GP_collab/results/HPC_history/hpc_20260525/Understanding and Designing a High-Performance Ultrafiltration Membrane Using Machine Learning/GPytorchMAP_RBF_Matern52_sum_GPU.err> for stderr output of this job.

