
------------------------------------------------------------
Sender: LSF System <lsfadmin@gpu26>
Subject: Job 26168: <structure_numerical_20260819_GPytorchMAP> in cluster <Hazel> Exited

Job <structure_numerical_20260819_GPytorchMAP> was submitted from host <login03.hpc.ncsu.edu> by user <sdehgha2> in cluster <Hazel> at Wed Aug 19 15:46:03 2026
Job was executed on host(s) <gpu26>, in queue <short_gpu>, as user <sdehgha2> in cluster <Hazel> at Wed Aug 19 16:27:52 2026
</home/sdehgha2> was used as the home directory.
</share/ddomlab/sdehgha2/working_space/GP_collab/code_python/training/hpc_submit_training_GP> was used as the working directory.
Started at Wed Aug 19 16:27:52 2026
Terminated at Wed Aug 19 16:27:52 2026
Results reported at Wed Aug 19 16:27:52 2026
Cannot open your job file: /home/sdehgha2/.lsbatch/1787168763.26168
Exited.


The output (if any) is above this job summary.



PS:

Read file </share/ddomlab/sdehgha2/working_space/GP_collab/results/HPC_history/hpc_20260819/Machine Learning for Polymer Design to Enhance Pervaporation-Based Organic Recovery/GPytorchMAP_TanimotoMatern52_Matern52_averageProduct_GPU.err> for stderr output of this job.


------------------------------------------------------------
Sender: LSF System <lsfadmin@gpu26>
Subject: Job 26190: <structure_numerical_20260819_GPytorchMAP> in cluster <Hazel> Exited

Job <structure_numerical_20260819_GPytorchMAP> was submitted from host <login03.hpc.ncsu.edu> by user <sdehgha2> in cluster <Hazel> at Wed Aug 19 15:46:10 2026
Job was executed on host(s) <gpu26>, in queue <short_gpu>, as user <sdehgha2> in cluster <Hazel> at Wed Aug 19 16:28:33 2026
</home/sdehgha2> was used as the home directory.
</share/ddomlab/sdehgha2/working_space/GP_collab/code_python/training/hpc_submit_training_GP> was used as the working directory.
Started at Wed Aug 19 16:28:33 2026
Terminated at Wed Aug 19 16:28:33 2026
Results reported at Wed Aug 19 16:28:33 2026
Cannot open your job file: /home/sdehgha2/.lsbatch/1787168770.26190
Exited.


The output (if any) is above this job summary.



PS:

Read file </share/ddomlab/sdehgha2/working_space/GP_collab/results/HPC_history/hpc_20260819/Machine Learning for Polymer Design to Enhance Pervaporation-Based Organic Recovery/GPytorchMAP_TanimotoMatern52_Matern52_averageProduct_GPU.err> for stderr output of this job.

