
------------------------------------------------------------
Sender: LSF System <lsfadmin@gpu26>
Subject: Job 26206: <structure_numerical_20260819_GPytorchMAP> in cluster <Hazel> Exited

Job <structure_numerical_20260819_GPytorchMAP> was submitted from host <login03.hpc.ncsu.edu> by user <sdehgha2> in cluster <Hazel> at Wed Aug 19 15:46:16 2026
Job was executed on host(s) <gpu26>, in queue <short_gpu>, as user <sdehgha2> in cluster <Hazel> at Wed Aug 19 16:29:44 2026
</home/sdehgha2> was used as the home directory.
</share/ddomlab/sdehgha2/working_space/GP_collab/code_python/training/hpc_submit_training_GP> was used as the working directory.
Started at Wed Aug 19 16:29:44 2026
Terminated at Wed Aug 19 16:29:46 2026
Results reported at Wed Aug 19 16:29:46 2026
Cannot open your job file: /home/sdehgha2/.lsbatch/1787168776.26206
Exited.


The output (if any) is above this job summary.



PS:

Read file </share/ddomlab/sdehgha2/working_space/GP_collab/results/HPC_history/hpc_20260819/Machine Learning for Polymer Design to Enhance Pervaporation-Based Organic Recovery/GPytorchMAP_TanimotoRBF_RBF_(count:+)x(fp:x)_GPU.err> for stderr output of this job.


------------------------------------------------------------
Sender: LSF System <lsfadmin@gpu26>
Subject: Job 26227: <structure_numerical_20260819_GPytorchMAP> in cluster <Hazel> Exited

Job <structure_numerical_20260819_GPytorchMAP> was submitted from host <login03.hpc.ncsu.edu> by user <sdehgha2> in cluster <Hazel> at Wed Aug 19 15:46:23 2026
Job was executed on host(s) <gpu26>, in queue <short_gpu>, as user <sdehgha2> in cluster <Hazel> at Wed Aug 19 16:31:51 2026
</home/sdehgha2> was used as the home directory.
</share/ddomlab/sdehgha2/working_space/GP_collab/code_python/training/hpc_submit_training_GP> was used as the working directory.
Started at Wed Aug 19 16:31:51 2026
Terminated at Wed Aug 19 16:31:51 2026
Results reported at Wed Aug 19 16:31:51 2026
Cannot open your job file: /home/sdehgha2/.lsbatch/1787168783.26227
Exited.


The output (if any) is above this job summary.



PS:

Read file </share/ddomlab/sdehgha2/working_space/GP_collab/results/HPC_history/hpc_20260819/Machine Learning for Polymer Design to Enhance Pervaporation-Based Organic Recovery/GPytorchMAP_TanimotoRBF_RBF_(count:+)x(fp:x)_GPU.err> for stderr output of this job.

