[Parallel(n_jobs=8)]: Using backend LokyBackend with 8 concurrent workers.
[Parallel(n_jobs=8)]: Done  34 tasks      | elapsed:   15.1s
[Parallel(n_jobs=8)]: Done 600 tasks      | elapsed:   15.2s
[Parallel(n_jobs=8)]: Done 681 out of 681 | elapsed:   15.2s finished
[Parallel(n_jobs=4)]: Using backend LokyBackend with 4 concurrent workers.
[Parallel(n_jobs=4)]: Done  16 out of  16 | elapsed:    1.1s finished
[Parallel(n_jobs=8)]: Using backend LokyBackend with 8 concurrent workers.
[Parallel(n_jobs=8)]: Done  34 tasks      | elapsed:   15.5s
[Parallel(n_jobs=8)]: Done 600 tasks      | elapsed:   15.5s
[Parallel(n_jobs=8)]: Done 681 out of 681 | elapsed:   15.6s finished
[Parallel(n_jobs=4)]: Using backend LokyBackend with 4 concurrent workers.
[Parallel(n_jobs=4)]: Done  16 out of  16 | elapsed:    1.3s finished
[Parallel(n_jobs=8)]: Using backend LokyBackend with 8 concurrent workers.
[Parallel(n_jobs=8)]: Done  34 tasks      | elapsed:   18.8s
[Parallel(n_jobs=8)]: Done 600 tasks      | elapsed:   18.8s
[Parallel(n_jobs=8)]: Done 681 out of 681 | elapsed:   18.8s finished
[Parallel(n_jobs=4)]: Using backend LokyBackend with 4 concurrent workers.
[Parallel(n_jobs=4)]: Done  16 out of  16 | elapsed:    1.2s finished
[Parallel(n_jobs=8)]: Using backend LokyBackend with 8 concurrent workers.
[Parallel(n_jobs=8)]: Done  34 tasks      | elapsed:   17.6s
[Parallel(n_jobs=8)]: Done 600 tasks      | elapsed:   17.6s
[Parallel(n_jobs=8)]: Done 681 out of 681 | elapsed:   17.6s finished
[Parallel(n_jobs=4)]: Using backend LokyBackend with 4 concurrent workers.
[Parallel(n_jobs=4)]: Done  16 out of  16 | elapsed:    1.1s finished
