Data filtering and preprocessing took 0.04 seconds.
Running seed: 42
Filename: (ECFP3_count_512-COUNT)_XGBR_hypOFF_Standard_Standard
Data filtering and preprocessing took 0.04 seconds.
Running seed: 42
Filename: (ECFP3_count_512-COUNT)_XGBR_hypOFF_Standard_Standard

------------------------------------------------------------
Sender: LSF System <lsfadmin@c010n02>
Subject: Job 321425: <tree_selected_20260928_5> in cluster <Hazel> Done

Job <tree_selected_20260928_5> was submitted from host <login01.hpc.ncsu.edu> by user <sdehgha2> in cluster <Hazel> at Mon Sep 28 11:45:56 2026
Job was executed on host(s) <6*c010n02>, in queue <single_chassis>, as user <sdehgha2> in cluster <Hazel> at Mon Sep 28 11:55:51 2026
</home/sdehgha2> was used as the home directory.
</share/ddomlab/sdehgha2/working_space/GP_collab/code_python/training/hpc_submit_training_GP> was used as the working directory.
Started at Mon Sep 28 11:55:51 2026
Terminated at Mon Sep 28 11:56:51 2026
Results reported at Mon Sep 28 11:56:51 2026

Your job looked like:

------------------------------------------------------------
# LSBATCH: User input
#BSUB -n 6
#BSUB -W 5:00
#BSUB -R span[hosts=1]
#BSUB -R "rusage[mem=32GB]"
#BSUB -J "tree_selected_20260928_5"
#BSUB -o "/share/ddomlab/sdehgha2/working_space/GP_collab/results/HPC_history/hpc_20260928/Machine Learning-Enabled Prediction and High-Throughput Screening of Polymer Membranes for Pervaporation Separation/XGBR_cleaned_dataset_pervaporation_membranes_wang_CPU.out"
#BSUB -e "/share/ddomlab/sdehgha2/working_space/GP_collab/results/HPC_history/hpc_20260928/Machine Learning-Enabled Prediction and High-Throughput Screening of Polymer Membranes for Pervaporation Separation/XGBR_cleaned_dataset_pervaporation_membranes_wang_CPU.err"

source ~/.bashrc
conda activate /usr/local/usrapps/ddomlab/sdehgha2/env12

python ../train_structure_numerical.py --regressor_type "XGBR"                                         --dataset "cleaned_dataset_pervaporation_membranes_wang"                                         --paper "Machine Learning-Enabled Prediction and High-Throughput Screening of Polymer Membranes for Pervaporation Separation"                                         --clustering_method "structure_cluster"

------------------------------------------------------------

Successfully completed.

Resource usage summary:

    CPU time :                                   98.68 sec.
    Max Memory :                                 2 GB
    Average Memory :                             0.50 GB
    Total Requested Memory :                     32.00 GB
    Delta Memory :                               30.00 GB
    Max Swap :                                   -
    Max Processes :                              12
    Max Threads :                                15
    Run time :                                   61 sec.
    Turnaround time :                            655 sec.

The output (if any) is above this job summary.



PS:

Read file </share/ddomlab/sdehgha2/working_space/GP_collab/results/HPC_history/hpc_20260928/Machine Learning-Enabled Prediction and High-Throughput Screening of Polymer Membranes for Pervaporation Separation/XGBR_cleaned_dataset_pervaporation_membranes_wang_CPU.err> for stderr output of this job.

Data filtering and preprocessing took 0.04 seconds.
Running seed: 42
Filename: (ECFP3_count_512-COUNT)_XGBR_hypOFF_Standard_Standard
Data filtering and preprocessing took 0.04 seconds.
Running seed: 42
Filename: (ECFP3_count_512-COUNT)_XGBR_hypOFF_Standard_Standard

------------------------------------------------------------
Sender: LSF System <lsfadmin@c019n04>
Subject: Job 322273: <tree_selected_20260928_11> in cluster <Hazel> Done

Job <tree_selected_20260928_11> was submitted from host <login01.hpc.ncsu.edu> by user <sdehgha2> in cluster <Hazel> at Mon Sep 28 18:22:51 2026
Job was executed on host(s) <6*c019n04>, in queue <single_chassis>, as user <sdehgha2> in cluster <Hazel> at Mon Sep 28 19:42:03 2026
</home/sdehgha2> was used as the home directory.
</share/ddomlab/sdehgha2/working_space/GP_collab/code_python/training/hpc_submit_training_GP> was used as the working directory.
Started at Mon Sep 28 19:42:03 2026
Terminated at Mon Sep 28 19:43:23 2026
Results reported at Mon Sep 28 19:43:23 2026

Your job looked like:

------------------------------------------------------------
# LSBATCH: User input
#BSUB -n 6
#BSUB -W 5:00
#BSUB -R span[hosts=1]
#BSUB -R "rusage[mem=32GB]"
#BSUB -J "tree_selected_20260928_11"
#BSUB -o "/share/ddomlab/sdehgha2/working_space/GP_collab/results/HPC_history/hpc_20260928/Machine Learning-Enabled Prediction and High-Throughput Screening of Polymer Membranes for Pervaporation Separation/XGBR_cleaned_dataset_pervaporation_membranes_wang_CPU.out"
#BSUB -e "/share/ddomlab/sdehgha2/working_space/GP_collab/results/HPC_history/hpc_20260928/Machine Learning-Enabled Prediction and High-Throughput Screening of Polymer Membranes for Pervaporation Separation/XGBR_cleaned_dataset_pervaporation_membranes_wang_CPU.err"

source ~/.bashrc
conda activate /usr/local/usrapps/ddomlab/sdehgha2/env12

python ../train_structure_numerical.py --regressor_type "XGBR"                                         --dataset "cleaned_dataset_pervaporation_membranes_wang"                                         --paper "Machine Learning-Enabled Prediction and High-Throughput Screening of Polymer Membranes for Pervaporation Separation"                                         --clustering_method "continuous_cluster"

------------------------------------------------------------

Successfully completed.

Resource usage summary:

    CPU time :                                   268.32 sec.
    Max Memory :                                 3 GB
    Average Memory :                             0.60 GB
    Total Requested Memory :                     32.00 GB
    Delta Memory :                               29.00 GB
    Max Swap :                                   -
    Max Processes :                              12
    Max Threads :                                15
    Run time :                                   81 sec.
    Turnaround time :                            4832 sec.

The output (if any) is above this job summary.



PS:

Read file </share/ddomlab/sdehgha2/working_space/GP_collab/results/HPC_history/hpc_20260928/Machine Learning-Enabled Prediction and High-Throughput Screening of Polymer Membranes for Pervaporation Separation/XGBR_cleaned_dataset_pervaporation_membranes_wang_CPU.err> for stderr output of this job.

