Data filtering and preprocessing took 0.25 seconds.
Running seed: 6
Running seed: 13
Running seed: 42
Average scores:	 rmse: 0.36±0.02	 r2: 0.85±0.02
Filename: (ECFP3_count_512-COUNT)_(GpyroHMC_Matern32-Matern32_(count:+)x(fp:x))_hypOFF_Standard_Standard_GPU

------------------------------------------------------------
Sender: LSF System <lsfadmin@gpu16>
Subject: Job 340711: <gpyrohmc_missing_20261004_6> in cluster <Hazel> Done

Job <gpyrohmc_missing_20261004_6> was submitted from host <login01.hpc.ncsu.edu> by user <sdehgha2> in cluster <Hazel> at Sun Oct  4 18:05:38 2026
Job was executed on host(s) <gpu16>, in queue <gpu>, as user <sdehgha2> in cluster <Hazel> at Mon Oct  5 13:48:58 2026
</home/sdehgha2> was used as the home directory.
</share/ddomlab/sdehgha2/working_space/GP_collab/code_python/training/hpc_submit_training_GP> was used as the working directory.
Started at Mon Oct  5 13:48:58 2026
Terminated at Wed Oct  7 01:17:50 2026
Results reported at Wed Oct  7 01:17:50 2026

Your job looked like:

------------------------------------------------------------
# LSBATCH: User input
#BSUB -n 1
#BSUB -W 71:59
#BSUB -q gpu
#BSUB -gpu "num=1:mode=shared:mps=no"
#BSUB -R "rusage[mem=32GB]"
#BSUB -R "select[a10 || a30 || a100 || l40 || h100]"
#BSUB -J "gpyrohmc_missing_20261004_6"
#BSUB -o "/share/ddomlab/sdehgha2/working_space/GP_collab/results/HPC_history/hpc_20261004/Machine Learning for Polymer Design to Enhance Pervaporation-Based Organic Recovery/GpyroHMC_separation_data_imputed_Matern32_Matern32_(count:+)x(fp:x)_GPU.out"
#BSUB -e "/share/ddomlab/sdehgha2/working_space/GP_collab/results/HPC_history/hpc_20261004/Machine Learning for Polymer Design to Enhance Pervaporation-Based Organic Recovery/GpyroHMC_separation_data_imputed_Matern32_Matern32_(count:+)x(fp:x)_GPU.err"

source ~/.bashrc
module load cuda/12.1
module load gcc/9.3.0
conda activate /usr/local/usrapps/ddomlab/sdehgha2/env12

python ../train_structure_numerical.py --K_fp "Matern32"                                       --K_count "Matern32"                                       --Kernel_mixing_method "(count:+)x(fp:x)"                                       --paper "Machine Learning for Polymer Design to Enhance Pervaporation-Based Organic Recovery"                                       --dataset "separation_data_imputed"                                       --regressor_type "GpyroHMC"

------------------------------------------------------------

Successfully completed.

Resource usage summary:

    CPU time :                                   127306.80 sec.
    Max Memory :                                 3 GB
    Average Memory :                             2.05 GB
    Total Requested Memory :                     32.00 GB
    Delta Memory :                               29.00 GB
    Max Swap :                                   -
    Max Processes :                              4
    Max Threads :                                10
    Run time :                                   127749 sec.
    Turnaround time :                            198732 sec.

The output (if any) is above this job summary.



PS:

Read file </share/ddomlab/sdehgha2/working_space/GP_collab/results/HPC_history/hpc_20261004/Machine Learning for Polymer Design to Enhance Pervaporation-Based Organic Recovery/GpyroHMC_separation_data_imputed_Matern32_Matern32_(count:+)x(fp:x)_GPU.err> for stderr output of this job.

