Data filtering and preprocessing took 0.26 seconds.
Running seed: 42
Filename: (ECFP3_count_512-COUNT)_(GPytorchMAP_TanimotoMatern32-Matern32_product)_hypOFF_Standard_Standard_GPU

------------------------------------------------------------
Sender: LSF System <lsfadmin@gpu16>
Subject: Job 340753: <gpmap_ood_missing_20261004_6> in cluster <Hazel> Done

Job <gpmap_ood_missing_20261004_6> was submitted from host <login01.hpc.ncsu.edu> by user <sdehgha2> in cluster <Hazel> at Sun Oct  4 19:00:55 2026
Job was executed on host(s) <gpu16>, in queue <gpu>, as user <sdehgha2> in cluster <Hazel> at Tue Oct  6 17:28:55 2026
</home/sdehgha2> was used as the home directory.
</share/ddomlab/sdehgha2/working_space/GP_collab/code_python/training/hpc_submit_training_GP> was used as the working directory.
Started at Tue Oct  6 17:28:55 2026
Terminated at Tue Oct  6 17:50:21 2026
Results reported at Tue Oct  6 17:50:21 2026

Your job looked like:

------------------------------------------------------------
# LSBATCH: User input
#BSUB -n 1
#BSUB -W 30:20
#BSUB -q gpu
#BSUB -gpu "num=1:mode=shared:mps=no"
#BSUB -R "rusage[mem=32GB]"
#BSUB -R "select[a10 || a30 || a100 || l40 || h100]"
#BSUB -J "gpmap_ood_missing_20261004_6"
#BSUB -o "/share/ddomlab/sdehgha2/working_space/GP_collab/results/HPC_history/hpc_20261004/Machine Learning for Polymer Design to Enhance Pervaporation-Based Organic Recovery/GPytorchMAP_separation_data_imputed_TanimotoMatern32_Matern32_product_structure_cluster_GPU.out"
#BSUB -e "/share/ddomlab/sdehgha2/working_space/GP_collab/results/HPC_history/hpc_20261004/Machine Learning for Polymer Design to Enhance Pervaporation-Based Organic Recovery/GPytorchMAP_separation_data_imputed_TanimotoMatern32_Matern32_product_structure_cluster_GPU.err"

source ~/.bashrc
module load cuda/12.1
module load gcc/9.3.0
conda activate /usr/local/usrapps/ddomlab/sdehgha2/env12

python ../train_structure_numerical.py --K_fp "TanimotoMatern32"                                         --K_count "Matern32"                                         --Kernel_mixing_method "product"                                         --paper "Machine Learning for Polymer Design to Enhance Pervaporation-Based Organic Recovery"                                         --dataset "separation_data_imputed"                                         --regressor_type "GPytorchMAP"                                         --clustering_method "structure_cluster"

------------------------------------------------------------

Successfully completed.

Resource usage summary:

    CPU time :                                   1261.95 sec.
    Max Memory :                                 1 GB
    Average Memory :                             0.98 GB
    Total Requested Memory :                     32.00 GB
    Delta Memory :                               31.00 GB
    Max Swap :                                   -
    Max Processes :                              5
    Max Threads :                                9
    Run time :                                   1303 sec.
    Turnaround time :                            168566 sec.

The output (if any) is above this job summary.



PS:

Read file </share/ddomlab/sdehgha2/working_space/GP_collab/results/HPC_history/hpc_20261004/Machine Learning for Polymer Design to Enhance Pervaporation-Based Organic Recovery/GPytorchMAP_separation_data_imputed_TanimotoMatern32_Matern32_product_structure_cluster_GPU.err> for stderr output of this job.

