Running seed: 6
Running seed: 13
Running seed: 42
Average scores:	 rmse: 70.13±9.63	 r2: 0.8±0.05
Filename: (ECFP3_count_512-COUNT)_(GpyroHMC_TanimotoMatern32-Matern32_product)_mean_hypOFF_Standard_Standard_GPU
Running seed: 6
Running seed: 13
Running seed: 42
Average scores:	 rmse: 9.16±1.34	 r2: 0.67±0.13
Filename: (ECFP3_count_512-COUNT)_(GpyroHMC_TanimotoMatern32-Matern32_product)_mean_hypOFF_Standard_Standard_GPU
Running seed: 6
Running seed: 13
Running seed: 42
Average scores:	 rmse: 10.25±1.47	 r2: 0.7±0.08
Filename: (ECFP3_count_512-COUNT)_(GpyroHMC_TanimotoMatern32-Matern32_product)_mean_hypOFF_Standard_Standard_GPU
Running seed: 6
Running seed: 13
Running seed: 42
Average scores:	 rmse: 9.95±1.33	 r2: 0.39±0.1
Filename: (ECFP3_count_512-COUNT)_(GpyroHMC_TanimotoMatern32-Matern32_product)_mean_hypOFF_Standard_Standard_GPU
Running seed: 6
Running seed: 13
Running seed: 42
Average scores:	 rmse: 9.74±1.52	 r2: 0.74±0.07
Filename: (ECFP3_count_512-COUNT)_(GpyroHMC_TanimotoMatern32-Matern32_product)_mean_hypOFF_Standard_Standard_GPU
Running seed: 6
Running seed: 13
Running seed: 42
Average scores:	 rmse: 10.1±1.32	 r2: 0.37±0.1
Filename: (ECFP3_count_512-COUNT)_(GpyroHMC_TanimotoMatern32-Matern32_product)_mean_hypOFF_Standard_Standard_GPU

------------------------------------------------------------
Sender: LSF System <lsfadmin@gpu11>
Subject: Job 406636: <structure_numerical_20260605> in cluster <Hazel> Done

Job <structure_numerical_20260605> was submitted from host <gpu12> by user <sdehgha2> in cluster <Hazel> at Fri Jun  5 13:05:37 2026
Job was executed on host(s) <gpu11>, in queue <gpu>, as user <sdehgha2> in cluster <Hazel> at Fri Jun  5 13:06:01 2026
</home/sdehgha2> was used as the home directory.
</share/ddomlab/sdehgha2/working_space/GP_collab/code_python/training/hpc_submit_training_GP> was used as the working directory.
Started at Fri Jun  5 13:06:01 2026
Terminated at Fri Jun  5 14:23:34 2026
Results reported at Fri Jun  5 14:23:34 2026

Your job looked like:

------------------------------------------------------------
# LSBATCH: User input

#BSUB -n 1
#BSUB -W 3:35
#BSUB -q gpu
#BSUB -R "select[a10]"
#BSUB -gpu "num=1:mode=shared:mps=no"
#BSUB -R "rusage[mem=16GB]"
#BSUB -J "structure_numerical_20260605"
#BSUB -o "/share/ddomlab/sdehgha2/working_space/GP_collab/results/HPC_history/hpc_20260605/Understanding and Designing a High-Performance Ultrafiltration Membrane Using Machine Learning/GpyroHMC_TanimotoMatern32_Matern32_product_GPU.out"
#BSUB -e "/share/ddomlab/sdehgha2/working_space/GP_collab/results/HPC_history/hpc_20260605/Understanding and Designing a High-Performance Ultrafiltration Membrane Using Machine Learning/GpyroHMC_TanimotoMatern32_Matern32_product_GPU.err"

source ~/.bashrc
module load cuda/12.1
module load gcc/9.3.0
conda activate /usr/local/usrapps/ddomlab/sdehgha2/env12

python ../train_structure_numerical.py --K_fp TanimotoMatern32                                         --K_count Matern32                                         --Kernel_mixing_method product                                         --dataset "cleaned_dataset_Ultrafiltration Membrane"                                         --paper "Understanding and Designing a High-Performance Ultrafiltration Membrane Using Machine Learning"                                         --regressor_type "GpyroHMC" 




------------------------------------------------------------

Successfully completed.

Resource usage summary:

    CPU time :                                   4598.45 sec.
    Max Memory :                                 14 GB
    Average Memory :                             7.72 GB
    Total Requested Memory :                     16.00 GB
    Delta Memory :                               2.00 GB
    Max Swap :                                   -
    Max Processes :                              4
    Max Threads :                                9
    Run time :                                   4654 sec.
    Turnaround time :                            4677 sec.

The output (if any) is above this job summary.



PS:

Read file </share/ddomlab/sdehgha2/working_space/GP_collab/results/HPC_history/hpc_20260605/Understanding and Designing a High-Performance Ultrafiltration Membrane Using Machine Learning/GpyroHMC_TanimotoMatern32_Matern32_product_GPU.err> for stderr output of this job.

