Running seed: 6
Running seed: 13
Running seed: 42
Average scores:	 rmse: 0.36±0.02	 r2: 0.76±0.03
Filename: (ECFP3_count_512-COUNT)_(GPytorchMAP_Matern52-RBF_sum)_hypOFF_Standard_Standard

------------------------------------------------------------
Sender: LSF System <lsfadmin@c033n02>
Subject: Job 244709: <structure_numerical_20260519> in cluster <Hazel> Done

Job <structure_numerical_20260519> was submitted from host <c030n04> by user <sdehgha2> in cluster <Hazel> at Tue May 19 14:01:29 2026
Job was executed on host(s) <6*c033n02>, in queue <single_chassis>, as user <sdehgha2> in cluster <Hazel> at Tue May 19 17:50:45 2026
</home/sdehgha2> was used as the home directory.
</share/ddomlab/sdehgha2/working_space/GP_collab/code_python/training/hpc_submit_training_GP> was used as the working directory.
Started at Tue May 19 17:50:45 2026
Terminated at Tue May 19 18:22:07 2026
Results reported at Tue May 19 18:22:07 2026

Your job looked like:

------------------------------------------------------------
# LSBATCH: User input

#BSUB -n 6
#BSUB -W 4:40
#BSUB -R span[hosts=1]
#BSUB -R "rusage[mem=32GB]"
#BSUB -J "structure_numerical_20260519"
#BSUB -o "/share/ddomlab/sdehgha2/working_space/GP_collab/results/HPC_history/hpc_20260519/Machine Learning for Polymer Design to Enhance Pervaporation-Based Organic Recovery/GPytorchMAP_Matern52_RBF_sum.out"
#BSUB -e "/share/ddomlab/sdehgha2/working_space/GP_collab/results/HPC_history/hpc_20260519/Machine Learning for Polymer Design to Enhance Pervaporation-Based Organic Recovery/GPytorchMAP_Matern52_RBF_sum.err"

source ~/.bashrc
conda activate /usr/local/usrapps/ddomlab/sdehgha2/env12
python ../train_structure_numerical.py --K_fp Matern52                                         --K_count RBF                                         --Kernel_mixing_method sum                                         --dataset "flux_data_imputed"                                         --paper "Machine Learning for Polymer Design to Enhance Pervaporation-Based Organic Recovery" 


------------------------------------------------------------

Successfully completed.

Resource usage summary:

    CPU time :                                   8760.94 sec.
    Max Memory :                                 4 GB
    Average Memory :                             2.98 GB
    Total Requested Memory :                     32.00 GB
    Delta Memory :                               28.00 GB
    Max Swap :                                   -
    Max Processes :                              4
    Max Threads :                                14
    Run time :                                   1884 sec.
    Turnaround time :                            15638 sec.

The output (if any) is above this job summary.



PS:

Read file </share/ddomlab/sdehgha2/working_space/GP_collab/results/HPC_history/hpc_20260519/Machine Learning for Polymer Design to Enhance Pervaporation-Based Organic Recovery/GPytorchMAP_Matern52_RBF_sum.err> for stderr output of this job.

