Running seed: 6
No hyperparameter optimization
Running seed: 13
No hyperparameter optimization
Running seed: 42
No hyperparameter optimization
Average scores:	 rmse: 0.34±0.04	 r2: 0.67±0.07
Filename: (ECFP3_count_512-COUNT)_(GpyroMCMC_TanimotoMatern52-Matern52_sum)_hypOFF_Standard_Standard

------------------------------------------------------------
Sender: LSF System <lsfadmin@c202n12>
Subject: Job 878413: <structure_numerical_20260101> in cluster <Hazel> Done

Job <structure_numerical_20260101> was submitted from host <c202n01> by user <sdehgha2> in cluster <Hazel> at Thu Jan  1 16:28:22 2026
Job was executed on host(s) <6*c202n12>, in queue <single_chassis>, as user <sdehgha2> in cluster <Hazel> at Thu Jan  1 16:28:23 2026
</tmp/.lsbtmp404534> was used as the home directory.
</share/ddomlab/sdehgha2/working-space/main/_colab_GP/GP_collab/code_/training/hpc_submit_training_GP> was used as the working directory.
Started at Thu Jan  1 16:28:23 2026
Terminated at Thu Jan  1 16:36:10 2026
Results reported at Thu Jan  1 16:36:10 2026

Your job looked like:

------------------------------------------------------------
# LSBATCH: User input



#BSUB -n 6
#BSUB -W 10:00
#BSUB -R span[hosts=1]
#BSUB -R "rusage[mem=32GB]"
#BSUB -J "structure_numerical_20260101"
#BSUB -o "/share/ddomlab/sdehgha2/working-space/main/_colab_GP/GP_collab/results/HPC_history/hpc_20260101/GpyroMCMC_TanimotoMatern52_Matern52_sum.out"
#BSUB -e "/share/ddomlab/sdehgha2/working-space/main/_colab_GP/GP_collab/results/HPC_history/hpc_20260101/GpyroMCMC_TanimotoMatern52_Matern52_sum.err"

source ~/.bashrc
conda activate /usr/local/usrapps/ddomlab/sdehgha2/torch_cpu
python ../train_structure_numerical.py --K_fp TanimotoMatern52                                         --K_count Matern52                                         --Kernel_mixing_method sum 


------------------------------------------------------------

Successfully completed.

Resource usage summary:

    CPU time :                                   1829.00 sec.
    Max Memory :                                 7 GB
    Average Memory :                             4.06 GB
    Total Requested Memory :                     32.00 GB
    Delta Memory :                               25.00 GB
    Max Swap :                                   -
    Max Processes :                              30
    Max Threads :                                43
    Run time :                                   485 sec.
    Turnaround time :                            468 sec.

The output (if any) is above this job summary.



PS:

Read file </share/ddomlab/sdehgha2/working-space/main/_colab_GP/GP_collab/results/HPC_history/hpc_20260101/GpyroMCMC_TanimotoMatern52_Matern52_sum.err> for stderr output of this job.

