Data filtering and preprocessing took 0.01 seconds.
Running seed: 6
Running seed: 13
Running seed: 42
Average scores:	 rmse: 70.97±9.67	 r2: 0.79±0.05
Filename: (COUNT)_(GPytorchMAP_Matern32_product)_hypOFF_Standard_Standard_GPU
Data filtering and preprocessing took 0.01 seconds.
Running seed: 6
Running seed: 13
Running seed: 42
Average scores:	 rmse: 9.09±1.34	 r2: 0.68±0.13
Filename: (COUNT)_(GPytorchMAP_Matern32_product)_hypOFF_Standard_Standard_GPU
Data filtering and preprocessing took 0.00 seconds.
Running seed: 6
Running seed: 13
Running seed: 42
Average scores:	 rmse: 10.58±1.52	 r2: 0.69±0.08
Filename: (COUNT)_(GPytorchMAP_Matern32_product)_hypOFF_Standard_Standard_GPU
Data filtering and preprocessing took 0.00 seconds.
Running seed: 6
Running seed: 13
Running seed: 42
Average scores:	 rmse: 10.24±1.3	 r2: 0.36±0.09
Filename: (COUNT)_(GPytorchMAP_Matern32_product)_hypOFF_Standard_Standard_GPU
Data filtering and preprocessing took 0.00 seconds.
Running seed: 6
Running seed: 13
Running seed: 42
Average scores:	 rmse: 10.03±1.48	 r2: 0.73±0.08
Filename: (COUNT)_(GPytorchMAP_Matern32_product)_hypOFF_Standard_Standard_GPU
Data filtering and preprocessing took 0.00 seconds.
Running seed: 6
Running seed: 13
Running seed: 42
Average scores:	 rmse: 10.24±1.3	 r2: 0.36±0.09
Filename: (COUNT)_(GPytorchMAP_Matern32_product)_hypOFF_Standard_Standard_GPU

------------------------------------------------------------
Sender: LSF System <lsfadmin@gpu16>
Subject: Job 252419: <numerical_only_20260902_GPytorchMAP> in cluster <Hazel> Done

Job <numerical_only_20260902_GPytorchMAP> was submitted from host <login03.hpc.ncsu.edu> by user <sdehgha2> in cluster <Hazel> at Wed Sep  2 14:24:32 2026
Job was executed on host(s) <gpu16>, in queue <short_gpu>, as user <sdehgha2> in cluster <Hazel> at Wed Sep  2 18:49:11 2026
</home/sdehgha2> was used as the home directory.
</share/ddomlab/sdehgha2/working_space/GP_collab/code_python/training/hpc_submit_training_GP> was used as the working directory.
Started at Wed Sep  2 18:49:11 2026
Terminated at Wed Sep  2 18:57:17 2026
Results reported at Wed Sep  2 18:57:17 2026

Your job looked like:

------------------------------------------------------------
# LSBATCH: User input


#BSUB -n 1
#BSUB -W 1:59
#BSUB -q short_gpu
#BSUB -gpu "num=1:mode=shared:mps=no"
#BSUB -R "rusage[mem=32GB]"
#BSUB -R "select[a10 || a30 || a100 || l40 || h100]"
#BSUB -J "numerical_only_20260902_GPytorchMAP"
#BSUB -o "/share/ddomlab/sdehgha2/working_space/GP_collab/results/HPC_history/hpc_20260902/Understanding and Designing a High-Performance Ultrafiltration Membrane Using Machine Learning/GPytorchMAP_cleaned_dataset_Ultrafiltration Membrane_imputed_Matern32_product_GPU.out"
#BSUB -e "/share/ddomlab/sdehgha2/working_space/GP_collab/results/HPC_history/hpc_20260902/Understanding and Designing a High-Performance Ultrafiltration Membrane Using Machine Learning/GPytorchMAP_cleaned_dataset_Ultrafiltration Membrane_imputed_Matern32_product_GPU.err"

source ~/.bashrc
module load cuda/12.1
module load gcc/9.3.0
conda activate /usr/local/usrapps/ddomlab/sdehgha2/env12

python ../train_numerical.py --K_count "Matern32"                              --Kernel_mixing_method "product"                              --paper "Understanding and Designing a High-Performance Ultrafiltration Membrane Using Machine Learning"                              --dataset "cleaned_dataset_Ultrafiltration Membrane_imputed"                              --regressor_type "GPytorchMAP"


------------------------------------------------------------

Successfully completed.

Resource usage summary:

    CPU time :                                   453.81 sec.
    Max Memory :                                 1 GB
    Average Memory :                             1.00 GB
    Total Requested Memory :                     32.00 GB
    Delta Memory :                               31.00 GB
    Max Swap :                                   -
    Max Processes :                              4
    Max Threads :                                9
    Run time :                                   382 sec.
    Turnaround time :                            16365 sec.

The output (if any) is above this job summary.



PS:

Read file </share/ddomlab/sdehgha2/working_space/GP_collab/results/HPC_history/hpc_20260902/Understanding and Designing a High-Performance Ultrafiltration Membrane Using Machine Learning/GPytorchMAP_cleaned_dataset_Ultrafiltration Membrane_imputed_Matern32_product_GPU.err> for stderr output of this job.

