Data filtering and preprocessing took 0.00 seconds.
Running seed: 6
Running seed: 13
Running seed: 42
Average scores:	 rmse: 96.67±11.86	 r2: 0.62±0.08
Filename: (COUNT)_(GPytorchMAP_RBF_sum)_hypOFF_Standard_Standard_GPU
Data filtering and preprocessing took 0.00 seconds.
Running seed: 6
Running seed: 13
Running seed: 42
Average scores:	 rmse: 11.83±1.21	 r2: 0.46±0.18
Filename: (COUNT)_(GPytorchMAP_RBF_sum)_hypOFF_Standard_Standard_GPU
Data filtering and preprocessing took 0.00 seconds.
Running seed: 6
Running seed: 13
Running seed: 42
Average scores:	 rmse: 12.39±1.55	 r2: 0.57±0.09
Filename: (COUNT)_(GPytorchMAP_RBF_sum)_hypOFF_Standard_Standard_GPU
Data filtering and preprocessing took 0.00 seconds.
Running seed: 6
Running seed: 13
Running seed: 42
Average scores:	 rmse: 10.54±1.32	 r2: 0.31±0.13
Filename: (COUNT)_(GPytorchMAP_RBF_sum)_hypOFF_Standard_Standard_GPU
Data filtering and preprocessing took 0.00 seconds.
Running seed: 6
Running seed: 13
Running seed: 42
Average scores:	 rmse: 13.86±2.05	 r2: 0.48±0.18
Filename: (COUNT)_(GPytorchMAP_RBF_sum)_hypOFF_Standard_Standard_GPU
Data filtering and preprocessing took 0.00 seconds.
Running seed: 6
Running seed: 13
Running seed: 42
Average scores:	 rmse: 10.54±1.32	 r2: 0.31±0.13
Filename: (COUNT)_(GPytorchMAP_RBF_sum)_hypOFF_Standard_Standard_GPU

------------------------------------------------------------
Sender: LSF System <lsfadmin@gpu33>
Subject: Job 252418: <numerical_only_20260902_GPytorchMAP> in cluster <Hazel> Done

Job <numerical_only_20260902_GPytorchMAP> was submitted from host <login03.hpc.ncsu.edu> by user <sdehgha2> in cluster <Hazel> at Wed Sep  2 14:24:31 2026
Job was executed on host(s) <gpu33>, in queue <short_gpu>, as user <sdehgha2> in cluster <Hazel> at Wed Sep  2 18:41:23 2026
</home/sdehgha2> was used as the home directory.
</share/ddomlab/sdehgha2/working_space/GP_collab/code_python/training/hpc_submit_training_GP> was used as the working directory.
Started at Wed Sep  2 18:41:23 2026
Terminated at Wed Sep  2 19:05:26 2026
Results reported at Wed Sep  2 19:05:26 2026

Your job looked like:

------------------------------------------------------------
# LSBATCH: User input


#BSUB -n 1
#BSUB -W 1:59
#BSUB -q short_gpu
#BSUB -gpu "num=1:mode=shared:mps=no"
#BSUB -R "rusage[mem=32GB]"
#BSUB -R "select[a10 || a30 || a100 || l40 || h100]"
#BSUB -J "numerical_only_20260902_GPytorchMAP"
#BSUB -o "/share/ddomlab/sdehgha2/working_space/GP_collab/results/HPC_history/hpc_20260902/Understanding and Designing a High-Performance Ultrafiltration Membrane Using Machine Learning/GPytorchMAP_cleaned_dataset_Ultrafiltration Membrane_imputed_RBF_sum_GPU.out"
#BSUB -e "/share/ddomlab/sdehgha2/working_space/GP_collab/results/HPC_history/hpc_20260902/Understanding and Designing a High-Performance Ultrafiltration Membrane Using Machine Learning/GPytorchMAP_cleaned_dataset_Ultrafiltration Membrane_imputed_RBF_sum_GPU.err"

source ~/.bashrc
module load cuda/12.1
module load gcc/9.3.0
conda activate /usr/local/usrapps/ddomlab/sdehgha2/env12

python ../train_numerical.py --K_count "RBF"                              --Kernel_mixing_method "sum"                              --paper "Understanding and Designing a High-Performance Ultrafiltration Membrane Using Machine Learning"                              --dataset "cleaned_dataset_Ultrafiltration Membrane_imputed"                              --regressor_type "GPytorchMAP"


------------------------------------------------------------

Successfully completed.

Resource usage summary:

    CPU time :                                   1426.52 sec.
    Max Memory :                                 1 GB
    Average Memory :                             1.00 GB
    Total Requested Memory :                     32.00 GB
    Delta Memory :                               31.00 GB
    Max Swap :                                   -
    Max Processes :                              4
    Max Threads :                                9
    Run time :                                   1527 sec.
    Turnaround time :                            16855 sec.

The output (if any) is above this job summary.



PS:

Read file </share/ddomlab/sdehgha2/working_space/GP_collab/results/HPC_history/hpc_20260902/Understanding and Designing a High-Performance Ultrafiltration Membrane Using Machine Learning/GPytorchMAP_cleaned_dataset_Ultrafiltration Membrane_imputed_RBF_sum_GPU.err> for stderr output of this job.

