Data filtering and preprocessing took 0.03 seconds.
Running seed: 6
Running seed: 13
Running seed: 42
Average scores:	 rmse: 72.19±6.72	 r2: 0.78±0.05
Filename: (ECFP3_count_512-COUNT)_RF_hypOFF_Standard_Standard
Data filtering and preprocessing took 0.02 seconds.
Running seed: 6
Running seed: 13
Running seed: 42
Average scores:	 rmse: 8.18±0.94	 r2: 0.74±0.09
Filename: (ECFP3_count_512-COUNT)_RF_hypOFF_Standard_Standard
Data filtering and preprocessing took 0.02 seconds.
Running seed: 6
Running seed: 13
Running seed: 42
Average scores:	 rmse: 10.22±1.1	 r2: 0.71±0.06
Filename: (ECFP3_count_512-COUNT)_RF_hypOFF_Standard_Standard
Data filtering and preprocessing took 0.02 seconds.
Running seed: 6
Running seed: 13
Running seed: 42
Average scores:	 rmse: 8.97±1.22	 r2: 0.5±0.09
Filename: (ECFP3_count_512-COUNT)_RF_hypOFF_Standard_Standard
Data filtering and preprocessing took 0.02 seconds.
Running seed: 6
Running seed: 13
Running seed: 42
Average scores:	 rmse: 9.69±1.33	 r2: 0.75±0.07
Filename: (ECFP3_count_512-COUNT)_RF_hypOFF_Standard_Standard
Data filtering and preprocessing took 0.02 seconds.
Running seed: 6
Running seed: 13
Running seed: 42
Average scores:	 rmse: 8.98±1.22	 r2: 0.5±0.09
Filename: (ECFP3_count_512-COUNT)_RF_hypOFF_Standard_Standard

------------------------------------------------------------
Sender: LSF System <lsfadmin@c016n03>
Subject: Job 252782: <tree_selected_20260902_19> in cluster <Hazel> Done

Job <tree_selected_20260902_19> was submitted from host <login03.hpc.ncsu.edu> by user <sdehgha2> in cluster <Hazel> at Wed Sep  2 17:15:42 2026
Job was executed on host(s) <6*c016n03>, in queue <single_chassis>, as user <sdehgha2> in cluster <Hazel> at Wed Sep  2 18:51:01 2026
</home/sdehgha2> was used as the home directory.
</share/ddomlab/sdehgha2/working_space/GP_collab/code_python/training/hpc_submit_training_GP> was used as the working directory.
Started at Wed Sep  2 18:51:01 2026
Terminated at Wed Sep  2 18:52:36 2026
Results reported at Wed Sep  2 18:52:36 2026

Your job looked like:

------------------------------------------------------------
# LSBATCH: User input
#BSUB -n 6
#BSUB -W 45:00
#BSUB -R span[hosts=1]
#BSUB -R "rusage[mem=32GB]"
#BSUB -J "tree_selected_20260902_19"
#BSUB -o "/share/ddomlab/sdehgha2/working_space/GP_collab/results/HPC_history/hpc_20260902/Understanding and Designing a High-Performance Ultrafiltration Membrane Using Machine Learning/RF_cleaned_dataset_Ultrafiltration_Membrane_imputed_CPU.out"
#BSUB -e "/share/ddomlab/sdehgha2/working_space/GP_collab/results/HPC_history/hpc_20260902/Understanding and Designing a High-Performance Ultrafiltration Membrane Using Machine Learning/RF_cleaned_dataset_Ultrafiltration_Membrane_imputed_CPU.err"

source ~/.bashrc
conda activate /usr/local/usrapps/ddomlab/sdehgha2/env12

python ../train_structure_numerical.py --regressor_type "RF"                                         --dataset "cleaned_dataset_Ultrafiltration Membrane_imputed"                                         --paper "Understanding and Designing a High-Performance Ultrafiltration Membrane Using Machine Learning"

------------------------------------------------------------

Successfully completed.

Resource usage summary:

    CPU time :                                   279.07 sec.
    Max Memory :                                 3 GB
    Average Memory :                             1.20 GB
    Total Requested Memory :                     32.00 GB
    Delta Memory :                               29.00 GB
    Max Swap :                                   -
    Max Processes :                              12
    Max Threads :                                15
    Run time :                                   103 sec.
    Turnaround time :                            5814 sec.

The output (if any) is above this job summary.



PS:

Read file </share/ddomlab/sdehgha2/working_space/GP_collab/results/HPC_history/hpc_20260902/Understanding and Designing a High-Performance Ultrafiltration Membrane Using Machine Learning/RF_cleaned_dataset_Ultrafiltration_Membrane_imputed_CPU.err> for stderr output of this job.

Data filtering and preprocessing took 0.01 seconds.
Running seed: 6
Running seed: 13
Running seed: 42
Average scores:	 rmse: 67.36±4.84	 r2: 0.81±0.04
Filename: (COUNT)_RF_hypOFF_Standard_Standard
Data filtering and preprocessing took 0.00 seconds.
Running seed: 6
Running seed: 13
Running seed: 42
Average scores:	 rmse: 8.11±0.88	 r2: 0.74±0.09
Filename: (COUNT)_RF_hypOFF_Standard_Standard
Data filtering and preprocessing took 0.00 seconds.
Running seed: 6
Running seed: 13
Running seed: 42
Average scores:	 rmse: 10.34±1.33	 r2: 0.7±0.06
Filename: (COUNT)_RF_hypOFF_Standard_Standard
Data filtering and preprocessing took 0.00 seconds.
Running seed: 6
Running seed: 13
Running seed: 42
Average scores:	 rmse: 8.49±1.09	 r2: 0.55±0.08
Filename: (COUNT)_RF_hypOFF_Standard_Standard
Data filtering and preprocessing took 0.00 seconds.
Running seed: 6
Running seed: 13
Running seed: 42
Average scores:	 rmse: 9.68±1.43	 r2: 0.75±0.07
Filename: (COUNT)_RF_hypOFF_Standard_Standard
Data filtering and preprocessing took 0.00 seconds.
Running seed: 6
Running seed: 13
Running seed: 42
Average scores:	 rmse: 8.5±1.11	 r2: 0.55±0.08
Filename: (COUNT)_RF_hypOFF_Standard_Standard

------------------------------------------------------------
Sender: LSF System <lsfadmin@c001n01>
Subject: Job 252835: <tree_selected_20260902_19> in cluster <Hazel> Done

Job <tree_selected_20260902_19> was submitted from host <login03.hpc.ncsu.edu> by user <sdehgha2> in cluster <Hazel> at Wed Sep  2 17:32:47 2026
Job was executed on host(s) <6*c001n01>, in queue <single_chassis>, as user <sdehgha2> in cluster <Hazel> at Wed Sep  2 19:17:31 2026
</home/sdehgha2> was used as the home directory.
</share/ddomlab/sdehgha2/working_space/GP_collab/code_python/training/hpc_submit_training_GP> was used as the working directory.
Started at Wed Sep  2 19:17:31 2026
Terminated at Wed Sep  2 19:19:06 2026
Results reported at Wed Sep  2 19:19:06 2026

Your job looked like:

------------------------------------------------------------
# LSBATCH: User input
#BSUB -n 6
#BSUB -W 20:00
#BSUB -R span[hosts=1]
#BSUB -R "rusage[mem=32GB]"
#BSUB -J "tree_selected_20260902_19"
#BSUB -o "/share/ddomlab/sdehgha2/working_space/GP_collab/results/HPC_history/hpc_20260902/Understanding and Designing a High-Performance Ultrafiltration Membrane Using Machine Learning/RF_cleaned_dataset_Ultrafiltration_Membrane_imputed_CPU.out"
#BSUB -e "/share/ddomlab/sdehgha2/working_space/GP_collab/results/HPC_history/hpc_20260902/Understanding and Designing a High-Performance Ultrafiltration Membrane Using Machine Learning/RF_cleaned_dataset_Ultrafiltration_Membrane_imputed_CPU.err"

source ~/.bashrc
conda activate /usr/local/usrapps/ddomlab/sdehgha2/env12

python ../train_numerical.py --regressor_type "RF"                                         --dataset "cleaned_dataset_Ultrafiltration Membrane_imputed"                                         --paper "Understanding and Designing a High-Performance Ultrafiltration Membrane Using Machine Learning"

------------------------------------------------------------

Successfully completed.

Resource usage summary:

    CPU time :                                   276.00 sec.
    Max Memory :                                 3 GB
    Average Memory :                             1.00 GB
    Total Requested Memory :                     32.00 GB
    Delta Memory :                               29.00 GB
    Max Swap :                                   -
    Max Processes :                              12
    Max Threads :                                15
    Run time :                                   95 sec.
    Turnaround time :                            6379 sec.

The output (if any) is above this job summary.



PS:

Read file </share/ddomlab/sdehgha2/working_space/GP_collab/results/HPC_history/hpc_20260902/Understanding and Designing a High-Performance Ultrafiltration Membrane Using Machine Learning/RF_cleaned_dataset_Ultrafiltration_Membrane_imputed_CPU.err> for stderr output of this job.

