Data filtering and preprocessing took 0.03 seconds.
Running seed: 6
Running seed: 13
Running seed: 42
Average scores:	 rmse: 75.05±6.21	 r2: 0.76±0.08
Filename: (ECFP3_count_512-COUNT)_XGBR_hypOFF_Standard_Standard
Data filtering and preprocessing took 0.02 seconds.
Running seed: 6
Running seed: 13
Running seed: 42
Average scores:	 rmse: 8.33±1.13	 r2: 0.73±0.11
Filename: (ECFP3_count_512-COUNT)_XGBR_hypOFF_Standard_Standard
Data filtering and preprocessing took 0.02 seconds.
Running seed: 6
Running seed: 13
Running seed: 42
Average scores:	 rmse: 10.25±1.47	 r2: 0.7±0.09
Filename: (ECFP3_count_512-COUNT)_XGBR_hypOFF_Standard_Standard
Data filtering and preprocessing took 0.02 seconds.
Running seed: 6
Running seed: 13
Running seed: 42
Average scores:	 rmse: 9.75±1.34	 r2: 0.41±0.14
Filename: (ECFP3_count_512-COUNT)_XGBR_hypOFF_Standard_Standard
Data filtering and preprocessing took 0.02 seconds.
Running seed: 6
Running seed: 13
Running seed: 42
Average scores:	 rmse: 9.37±1.64	 r2: 0.76±0.09
Filename: (ECFP3_count_512-COUNT)_XGBR_hypOFF_Standard_Standard
Data filtering and preprocessing took 0.02 seconds.
Running seed: 6
Running seed: 13
Running seed: 42
Average scores:	 rmse: 9.75±1.34	 r2: 0.41±0.14
Filename: (ECFP3_count_512-COUNT)_XGBR_hypOFF_Standard_Standard

------------------------------------------------------------
Sender: LSF System <lsfadmin@c013n02>
Subject: Job 252784: <tree_selected_20260902_20> in cluster <Hazel> Done

Job <tree_selected_20260902_20> was submitted from host <login03.hpc.ncsu.edu> by user <sdehgha2> in cluster <Hazel> at Wed Sep  2 17:15:43 2026
Job was executed on host(s) <6*c013n02>, in queue <single_chassis>, as user <sdehgha2> in cluster <Hazel> at Wed Sep  2 18:51:35 2026
</home/sdehgha2> was used as the home directory.
</share/ddomlab/sdehgha2/working_space/GP_collab/code_python/training/hpc_submit_training_GP> was used as the working directory.
Started at Wed Sep  2 18:51:35 2026
Terminated at Wed Sep  2 18:52:51 2026
Results reported at Wed Sep  2 18:52:51 2026

Your job looked like:

------------------------------------------------------------
# LSBATCH: User input
#BSUB -n 6
#BSUB -W 45:00
#BSUB -R span[hosts=1]
#BSUB -R "rusage[mem=32GB]"
#BSUB -J "tree_selected_20260902_20"
#BSUB -o "/share/ddomlab/sdehgha2/working_space/GP_collab/results/HPC_history/hpc_20260902/Understanding and Designing a High-Performance Ultrafiltration Membrane Using Machine Learning/XGBR_cleaned_dataset_Ultrafiltration_Membrane_imputed_CPU.out"
#BSUB -e "/share/ddomlab/sdehgha2/working_space/GP_collab/results/HPC_history/hpc_20260902/Understanding and Designing a High-Performance Ultrafiltration Membrane Using Machine Learning/XGBR_cleaned_dataset_Ultrafiltration_Membrane_imputed_CPU.err"

source ~/.bashrc
conda activate /usr/local/usrapps/ddomlab/sdehgha2/env12

python ../train_structure_numerical.py --regressor_type "XGBR"                                         --dataset "cleaned_dataset_Ultrafiltration Membrane_imputed"                                         --paper "Understanding and Designing a High-Performance Ultrafiltration Membrane Using Machine Learning"

------------------------------------------------------------

Successfully completed.

Resource usage summary:

    CPU time :                                   169.44 sec.
    Max Memory :                                 3 GB
    Average Memory :                             1.20 GB
    Total Requested Memory :                     32.00 GB
    Delta Memory :                               29.00 GB
    Max Swap :                                   -
    Max Processes :                              12
    Max Threads :                                15
    Run time :                                   78 sec.
    Turnaround time :                            5828 sec.

The output (if any) is above this job summary.



PS:

Read file </share/ddomlab/sdehgha2/working_space/GP_collab/results/HPC_history/hpc_20260902/Understanding and Designing a High-Performance Ultrafiltration Membrane Using Machine Learning/XGBR_cleaned_dataset_Ultrafiltration_Membrane_imputed_CPU.err> for stderr output of this job.

Data filtering and preprocessing took 0.01 seconds.
Running seed: 6
Running seed: 13
Running seed: 42
Average scores:	 rmse: 75.63±9.72	 r2: 0.76±0.08
Filename: (COUNT)_XGBR_hypOFF_Standard_Standard
Data filtering and preprocessing took 0.00 seconds.
Running seed: 6
Running seed: 13
Running seed: 42
Average scores:	 rmse: 8.2±1.05	 r2: 0.73±0.11
Filename: (COUNT)_XGBR_hypOFF_Standard_Standard
Data filtering and preprocessing took 0.00 seconds.
Running seed: 6
Running seed: 13
Running seed: 42
Average scores:	 rmse: 10.11±1.48	 r2: 0.71±0.09
Filename: (COUNT)_XGBR_hypOFF_Standard_Standard
Data filtering and preprocessing took 0.00 seconds.
Running seed: 6
Running seed: 13
Running seed: 42
Average scores:	 rmse: 9.89±1.23	 r2: 0.39±0.14
Filename: (COUNT)_XGBR_hypOFF_Standard_Standard
Data filtering and preprocessing took 0.00 seconds.
Running seed: 6
Running seed: 13
Running seed: 42
Average scores:	 rmse: 9.25±1.74	 r2: 0.77±0.1
Filename: (COUNT)_XGBR_hypOFF_Standard_Standard
Data filtering and preprocessing took 0.00 seconds.
Running seed: 6
Running seed: 13
Running seed: 42
Average scores:	 rmse: 9.89±1.23	 r2: 0.39±0.14
Filename: (COUNT)_XGBR_hypOFF_Standard_Standard

------------------------------------------------------------
Sender: LSF System <lsfadmin@c013n02>
Subject: Job 252836: <tree_selected_20260902_20> in cluster <Hazel> Done

Job <tree_selected_20260902_20> was submitted from host <login03.hpc.ncsu.edu> by user <sdehgha2> in cluster <Hazel> at Wed Sep  2 17:32:47 2026
Job was executed on host(s) <6*c013n02>, in queue <single_chassis>, as user <sdehgha2> in cluster <Hazel> at Wed Sep  2 19:17:35 2026
</home/sdehgha2> was used as the home directory.
</share/ddomlab/sdehgha2/working_space/GP_collab/code_python/training/hpc_submit_training_GP> was used as the working directory.
Started at Wed Sep  2 19:17:35 2026
Terminated at Wed Sep  2 19:18:46 2026
Results reported at Wed Sep  2 19:18:46 2026

Your job looked like:

------------------------------------------------------------
# LSBATCH: User input
#BSUB -n 6
#BSUB -W 20:00
#BSUB -R span[hosts=1]
#BSUB -R "rusage[mem=32GB]"
#BSUB -J "tree_selected_20260902_20"
#BSUB -o "/share/ddomlab/sdehgha2/working_space/GP_collab/results/HPC_history/hpc_20260902/Understanding and Designing a High-Performance Ultrafiltration Membrane Using Machine Learning/XGBR_cleaned_dataset_Ultrafiltration_Membrane_imputed_CPU.out"
#BSUB -e "/share/ddomlab/sdehgha2/working_space/GP_collab/results/HPC_history/hpc_20260902/Understanding and Designing a High-Performance Ultrafiltration Membrane Using Machine Learning/XGBR_cleaned_dataset_Ultrafiltration_Membrane_imputed_CPU.err"

source ~/.bashrc
conda activate /usr/local/usrapps/ddomlab/sdehgha2/env12

python ../train_numerical.py --regressor_type "XGBR"                                         --dataset "cleaned_dataset_Ultrafiltration Membrane_imputed"                                         --paper "Understanding and Designing a High-Performance Ultrafiltration Membrane Using Machine Learning"

------------------------------------------------------------

Successfully completed.

Resource usage summary:

    CPU time :                                   133.45 sec.
    Max Memory :                                 3 GB
    Average Memory :                             1.20 GB
    Total Requested Memory :                     32.00 GB
    Delta Memory :                               29.00 GB
    Max Swap :                                   -
    Max Processes :                              12
    Max Threads :                                15
    Run time :                                   73 sec.
    Turnaround time :                            6359 sec.

The output (if any) is above this job summary.



PS:

Read file </share/ddomlab/sdehgha2/working_space/GP_collab/results/HPC_history/hpc_20260902/Understanding and Designing a High-Performance Ultrafiltration Membrane Using Machine Learning/XGBR_cleaned_dataset_Ultrafiltration_Membrane_imputed_CPU.err> for stderr output of this job.

