
------------------------------------------------------------
Sender: LSF System <lsfadmin@gpu15>
Subject: Job 285517: <structure_numerical_20260914> in cluster <Hazel> Exited

Job <structure_numerical_20260914> was submitted from host <login03.hpc.ncsu.edu> by user <sdehgha2> in cluster <Hazel> at Mon Sep 14 17:05:34 2026
Job was executed on host(s) <gpu15>, in queue <short_gpu>, as user <sdehgha2> in cluster <Hazel> at Mon Sep 14 17:06:51 2026
</home/sdehgha2> was used as the home directory.
</share/ddomlab/sdehgha2/working_space/GP_collab/code_python/training/hpc_submit_training_GP> was used as the working directory.
Started at Mon Sep 14 17:06:51 2026
Terminated at Mon Sep 14 17:06:52 2026
Results reported at Mon Sep 14 17:06:52 2026
Cannot open your job file: /home/sdehgha2/.lsbatch/1789419934.285517
Exited.


The output (if any) is above this job summary.



PS:

Read file </share/ddomlab/sdehgha2/working_space/GP_collab/results/HPC_history/hpc_20260914/Robust Learning from Literature Data_Model Generalizability and Uncertainty for Predicting Conjugated Polymer Solution Conformation/MGK_sum_per_feature_GPU.err> for stderr output of this job.


------------------------------------------------------------
Sender: LSF System <lsfadmin@gpu15>
Subject: Job 285518: <structure_numerical_20260914> in cluster <Hazel> Exited

Job <structure_numerical_20260914> was submitted from host <login03.hpc.ncsu.edu> by user <sdehgha2> in cluster <Hazel> at Mon Sep 14 17:05:34 2026
Job was executed on host(s) <gpu15>, in queue <short_gpu>, as user <sdehgha2> in cluster <Hazel> at Mon Sep 14 17:06:52 2026
</home/sdehgha2> was used as the home directory.
</share/ddomlab/sdehgha2/working_space/GP_collab/code_python/training/hpc_submit_training_GP> was used as the working directory.
Started at Mon Sep 14 17:06:52 2026
Terminated at Mon Sep 14 17:06:52 2026
Results reported at Mon Sep 14 17:06:52 2026
Cannot open your job file: /home/sdehgha2/.lsbatch/1789419934.285518
Exited.


The output (if any) is above this job summary.



PS:

Read file </share/ddomlab/sdehgha2/working_space/GP_collab/results/HPC_history/hpc_20260914/Robust Learning from Literature Data_Model Generalizability and Uncertainty for Predicting Conjugated Polymer Solution Conformation/MGK_sum_per_feature_GPU.err> for stderr output of this job.

