Process LokyProcess-13:
Process LokyProcess-4:
Process LokyProcess-6:
Process LokyProcess-1:
Process LokyProcess-9:
Traceback (most recent call last):
  File "/usr/local/usrapps/ddomlab/sdehgha2/torch_cpu/lib/python3.10/site-packages/joblib/externals/loky/process_executor.py", line 453, in _process_worker
    call_item = call_queue.get(block=True, timeout=timeout)
  File "/usr/local/usrapps/ddomlab/sdehgha2/torch_cpu/lib/python3.10/multiprocessing/queues.py", line 108, in get
    if not self._rlock.acquire(block, timeout):
Traceback (most recent call last):
KeyboardInterrupt

During handling of the above exception, another exception occurred:

Traceback (most recent call last):
  File "/usr/local/usrapps/ddomlab/sdehgha2/torch_cpu/lib/python3.10/multiprocessing/process.py", line 314, in _bootstrap
    self.run()
  File "/usr/local/usrapps/ddomlab/sdehgha2/torch_cpu/lib/python3.10/multiprocessing/process.py", line 108, in run
    self._target(*self._args, **self._kwargs)
  File "/usr/local/usrapps/ddomlab/sdehgha2/torch_cpu/lib/python3.10/site-packages/joblib/externals/loky/process_executor.py", line 465, in _process_worker
    previous_tb = traceback.format_exc()
  File "/usr/local/usrapps/ddomlab/sdehgha2/torch_cpu/lib/python3.10/traceback.py", line 183, in format_exc
    return "".join(format_exception(*sys.exc_info(), limit=limit, chain=chain))
  File "/usr/local/usrapps/ddomlab/sdehgha2/torch_cpu/lib/python3.10/traceback.py", line 135, in format_exception
    te = TracebackException(type(value), value, tb, limit=limit, compact=True)
  File "/usr/local/usrapps/ddomlab/sdehgha2/torch_cpu/lib/python3.10/site-packages/joblib/externals/loky/process_executor.py", line 453, in _process_worker
    call_item = call_queue.get(block=True, timeout=timeout)
  File "/usr/local/usrapps/ddomlab/sdehgha2/torch_cpu/lib/python3.10/traceback.py", line 502, in __init__
    self.stack = StackSummary.extract(
  File "/usr/local/usrapps/ddomlab/sdehgha2/torch_cpu/lib/python3.10/multiprocessing/queues.py", line 108, in get
    if not self._rlock.acquire(block, timeout):
  File "/usr/local/usrapps/ddomlab/sdehgha2/torch_cpu/lib/python3.10/traceback.py", line 369, in extract
    fnames.add(filename)
KeyboardInterrupt
KeyboardInterrupt

During handling of the above exception, another exception occurred:

Traceback (most recent call last):
  File "/usr/local/usrapps/ddomlab/sdehgha2/torch_cpu/lib/python3.10/multiprocessing/process.py", line 314, in _bootstrap
    self.run()
  File "/usr/local/usrapps/ddomlab/sdehgha2/torch_cpu/lib/python3.10/multiprocessing/process.py", line 108, in run
    self._target(*self._args, **self._kwargs)
  File "/usr/local/usrapps/ddomlab/sdehgha2/torch_cpu/lib/python3.10/site-packages/joblib/externals/loky/process_executor.py", line 465, in _process_worker
    previous_tb = traceback.format_exc()
  File "/usr/local/usrapps/ddomlab/sdehgha2/torch_cpu/lib/python3.10/traceback.py", line 183, in format_exc
    return "".join(format_exception(*sys.exc_info(), limit=limit, chain=chain))
  File "/usr/local/usrapps/ddomlab/sdehgha2/torch_cpu/lib/python3.10/traceback.py", line 135, in format_exception
    te = TracebackException(type(value), value, tb, limit=limit, compact=True)
  File "/usr/local/usrapps/ddomlab/sdehgha2/torch_cpu/lib/python3.10/traceback.py", line 502, in __init__
    self.stack = StackSummary.extract(
  File "/usr/local/usrapps/ddomlab/sdehgha2/torch_cpu/lib/python3.10/traceback.py", line 369, in extract
    fnames.add(filename)
KeyboardInterrupt
Traceback (most recent call last):
  File "/usr/local/usrapps/ddomlab/sdehgha2/torch_cpu/lib/python3.10/site-packages/joblib/externals/loky/process_executor.py", line 453, in _process_worker
    call_item = call_queue.get(block=True, timeout=timeout)
  File "/usr/local/usrapps/ddomlab/sdehgha2/torch_cpu/lib/python3.10/multiprocessing/queues.py", line 108, in get
    if not self._rlock.acquire(block, timeout):
KeyboardInterrupt

During handling of the above exception, another exception occurred:

Traceback (most recent call last):
  File "/usr/local/usrapps/ddomlab/sdehgha2/torch_cpu/lib/python3.10/multiprocessing/process.py", line 314, in _bootstrap
    self.run()
  File "/usr/local/usrapps/ddomlab/sdehgha2/torch_cpu/lib/python3.10/multiprocessing/process.py", line 108, in run
    self._target(*self._args, **self._kwargs)
  File "/usr/local/usrapps/ddomlab/sdehgha2/torch_cpu/lib/python3.10/site-packages/joblib/externals/loky/process_executor.py", line 465, in _process_worker
    previous_tb = traceback.format_exc()
  File "/usr/local/usrapps/ddomlab/sdehgha2/torch_cpu/lib/python3.10/traceback.py", line 183, in format_exc
    return "".join(format_exception(*sys.exc_info(), limit=limit, chain=chain))
  File "/usr/local/usrapps/ddomlab/sdehgha2/torch_cpu/lib/python3.10/traceback.py", line 135, in format_exception
    te = TracebackException(type(value), value, tb, limit=limit, compact=True)
  File "/usr/local/usrapps/ddomlab/sdehgha2/torch_cpu/lib/python3.10/traceback.py", line 502, in __init__
    self.stack = StackSummary.extract(
  File "/usr/local/usrapps/ddomlab/sdehgha2/torch_cpu/lib/python3.10/traceback.py", line 370, in extract
    linecache.lazycache(filename, f.f_globals)
  File "/usr/local/usrapps/ddomlab/sdehgha2/torch_cpu/lib/python3.10/linecache.py", line 176, in lazycache
    get_source = getattr(loader, 'get_source', None)
KeyboardInterrupt
Traceback (most recent call last):
  File "/usr/local/usrapps/ddomlab/sdehgha2/torch_cpu/lib/python3.10/site-packages/joblib/externals/loky/process_executor.py", line 453, in _process_worker
    call_item = call_queue.get(block=True, timeout=timeout)
  File "/usr/local/usrapps/ddomlab/sdehgha2/torch_cpu/lib/python3.10/multiprocessing/queues.py", line 108, in get
    if not self._rlock.acquire(block, timeout):
KeyboardInterrupt

During handling of the above exception, another exception occurred:

Traceback (most recent call last):
  File "/usr/local/usrapps/ddomlab/sdehgha2/torch_cpu/lib/python3.10/multiprocessing/process.py", line 314, in _bootstrap
    self.run()
  File "/usr/local/usrapps/ddomlab/sdehgha2/torch_cpu/lib/python3.10/multiprocessing/process.py", line 108, in run
    self._target(*self._args, **self._kwargs)
  File "/usr/local/usrapps/ddomlab/sdehgha2/torch_cpu/lib/python3.10/site-packages/joblib/externals/loky/process_executor.py", line 465, in _process_worker
    previous_tb = traceback.format_exc()
  File "/usr/local/usrapps/ddomlab/sdehgha2/torch_cpu/lib/python3.10/traceback.py", line 183, in format_exc
    return "".join(format_exception(*sys.exc_info(), limit=limit, chain=chain))
  File "/usr/local/usrapps/ddomlab/sdehgha2/torch_cpu/lib/python3.10/traceback.py", line 135, in format_exception
    te = TracebackException(type(value), value, tb, limit=limit, compact=True)
  File "/usr/local/usrapps/ddomlab/sdehgha2/torch_cpu/lib/python3.10/traceback.py", line 502, in __init__
    self.stack = StackSummary.extract(
  File "/usr/local/usrapps/ddomlab/sdehgha2/torch_cpu/lib/python3.10/traceback.py", line 376, in extract
    result.append(FrameSummary(
  File "/usr/local/usrapps/ddomlab/sdehgha2/torch_cpu/lib/python3.10/traceback.py", line 274, in __init__
    if lookup_line:
KeyboardInterrupt
Traceback (most recent call last):
  File "/usr/local/usrapps/ddomlab/sdehgha2/torch_cpu/lib/python3.10/site-packages/joblib/externals/loky/process_executor.py", line 453, in _process_worker
    call_item = call_queue.get(block=True, timeout=timeout)
  File "/usr/local/usrapps/ddomlab/sdehgha2/torch_cpu/lib/python3.10/multiprocessing/queues.py", line 108, in get
    if not self._rlock.acquire(block, timeout):
KeyboardInterrupt

During handling of the above exception, another exception occurred:

Traceback (most recent call last):
  File "/usr/local/usrapps/ddomlab/sdehgha2/torch_cpu/lib/python3.10/multiprocessing/process.py", line 314, in _bootstrap
    self.run()
  File "/usr/local/usrapps/ddomlab/sdehgha2/torch_cpu/lib/python3.10/multiprocessing/process.py", line 108, in run
    self._target(*self._args, **self._kwargs)
  File "/usr/local/usrapps/ddomlab/sdehgha2/torch_cpu/lib/python3.10/site-packages/joblib/externals/loky/process_executor.py", line 465, in _process_worker
    previous_tb = traceback.format_exc()
  File "/usr/local/usrapps/ddomlab/sdehgha2/torch_cpu/lib/python3.10/traceback.py", line 183, in format_exc
    return "".join(format_exception(*sys.exc_info(), limit=limit, chain=chain))
  File "/usr/local/usrapps/ddomlab/sdehgha2/torch_cpu/lib/python3.10/traceback.py", line 135, in format_exception
    te = TracebackException(type(value), value, tb, limit=limit, compact=True)
  File "/usr/local/usrapps/ddomlab/sdehgha2/torch_cpu/lib/python3.10/traceback.py", line 502, in __init__
    self.stack = StackSummary.extract(
  File "/usr/local/usrapps/ddomlab/sdehgha2/torch_cpu/lib/python3.10/traceback.py", line 353, in extract
    limit = getattr(sys, 'tracebacklimit', None)
KeyboardInterrupt
Traceback (most recent call last):
  File "/gpfs_common/share03/ddomlab/sdehgha2/working-space/main/_colab_GP/GP_collab/code_/training/hpc_submit_training_GP/../train_structure_numerical.py", line 97, in <module>
    main_structural_numerical(
  File "/gpfs_common/share03/ddomlab/sdehgha2/working-space/main/_colab_GP/GP_collab/code_/training/hpc_submit_training_GP/../train_structure_numerical.py", line 48, in main_structural_numerical
    scores, predictions  =   train_regressor(
  File "/gpfs_common/share03/ddomlab/sdehgha2/working-space/main/_colab_GP/GP_collab/code_/training/training_utils_gp_special.py", line 80, in train_regressor
    scores, predictions = _prepare_data(
  File "/gpfs_common/share03/ddomlab/sdehgha2/working-space/main/_colab_GP/GP_collab/code_/training/training_utils_gp_special.py", line 188, in _prepare_data
    score,predication = run(
  File "/gpfs_common/share03/ddomlab/sdehgha2/working-space/main/_colab_GP/GP_collab/code_/training/training_utils_gp_special.py", line 300, in run
    scores, predictions = gp_cross_validate_regressor(regressor, X, y, cv_outer, return_ls=True)
  File "/gpfs_common/share03/ddomlab/sdehgha2/working-space/main/_colab_GP/GP_collab/code_/training/scoring.py", line 474, in gp_cross_validate_regressor
    score, predictions = gp_cross_validate(
  File "/gpfs_common/share03/ddomlab/sdehgha2/working-space/main/_colab_GP/GP_collab/code_/training/scoring.py", line 435, in gp_cross_validate
    parallel_results = Parallel(n_jobs=n_jobs, verbose=0, pre_dispatch="all")(
  File "/usr/local/usrapps/ddomlab/sdehgha2/torch_cpu/lib/python3.10/site-packages/joblib/parallel.py", line 2072, in __call__
    return output if self.return_generator else list(output)
  File "/usr/local/usrapps/ddomlab/sdehgha2/torch_cpu/lib/python3.10/site-packages/joblib/parallel.py", line 1682, in _get_outputs
    yield from self._retrieve()
  File "/usr/local/usrapps/ddomlab/sdehgha2/torch_cpu/lib/python3.10/site-packages/joblib/parallel.py", line 1800, in _retrieve
    time.sleep(0.01)
KeyboardInterrupt
/usr/local/usrapps/ddomlab/sdehgha2/torch_cpu/lib/python3.10/multiprocessing/resource_tracker.py:224: UserWarning: resource_tracker: There appear to be 5 leaked semaphore objects to clean up at shutdown
  warnings.warn('resource_tracker: There appear to be %d '
joblib.externals.loky.process_executor._RemoteTraceback: 
"""
Traceback (most recent call last):
  File "/usr/local/usrapps/ddomlab/sdehgha2/torch_cpu/lib/python3.10/site-packages/pyro/poutine/trace_messenger.py", line 191, in __call__
    ret = self.fn(*args, **kwargs)
  File "/usr/local/usrapps/ddomlab/sdehgha2/torch_cpu/lib/python3.10/site-packages/torch/utils/_contextlib.py", line 116, in decorate_context
    return func(*args, **kwargs)
  File "/usr/local/usrapps/ddomlab/sdehgha2/torch_cpu/lib/python3.10/site-packages/pyro/poutine/messenger.py", line 32, in _context_wrap
    return fn(*args, **kwargs)
  File "/gpfs_common/share03/ddomlab/sdehgha2/working-space/main/_colab_GP/GP_collab/code_/training/pyro_kernel_mix_no_fp_ard.py", line 645, in _predictive_strategy
    f_loc, f_var = self._gp_model(X_new, full_cov=False, noiseless=False)
  File "/usr/local/usrapps/ddomlab/sdehgha2/torch_cpu/lib/python3.10/site-packages/pyro/nn/module.py", line 520, in __call__
    result = super().__call__(*args, **kwargs)
  File "/usr/local/usrapps/ddomlab/sdehgha2/torch_cpu/lib/python3.10/site-packages/torch/nn/modules/module.py", line 1751, in _wrapped_call_impl
    return self._call_impl(*args, **kwargs)
  File "/usr/local/usrapps/ddomlab/sdehgha2/torch_cpu/lib/python3.10/site-packages/torch/nn/modules/module.py", line 1762, in _call_impl
    return forward_call(*args, **kwargs)
  File "/usr/local/usrapps/ddomlab/sdehgha2/torch_cpu/lib/python3.10/site-packages/pyro/contrib/gp/models/gpr.py", line 136, in forward
    Lff = torch.linalg.cholesky(Kff)
torch._C._LinAlgError: linalg.cholesky: The factorization could not be completed because the input is not positive-definite (the leading minor of order 353 is not positive-definite).

The above exception was the direct cause of the following exception:

Traceback (most recent call last):
  File "/usr/local/usrapps/ddomlab/sdehgha2/torch_cpu/lib/python3.10/site-packages/joblib/externals/loky/process_executor.py", line 490, in _process_worker
    r = call_item()
  File "/usr/local/usrapps/ddomlab/sdehgha2/torch_cpu/lib/python3.10/site-packages/joblib/externals/loky/process_executor.py", line 291, in __call__
    return self.fn(*self.args, **self.kwargs)
  File "/usr/local/usrapps/ddomlab/sdehgha2/torch_cpu/lib/python3.10/site-packages/joblib/parallel.py", line 607, in __call__
    return [func(*args, **kwargs) for func, args, kwargs in self.items]
  File "/usr/local/usrapps/ddomlab/sdehgha2/torch_cpu/lib/python3.10/site-packages/joblib/parallel.py", line 607, in <listcomp>
    return [func(*args, **kwargs) for func, args, kwargs in self.items]
  File "/gpfs_common/share03/ddomlab/sdehgha2/working-space/main/_colab_GP/GP_collab/code_/training/scoring.py", line 407, in _fit_predict_score
    y_pred = model.predict(X_test)
  File "/usr/local/usrapps/ddomlab/sdehgha2/torch_cpu/lib/python3.10/site-packages/sklearn/pipeline.py", line 789, in predict
    return self.steps[-1][1].predict(Xt, **params)
  File "/usr/local/usrapps/ddomlab/sdehgha2/torch_cpu/lib/python3.10/site-packages/sklearn/compose/_target.py", line 333, in predict
    pred = self.regressor_.predict(X, **routed_params.regressor.predict)
  File "/gpfs_common/share03/ddomlab/sdehgha2/working-space/main/_colab_GP/GP_collab/code_/training/pyro_kernel_mix_no_fp_ard.py", line 678, in predict
    samples_pred = predictive(X_t)
  File "/usr/local/usrapps/ddomlab/sdehgha2/torch_cpu/lib/python3.10/site-packages/torch/nn/modules/module.py", line 1751, in _wrapped_call_impl
    return self._call_impl(*args, **kwargs)
  File "/usr/local/usrapps/ddomlab/sdehgha2/torch_cpu/lib/python3.10/site-packages/torch/nn/modules/module.py", line 1762, in _call_impl
    return forward_call(*args, **kwargs)
  File "/usr/local/usrapps/ddomlab/sdehgha2/torch_cpu/lib/python3.10/site-packages/pyro/infer/predictive.py", line 277, in forward
    return _predictive(
  File "/usr/local/usrapps/ddomlab/sdehgha2/torch_cpu/lib/python3.10/site-packages/pyro/infer/predictive.py", line 89, in _predictive
    max_plate_nesting = _guess_max_plate_nesting(model, model_args, model_kwargs)
  File "/usr/local/usrapps/ddomlab/sdehgha2/torch_cpu/lib/python3.10/site-packages/pyro/infer/predictive.py", line 26, in _guess_max_plate_nesting
    model_trace = poutine.trace(model).get_trace(*args, **kwargs)
  File "/usr/local/usrapps/ddomlab/sdehgha2/torch_cpu/lib/python3.10/site-packages/pyro/poutine/trace_messenger.py", line 216, in get_trace
    self(*args, **kwargs)
  File "/usr/local/usrapps/ddomlab/sdehgha2/torch_cpu/lib/python3.10/site-packages/pyro/poutine/trace_messenger.py", line 198, in __call__
    raise exc from e
  File "/usr/local/usrapps/ddomlab/sdehgha2/torch_cpu/lib/python3.10/site-packages/pyro/poutine/trace_messenger.py", line 191, in __call__
    ret = self.fn(*args, **kwargs)
  File "/usr/local/usrapps/ddomlab/sdehgha2/torch_cpu/lib/python3.10/site-packages/torch/utils/_contextlib.py", line 116, in decorate_context
    return func(*args, **kwargs)
  File "/usr/local/usrapps/ddomlab/sdehgha2/torch_cpu/lib/python3.10/site-packages/pyro/poutine/messenger.py", line 32, in _context_wrap
    return fn(*args, **kwargs)
  File "/gpfs_common/share03/ddomlab/sdehgha2/working-space/main/_colab_GP/GP_collab/code_/training/pyro_kernel_mix_no_fp_ard.py", line 645, in _predictive_strategy
    f_loc, f_var = self._gp_model(X_new, full_cov=False, noiseless=False)
  File "/usr/local/usrapps/ddomlab/sdehgha2/torch_cpu/lib/python3.10/site-packages/pyro/nn/module.py", line 520, in __call__
    result = super().__call__(*args, **kwargs)
  File "/usr/local/usrapps/ddomlab/sdehgha2/torch_cpu/lib/python3.10/site-packages/torch/nn/modules/module.py", line 1751, in _wrapped_call_impl
    return self._call_impl(*args, **kwargs)
  File "/usr/local/usrapps/ddomlab/sdehgha2/torch_cpu/lib/python3.10/site-packages/torch/nn/modules/module.py", line 1762, in _call_impl
    return forward_call(*args, **kwargs)
  File "/usr/local/usrapps/ddomlab/sdehgha2/torch_cpu/lib/python3.10/site-packages/pyro/contrib/gp/models/gpr.py", line 136, in forward
    Lff = torch.linalg.cholesky(Kff)
torch._C._LinAlgError: linalg.cholesky: The factorization could not be completed because the input is not positive-definite (the leading minor of order 353 is not positive-definite).
                 Trace Shapes:  
                  Param Sites:  
  kernel.kern0.lengthscale_map  
         kernel.kern0.variance  
  kernel.kern1.lengthscale_map  
         kernel.kern1.variance  
  kernel.kern2.lengthscale_map  
         kernel.kern2.variance  
  kernel.kern3.lengthscale_map  
         kernel.kern3.variance  
  kernel.kern4.lengthscale_map  
         kernel.kern4.variance  
  kernel.kern5.lengthscale_map  
         kernel.kern5.variance  
  kernel.kern6.lengthscale_map  
         kernel.kern6.variance  
  kernel.kern7.lengthscale_map  
         kernel.kern7.variance  
  kernel.kern8.lengthscale_map  
         kernel.kern8.variance  
  kernel.kern9.lengthscale_map  
         kernel.kern9.variance  
 kernel.kern10.lengthscale_map  
        kernel.kern10.variance  
 kernel.kern11.lengthscale_map  
        kernel.kern11.variance  
 kernel.kern12.lengthscale_map  
        kernel.kern12.variance  
 kernel.kern13.lengthscale_map  
        kernel.kern13.variance  
 kernel.kern14.lengthscale_map  
        kernel.kern14.variance  
           kernel.variance_map  
                     noise_map  
                 Sample Sites:  
 kernel.kern0.lengthscale dist |
                         value |
 kernel.kern1.lengthscale dist |
                         value |
 kernel.kern2.lengthscale dist |
                         value |
 kernel.kern3.lengthscale dist |
                         value |
 kernel.kern4.lengthscale dist |
                         value |
 kernel.kern5.lengthscale dist |
                         value |
 kernel.kern6.lengthscale dist |
                         value |
 kernel.kern7.lengthscale dist |
                         value |
 kernel.kern8.lengthscale dist |
                         value |
 kernel.kern9.lengthscale dist |
                         value |
kernel.kern10.lengthscale dist |
                         value |
kernel.kern11.lengthscale dist |
                         value |
kernel.kern12.lengthscale dist |
                         value |
kernel.kern13.lengthscale dist |
                         value |
kernel.kern14.lengthscale dist |
                         value |
          kernel.variance dist |
                         value |
                    noise dist |
                         value |
"""

The above exception was the direct cause of the following exception:

Traceback (most recent call last):
  File "/gpfs_common/share03/ddomlab/sdehgha2/working-space/main/_colab_GP/GP_collab/code_/training/hpc_submit_training_GP/../train_structure_numerical.py", line 97, in <module>
    main_structural_numerical(
  File "/gpfs_common/share03/ddomlab/sdehgha2/working-space/main/_colab_GP/GP_collab/code_/training/hpc_submit_training_GP/../train_structure_numerical.py", line 48, in main_structural_numerical
    scores, predictions  =   train_regressor(
  File "/gpfs_common/share03/ddomlab/sdehgha2/working-space/main/_colab_GP/GP_collab/code_/training/training_utils_gp_special.py", line 80, in train_regressor
    scores, predictions = _prepare_data(
  File "/gpfs_common/share03/ddomlab/sdehgha2/working-space/main/_colab_GP/GP_collab/code_/training/training_utils_gp_special.py", line 188, in _prepare_data
    score,predication = run(
  File "/gpfs_common/share03/ddomlab/sdehgha2/working-space/main/_colab_GP/GP_collab/code_/training/training_utils_gp_special.py", line 300, in run
    scores, predictions = gp_cross_validate_regressor(regressor, X, y, cv_outer, return_ls=True)
  File "/gpfs_common/share03/ddomlab/sdehgha2/working-space/main/_colab_GP/GP_collab/code_/training/scoring.py", line 474, in gp_cross_validate_regressor
    score, predictions = gp_cross_validate(
  File "/gpfs_common/share03/ddomlab/sdehgha2/working-space/main/_colab_GP/GP_collab/code_/training/scoring.py", line 435, in gp_cross_validate
    parallel_results = Parallel(n_jobs=n_jobs, verbose=0, pre_dispatch="all")(
  File "/usr/local/usrapps/ddomlab/sdehgha2/torch_cpu/lib/python3.10/site-packages/joblib/parallel.py", line 2072, in __call__
    return output if self.return_generator else list(output)
  File "/usr/local/usrapps/ddomlab/sdehgha2/torch_cpu/lib/python3.10/site-packages/joblib/parallel.py", line 1682, in _get_outputs
    yield from self._retrieve()
  File "/usr/local/usrapps/ddomlab/sdehgha2/torch_cpu/lib/python3.10/site-packages/joblib/parallel.py", line 1784, in _retrieve
    self._raise_error_fast()
  File "/usr/local/usrapps/ddomlab/sdehgha2/torch_cpu/lib/python3.10/site-packages/joblib/parallel.py", line 1859, in _raise_error_fast
    error_job.get_result(self.timeout)
  File "/usr/local/usrapps/ddomlab/sdehgha2/torch_cpu/lib/python3.10/site-packages/joblib/parallel.py", line 758, in get_result
    return self._return_or_raise()
  File "/usr/local/usrapps/ddomlab/sdehgha2/torch_cpu/lib/python3.10/site-packages/joblib/parallel.py", line 773, in _return_or_raise
    raise self._result
torch._C._LinAlgError: linalg.cholesky: The factorization could not be completed because the input is not positive-definite (the leading minor of order 353 is not positive-definite).
                 Trace Shapes:  
                  Param Sites:  
  kernel.kern0.lengthscale_map  
         kernel.kern0.variance  
  kernel.kern1.lengthscale_map  
         kernel.kern1.variance  
  kernel.kern2.lengthscale_map  
         kernel.kern2.variance  
  kernel.kern3.lengthscale_map  
         kernel.kern3.variance  
  kernel.kern4.lengthscale_map  
         kernel.kern4.variance  
  kernel.kern5.lengthscale_map  
         kernel.kern5.variance  
  kernel.kern6.lengthscale_map  
         kernel.kern6.variance  
  kernel.kern7.lengthscale_map  
         kernel.kern7.variance  
  kernel.kern8.lengthscale_map  
         kernel.kern8.variance  
  kernel.kern9.lengthscale_map  
         kernel.kern9.variance  
 kernel.kern10.lengthscale_map  
        kernel.kern10.variance  
 kernel.kern11.lengthscale_map  
        kernel.kern11.variance  
 kernel.kern12.lengthscale_map  
        kernel.kern12.variance  
 kernel.kern13.lengthscale_map  
        kernel.kern13.variance  
 kernel.kern14.lengthscale_map  
        kernel.kern14.variance  
           kernel.variance_map  
                     noise_map  
                 Sample Sites:  
 kernel.kern0.lengthscale dist |
                         value |
 kernel.kern1.lengthscale dist |
                         value |
 kernel.kern2.lengthscale dist |
                         value |
 kernel.kern3.lengthscale dist |
                         value |
 kernel.kern4.lengthscale dist |
                         value |
 kernel.kern5.lengthscale dist |
                         value |
 kernel.kern6.lengthscale dist |
                         value |
 kernel.kern7.lengthscale dist |
                         value |
 kernel.kern8.lengthscale dist |
                         value |
 kernel.kern9.lengthscale dist |
                         value |
kernel.kern10.lengthscale dist |
                         value |
kernel.kern11.lengthscale dist |
                         value |
kernel.kern12.lengthscale dist |
                         value |
kernel.kern13.lengthscale dist |
                         value |
kernel.kern14.lengthscale dist |
                         value |
          kernel.variance dist |
                         value |
                    noise dist |
                         value |
/usr/local/usrapps/ddomlab/sdehgha2/torch_cpu/lib/python3.10/multiprocessing/resource_tracker.py:224: UserWarning: resource_tracker: There appear to be 5 leaked semaphore objects to clean up at shutdown
  warnings.warn('resource_tracker: There appear to be %d '
