
------------------------------------------------------------
Sender: LSF System <lsfadmin@gpu15>
Subject: Job 251792: <structure_numerical_20260902_GpyroHMC> in cluster <Hazel> Exited

Job <structure_numerical_20260902_GpyroHMC> was submitted from host <login03.hpc.ncsu.edu> by user <sdehgha2> in cluster <Hazel> at Wed Sep  2 11:46:50 2026
Job was executed on host(s) <2*gpu15>, in queue <gpu>, as user <sdehgha2> in cluster <Hazel> at Wed Sep  2 22:52:50 2026
</home/sdehgha2> was used as the home directory.
</share/ddomlab/sdehgha2/working_space/GP_collab/code_python/training/hpc_submit_training_GP> was used as the working directory.
Started at Wed Sep  2 22:52:50 2026
Terminated at Sat Sep  5 01:03:07 2026
Results reported at Sat Sep  5 01:03:07 2026

Your job looked like:

------------------------------------------------------------
# LSBATCH: User input


#BSUB -n 2
#BSUB -W 50:10
#BSUB -q gpu
#BSUB -gpu "num=1:mode=shared:mps=no"
#BSUB -R "rusage[mem=32GB]"
#BSUB -R "select[a10 || a30 || a100 || l40 || h100]"
#BSUB -J "structure_numerical_20260902_GpyroHMC"
#BSUB -o "/share/ddomlab/sdehgha2/working_space/GP_collab/results/HPC_history/hpc_20260902/Machine Learning for Polymer Design to Enhance Pervaporation-Based Organic Recovery/GpyroHMC_Matern32_RBF_(count:+)x(fp:x)_GPU.out"
#BSUB -e "/share/ddomlab/sdehgha2/working_space/GP_collab/results/HPC_history/hpc_20260902/Machine Learning for Polymer Design to Enhance Pervaporation-Based Organic Recovery/GpyroHMC_Matern32_RBF_(count:+)x(fp:x)_GPU.err"

source ~/.bashrc
module load cuda/12.1
module load gcc/9.3.0
conda activate /usr/local/usrapps/ddomlab/sdehgha2/env12

python ../train_structure_numerical.py  --K_fp Matern32                                         --K_count RBF                                         --Kernel_mixing_method "(count:+)x(fp:x)"                                         --paper "Machine Learning for Polymer Design to Enhance Pervaporation-Based Organic Recovery"                                         --dataset "flux_data_imputed"                                         --regressor_type "GpyroHMC" 


------------------------------------------------------------

TERM_RUNLIMIT: job killed after reaching LSF run time limit.
Exited with exit code 140.

Resource usage summary:

    CPU time :                                   179556.00 sec.
    Max Memory :                                 2 GB
    Average Memory :                             1.70 GB
    Total Requested Memory :                     32.00 GB
    Delta Memory :                               30.00 GB
    Max Swap :                                   -
    Max Processes :                              5
    Max Threads :                                10
    Run time :                                   180621 sec.
    Turnaround time :                            220577 sec.

The output (if any) is above this job summary.



PS:

Read file </share/ddomlab/sdehgha2/working_space/GP_collab/results/HPC_history/hpc_20260902/Machine Learning for Polymer Design to Enhance Pervaporation-Based Organic Recovery/GpyroHMC_Matern32_RBF_(count:+)x(fp:x)_GPU.err> for stderr output of this job.


------------------------------------------------------------
Sender: LSF System <lsfadmin@gpu15>
Subject: Job 251795: <structure_numerical_20260902_GpyroHMC> in cluster <Hazel> Exited

Job <structure_numerical_20260902_GpyroHMC> was submitted from host <login03.hpc.ncsu.edu> by user <sdehgha2> in cluster <Hazel> at Wed Sep  2 11:46:51 2026
Job was executed on host(s) <2*gpu15>, in queue <gpu>, as user <sdehgha2> in cluster <Hazel> at Wed Sep  2 22:57:16 2026
</home/sdehgha2> was used as the home directory.
</share/ddomlab/sdehgha2/working_space/GP_collab/code_python/training/hpc_submit_training_GP> was used as the working directory.
Started at Wed Sep  2 22:57:16 2026
Terminated at Sat Sep  5 01:07:13 2026
Results reported at Sat Sep  5 01:07:13 2026

Your job looked like:

------------------------------------------------------------
# LSBATCH: User input


#BSUB -n 2
#BSUB -W 50:10
#BSUB -q gpu
#BSUB -gpu "num=1:mode=shared:mps=no"
#BSUB -R "rusage[mem=32GB]"
#BSUB -R "select[a10 || a30 || a100 || l40 || h100]"
#BSUB -J "structure_numerical_20260902_GpyroHMC"
#BSUB -o "/share/ddomlab/sdehgha2/working_space/GP_collab/results/HPC_history/hpc_20260902/Machine Learning for Polymer Design to Enhance Pervaporation-Based Organic Recovery/GpyroHMC_Matern32_RBF_(count:+)x(fp:x)_GPU.out"
#BSUB -e "/share/ddomlab/sdehgha2/working_space/GP_collab/results/HPC_history/hpc_20260902/Machine Learning for Polymer Design to Enhance Pervaporation-Based Organic Recovery/GpyroHMC_Matern32_RBF_(count:+)x(fp:x)_GPU.err"

source ~/.bashrc
module load cuda/12.1
module load gcc/9.3.0
conda activate /usr/local/usrapps/ddomlab/sdehgha2/env12

python ../train_structure_numerical.py  --K_fp Matern32                                         --K_count RBF                                         --Kernel_mixing_method "(count:+)x(fp:x)"                                         --paper "Machine Learning for Polymer Design to Enhance Pervaporation-Based Organic Recovery"                                         --dataset "separation_data_imputed"                                         --regressor_type "GpyroHMC" 


------------------------------------------------------------

TERM_RUNLIMIT: job killed after reaching LSF run time limit.
Exited with exit code 140.

Resource usage summary:

    CPU time :                                   179339.00 sec.
    Max Memory :                                 3 GB
    Average Memory :                             2.15 GB
    Total Requested Memory :                     32.00 GB
    Delta Memory :                               29.00 GB
    Max Swap :                                   -
    Max Processes :                              5
    Max Threads :                                10
    Run time :                                   180622 sec.
    Turnaround time :                            220822 sec.

The output (if any) is above this job summary.



PS:

Read file </share/ddomlab/sdehgha2/working_space/GP_collab/results/HPC_history/hpc_20260902/Machine Learning for Polymer Design to Enhance Pervaporation-Based Organic Recovery/GpyroHMC_Matern32_RBF_(count:+)x(fp:x)_GPU.err> for stderr output of this job.

