Data filtering and preprocessing took 0.30 seconds.
Running seed: 6
Running seed: 13
Running seed: 42
Average scores:	 rmse: 0.51±0.02	 r2: 0.69±0.02
Filename: (ECFP3_count_512-COUNT)_NGB_hypOFF_Standard_Standard

------------------------------------------------------------
Sender: LSF System <lsfadmin@c013n02>
Subject: Job 252771: <tree_selected_20260902_9> in cluster <Hazel> Done

Job <tree_selected_20260902_9> was submitted from host <login03.hpc.ncsu.edu> by user <sdehgha2> in cluster <Hazel> at Wed Sep  2 17:15:37 2026
Job was executed on host(s) <6*c013n02>, in queue <single_chassis>, as user <sdehgha2> in cluster <Hazel> at Wed Sep  2 18:37:40 2026
</home/sdehgha2> was used as the home directory.
</share/ddomlab/sdehgha2/working_space/GP_collab/code_python/training/hpc_submit_training_GP> was used as the working directory.
Started at Wed Sep  2 18:37:40 2026
Terminated at Wed Sep  2 18:42:10 2026
Results reported at Wed Sep  2 18:42:10 2026

Your job looked like:

------------------------------------------------------------
# LSBATCH: User input
#BSUB -n 6
#BSUB -W 45:00
#BSUB -R span[hosts=1]
#BSUB -R "rusage[mem=32GB]"
#BSUB -J "tree_selected_20260902_9"
#BSUB -o "/share/ddomlab/sdehgha2/working_space/GP_collab/results/HPC_history/hpc_20260902/Machine Learning for Polymer Design to Enhance Pervaporation-Based Organic Recovery/NGB_separation_data_imputed_CPU.out"
#BSUB -e "/share/ddomlab/sdehgha2/working_space/GP_collab/results/HPC_history/hpc_20260902/Machine Learning for Polymer Design to Enhance Pervaporation-Based Organic Recovery/NGB_separation_data_imputed_CPU.err"

source ~/.bashrc
conda activate /usr/local/usrapps/ddomlab/sdehgha2/env12

python ../train_structure_numerical.py --regressor_type "NGB"                                         --dataset "separation_data_imputed"                                         --paper "Machine Learning for Polymer Design to Enhance Pervaporation-Based Organic Recovery"

------------------------------------------------------------

Successfully completed.

Resource usage summary:

    CPU time :                                   1127.17 sec.
    Max Memory :                                 4 GB
    Average Memory :                             2.55 GB
    Total Requested Memory :                     32.00 GB
    Delta Memory :                               28.00 GB
    Max Swap :                                   -
    Max Processes :                              12
    Max Threads :                                15
    Run time :                                   271 sec.
    Turnaround time :                            5193 sec.

The output (if any) is above this job summary.



PS:

Read file </share/ddomlab/sdehgha2/working_space/GP_collab/results/HPC_history/hpc_20260902/Machine Learning for Polymer Design to Enhance Pervaporation-Based Organic Recovery/NGB_separation_data_imputed_CPU.err> for stderr output of this job.

Data filtering and preprocessing took 0.00 seconds.
Running seed: 6
Running seed: 13
Running seed: 42
Average scores:	 rmse: 0.6±0.02	 r2: 0.57±0.03
Filename: (COUNT)_NGB_hypOFF_Standard_Standard

------------------------------------------------------------
Sender: LSF System <lsfadmin@c013n02>
Subject: Job 252825: <tree_selected_20260902_9> in cluster <Hazel> Done

Job <tree_selected_20260902_9> was submitted from host <login03.hpc.ncsu.edu> by user <sdehgha2> in cluster <Hazel> at Wed Sep  2 17:32:43 2026
Job was executed on host(s) <6*c013n02>, in queue <single_chassis>, as user <sdehgha2> in cluster <Hazel> at Wed Sep  2 19:13:24 2026
</home/sdehgha2> was used as the home directory.
</share/ddomlab/sdehgha2/working_space/GP_collab/code_python/training/hpc_submit_training_GP> was used as the working directory.
Started at Wed Sep  2 19:13:24 2026
Terminated at Wed Sep  2 19:16:30 2026
Results reported at Wed Sep  2 19:16:30 2026

Your job looked like:

------------------------------------------------------------
# LSBATCH: User input
#BSUB -n 6
#BSUB -W 20:00
#BSUB -R span[hosts=1]
#BSUB -R "rusage[mem=32GB]"
#BSUB -J "tree_selected_20260902_9"
#BSUB -o "/share/ddomlab/sdehgha2/working_space/GP_collab/results/HPC_history/hpc_20260902/Machine Learning for Polymer Design to Enhance Pervaporation-Based Organic Recovery/NGB_separation_data_imputed_CPU.out"
#BSUB -e "/share/ddomlab/sdehgha2/working_space/GP_collab/results/HPC_history/hpc_20260902/Machine Learning for Polymer Design to Enhance Pervaporation-Based Organic Recovery/NGB_separation_data_imputed_CPU.err"

source ~/.bashrc
conda activate /usr/local/usrapps/ddomlab/sdehgha2/env12

python ../train_numerical.py --regressor_type "NGB"                                         --dataset "separation_data_imputed"                                         --paper "Machine Learning for Polymer Design to Enhance Pervaporation-Based Organic Recovery"

------------------------------------------------------------

Successfully completed.

Resource usage summary:

    CPU time :                                   702.14 sec.
    Max Memory :                                 3 GB
    Average Memory :                             1.88 GB
    Total Requested Memory :                     32.00 GB
    Delta Memory :                               29.00 GB
    Max Swap :                                   -
    Max Processes :                              12
    Max Threads :                                15
    Run time :                                   186 sec.
    Turnaround time :                            6227 sec.

The output (if any) is above this job summary.



PS:

Read file </share/ddomlab/sdehgha2/working_space/GP_collab/results/HPC_history/hpc_20260902/Machine Learning for Polymer Design to Enhance Pervaporation-Based Organic Recovery/NGB_separation_data_imputed_CPU.err> for stderr output of this job.

