MGK regressor, only scaling numerical features
Running seed: 6
Running seed: 13
Running seed: 42
Average scores:	 rmse: 0.27±0.08	 r2: 0.77±0.14
Filename: (MG-COUNT)_(MGK_Graph-Matern32_product)_hypOFF_Standard_Standard_GPU

------------------------------------------------------------
Sender: LSF System <lsfadmin@gpu10>
Subject: Job 431910: <structure_numerical_20260610> in cluster <Hazel> Done

Job <structure_numerical_20260610> was submitted from host <gpu10> by user <sdehgha2> in cluster <Hazel> at Wed Jun 10 11:39:29 2026
Job was executed on host(s) <gpu10>, in queue <gpu>, as user <sdehgha2> in cluster <Hazel> at Wed Jun 10 11:39:29 2026
</home/sdehgha2> was used as the home directory.
</share/ddomlab/sdehgha2/working_space/GP_collab/code_python/training/hpc_submit_training_GP> was used as the working directory.
Started at Wed Jun 10 11:39:29 2026
Terminated at Wed Jun 10 11:51:41 2026
Results reported at Wed Jun 10 11:51:41 2026

Your job looked like:

------------------------------------------------------------
# LSBATCH: User input

#BSUB -n 1
#BSUB -W 30
#BSUB -q gpu
#BSUB -R "select[a10]"
#BSUB -gpu "num=1:mode=shared:mps=yes"
#BSUB -R "rusage[mem=32GB]"
#BSUB -J "structure_numerical_20260610"
#BSUB -o "/share/ddomlab/sdehgha2/working_space/GP_collab/results/HPC_history/hpc_20260610/Robust Learning from Literature Data_Model Generalizability and Uncertainty for Predicting Conjugated Polymer Solution Conformation/MGK_Graph_Matern32_product_GPU.out"
#BSUB -e "/share/ddomlab/sdehgha2/working_space/GP_collab/results/HPC_history/hpc_20260610/Robust Learning from Literature Data_Model Generalizability and Uncertainty for Predicting Conjugated Polymer Solution Conformation/MGK_Graph_Matern32_product_GPU.err"

source ~/.bashrc
module load cuda/12.1
module load gcc/9.3.0
conda activate /usr/local/usrapps/ddomlab/sdehgha2/env12

python ../train_structure_numerical.py --K_fp Graph                                         --K_count Matern32                                         --Kernel_mixing_method product                                         --dataset "Rg data with clusters aging imputed"                                         --paper "Robust Learning from Literature Data_Model Generalizability and Uncertainty for Predicting Conjugated Polymer Solution Conformation"                                         --regressor_type "MGK"                                         --kernel_feature_mode "per_feature"





------------------------------------------------------------

Successfully completed.

Resource usage summary:

    CPU time :                                   651.00 sec.
    Max Memory :                                 1 GB
    Average Memory :                             0.89 GB
    Total Requested Memory :                     32.00 GB
    Delta Memory :                               31.00 GB
    Max Swap :                                   -
    Max Processes :                              14
    Max Threads :                                18
    Run time :                                   729 sec.
    Turnaround time :                            732 sec.

The output (if any) is above this job summary.



PS:

Read file </share/ddomlab/sdehgha2/working_space/GP_collab/results/HPC_history/hpc_20260610/Robust Learning from Literature Data_Model Generalizability and Uncertainty for Predicting Conjugated Polymer Solution Conformation/MGK_Graph_Matern32_product_GPU.err> for stderr output of this job.

MGK regressor, only scaling numerical features
Running seed: 6
Running seed: 13
Running seed: 42
Average scores:	 rmse: 0.27±0.08	 r2: 0.77±0.14
Filename: (MG-COUNT)_(MGK_Graph-Matern32_product)_hypOFF_Standard_Standard_GPU

------------------------------------------------------------
Sender: LSF System <lsfadmin@gpu26>
Subject: Job 432060: <structure_numerical_20260610> in cluster <Hazel> Done

Job <structure_numerical_20260610> was submitted from host <gpu26> by user <sdehgha2> in cluster <Hazel> at Wed Jun 10 12:14:47 2026
Job was executed on host(s) <gpu26>, in queue <gpu>, as user <sdehgha2> in cluster <Hazel> at Wed Jun 10 12:14:47 2026
</home/sdehgha2> was used as the home directory.
</share/ddomlab/sdehgha2/working_space/GP_collab/code_python/training/hpc_submit_training_GP> was used as the working directory.
Started at Wed Jun 10 12:14:47 2026
Terminated at Wed Jun 10 12:26:39 2026
Results reported at Wed Jun 10 12:26:39 2026

Your job looked like:

------------------------------------------------------------
# LSBATCH: User input

#BSUB -n 1
#BSUB -W 30
#BSUB -q gpu
#BSUB -gpu "num=1:mode=shared:mps=no"
#BSUB -R "rusage[mem=32GB]"
#BSUB -J "structure_numerical_20260610"
#BSUB -o "/share/ddomlab/sdehgha2/working_space/GP_collab/results/HPC_history/hpc_20260610/Robust Learning from Literature Data_Model Generalizability and Uncertainty for Predicting Conjugated Polymer Solution Conformation/MGK_Graph_Matern32_product_GPU.out"
#BSUB -e "/share/ddomlab/sdehgha2/working_space/GP_collab/results/HPC_history/hpc_20260610/Robust Learning from Literature Data_Model Generalizability and Uncertainty for Predicting Conjugated Polymer Solution Conformation/MGK_Graph_Matern32_product_GPU.err"

source ~/.bashrc
module load cuda/12.1
module load gcc/9.3.0
conda activate /usr/local/usrapps/ddomlab/sdehgha2/env12

python ../train_structure_numerical.py --K_fp Graph                                         --K_count Matern32                                         --Kernel_mixing_method product                                         --dataset "Rg data with clusters aging imputed"                                         --paper "Robust Learning from Literature Data_Model Generalizability and Uncertainty for Predicting Conjugated Polymer Solution Conformation"                                         --regressor_type "MGK"                                         --kernel_feature_mode "per_feature"





------------------------------------------------------------

Successfully completed.

Resource usage summary:

    CPU time :                                   679.11 sec.
    Max Memory :                                 1 GB
    Average Memory :                             0.92 GB
    Total Requested Memory :                     32.00 GB
    Delta Memory :                               31.00 GB
    Max Swap :                                   -
    Max Processes :                              12
    Max Threads :                                17
    Run time :                                   711 sec.
    Turnaround time :                            712 sec.

The output (if any) is above this job summary.



PS:

Read file </share/ddomlab/sdehgha2/working_space/GP_collab/results/HPC_history/hpc_20260610/Robust Learning from Literature Data_Model Generalizability and Uncertainty for Predicting Conjugated Polymer Solution Conformation/MGK_Graph_Matern32_product_GPU.err> for stderr output of this job.

MGK regressor, only scaling numerical features
Running seed: 6
Running seed: 13
Running seed: 42
Average scores:	 rmse: 0.29±0.08	 r2: 0.74±0.16
Filename: (MG-COUNT)_(MGK_Graph-Matern32_product)_hypOFF_Standard_Standard_GPU

------------------------------------------------------------
Sender: LSF System <lsfadmin@gpu15>
Subject: Job 432501: <structure_numerical_20260610> in cluster <Hazel> Done

Job <structure_numerical_20260610> was submitted from host <gpu15> by user <sdehgha2> in cluster <Hazel> at Wed Jun 10 14:28:13 2026
Job was executed on host(s) <gpu15>, in queue <gpu>, as user <sdehgha2> in cluster <Hazel> at Wed Jun 10 14:28:13 2026
</home/sdehgha2> was used as the home directory.
</share/ddomlab/sdehgha2/working_space/GP_collab/code_python/training/hpc_submit_training_GP> was used as the working directory.
Started at Wed Jun 10 14:28:13 2026
Terminated at Wed Jun 10 14:35:11 2026
Results reported at Wed Jun 10 14:35:11 2026

Your job looked like:

------------------------------------------------------------
# LSBATCH: User input

#BSUB -n 1
#BSUB -W 30
#BSUB -q gpu
#BSUB -gpu "num=1:mode=shared:mps=no"
#BSUB -R "rusage[mem=32GB]"
#BSUB -J "structure_numerical_20260610"
#BSUB -o "/share/ddomlab/sdehgha2/working_space/GP_collab/results/HPC_history/hpc_20260610/Robust Learning from Literature Data_Model Generalizability and Uncertainty for Predicting Conjugated Polymer Solution Conformation/MGK_Graph_Matern32_product_GPU.out"
#BSUB -e "/share/ddomlab/sdehgha2/working_space/GP_collab/results/HPC_history/hpc_20260610/Robust Learning from Literature Data_Model Generalizability and Uncertainty for Predicting Conjugated Polymer Solution Conformation/MGK_Graph_Matern32_product_GPU.err"

source ~/.bashrc
module load cuda/12.1
module load gcc/9.3.0
conda activate /usr/local/usrapps/ddomlab/sdehgha2/env12

python ../train_structure_numerical.py --K_fp Graph                                         --K_count Matern32                                         --Kernel_mixing_method product                                         --dataset "Rg data with clusters aging imputed"                                         --paper "Robust Learning from Literature Data_Model Generalizability and Uncertainty for Predicting Conjugated Polymer Solution Conformation"                                         --regressor_type "MGK"                                         --kernel_feature_mode "per_feature"





------------------------------------------------------------

Successfully completed.

Resource usage summary:

    CPU time :                                   365.16 sec.
    Max Memory :                                 2 GB
    Average Memory :                             0.87 GB
    Total Requested Memory :                     32.00 GB
    Delta Memory :                               30.00 GB
    Max Swap :                                   -
    Max Processes :                              14
    Max Threads :                                18
    Run time :                                   416 sec.
    Turnaround time :                            418 sec.

The output (if any) is above this job summary.



PS:

Read file </share/ddomlab/sdehgha2/working_space/GP_collab/results/HPC_history/hpc_20260610/Robust Learning from Literature Data_Model Generalizability and Uncertainty for Predicting Conjugated Polymer Solution Conformation/MGK_Graph_Matern32_product_GPU.err> for stderr output of this job.

MGK regressor, only scaling numerical features
Running seed: 42
False
Average scores:	 rmse: 0.36±0.0	 r2: 0.65±0.01
Filename: (MG-COUNT)_(MGK_Graph-Matern32_product)_hypOFF_Standard_Standard_GPU

------------------------------------------------------------
Sender: LSF System <lsfadmin@gpu15>
Subject: Job 435736: <structure_numerical_20260610> in cluster <Hazel> Done

Job <structure_numerical_20260610> was submitted from host <gpu15> by user <sdehgha2> in cluster <Hazel> at Wed Jun 10 22:18:02 2026
Job was executed on host(s) <gpu15>, in queue <gpu>, as user <sdehgha2> in cluster <Hazel> at Wed Jun 10 22:18:02 2026
</home/sdehgha2> was used as the home directory.
</share/ddomlab/sdehgha2/working_space/GP_collab/code_python/training/hpc_submit_training_GP> was used as the working directory.
Started at Wed Jun 10 22:18:02 2026
Terminated at Wed Jun 10 22:19:41 2026
Results reported at Wed Jun 10 22:19:41 2026

Your job looked like:

------------------------------------------------------------
# LSBATCH: User input

#BSUB -n 1
#BSUB -W 30
#BSUB -q gpu
#BSUB -gpu "num=1:mode=shared:mps=no"
#BSUB -R "rusage[mem=32GB]"
#BSUB -J "structure_numerical_20260610"
#BSUB -o "/share/ddomlab/sdehgha2/working_space/GP_collab/results/HPC_history/hpc_20260610/Robust Learning from Literature Data_Model Generalizability and Uncertainty for Predicting Conjugated Polymer Solution Conformation/MGK_Graph_Matern32_product_GPU.out"
#BSUB -e "/share/ddomlab/sdehgha2/working_space/GP_collab/results/HPC_history/hpc_20260610/Robust Learning from Literature Data_Model Generalizability and Uncertainty for Predicting Conjugated Polymer Solution Conformation/MGK_Graph_Matern32_product_GPU.err"

source ~/.bashrc
module load cuda/12.1
module load gcc/9.3.0
conda activate /usr/local/usrapps/ddomlab/sdehgha2/env12

python ../train_structure_numerical.py --K_fp Graph                                         --K_count Matern32                                         --Kernel_mixing_method product                                         --dataset "Rg data with clusters aging imputed"                                         --paper "Robust Learning from Literature Data_Model Generalizability and Uncertainty for Predicting Conjugated Polymer Solution Conformation"                                         --regressor_type "MGK"                                         --kernel_feature_mode "per_feature"





------------------------------------------------------------

Successfully completed.

Resource usage summary:

    CPU time :                                   64.72 sec.
    Max Memory :                                 1 GB
    Average Memory :                             0.60 GB
    Total Requested Memory :                     32.00 GB
    Delta Memory :                               31.00 GB
    Max Swap :                                   -
    Max Processes :                              13
    Max Threads :                                18
    Run time :                                   95 sec.
    Turnaround time :                            99 sec.

The output (if any) is above this job summary.



PS:

Read file </share/ddomlab/sdehgha2/working_space/GP_collab/results/HPC_history/hpc_20260610/Robust Learning from Literature Data_Model Generalizability and Uncertainty for Predicting Conjugated Polymer Solution Conformation/MGK_Graph_Matern32_product_GPU.err> for stderr output of this job.

MGK regressor, only scaling numerical features
Running seed: 6
Running seed: 13
Running seed: 42
Average scores:	 rmse: 0.2±0.06	 r2: 0.88±0.08
Filename: (MG-COUNT)_(MGK_Graph-Matern32_product)_hypOFF_Standard_Standard_GPU

------------------------------------------------------------
Sender: LSF System <lsfadmin@gpu16>
Subject: Job 435765: <structure_numerical_20260610> in cluster <Hazel> Done

Job <structure_numerical_20260610> was submitted from host <gpu16> by user <sdehgha2> in cluster <Hazel> at Wed Jun 10 22:58:35 2026
Job was executed on host(s) <gpu16>, in queue <gpu>, as user <sdehgha2> in cluster <Hazel> at Wed Jun 10 22:58:35 2026
</home/sdehgha2> was used as the home directory.
</share/ddomlab/sdehgha2/working_space/GP_collab/code_python/training/hpc_submit_training_GP> was used as the working directory.
Started at Wed Jun 10 22:58:35 2026
Terminated at Wed Jun 10 23:08:23 2026
Results reported at Wed Jun 10 23:08:23 2026

Your job looked like:

------------------------------------------------------------
# LSBATCH: User input

#BSUB -n 1
#BSUB -W 30
#BSUB -q gpu
#BSUB -gpu "num=1:mode=shared:mps=no"
#BSUB -R "rusage[mem=32GB]"
#BSUB -J "structure_numerical_20260610"
#BSUB -o "/share/ddomlab/sdehgha2/working_space/GP_collab/results/HPC_history/hpc_20260610/Robust Learning from Literature Data_Model Generalizability and Uncertainty for Predicting Conjugated Polymer Solution Conformation/MGK_Graph_Matern32_product_GPU.out"
#BSUB -e "/share/ddomlab/sdehgha2/working_space/GP_collab/results/HPC_history/hpc_20260610/Robust Learning from Literature Data_Model Generalizability and Uncertainty for Predicting Conjugated Polymer Solution Conformation/MGK_Graph_Matern32_product_GPU.err"

source ~/.bashrc
module load cuda/12.1
module load gcc/9.3.0
conda activate /usr/local/usrapps/ddomlab/sdehgha2/env12

python ../train_structure_numerical.py --K_fp Graph                                         --K_count Matern32                                         --Kernel_mixing_method product                                         --dataset "Rg data with clusters aging imputed"                                         --paper "Robust Learning from Literature Data_Model Generalizability and Uncertainty for Predicting Conjugated Polymer Solution Conformation"                                         --regressor_type "MGK"                                         --kernel_feature_mode "per_feature"





------------------------------------------------------------

Successfully completed.

Resource usage summary:

    CPU time :                                   532.00 sec.
    Max Memory :                                 2 GB
    Average Memory :                             0.95 GB
    Total Requested Memory :                     32.00 GB
    Delta Memory :                               30.00 GB
    Max Swap :                                   -
    Max Processes :                              14
    Max Threads :                                18
    Run time :                                   586 sec.
    Turnaround time :                            588 sec.

The output (if any) is above this job summary.



PS:

Read file </share/ddomlab/sdehgha2/working_space/GP_collab/results/HPC_history/hpc_20260610/Robust Learning from Literature Data_Model Generalizability and Uncertainty for Predicting Conjugated Polymer Solution Conformation/MGK_Graph_Matern32_product_GPU.err> for stderr output of this job.

