
------------------------------------------------------------
Sender: LSF System <lsfadmin@gpu15>
Subject: Job 323335: <gpmap_all_20260929_12> in cluster <Hazel> Exited

Job <gpmap_all_20260929_12> was submitted from host <login01.hpc.ncsu.edu> by user <sdehgha2> in cluster <Hazel> at Tue Sep 29 00:06:55 2026
Job was executed on host(s) <gpu15>, in queue <gpu>, as user <sdehgha2> in cluster <Hazel> at Tue Sep 29 00:14:58 2026
</home/sdehgha2> was used as the home directory.
</share/ddomlab/sdehgha2/working_space/GP_collab/code_python/training/hpc_submit_training_GP> was used as the working directory.
Started at Tue Sep 29 00:14:58 2026
Terminated at Tue Sep 29 00:14:58 2026
Results reported at Tue Sep 29 00:14:58 2026
Cannot open your job file: /home/sdehgha2/.lsbatch/1790654815.323335
Exited.


The output (if any) is above this job summary.



PS:

Read file </share/ddomlab/sdehgha2/working_space/GP_collab/results/HPC_history/hpc_20260929/Machine Learning for Polymer Design to Enhance Pervaporation-Based Organic Recovery/GPytorchMAP_separation_data_imputed_TanimotoMatern32_Matern32_(count:+)x(fp:+)_GPU.err> for stderr output of this job.

Data filtering and preprocessing took 0.25 seconds.
Running seed: 6
Running seed: 13
Running seed: 42
Running seed: 69
Running seed: 100
Average scores:	 rmse: 0.36±0.02	 r2: 0.84±0.02
Filename: (ECFP3_count_512-COUNT)_(GPytorchMAP_TanimotoMatern32-Matern32_(count:+)x(fp:+))_hypOFF_Standard_Standard_unique_fp_permutation_GPU

------------------------------------------------------------
Sender: LSF System <lsfadmin@gpu15>
Subject: Job 323810: <gpmap_all_20260929_12> in cluster <Hazel> Done

Job <gpmap_all_20260929_12> was submitted from host <login03.hpc.ncsu.edu> by user <sdehgha2> in cluster <Hazel> at Tue Sep 29 09:43:17 2026
Job was executed on host(s) <gpu15>, in queue <gpu>, as user <sdehgha2> in cluster <Hazel> at Tue Sep 29 10:01:38 2026
</home/sdehgha2> was used as the home directory.
</share/ddomlab/sdehgha2/working_space/GP_collab/code_python/training/hpc_submit_training_GP> was used as the working directory.
Started at Tue Sep 29 10:01:38 2026
Terminated at Tue Sep 29 10:24:18 2026
Results reported at Tue Sep 29 10:24:18 2026

Your job looked like:

------------------------------------------------------------
# LSBATCH: User input
#BSUB -n 1
#BSUB -W 25:25
#BSUB -q gpu
#BSUB -gpu "num=1:mode=shared:mps=no"
#BSUB -R "rusage[mem=32GB]"
#BSUB -R "select[a10 || a30 || a100 || l40 || h100]"
#BSUB -J "gpmap_all_20260929_12"
#BSUB -o "/share/ddomlab/sdehgha2/working_space/GP_collab/results/HPC_history/hpc_20260929/Machine Learning for Polymer Design to Enhance Pervaporation-Based Organic Recovery/GPytorchMAP_separation_data_imputed_TanimotoMatern32_Matern32_(count:+)x(fp:+)_GPU.out"
#BSUB -e "/share/ddomlab/sdehgha2/working_space/GP_collab/results/HPC_history/hpc_20260929/Machine Learning for Polymer Design to Enhance Pervaporation-Based Organic Recovery/GPytorchMAP_separation_data_imputed_TanimotoMatern32_Matern32_(count:+)x(fp:+)_GPU.err"

source ~/.bashrc
module load cuda/12.1
module load gcc/9.3.0
conda activate /usr/local/usrapps/ddomlab/sdehgha2/env12

python ../train_structure_numerical.py --K_fp "TanimotoMatern32"                                         --K_count "Matern32"                                         --Kernel_mixing_method "(count:+)x(fp:+)"                                         --paper "Machine Learning for Polymer Design to Enhance Pervaporation-Based Organic Recovery"                                         --dataset "separation_data_imputed"                                         --regressor_type "GPytorchMAP"


------------------------------------------------------------

Successfully completed.

Resource usage summary:

    CPU time :                                   1335.09 sec.
    Max Memory :                                 1 GB
    Average Memory :                             0.92 GB
    Total Requested Memory :                     32.00 GB
    Delta Memory :                               31.00 GB
    Max Swap :                                   -
    Max Processes :                              4
    Max Threads :                                9
    Run time :                                   1346 sec.
    Turnaround time :                            2461 sec.

The output (if any) is above this job summary.



PS:

Read file </share/ddomlab/sdehgha2/working_space/GP_collab/results/HPC_history/hpc_20260929/Machine Learning for Polymer Design to Enhance Pervaporation-Based Organic Recovery/GPytorchMAP_separation_data_imputed_TanimotoMatern32_Matern32_(count:+)x(fp:+)_GPU.err> for stderr output of this job.

