Data filtering and preprocessing took 0.04 seconds.
Running seed: 6
Running seed: 13
Running seed: 42
Average scores:	 rmse: 9.51±0.47	 r2: 0.91±0.01
Filename: (ECFP3_count_512-COUNT)_RF_hypOFF_Standard_Standard

------------------------------------------------------------
Sender: LSF System <lsfadmin@c016n03>
Subject: Job 252775: <tree_selected_20260902_13> in cluster <Hazel> Done

Job <tree_selected_20260902_13> was submitted from host <login03.hpc.ncsu.edu> by user <sdehgha2> in cluster <Hazel> at Wed Sep  2 17:15:39 2026
Job was executed on host(s) <6*c016n03>, in queue <single_chassis>, as user <sdehgha2> in cluster <Hazel> at Wed Sep  2 18:46:49 2026
</home/sdehgha2> was used as the home directory.
</share/ddomlab/sdehgha2/working_space/GP_collab/code_python/training/hpc_submit_training_GP> was used as the working directory.
Started at Wed Sep  2 18:46:49 2026
Terminated at Wed Sep  2 18:48:29 2026
Results reported at Wed Sep  2 18:48:29 2026

Your job looked like:

------------------------------------------------------------
# LSBATCH: User input
#BSUB -n 6
#BSUB -W 45:00
#BSUB -R span[hosts=1]
#BSUB -R "rusage[mem=32GB]"
#BSUB -J "tree_selected_20260902_13"
#BSUB -o "/share/ddomlab/sdehgha2/working_space/GP_collab/results/HPC_history/hpc_20260902/Miniaturization of Popular Reactions from the Medicinal Chemists Toolbox for Ultrahigh_Throughput Experimentation/RF_cleaned_suzuki_synthesis_CPU.out"
#BSUB -e "/share/ddomlab/sdehgha2/working_space/GP_collab/results/HPC_history/hpc_20260902/Miniaturization of Popular Reactions from the Medicinal Chemists Toolbox for Ultrahigh_Throughput Experimentation/RF_cleaned_suzuki_synthesis_CPU.err"

source ~/.bashrc
conda activate /usr/local/usrapps/ddomlab/sdehgha2/env12

python ../train_structure_numerical.py --regressor_type "RF"                                         --dataset "cleaned_suzuki_synthesis"                                         --paper "Miniaturization of Popular Reactions from the Medicinal Chemists Toolbox for Ultrahigh_Throughput Experimentation"

------------------------------------------------------------

Successfully completed.

Resource usage summary:

    CPU time :                                   295.35 sec.
    Max Memory :                                 3 GB
    Average Memory :                             1.20 GB
    Total Requested Memory :                     32.00 GB
    Delta Memory :                               29.00 GB
    Max Swap :                                   -
    Max Processes :                              12
    Max Threads :                                15
    Run time :                                   101 sec.
    Turnaround time :                            5570 sec.

The output (if any) is above this job summary.



PS:

Read file </share/ddomlab/sdehgha2/working_space/GP_collab/results/HPC_history/hpc_20260902/Miniaturization of Popular Reactions from the Medicinal Chemists Toolbox for Ultrahigh_Throughput Experimentation/RF_cleaned_suzuki_synthesis_CPU.err> for stderr output of this job.

Data filtering and preprocessing took 0.00 seconds.
Running seed: 6
Running seed: 13
Running seed: 42
Average scores:	 rmse: 31.94±0.96	 r2: -0.05±0.05
Filename: (COUNT)_RF_hypOFF_Standard_Standard

------------------------------------------------------------
Sender: LSF System <lsfadmin@c016n03>
Subject: Job 252829: <tree_selected_20260902_13> in cluster <Hazel> Done

Job <tree_selected_20260902_13> was submitted from host <login03.hpc.ncsu.edu> by user <sdehgha2> in cluster <Hazel> at Wed Sep  2 17:32:44 2026
Job was executed on host(s) <6*c016n03>, in queue <single_chassis>, as user <sdehgha2> in cluster <Hazel> at Wed Sep  2 19:15:28 2026
</home/sdehgha2> was used as the home directory.
</share/ddomlab/sdehgha2/working_space/GP_collab/code_python/training/hpc_submit_training_GP> was used as the working directory.
Started at Wed Sep  2 19:15:28 2026
Terminated at Wed Sep  2 19:16:40 2026
Results reported at Wed Sep  2 19:16:40 2026

Your job looked like:

------------------------------------------------------------
# LSBATCH: User input
#BSUB -n 6
#BSUB -W 20:00
#BSUB -R span[hosts=1]
#BSUB -R "rusage[mem=32GB]"
#BSUB -J "tree_selected_20260902_13"
#BSUB -o "/share/ddomlab/sdehgha2/working_space/GP_collab/results/HPC_history/hpc_20260902/Miniaturization of Popular Reactions from the Medicinal Chemists Toolbox for Ultrahigh_Throughput Experimentation/RF_cleaned_suzuki_synthesis_CPU.out"
#BSUB -e "/share/ddomlab/sdehgha2/working_space/GP_collab/results/HPC_history/hpc_20260902/Miniaturization of Popular Reactions from the Medicinal Chemists Toolbox for Ultrahigh_Throughput Experimentation/RF_cleaned_suzuki_synthesis_CPU.err"

source ~/.bashrc
conda activate /usr/local/usrapps/ddomlab/sdehgha2/env12

python ../train_numerical.py --regressor_type "RF"                                         --dataset "cleaned_suzuki_synthesis"                                         --paper "Miniaturization of Popular Reactions from the Medicinal Chemists Toolbox for Ultrahigh_Throughput Experimentation"

------------------------------------------------------------

Successfully completed.

Resource usage summary:

    CPU time :                                   140.16 sec.
    Max Memory :                                 3 GB
    Average Memory :                             0.40 GB
    Total Requested Memory :                     32.00 GB
    Delta Memory :                               29.00 GB
    Max Swap :                                   -
    Max Processes :                              12
    Max Threads :                                15
    Run time :                                   74 sec.
    Turnaround time :                            6236 sec.

The output (if any) is above this job summary.



PS:

Read file </share/ddomlab/sdehgha2/working_space/GP_collab/results/HPC_history/hpc_20260902/Miniaturization of Popular Reactions from the Medicinal Chemists Toolbox for Ultrahigh_Throughput Experimentation/RF_cleaned_suzuki_synthesis_CPU.err> for stderr output of this job.

