
------------------------------------------------------------
Sender: LSF System <lsfadmin@gpu15>
Subject: Job 85335: <structure_numerical_20260825_GpyroHMC> in cluster <Hazel> Exited

Job <structure_numerical_20260825_GpyroHMC> was submitted from host <login01.hpc.ncsu.edu> by user <sdehgha2> in cluster <Hazel> at Tue Aug 25 10:01:58 2026
Job was executed on host(s) <gpu15>, in queue <gpu>, as user <sdehgha2> in cluster <Hazel> at Tue Aug 25 10:28:36 2026
</home/sdehgha2> was used as the home directory.
</share/ddomlab/sdehgha2/working_space/GP_collab/code_python/training/hpc_submit_training_GP> was used as the working directory.
Started at Tue Aug 25 10:28:36 2026
Terminated at Tue Aug 25 10:28:37 2026
Results reported at Tue Aug 25 10:28:37 2026
Cannot open your job file: /home/sdehgha2/.lsbatch/1787666518.85335
Exited.


The output (if any) is above this job summary.



PS:

Read file </share/ddomlab/sdehgha2/working_space/GP_collab/results/HPC_history/hpc_20260825/Machine Learning for Polymer Design to Enhance Pervaporation-Based Organic Recovery/GpyroHMC_TanimotoMatern52_RBF_(count:+)x(fp:+)_GPU.err> for stderr output of this job.


------------------------------------------------------------
Sender: LSF System <lsfadmin@gpu26>
Subject: Job 85356: <structure_numerical_20260825_GpyroHMC> in cluster <Hazel> Exited

Job <structure_numerical_20260825_GpyroHMC> was submitted from host <login01.hpc.ncsu.edu> by user <sdehgha2> in cluster <Hazel> at Tue Aug 25 10:02:06 2026
Job was executed on host(s) <gpu26>, in queue <gpu>, as user <sdehgha2> in cluster <Hazel> at Tue Aug 25 10:30:49 2026
</home/sdehgha2> was used as the home directory.
</share/ddomlab/sdehgha2/working_space/GP_collab/code_python/training/hpc_submit_training_GP> was used as the working directory.
Started at Tue Aug 25 10:30:49 2026
Terminated at Tue Aug 25 10:30:50 2026
Results reported at Tue Aug 25 10:30:50 2026
Cannot open your job file: /home/sdehgha2/.lsbatch/1787666526.85356
Exited.


The output (if any) is above this job summary.



PS:

Read file </share/ddomlab/sdehgha2/working_space/GP_collab/results/HPC_history/hpc_20260825/Machine Learning for Polymer Design to Enhance Pervaporation-Based Organic Recovery/GpyroHMC_TanimotoMatern52_RBF_(count:+)x(fp:+)_GPU.err> for stderr output of this job.

