Data filtering and preprocessing took 0.31 seconds.
Running seed: 6

------------------------------------------------------------
Sender: LSF System <lsfadmin@gpu26>
Subject: Job 85231: <structure_numerical_20260825_GpyroHMC> in cluster <Hazel> Exited

Job <structure_numerical_20260825_GpyroHMC> was submitted from host <login01.hpc.ncsu.edu> by user <sdehgha2> in cluster <Hazel> at Tue Aug 25 10:01:20 2026
Job was executed on host(s) <gpu26>, in queue <gpu>, as user <sdehgha2> in cluster <Hazel> at Tue Aug 25 10:15:40 2026
</home/sdehgha2> was used as the home directory.
</share/ddomlab/sdehgha2/working_space/GP_collab/code_python/training/hpc_submit_training_GP> was used as the working directory.
Started at Tue Aug 25 10:15:40 2026
Terminated at Tue Aug 25 10:16:21 2026
Results reported at Tue Aug 25 10:16:21 2026

Your job looked like:

------------------------------------------------------------
# LSBATCH: User input


#BSUB -n 1
#BSUB -W 25:30
#BSUB -q gpu
#BSUB -gpu "num=1:mode=shared:mps=no"
#BSUB -R "rusage[mem=8GB]"
#BSUB -R "select[a10 || a30 || a100 || l40 || h100]"
#BSUB -J "structure_numerical_20260825_GpyroHMC"
#BSUB -o "/share/ddomlab/sdehgha2/working_space/GP_collab/results/HPC_history/hpc_20260825/Machine Learning for Polymer Design to Enhance Pervaporation-Based Organic Recovery/GpyroHMC_Matern32_Matern32_product_GPU.out"
#BSUB -e "/share/ddomlab/sdehgha2/working_space/GP_collab/results/HPC_history/hpc_20260825/Machine Learning for Polymer Design to Enhance Pervaporation-Based Organic Recovery/GpyroHMC_Matern32_Matern32_product_GPU.err"

source ~/.bashrc
module load cuda/12.1
module load gcc/9.3.0
conda activate /usr/local/usrapps/ddomlab/sdehgha2/env12

python ../train_structure_numerical.py  --K_fp Matern32                                         --K_count Matern32                                         --Kernel_mixing_method "product"                                         --paper "Machine Learning for Polymer Design to Enhance Pervaporation-Based Organic Recovery"                                         --dataset "separation_data_imputed"                                         --regressor_type "GpyroHMC" 


------------------------------------------------------------

Exited with exit code 1.

Resource usage summary:

    CPU time :                                   18.92 sec.
    Max Memory :                                 -
    Average Memory :                             -
    Total Requested Memory :                     8.00 GB
    Delta Memory :                               -
    Max Swap :                                   -
    Max Processes :                              1
    Max Threads :                                2
    Run time :                                   0 sec.
    Turnaround time :                            901 sec.

The output (if any) is above this job summary.



PS:

Read file </share/ddomlab/sdehgha2/working_space/GP_collab/results/HPC_history/hpc_20260825/Machine Learning for Polymer Design to Enhance Pervaporation-Based Organic Recovery/GpyroHMC_Matern32_Matern32_product_GPU.err> for stderr output of this job.

Data filtering and preprocessing took 0.26 seconds.
Running seed: 6
Running seed: 13
Running seed: 42
Average scores:	 rmse: 0.27±0.02	 r2: 0.87±0.02
Filename: (ECFP3_count_512-COUNT)_(GpyroHMC_Matern32-Matern32_product)_hypOFF_Standard_Standard_GPU

------------------------------------------------------------
Sender: LSF System <lsfadmin@gpu15>
Subject: Job 85210: <structure_numerical_20260825_GpyroHMC> in cluster <Hazel> Done

Job <structure_numerical_20260825_GpyroHMC> was submitted from host <login01.hpc.ncsu.edu> by user <sdehgha2> in cluster <Hazel> at Tue Aug 25 10:01:12 2026
Job was executed on host(s) <gpu15>, in queue <gpu>, as user <sdehgha2> in cluster <Hazel> at Tue Aug 25 10:12:55 2026
</home/sdehgha2> was used as the home directory.
</share/ddomlab/sdehgha2/working_space/GP_collab/code_python/training/hpc_submit_training_GP> was used as the working directory.
Started at Tue Aug 25 10:12:55 2026
Terminated at Wed Aug 26 08:05:34 2026
Results reported at Wed Aug 26 08:05:34 2026

Your job looked like:

------------------------------------------------------------
# LSBATCH: User input


#BSUB -n 1
#BSUB -W 25:30
#BSUB -q gpu
#BSUB -gpu "num=1:mode=shared:mps=no"
#BSUB -R "rusage[mem=8GB]"
#BSUB -R "select[a10 || a30 || a100 || l40 || h100]"
#BSUB -J "structure_numerical_20260825_GpyroHMC"
#BSUB -o "/share/ddomlab/sdehgha2/working_space/GP_collab/results/HPC_history/hpc_20260825/Machine Learning for Polymer Design to Enhance Pervaporation-Based Organic Recovery/GpyroHMC_Matern32_Matern32_product_GPU.out"
#BSUB -e "/share/ddomlab/sdehgha2/working_space/GP_collab/results/HPC_history/hpc_20260825/Machine Learning for Polymer Design to Enhance Pervaporation-Based Organic Recovery/GpyroHMC_Matern32_Matern32_product_GPU.err"

source ~/.bashrc
module load cuda/12.1
module load gcc/9.3.0
conda activate /usr/local/usrapps/ddomlab/sdehgha2/env12

python ../train_structure_numerical.py  --K_fp Matern32                                         --K_count Matern32                                         --Kernel_mixing_method "product"                                         --paper "Machine Learning for Polymer Design to Enhance Pervaporation-Based Organic Recovery"                                         --dataset "flux_data_imputed"                                         --regressor_type "GpyroHMC" 


------------------------------------------------------------

Successfully completed.

Resource usage summary:

    CPU time :                                   78523.12 sec.
    Max Memory :                                 3 GB
    Average Memory :                             2.17 GB
    Total Requested Memory :                     8.00 GB
    Delta Memory :                               5.00 GB
    Max Swap :                                   -
    Max Processes :                              6
    Max Threads :                                10
    Run time :                                   78759 sec.
    Turnaround time :                            79462 sec.

The output (if any) is above this job summary.



PS:

Read file </share/ddomlab/sdehgha2/working_space/GP_collab/results/HPC_history/hpc_20260825/Machine Learning for Polymer Design to Enhance Pervaporation-Based Organic Recovery/GpyroHMC_Matern32_Matern32_product_GPU.err> for stderr output of this job.

