Data filtering and preprocessing took 1.44 seconds.
Running seed: 6
Running seed: 13
Running seed: 42
Average scores:	 rmse: 0.91±0.02	 r2: 0.74±0.01
Filename: (ECFP3_count_512-COUNT)_NGB_hypOFF_Standard_Standard

------------------------------------------------------------
Sender: LSF System <lsfadmin@c018n01>
Subject: Job 324917: <tree_selected_20260929_3> in cluster <Hazel> Done

Job <tree_selected_20260929_3> was submitted from host <login03.hpc.ncsu.edu> by user <sdehgha2> in cluster <Hazel> at Tue Sep 29 16:55:20 2026
Job was executed on host(s) <6*c018n01>, in queue <single_chassis>, as user <sdehgha2> in cluster <Hazel> at Tue Sep 29 16:55:22 2026
</home/sdehgha2> was used as the home directory.
</share/ddomlab/sdehgha2/working_space/GP_collab/code_python/training/hpc_submit_training_GP> was used as the working directory.
Started at Tue Sep 29 16:55:22 2026
Terminated at Tue Sep 29 17:50:50 2026
Results reported at Tue Sep 29 17:50:50 2026

Your job looked like:

------------------------------------------------------------
# LSBATCH: User input

#BSUB -n 6
#BSUB -W 5:00
#BSUB -R span[hosts=1]
#BSUB -R "rusage[mem=32GB]"
#BSUB -J "tree_selected_20260929_3"
#BSUB -o "/share/ddomlab/sdehgha2/working_space/GP_collab/results/HPC_history/hpc_20260929/Chemistry-Informed Machine Learning for Polymer Electrolyte Discovery/NGB_cleaned_poly_Electrolyte_conductivity_CPU.out"
#BSUB -e "/share/ddomlab/sdehgha2/working_space/GP_collab/results/HPC_history/hpc_20260929/Chemistry-Informed Machine Learning for Polymer Electrolyte Discovery/NGB_cleaned_poly_Electrolyte_conductivity_CPU.err"

source ~/.bashrc
conda activate /usr/local/usrapps/ddomlab/sdehgha2/env12

python ../train_structure_numerical.py --regressor_type "NGB"                                         --dataset "cleaned_poly_Electrolyte_conductivity"                                         --paper "Chemistry-Informed Machine Learning for Polymer Electrolyte Discovery" 


------------------------------------------------------------

Successfully completed.

Resource usage summary:

    CPU time :                                   16301.64 sec.
    Max Memory :                                 5 GB
    Average Memory :                             4.77 GB
    Total Requested Memory :                     32.00 GB
    Delta Memory :                               27.00 GB
    Max Swap :                                   -
    Max Processes :                              12
    Max Threads :                                15
    Run time :                                   3344 sec.
    Turnaround time :                            3330 sec.

The output (if any) is above this job summary.



PS:

Read file </share/ddomlab/sdehgha2/working_space/GP_collab/results/HPC_history/hpc_20260929/Chemistry-Informed Machine Learning for Polymer Electrolyte Discovery/NGB_cleaned_poly_Electrolyte_conductivity_CPU.err> for stderr output of this job.

