Running seed: 6
No hyperparameter optimization
Running seed: 13
No hyperparameter optimization
Running seed: 42
No hyperparameter optimization
Average scores:	 rmse: 0.2±0.04	 r2: 0.9±0.04
Filename: (ECFP3_count_512-COUNT)_(GPytorchMAP_Matern52-Matern32_product)_hypOFF_Standard_Standard
Running seed: 6
No hyperparameter optimization
Running seed: 13
No hyperparameter optimization
Running seed: 42
No hyperparameter optimization
Average scores:	 rmse: 0.25±0.05	 r2: 0.98±0.01
Filename: (ECFP3_count_512-COUNT)_(GPytorchMAP_Matern52-Matern32_product)_hypOFF_Standard_Standard

------------------------------------------------------------
Sender: LSF System <lsfadmin@c023n03>
Subject: Job 958500: <structure_numerical_20260114> in cluster <Hazel> Done

Job <structure_numerical_20260114> was submitted from host <c203n03> by user <sdehgha2> in cluster <Hazel> at Wed Jan 14 10:16:57 2026
Job was executed on host(s) <6*c023n03>, in queue <single_chassis>, as user <sdehgha2> in cluster <Hazel> at Wed Jan 14 10:18:28 2026
</tmp/.lsbtmp404534> was used as the home directory.
</share/ddomlab/sdehgha2/working-space/main/_colab_GP/GP_collab/code_python/training/hpc_submit_training_GP> was used as the working directory.
Started at Wed Jan 14 10:18:28 2026
Terminated at Wed Jan 14 10:32:42 2026
Results reported at Wed Jan 14 10:32:42 2026

Your job looked like:

------------------------------------------------------------
# LSBATCH: User input



#BSUB -n 6
#BSUB -W 3:00
#BSUB -R span[hosts=1]
#BSUB -R "rusage[mem=32GB]"
#BSUB -J "structure_numerical_20260114"
#BSUB -o "/share/ddomlab/sdehgha2/working-space/main/_colab_GP/GP_collab/results/HPC_history/hpc_20260114/Machine Learning-Enabled Prediction and High-Throughput Screening of Polymer Membranes for Pervaporation Separation/GPytorchMAP_Matern52_Matern32_product.out"
#BSUB -e "/share/ddomlab/sdehgha2/working-space/main/_colab_GP/GP_collab/results/HPC_history/hpc_20260114/Machine Learning-Enabled Prediction and High-Throughput Screening of Polymer Membranes for Pervaporation Separation/GPytorchMAP_Matern52_Matern32_product.err"

source ~/.bashrc
conda activate /usr/local/usrapps/ddomlab/sdehgha2/torch_cpu
python ../train_structure_numerical.py --K_fp Matern52                                         --K_count Matern32                                         --Kernel_mixing_method product                                         --paper "Machine Learning-Enabled Prediction and High-Throughput Screening of Polymer Membranes for Pervaporation Separation"                                         --dataset "cleaned_dataset_pervaporation_membranes_wang" 

------------------------------------------------------------

Successfully completed.

Resource usage summary:

    CPU time :                                   3809.17 sec.
    Max Memory :                                 7 GB
    Average Memory :                             5.08 GB
    Total Requested Memory :                     32.00 GB
    Delta Memory :                               25.00 GB
    Max Swap :                                   -
    Max Processes :                              38
    Max Threads :                                41
    Run time :                                   872 sec.
    Turnaround time :                            945 sec.

The output (if any) is above this job summary.



PS:

Read file </share/ddomlab/sdehgha2/working-space/main/_colab_GP/GP_collab/results/HPC_history/hpc_20260114/Machine Learning-Enabled Prediction and High-Throughput Screening of Polymer Membranes for Pervaporation Separation/GPytorchMAP_Matern52_Matern32_product.err> for stderr output of this job.

