MGK regressor, only scaling numerical features
Running seed: 6
Running seed: 13
Running seed: 42
Average scores:	 rmse: 0.39±0.02	 r2: 0.72±0.03
Filename: (MG-COUNT)_(MGK_Graph-Matern32_sum)_hypOFF_Standard_Standard_GPU

------------------------------------------------------------
Sender: LSF System <lsfadmin@gpu26>
Subject: Job 268574: <mgk_missing_20260910_3> in cluster <Hazel> Done

Job <mgk_missing_20260910_3> was submitted from host <login01.hpc.ncsu.edu> by user <sdehgha2> in cluster <Hazel> at Thu Sep 10 01:16:26 2026
Job was executed on host(s) <2*gpu26>, in queue <gpu>, as user <sdehgha2> in cluster <Hazel> at Thu Sep 10 02:33:22 2026
</home/sdehgha2> was used as the home directory.
</share/ddomlab/sdehgha2/working_space/GP_collab/code_python/training/hpc_submit_training_GP> was used as the working directory.
Started at Thu Sep 10 02:33:22 2026
Terminated at Thu Sep 10 18:54:43 2026
Results reported at Thu Sep 10 18:54:43 2026

Your job looked like:

------------------------------------------------------------
# LSBATCH: User input
#BSUB -n 2
#BSUB -W 55:55
#BSUB -q gpu
#BSUB -gpu "num=1:mode=shared:mps=no"
#BSUB -R "rusage[mem=32GB]"
#BSUB -R "select[a10 || a30 || a100 || l40 || h100]"
#BSUB -J "mgk_missing_20260910_3"
#BSUB -o "/share/ddomlab/sdehgha2/working_space/GP_collab/results/HPC_history/hpc_20260910/Machine Learning for Polymer Design to Enhance Pervaporation-Based Organic Recovery/MGK_flux_data_imputed_sum_per_feature_GPU.out"
#BSUB -e "/share/ddomlab/sdehgha2/working_space/GP_collab/results/HPC_history/hpc_20260910/Machine Learning for Polymer Design to Enhance Pervaporation-Based Organic Recovery/MGK_flux_data_imputed_sum_per_feature_GPU.err"

source ~/.bashrc
module load cuda/12.1
module load gcc/9.3.0
conda activate /usr/local/usrapps/ddomlab/sdehgha2/env12

python ../train_structure_numerical.py --K_fp "Graph"                                       --K_count "Matern32"                                       --Kernel_mixing_method "sum"                                       --paper "Machine Learning for Polymer Design to Enhance Pervaporation-Based Organic Recovery"                                       --dataset "flux_data_imputed"                                       --kernel_feature_mode "per_feature"                                       --regressor_type "MGK"

------------------------------------------------------------

Successfully completed.

Resource usage summary:

    CPU time :                                   58835.00 sec.
    Max Memory :                                 5 GB
    Average Memory :                             1.11 GB
    Total Requested Memory :                     32.00 GB
    Delta Memory :                               27.00 GB
    Max Swap :                                   -
    Max Processes :                              12
    Max Threads :                                18
    Run time :                                   58910 sec.
    Turnaround time :                            63497 sec.

The output (if any) is above this job summary.



PS:

Read file </share/ddomlab/sdehgha2/working_space/GP_collab/results/HPC_history/hpc_20260910/Machine Learning for Polymer Design to Enhance Pervaporation-Based Organic Recovery/MGK_flux_data_imputed_sum_per_feature_GPU.err> for stderr output of this job.

