
------------------------------------------------------------
Sender: LSF System <lsfadmin@c014n03>
Subject: Job 359341: <structure_numerical_20260531> in cluster <Hazel> Exited

Job <structure_numerical_20260531> was submitted from host <c014n03> by user <sdehgha2> in cluster <Hazel> at Sun May 31 18:19:03 2026
Job was executed on host(s) <4*c014n03>, in queue <single_chassis>, as user <sdehgha2> in cluster <Hazel> at Sun May 31 18:20:02 2026
</home/sdehgha2> was used as the home directory.
</share/ddomlab/sdehgha2/working_space/GP_collab/code_python/training/hpc_submit_training_GP> was used as the working directory.
Started at Sun May 31 18:20:02 2026
Terminated at Sun May 31 23:38:33 2026
Results reported at Sun May 31 23:38:33 2026

Your job looked like:

------------------------------------------------------------
# LSBATCH: User input

#BSUB -n 4
#BSUB -W 10:40
#BSUB -R span[hosts=1]
#BSUB -R "rusage[mem=32GB]"
#BSUB -J "structure_numerical_20260531"
#BSUB -o "/share/ddomlab/sdehgha2/working_space/GP_collab/results/HPC_history/hpc_20260531/Machine Learning-Enabled Prediction and High-Throughput Screening of Polymer Membranes for Pervaporation Separation/GpyroHMC_TanimotoMatern32_Matern32_averageProduct.out"
#BSUB -e "/share/ddomlab/sdehgha2/working_space/GP_collab/results/HPC_history/hpc_20260531/Machine Learning-Enabled Prediction and High-Throughput Screening of Polymer Membranes for Pervaporation Separation/GpyroHMC_TanimotoMatern32_Matern32_averageProduct.err"

source ~/.bashrc
conda activate /usr/local/usrapps/ddomlab/sdehgha2/env12
python ../train_structure_numerical.py --K_fp TanimotoMatern32                                         --K_count Matern32                                         --Kernel_mixing_method averageProduct                                         --dataset "cleaned_dataset_pervaporation_membranes_wang"                                         --paper "Machine Learning-Enabled Prediction and High-Throughput Screening of Polymer Membranes for Pervaporation Separation"                                         --regressor_type "GpyroHMC" 



------------------------------------------------------------

TERM_RUNLIMIT: job killed after reaching LSF run time limit.
Exited with exit code 140.

Resource usage summary:

    CPU time :                                   19038.00 sec.
    Max Memory :                                 1 GB
    Average Memory :                             1.00 GB
    Total Requested Memory :                     32.00 GB
    Delta Memory :                               31.00 GB
    Max Swap :                                   -
    Max Processes :                              4
    Max Threads :                                6
    Run time :                                   19121 sec.
    Turnaround time :                            19170 sec.

The output (if any) is above this job summary.



PS:

Read file </share/ddomlab/sdehgha2/working_space/GP_collab/results/HPC_history/hpc_20260531/Machine Learning-Enabled Prediction and High-Throughput Screening of Polymer Membranes for Pervaporation Separation/GpyroHMC_TanimotoMatern32_Matern32_averageProduct.err> for stderr output of this job.


------------------------------------------------------------
Sender: LSF System <lsfadmin@c017n03>
Subject: Job 359355: <structure_numerical_20260531> in cluster <Hazel> Exited

Job <structure_numerical_20260531> was submitted from host <c016n01> by user <sdehgha2> in cluster <Hazel> at Sun May 31 18:35:50 2026
Job was executed on host(s) <6*c017n03>, in queue <single_chassis>, as user <sdehgha2> in cluster <Hazel> at Sun May 31 18:41:41 2026
</home/sdehgha2> was used as the home directory.
</share/ddomlab/sdehgha2/working_space/GP_collab/code_python/training/hpc_submit_training_GP> was used as the working directory.
Started at Sun May 31 18:41:41 2026
Terminated at Sun May 31 23:38:35 2026
Results reported at Sun May 31 23:38:35 2026

Your job looked like:

------------------------------------------------------------
# LSBATCH: User input

#BSUB -n 6
#BSUB -W 5:40
#BSUB -R span[hosts=1]
#BSUB -R "rusage[mem=32GB]"
#BSUB -J "structure_numerical_20260531"
#BSUB -o "/share/ddomlab/sdehgha2/working_space/GP_collab/results/HPC_history/hpc_20260531/Machine Learning-Enabled Prediction and High-Throughput Screening of Polymer Membranes for Pervaporation Separation/GpyroHMC_TanimotoMatern32_Matern32_averageProduct.out"
#BSUB -e "/share/ddomlab/sdehgha2/working_space/GP_collab/results/HPC_history/hpc_20260531/Machine Learning-Enabled Prediction and High-Throughput Screening of Polymer Membranes for Pervaporation Separation/GpyroHMC_TanimotoMatern32_Matern32_averageProduct.err"

source ~/.bashrc
conda activate /usr/local/usrapps/ddomlab/sdehgha2/env12
python ../train_structure_numerical.py --K_fp TanimotoMatern32                                         --K_count Matern32                                         --Kernel_mixing_method averageProduct                                         --dataset "cleaned_dataset_pervaporation_membranes_wang"                                         --paper "Machine Learning-Enabled Prediction and High-Throughput Screening of Polymer Membranes for Pervaporation Separation"                                         --regressor_type "GpyroHMC" 



------------------------------------------------------------

TERM_RUNLIMIT: job killed after reaching LSF run time limit.
Exited with exit code 140.

Resource usage summary:

    CPU time :                                   17756.00 sec.
    Max Memory :                                 1 GB
    Average Memory :                             1.00 GB
    Total Requested Memory :                     32.00 GB
    Delta Memory :                               31.00 GB
    Max Swap :                                   -
    Max Processes :                              4
    Max Threads :                                6
    Run time :                                   17844 sec.
    Turnaround time :                            18165 sec.

The output (if any) is above this job summary.



PS:

Read file </share/ddomlab/sdehgha2/working_space/GP_collab/results/HPC_history/hpc_20260531/Machine Learning-Enabled Prediction and High-Throughput Screening of Polymer Membranes for Pervaporation Separation/GpyroHMC_TanimotoMatern32_Matern32_averageProduct.err> for stderr output of this job.

