Running seed: 6
Running seed: 13
Running seed: 42
Average scores:	 rmse: 0.26±0.05	 r2: 0.8±0.07
Filename: (ECFP3_count_512-COUNT)_(GPytorchMAP_TanimotoRBF-Matern52_sum)_hypOFF_Standard_Standard_GPU

------------------------------------------------------------
Sender: LSF System <lsfadmin@gpu26>
Subject: Job 237396: <structure_numerical_20260519> in cluster <Hazel> Done

Job <structure_numerical_20260519> was submitted from host <gpu26> by user <sdehgha2> in cluster <Hazel> at Tue May 19 12:40:13 2026
Job was executed on host(s) <gpu26>, in queue <gpu>, as user <sdehgha2> in cluster <Hazel> at Tue May 19 12:40:43 2026
</home/sdehgha2> was used as the home directory.
</share/ddomlab/sdehgha2/working_space/GP_collab/code_python/training/hpc_submit_training_GP> was used as the working directory.
Started at Tue May 19 12:40:43 2026
Terminated at Tue May 19 12:44:03 2026
Results reported at Tue May 19 12:44:03 2026

Your job looked like:

------------------------------------------------------------
# LSBATCH: User input

#BSUB -n 1
#BSUB -W 10
#BSUB -q gpu
#BSUB -gpu "num=1:mode=shared:mps=no"
#BSUB -R "rusage[mem=16GB]"
#BSUB -J "structure_numerical_20260519"
#BSUB -o "/share/ddomlab/sdehgha2/working_space/GP_collab/results/HPC_history/hpc_20260519/Robust Learning from Literature Data_Model Generalizability and Uncertainty for Predicting Conjugated Polymer Solution Conformation/GPytorchMAP_TanimotoRBF_Matern52_sum_GPU.out"
#BSUB -e "/share/ddomlab/sdehgha2/working_space/GP_collab/results/HPC_history/hpc_20260519/Robust Learning from Literature Data_Model Generalizability and Uncertainty for Predicting Conjugated Polymer Solution Conformation/GPytorchMAP_TanimotoRBF_Matern52_sum_GPU.err"

source ~/.bashrc
module load cuda/12.1
module load gcc/9.3.0
conda activate /usr/local/usrapps/ddomlab/sdehgha2/env12

python ../train_structure_numerical.py --K_fp TanimotoRBF                                         --K_count Matern52                                         --Kernel_mixing_method sum                                         --dataset "Rg data with clusters aging imputed"                                         --paper "Robust Learning from Literature Data_Model Generalizability and Uncertainty for Predicting Conjugated Polymer Solution Conformation" 


------------------------------------------------------------

Successfully completed.

Resource usage summary:

    CPU time :                                   144.44 sec.
    Max Memory :                                 1 GB
    Average Memory :                             0.75 GB
    Total Requested Memory :                     16.00 GB
    Delta Memory :                               15.00 GB
    Max Swap :                                   -
    Max Processes :                              4
    Max Threads :                                8
    Run time :                                   186 sec.
    Turnaround time :                            230 sec.

The output (if any) is above this job summary.



PS:

Read file </share/ddomlab/sdehgha2/working_space/GP_collab/results/HPC_history/hpc_20260519/Robust Learning from Literature Data_Model Generalizability and Uncertainty for Predicting Conjugated Polymer Solution Conformation/GPytorchMAP_TanimotoRBF_Matern52_sum_GPU.err> for stderr output of this job.

