Data filtering and preprocessing took 0.20 seconds.
Running seed: 6

------------------------------------------------------------
Sender: LSF System <lsfadmin@gpu15>
Subject: Job 994394: <structure_numerical_20260812> in cluster <Hazel> Exited

Job <structure_numerical_20260812> was submitted from host <gpu15> by user <sdehgha2> in cluster <Hazel> at Wed Aug 12 10:37:39 2026
Job was executed on host(s) <gpu15>, in queue <gpu>, as user <sdehgha2> in cluster <Hazel> at Wed Aug 12 11:21:35 2026
</home/sdehgha2> was used as the home directory.
</share/ddomlab/sdehgha2/working_space/GP_collab/code_python/training/hpc_submit_training_GP> was used as the working directory.
Started at Wed Aug 12 11:21:35 2026
Terminated at Wed Aug 12 11:24:09 2026
Results reported at Wed Aug 12 11:24:09 2026

Your job looked like:

------------------------------------------------------------
# LSBATCH: User input


#BSUB -n 1
#BSUB -W 30:30
#BSUB -q "gpu"
#BSUB -gpu "num=1:mode=shared:mps=no"
#BSUB -R "rusage[mem=32GB]"
#BSUB -R "select[a10 || a30 || a100 || l40 || h100]"
#BSUB -J "structure_numerical_20260812"
#BSUB -o "/share/ddomlab/sdehgha2/working_space/GP_collab/results/HPC_history/hpc_20260812/Beyond molecular structure_ critically assessing machine learning for designing organic photovoltaic materials and devices/GpyroHMC_TanimotoMatern32_Matern32_(count:+)x(fp:+)_GPU.out"
#BSUB -e "/share/ddomlab/sdehgha2/working_space/GP_collab/results/HPC_history/hpc_20260812/Beyond molecular structure_ critically assessing machine learning for designing organic photovoltaic materials and devices/GpyroHMC_TanimotoMatern32_Matern32_(count:+)x(fp:+)_GPU.err"

source ~/.bashrc
module load cuda/12.1
module load gcc/9.3.0
conda activate /usr/local/usrapps/ddomlab/sdehgha2/env12

python ../train_structure_numerical.py  --K_fp TanimotoMatern32                                         --K_count Matern32                                         --Kernel_mixing_method "(count:+)x(fp:+)"                                         --paper "Beyond molecular structure_ critically assessing machine learning for designing organic photovoltaic materials and devices"                                         --dataset "Beyond molecular structure_seifrid_imputed"                                         --regressor_type "GpyroHMC" 


------------------------------------------------------------

Exited with exit code 1.

Resource usage summary:

    CPU time :                                   122.01 sec.
    Max Memory :                                 1 GB
    Average Memory :                             0.71 GB
    Total Requested Memory :                     32.00 GB
    Delta Memory :                               31.00 GB
    Max Swap :                                   -
    Max Processes :                              5
    Max Threads :                                10
    Run time :                                   155 sec.
    Turnaround time :                            2790 sec.

The output (if any) is above this job summary.



PS:

Read file </share/ddomlab/sdehgha2/working_space/GP_collab/results/HPC_history/hpc_20260812/Beyond molecular structure_ critically assessing machine learning for designing organic photovoltaic materials and devices/GpyroHMC_TanimotoMatern32_Matern32_(count:+)x(fp:+)_GPU.err> for stderr output of this job.

