
------------------------------------------------------------
Sender: LSF System <lsfadmin@gpu16>
Subject: Job 328082: <mgk_missing_20261001_6> in cluster <Hazel> Done

Job <mgk_missing_20261001_6> was submitted from host <login02.hpc.ncsu.edu> by user <sdehgha2> in cluster <Hazel> at Thu Oct  1 11:46:52 2026
Job was executed on host(s) <2*gpu16>, in queue <gpu>, as user <sdehgha2> in cluster <Hazel> at Thu Oct  1 11:49:22 2026
</home/sdehgha2> was used as the home directory.
</share/ddomlab/sdehgha2/working_space/GP_collab/code_python/training/hpc_submit_training_GP> was used as the working directory.
Started at Thu Oct  1 11:49:22 2026
Terminated at Fri Oct  2 08:18:23 2026
Results reported at Fri Oct  2 08:18:23 2026

Your job looked like:

------------------------------------------------------------
# LSBATCH: User input
#BSUB -n 2
#BSUB -W 55:55
#BSUB -q gpu
#BSUB -gpu "num=1:mode=shared:mps=no"
#BSUB -R "rusage[mem=32GB]"
#BSUB -R "select[a10 || a30 || a100 || l40 || h100]"
#BSUB -J "mgk_missing_20261001_6"
#BSUB -o "/share/ddomlab/sdehgha2/working_space/GP_collab/results/HPC_history/hpc_20261001/Machine Learning for Polymer Design to Enhance Pervaporation-Based Organic Recovery/MGK_separation_data_imputed_RBF_sum_per_feature_GPU.out"
#BSUB -e "/share/ddomlab/sdehgha2/working_space/GP_collab/results/HPC_history/hpc_20261001/Machine Learning for Polymer Design to Enhance Pervaporation-Based Organic Recovery/MGK_separation_data_imputed_RBF_sum_per_feature_GPU.err"

source ~/.bashrc
module load cuda/12.1
module load gcc/9.3.0
conda activate /usr/local/usrapps/ddomlab/sdehgha2/env12

python ../train_structure_numerical.py --K_fp "Graph"                                       --K_count "RBF"                                       --Kernel_mixing_method "sum"                                       --paper "Machine Learning for Polymer Design to Enhance Pervaporation-Based Organic Recovery"                                       --dataset "separation_data_imputed"                                       --kernel_feature_mode "per_feature"                                       --regressor_type "MGK"

------------------------------------------------------------

Successfully completed.

Resource usage summary:

    CPU time :                                   73663.70 sec.
    Max Memory :                                 5 GB
    Average Memory :                             1.07 GB
    Total Requested Memory :                     32.00 GB
    Delta Memory :                               27.00 GB
    Max Swap :                                   -
    Max Processes :                              12
    Max Threads :                                18
    Run time :                                   73765 sec.
    Turnaround time :                            73891 sec.

The output (if any) is above this job summary.



PS:

Read file </share/ddomlab/sdehgha2/working_space/GP_collab/results/HPC_history/hpc_20261001/Machine Learning for Polymer Design to Enhance Pervaporation-Based Organic Recovery/MGK_separation_data_imputed_RBF_sum_per_feature_GPU.err> for stderr output of this job.

