
------------------------------------------------------------
Sender: LSF System <lsfadmin@gpu15>
Subject: Job 327412: <mgk_all_20260930_5> in cluster <Hazel> Exited

Job <mgk_all_20260930_5> was submitted from host <login01.hpc.ncsu.edu> by user <sdehgha2> in cluster <Hazel> at Wed Sep 30 23:58:03 2026
Job was executed on host(s) <gpu15>, in queue <gpu>, as user <sdehgha2> in cluster <Hazel> at Thu Oct  1 00:00:04 2026
</home/sdehgha2> was used as the home directory.
</share/ddomlab/sdehgha2/working_space/GP_collab/code_python/training/hpc_submit_training_GP> was used as the working directory.
Started at Thu Oct  1 00:00:04 2026
Terminated at Thu Oct  1 11:45:09 2026
Results reported at Thu Oct  1 11:45:09 2026

Your job looked like:

------------------------------------------------------------
# LSBATCH: User input
#BSUB -n 1
#BSUB -W 50:50
#BSUB -q gpu
#BSUB -gpu "num=1:mode=shared:mps=no"
#BSUB -R "rusage[mem=32GB]"
#BSUB -R "select[a10 || a30 || a100 || l40 || h100]"
#BSUB -J "mgk_all_20260930_5"
#BSUB -o "/share/ddomlab/sdehgha2/working_space/GP_collab/results/HPC_history/hpc_20260930/Beyond molecular structure_ critically assessing machine learning for designing organic photovoltaic materials and devices/MGK_Beyond_molecular_structure_seifrid_imputed_product_per_feature_Matern52_GPU.out"
#BSUB -e "/share/ddomlab/sdehgha2/working_space/GP_collab/results/HPC_history/hpc_20260930/Beyond molecular structure_ critically assessing machine learning for designing organic photovoltaic materials and devices/MGK_Beyond_molecular_structure_seifrid_imputed_product_per_feature_Matern52_GPU.err"

source ~/.bashrc
module load cuda/12.1
module load gcc/9.3.0
conda activate /usr/local/usrapps/ddomlab/sdehgha2/env12

python ../train_structure_numerical.py  --K_fp "Graph"                                         --K_count "Matern52"                                         --Kernel_mixing_method "product"                                         --paper "Beyond molecular structure_ critically assessing machine learning for designing organic photovoltaic materials and devices"                                         --dataset "Beyond molecular structure_seifrid_imputed"                                         --kernel_feature_mode "per_feature"                                         --regressor_type "MGK" 

------------------------------------------------------------

TERM_OWNER: job killed by owner.
Exited with signal termination: 2.

Resource usage summary:

    CPU time :                                   0.29 sec.
    Max Memory :                                 -
    Average Memory :                             -
    Total Requested Memory :                     32.00 GB
    Delta Memory :                               -
    Max Swap :                                   -
    Max Processes :                              1
    Max Threads :                                1
    Run time :                                   0 sec.
    Turnaround time :                            42426 sec.

The output (if any) is above this job summary.



PS:

Read file </share/ddomlab/sdehgha2/working_space/GP_collab/results/HPC_history/hpc_20260930/Beyond molecular structure_ critically assessing machine learning for designing organic photovoltaic materials and devices/MGK_Beyond_molecular_structure_seifrid_imputed_product_per_feature_Matern52_GPU.err> for stderr output of this job.

