Running seed: 6
Running seed: 13
Running seed: 42
Average scores:	 rmse: 0.37±0.03	 r2: 0.84±0.02
Filename: (ECFP3_count_512-COUNT)_(GPytorchMAP_Matern32-RBF_product)_hypOFF_Standard_Standard

------------------------------------------------------------
Sender: LSF System <lsfadmin@c031n01>
Subject: Job 256680: <structure_numerical_20260520> in cluster <Hazel> Done

Job <structure_numerical_20260520> was submitted from host <c033n01> by user <sdehgha2> in cluster <Hazel> at Wed May 20 10:20:31 2026
Job was executed on host(s) <6*c031n01>, in queue <single_chassis>, as user <sdehgha2> in cluster <Hazel> at Wed May 20 13:23:12 2026
</home/sdehgha2> was used as the home directory.
</share/ddomlab/sdehgha2/working_space/GP_collab/code_python/training/hpc_submit_training_GP> was used as the working directory.
Started at Wed May 20 13:23:12 2026
Terminated at Wed May 20 13:56:46 2026
Results reported at Wed May 20 13:56:46 2026

Your job looked like:

------------------------------------------------------------
# LSBATCH: User input

#BSUB -n 6
#BSUB -W 4:40
#BSUB -R span[hosts=1]
#BSUB -R "rusage[mem=32GB]"
#BSUB -J "structure_numerical_20260520"
#BSUB -o "/share/ddomlab/sdehgha2/working_space/GP_collab/results/HPC_history/hpc_20260520/Machine Learning for Polymer Design to Enhance Pervaporation-Based Organic Recovery/GPytorchMAP_Matern32_RBF_product.out"
#BSUB -e "/share/ddomlab/sdehgha2/working_space/GP_collab/results/HPC_history/hpc_20260520/Machine Learning for Polymer Design to Enhance Pervaporation-Based Organic Recovery/GPytorchMAP_Matern32_RBF_product.err"

source ~/.bashrc
conda activate /usr/local/usrapps/ddomlab/sdehgha2/env12
python ../train_structure_numerical.py --K_fp Matern32                                         --K_count RBF                                         --Kernel_mixing_method product                                         --dataset "separation_data_imputed"                                         --paper "Machine Learning for Polymer Design to Enhance Pervaporation-Based Organic Recovery" 


------------------------------------------------------------

Successfully completed.

Resource usage summary:

    CPU time :                                   9482.79 sec.
    Max Memory :                                 5 GB
    Average Memory :                             4.91 GB
    Total Requested Memory :                     32.00 GB
    Delta Memory :                               27.00 GB
    Max Swap :                                   -
    Max Processes :                              4
    Max Threads :                                14
    Run time :                                   2017 sec.
    Turnaround time :                            12975 sec.

The output (if any) is above this job summary.



PS:

Read file </share/ddomlab/sdehgha2/working_space/GP_collab/results/HPC_history/hpc_20260520/Machine Learning for Polymer Design to Enhance Pervaporation-Based Organic Recovery/GPytorchMAP_Matern32_RBF_product.err> for stderr output of this job.

