
------------------------------------------------------------
Sender: LSF System <lsfadmin@gpu15>
Subject: Job 323340: <gpmap_all_20260929_17> in cluster <Hazel> Exited

Job <gpmap_all_20260929_17> was submitted from host <login01.hpc.ncsu.edu> by user <sdehgha2> in cluster <Hazel> at Tue Sep 29 00:06:56 2026
Job was executed on host(s) <gpu15>, in queue <gpu>, as user <sdehgha2> in cluster <Hazel> at Tue Sep 29 00:16:14 2026
</home/sdehgha2> was used as the home directory.
</share/ddomlab/sdehgha2/working_space/GP_collab/code_python/training/hpc_submit_training_GP> was used as the working directory.
Started at Tue Sep 29 00:16:14 2026
Terminated at Tue Sep 29 00:16:14 2026
Results reported at Tue Sep 29 00:16:14 2026
Cannot open your job file: /home/sdehgha2/.lsbatch/1790654816.323340
Exited.


The output (if any) is above this job summary.



PS:

Read file </share/ddomlab/sdehgha2/working_space/GP_collab/results/HPC_history/hpc_20260929/Miniaturization of Popular Reactions from the Medicinal Chemists Toolbox for Ultrahigh_Throughput Experimentation/GPytorchMAP_cleaned_suzuki_synthesis_TanimotoMatern32_Matern32_sum_GPU.err> for stderr output of this job.

Data filtering and preprocessing took 0.05 seconds.
Running seed: 6
Running seed: 13
Running seed: 42
Running seed: 69
Running seed: 100
Average scores:	 rmse: 15.3±0.98	 r2: 0.76±0.03
Filename: (ECFP3_count_512-COUNT)_(GPytorchMAP_TanimotoMatern32-Matern32_sum)_hypOFF_Standard_Standard_unique_fp_permutation_GPU

------------------------------------------------------------
Sender: LSF System <lsfadmin@gpu15>
Subject: Job 323815: <gpmap_all_20260929_17> in cluster <Hazel> Done

Job <gpmap_all_20260929_17> was submitted from host <login03.hpc.ncsu.edu> by user <sdehgha2> in cluster <Hazel> at Tue Sep 29 09:43:18 2026
Job was executed on host(s) <gpu15>, in queue <gpu>, as user <sdehgha2> in cluster <Hazel> at Tue Sep 29 10:11:37 2026
</home/sdehgha2> was used as the home directory.
</share/ddomlab/sdehgha2/working_space/GP_collab/code_python/training/hpc_submit_training_GP> was used as the working directory.
Started at Tue Sep 29 10:11:37 2026
Terminated at Tue Sep 29 10:14:12 2026
Results reported at Tue Sep 29 10:14:12 2026

Your job looked like:

------------------------------------------------------------
# LSBATCH: User input
#BSUB -n 1
#BSUB -W 25:25
#BSUB -q gpu
#BSUB -gpu "num=1:mode=shared:mps=no"
#BSUB -R "rusage[mem=32GB]"
#BSUB -R "select[a10 || a30 || a100 || l40 || h100]"
#BSUB -J "gpmap_all_20260929_17"
#BSUB -o "/share/ddomlab/sdehgha2/working_space/GP_collab/results/HPC_history/hpc_20260929/Miniaturization of Popular Reactions from the Medicinal Chemists Toolbox for Ultrahigh_Throughput Experimentation/GPytorchMAP_cleaned_suzuki_synthesis_TanimotoMatern32_Matern32_sum_GPU.out"
#BSUB -e "/share/ddomlab/sdehgha2/working_space/GP_collab/results/HPC_history/hpc_20260929/Miniaturization of Popular Reactions from the Medicinal Chemists Toolbox for Ultrahigh_Throughput Experimentation/GPytorchMAP_cleaned_suzuki_synthesis_TanimotoMatern32_Matern32_sum_GPU.err"

source ~/.bashrc
module load cuda/12.1
module load gcc/9.3.0
conda activate /usr/local/usrapps/ddomlab/sdehgha2/env12

python ../train_structure_numerical.py --K_fp "TanimotoMatern32"                                         --K_count "Matern32"                                         --Kernel_mixing_method "sum"                                         --paper "Miniaturization of Popular Reactions from the Medicinal Chemists Toolbox for Ultrahigh_Throughput Experimentation"                                         --dataset "cleaned_suzuki_synthesis"                                         --regressor_type "GPytorchMAP"


------------------------------------------------------------

Successfully completed.

Resource usage summary:

    CPU time :                                   132.21 sec.
    Max Memory :                                 -
    Average Memory :                             -
    Total Requested Memory :                     32.00 GB
    Delta Memory :                               -
    Max Swap :                                   -
    Max Processes :                              -
    Max Threads :                                -
    Run time :                                   0 sec.
    Turnaround time :                            1854 sec.

The output (if any) is above this job summary.



PS:

Read file </share/ddomlab/sdehgha2/working_space/GP_collab/results/HPC_history/hpc_20260929/Miniaturization of Popular Reactions from the Medicinal Chemists Toolbox for Ultrahigh_Throughput Experimentation/GPytorchMAP_cleaned_suzuki_synthesis_TanimotoMatern32_Matern32_sum_GPU.err> for stderr output of this job.

Data filtering and preprocessing took 0.05 seconds.
Running seed: 42
Filename: (ECFP3_count_512-COUNT)_(GPytorchMAP_TanimotoMatern32-Matern32_sum)_hypOFF_Standard_Standard_GPU

------------------------------------------------------------
Sender: LSF System <lsfadmin@gpu16>
Subject: Job 324898: <gpmap_all_20260929_17> in cluster <Hazel> Done

Job <gpmap_all_20260929_17> was submitted from host <login03.hpc.ncsu.edu> by user <sdehgha2> in cluster <Hazel> at Tue Sep 29 16:51:21 2026
Job was executed on host(s) <gpu16>, in queue <gpu>, as user <sdehgha2> in cluster <Hazel> at Wed Sep 30 09:40:07 2026
</home/sdehgha2> was used as the home directory.
</share/ddomlab/sdehgha2/working_space/GP_collab/code_python/training/hpc_submit_training_GP> was used as the working directory.
Started at Wed Sep 30 09:40:07 2026
Terminated at Wed Sep 30 09:42:20 2026
Results reported at Wed Sep 30 09:42:20 2026

Your job looked like:

------------------------------------------------------------
# LSBATCH: User input
                
#BSUB -n 1
#BSUB -W 25:25
#BSUB -q gpu
#BSUB -gpu "num=1:mode=shared:mps=no"
#BSUB -R "rusage[mem=32GB]"
#BSUB -R "select[a10 || a30 || a100 || l40 || h100]"
#BSUB -J "gpmap_all_20260929_17"
#BSUB -o "/share/ddomlab/sdehgha2/working_space/GP_collab/results/HPC_history/hpc_20260929/Miniaturization of Popular Reactions from the Medicinal Chemists Toolbox for Ultrahigh_Throughput Experimentation/GPytorchMAP_cleaned_suzuki_synthesis_TanimotoMatern32_Matern32_sum_GPU.out"
#BSUB -e "/share/ddomlab/sdehgha2/working_space/GP_collab/results/HPC_history/hpc_20260929/Miniaturization of Popular Reactions from the Medicinal Chemists Toolbox for Ultrahigh_Throughput Experimentation/GPytorchMAP_cleaned_suzuki_synthesis_TanimotoMatern32_Matern32_sum_GPU.err"

source ~/.bashrc
module load cuda/12.1
module load gcc/9.3.0
conda activate /usr/local/usrapps/ddomlab/sdehgha2/env12

python ../train_structure_numerical.py --K_fp "TanimotoMatern32"                                         --K_count "Matern32"                                         --Kernel_mixing_method "sum"                                         --paper "Miniaturization of Popular Reactions from the Medicinal Chemists Toolbox for Ultrahigh_Throughput Experimentation"                                         --dataset "cleaned_suzuki_synthesis"                                         --regressor_type "GPytorchMAP"                                         --clustering_method "continuous_cluster"


------------------------------------------------------------

Successfully completed.

Resource usage summary:

    CPU time :                                   108.81 sec.
    Max Memory :                                 1 GB
    Average Memory :                             0.71 GB
    Total Requested Memory :                     32.00 GB
    Delta Memory :                               31.00 GB
    Max Swap :                                   -
    Max Processes :                              5
    Max Threads :                                9
    Run time :                                   133 sec.
    Turnaround time :                            60659 sec.

The output (if any) is above this job summary.



PS:

Read file </share/ddomlab/sdehgha2/working_space/GP_collab/results/HPC_history/hpc_20260929/Miniaturization of Popular Reactions from the Medicinal Chemists Toolbox for Ultrahigh_Throughput Experimentation/GPytorchMAP_cleaned_suzuki_synthesis_TanimotoMatern32_Matern32_sum_GPU.err> for stderr output of this job.

