Running seed: 6

------------------------------------------------------------
Sender: LSF System <lsfadmin@gpu12>
Subject: Job 337753: <structure_numerical_20260528> in cluster <Hazel> Exited

Job <structure_numerical_20260528> was submitted from host <gpu12> by user <sdehgha2> in cluster <Hazel> at Thu May 28 02:47:07 2026
Job was executed on host(s) <gpu12>, in queue <gpu>, as user <sdehgha2> in cluster <Hazel> at Thu May 28 02:47:09 2026
</home/sdehgha2> was used as the home directory.
</share/ddomlab/sdehgha2/working_space/GP_collab/code_python/training/hpc_submit_training_GP> was used as the working directory.
Started at Thu May 28 02:47:09 2026
Terminated at Thu May 28 02:47:45 2026
Results reported at Thu May 28 02:47:45 2026

Your job looked like:

------------------------------------------------------------
# LSBATCH: User input

#BSUB -n 1
#BSUB -W 8:50
#BSUB -q gpu
#BSUB -R "select[a10]"
#BSUB -gpu "num=1:mode=shared:mps=no"
#BSUB -R "rusage[mem=16GB]"
#BSUB -J "structure_numerical_20260528"
#BSUB -o "/share/ddomlab/sdehgha2/working_space/GP_collab/results/HPC_history/hpc_20260528/Understanding and Designing a High-Performance Ultrafiltration Membrane Using Machine Learning/GpyroHMC_TanimotoMatern32_Matern32_averageProduct_GPU.out"
#BSUB -e "/share/ddomlab/sdehgha2/working_space/GP_collab/results/HPC_history/hpc_20260528/Understanding and Designing a High-Performance Ultrafiltration Membrane Using Machine Learning/GpyroHMC_TanimotoMatern32_Matern32_averageProduct_GPU.err"

source ~/.bashrc
module load cuda/12.1
module load gcc/9.3.0
conda activate /usr/local/usrapps/ddomlab/sdehgha2/env12

python ../train_structure_numerical.py --K_fp TanimotoMatern32                                         --K_count Matern32                                         --Kernel_mixing_method averageProduct                                         --dataset "cleaned_dataset_Ultrafiltration Membrane"                                         --paper "Understanding and Designing a High-Performance Ultrafiltration Membrane Using Machine Learning"                                         --regressor_type "GpyroHMC" 



------------------------------------------------------------

Exited with exit code 1.

Resource usage summary:

    CPU time :                                   14.02 sec.
    Max Memory :                                 1 GB
    Average Memory :                             0.75 GB
    Total Requested Memory :                     16.00 GB
    Delta Memory :                               15.00 GB
    Max Swap :                                   -
    Max Processes :                              4
    Max Threads :                                8
    Run time :                                   34 sec.
    Turnaround time :                            38 sec.

The output (if any) is above this job summary.



PS:

Read file </share/ddomlab/sdehgha2/working_space/GP_collab/results/HPC_history/hpc_20260528/Understanding and Designing a High-Performance Ultrafiltration Membrane Using Machine Learning/GpyroHMC_TanimotoMatern32_Matern32_averageProduct_GPU.err> for stderr output of this job.

