Running seed: 6

------------------------------------------------------------
Sender: LSF System <lsfadmin@gpu01>
Subject: Job 301586: <structure_numerical_20260525> in cluster <Hazel> Exited

Job <structure_numerical_20260525> was submitted from host <gpu01> by user <sdehgha2> in cluster <Hazel> at Mon May 25 14:01:47 2026
Job was executed on host(s) <gpu01>, in queue <gpu>, as user <sdehgha2> in cluster <Hazel> at Mon May 25 14:09:39 2026
</home/sdehgha2> was used as the home directory.
</share/ddomlab/sdehgha2/working_space/GP_collab/code_python/training/hpc_submit_training_GP> was used as the working directory.
Started at Mon May 25 14:09:39 2026
Terminated at Mon May 25 14:10:01 2026
Results reported at Mon May 25 14:10:01 2026

Your job looked like:

------------------------------------------------------------
# LSBATCH: User input

#BSUB -n 1
#BSUB -W 30
#BSUB -q gpu
#BSUB -gpu "num=1:mode=shared:mps=no"
#BSUB -R "rusage[mem=16GB]"
#BSUB -J "structure_numerical_20260525"
#BSUB -o "/share/ddomlab/sdehgha2/working_space/GP_collab/results/HPC_history/hpc_20260525/Miniaturization of Popular Reactions from the Medicinal Chemists Toolbox for Ultrahigh_Throughput Experimentation/GPytorchMAP_Tanimoto_Matern52_averageProduct_GPU.out"
#BSUB -e "/share/ddomlab/sdehgha2/working_space/GP_collab/results/HPC_history/hpc_20260525/Miniaturization of Popular Reactions from the Medicinal Chemists Toolbox for Ultrahigh_Throughput Experimentation/GPytorchMAP_Tanimoto_Matern52_averageProduct_GPU.err"

source ~/.bashrc
module load cuda/12.1
module load gcc/9.3.0
conda activate /usr/local/usrapps/ddomlab/sdehgha2/env12

python ../train_structure_numerical.py --K_fp Tanimoto                                         --K_count Matern52                                         --Kernel_mixing_method averageProduct                                         --dataset "cleaned_suzuki_synthesis"                                         --paper "Miniaturization of Popular Reactions from the Medicinal Chemists Toolbox for Ultrahigh_Throughput Experimentation" 


------------------------------------------------------------

Exited with exit code 1.

Resource usage summary:

    CPU time :                                   10.08 sec.
    Max Memory :                                 -
    Average Memory :                             -
    Total Requested Memory :                     16.00 GB
    Delta Memory :                               -
    Max Swap :                                   -
    Max Processes :                              4
    Max Threads :                                5
    Run time :                                   22 sec.
    Turnaround time :                            494 sec.

The output (if any) is above this job summary.



PS:

Read file </share/ddomlab/sdehgha2/working_space/GP_collab/results/HPC_history/hpc_20260525/Miniaturization of Popular Reactions from the Medicinal Chemists Toolbox for Ultrahigh_Throughput Experimentation/GPytorchMAP_Tanimoto_Matern52_averageProduct_GPU.err> for stderr output of this job.

