
------------------------------------------------------------
Sender: LSF System <lsfadmin@gpu15>
Subject: Job 321410: <gpmap_all_20260928_10> in cluster <Hazel> Exited

Job <gpmap_all_20260928_10> was submitted from host <login01.hpc.ncsu.edu> by user <sdehgha2> in cluster <Hazel> at Mon Sep 28 11:45:29 2026
Job was executed on host(s) <gpu15>, in queue <gpu>, as user <sdehgha2> in cluster <Hazel> at Mon Sep 28 11:50:46 2026
</home/sdehgha2> was used as the home directory.
</share/ddomlab/sdehgha2/working_space/GP_collab/code_python/training/hpc_submit_training_GP> was used as the working directory.
Started at Mon Sep 28 11:50:46 2026
Terminated at Mon Sep 28 11:50:47 2026
Results reported at Mon Sep 28 11:50:47 2026
Cannot open your job file: /home/sdehgha2/.lsbatch/1790610329.321410
Exited.


The output (if any) is above this job summary.



PS:

Read file </share/ddomlab/sdehgha2/working_space/GP_collab/results/HPC_history/hpc_20260928/Machine Learning for Polymer Design to Enhance Pervaporation-Based Organic Recovery/GPytorchMAP_separation_data_imputed_TanimotoMatern32_Matern32_product_GPU.err> for stderr output of this job.


------------------------------------------------------------
Sender: LSF System <lsfadmin@gpu15>
Subject: Job 322290: <gpmap_all_20260928_10> in cluster <Hazel> Exited

Job <gpmap_all_20260928_10> was submitted from host <login01.hpc.ncsu.edu> by user <sdehgha2> in cluster <Hazel> at Mon Sep 28 18:23:10 2026
Job was executed on host(s) <gpu15>, in queue <gpu>, as user <sdehgha2> in cluster <Hazel> at Mon Sep 28 21:14:34 2026
</home/sdehgha2> was used as the home directory.
</share/ddomlab/sdehgha2/working_space/GP_collab/code_python/training/hpc_submit_training_GP> was used as the working directory.
Started at Mon Sep 28 21:14:34 2026
Terminated at Mon Sep 28 21:14:34 2026
Results reported at Mon Sep 28 21:14:34 2026
Cannot open your job file: /home/sdehgha2/.lsbatch/1790634190.322290
Exited.


The output (if any) is above this job summary.



PS:

Read file </share/ddomlab/sdehgha2/working_space/GP_collab/results/HPC_history/hpc_20260928/Machine Learning for Polymer Design to Enhance Pervaporation-Based Organic Recovery/GPytorchMAP_separation_data_imputed_TanimotoMatern32_Matern32_product_GPU.err> for stderr output of this job.

