
------------------------------------------------------------
Sender: LSF System <lsfadmin@gpu15>
Subject: Job 321772: <mgk_all_20260928_8> in cluster <Hazel> Exited

Job <mgk_all_20260928_8> was submitted from host <login01.hpc.ncsu.edu> by user <sdehgha2> in cluster <Hazel> at Mon Sep 28 13:28:36 2026
Job was executed on host(s) <gpu15>, in queue <short_gpu>, as user <sdehgha2> in cluster <Hazel> at Mon Sep 28 14:08:59 2026
</home/sdehgha2> was used as the home directory.
</share/ddomlab/sdehgha2/working_space/GP_collab/code_python/training/hpc_submit_training_GP> was used as the working directory.
Started at Mon Sep 28 14:08:59 2026
Terminated at Mon Sep 28 16:07:01 2026
Results reported at Mon Sep 28 16:07:01 2026

Your job looked like:

------------------------------------------------------------
# LSBATCH: User input
#BSUB -n 1
#BSUB -W 1:59
#BSUB -q short_gpu
#BSUB -gpu "num=1:mode=shared:mps=no"
#BSUB -R "rusage[mem=32GB]"
#BSUB -R "select[a10 || a30 || a100 || l40 || h100]"
#BSUB -J "mgk_all_20260928_8"
#BSUB -o "/share/ddomlab/sdehgha2/working_space/GP_collab/results/HPC_history/hpc_20260928/Machine Learning for Polymer Design to Enhance Pervaporation-Based Organic Recovery/MGK_flux_data_imputed_sum_per_feature_Matern32_GPU.out"
#BSUB -e "/share/ddomlab/sdehgha2/working_space/GP_collab/results/HPC_history/hpc_20260928/Machine Learning for Polymer Design to Enhance Pervaporation-Based Organic Recovery/MGK_flux_data_imputed_sum_per_feature_Matern32_GPU.err"

source ~/.bashrc
module load cuda/12.1
module load gcc/9.3.0
conda activate /usr/local/usrapps/ddomlab/sdehgha2/env12

python ../train_structure_numerical.py  --K_fp "Graph"                                         --K_count "Matern32"                                         --Kernel_mixing_method "sum"                                         --paper "Machine Learning for Polymer Design to Enhance Pervaporation-Based Organic Recovery"                                         --dataset "flux_data_imputed"                                         --kernel_feature_mode "per_feature"                                         --regressor_type "MGK"                                         --clustering_method "structure_cluster"

------------------------------------------------------------

TERM_RUNLIMIT: job killed after reaching LSF run time limit.
Exited with exit code 140.

Resource usage summary:

    CPU time :                                   7015.00 sec.
    Max Memory :                                 5 GB
    Average Memory :                             1.11 GB
    Total Requested Memory :                     32.00 GB
    Delta Memory :                               27.00 GB
    Max Swap :                                   -
    Max Processes :                              8
    Max Threads :                                14
    Run time :                                   7200 sec.
    Turnaround time :                            9505 sec.

The output (if any) is above this job summary.



PS:

Read file </share/ddomlab/sdehgha2/working_space/GP_collab/results/HPC_history/hpc_20260928/Machine Learning for Polymer Design to Enhance Pervaporation-Based Organic Recovery/MGK_flux_data_imputed_sum_per_feature_Matern32_GPU.err> for stderr output of this job.

MGK regressor, only scaling numerical features
Running seed: 42

------------------------------------------------------------
Sender: LSF System <lsfadmin@gpu15>
Subject: Job 322205: <mgk_all_20260928_8> in cluster <Hazel> Exited

Job <mgk_all_20260928_8> was submitted from host <login01.hpc.ncsu.edu> by user <sdehgha2> in cluster <Hazel> at Mon Sep 28 17:50:06 2026
Job was executed on host(s) <gpu15>, in queue <gpu>, as user <sdehgha2> in cluster <Hazel> at Mon Sep 28 18:20:54 2026
</home/sdehgha2> was used as the home directory.
</share/ddomlab/sdehgha2/working_space/GP_collab/code_python/training/hpc_submit_training_GP> was used as the working directory.
Started at Mon Sep 28 18:20:54 2026
Terminated at Mon Sep 28 18:23:10 2026
Results reported at Mon Sep 28 18:23:10 2026

Your job looked like:

------------------------------------------------------------
# LSBATCH: User input
#BSUB -n 1
#BSUB -W 30:30
#BSUB -q gpu
#BSUB -gpu "num=1:mode=shared:mps=no"
#BSUB -R "rusage[mem=32GB]"
#BSUB -R "select[a10 || a30 || a100 || l40 || h100]"
#BSUB -J "mgk_all_20260928_8"
#BSUB -o "/share/ddomlab/sdehgha2/working_space/GP_collab/results/HPC_history/hpc_20260928/Machine Learning for Polymer Design to Enhance Pervaporation-Based Organic Recovery/MGK_flux_data_imputed_sum_per_feature_Matern32_GPU.out"
#BSUB -e "/share/ddomlab/sdehgha2/working_space/GP_collab/results/HPC_history/hpc_20260928/Machine Learning for Polymer Design to Enhance Pervaporation-Based Organic Recovery/MGK_flux_data_imputed_sum_per_feature_Matern32_GPU.err"

source ~/.bashrc
module load cuda/12.1
module load gcc/9.3.0
conda activate /usr/local/usrapps/ddomlab/sdehgha2/env12

python ../train_structure_numerical.py  --K_fp "Graph"                                         --K_count "Matern32"                                         --Kernel_mixing_method "sum"                                         --paper "Machine Learning for Polymer Design to Enhance Pervaporation-Based Organic Recovery"                                         --dataset "flux_data_imputed"                                         --kernel_feature_mode "per_feature"                                         --regressor_type "MGK"                                         --clustering_method "structure_cluster"

------------------------------------------------------------

Exited with exit code 1.

Resource usage summary:

    CPU time :                                   109.48 sec.
    Max Memory :                                 2 GB
    Average Memory :                             1.50 GB
    Total Requested Memory :                     32.00 GB
    Delta Memory :                               30.00 GB
    Max Swap :                                   -
    Max Processes :                              12
    Max Threads :                                18
    Run time :                                   136 sec.
    Turnaround time :                            1984 sec.

The output (if any) is above this job summary.



PS:

Read file </share/ddomlab/sdehgha2/working_space/GP_collab/results/HPC_history/hpc_20260928/Machine Learning for Polymer Design to Enhance Pervaporation-Based Organic Recovery/MGK_flux_data_imputed_sum_per_feature_Matern32_GPU.err> for stderr output of this job.

