Data filtering and preprocessing took 0.33 seconds.
Running seed: 42
Filename: (ECFP3_count_512-COUNT)_RF_hypOFF_Standard_Standard

------------------------------------------------------------
Sender: LSF System <lsfadmin@c019n04>
Subject: Job 322221: <tree_selected_20260928_4> in cluster <Hazel> Done

Job <tree_selected_20260928_4> was submitted from host <login01.hpc.ncsu.edu> by user <sdehgha2> in cluster <Hazel> at Mon Sep 28 17:50:37 2026
Job was executed on host(s) <6*c019n04>, in queue <single_chassis>, as user <sdehgha2> in cluster <Hazel> at Mon Sep 28 17:59:13 2026
</home/sdehgha2> was used as the home directory.
</share/ddomlab/sdehgha2/working_space/GP_collab/code_python/training/hpc_submit_training_GP> was used as the working directory.
Started at Mon Sep 28 17:59:13 2026
Terminated at Mon Sep 28 18:05:03 2026
Results reported at Mon Sep 28 18:05:03 2026

Your job looked like:

------------------------------------------------------------
# LSBATCH: User input
#BSUB -n 6
#BSUB -W 5:00
#BSUB -R span[hosts=1]
#BSUB -R "rusage[mem=32GB]"
#BSUB -J "tree_selected_20260928_4"
#BSUB -o "/share/ddomlab/sdehgha2/working_space/GP_collab/results/HPC_history/hpc_20260928/Machine Learning for Polymer Design to Enhance Pervaporation-Based Organic Recovery/RF_separation_data_imputed_CPU.out"
#BSUB -e "/share/ddomlab/sdehgha2/working_space/GP_collab/results/HPC_history/hpc_20260928/Machine Learning for Polymer Design to Enhance Pervaporation-Based Organic Recovery/RF_separation_data_imputed_CPU.err"

source ~/.bashrc
conda activate /usr/local/usrapps/ddomlab/sdehgha2/env12

python ../train_structure_numerical.py --regressor_type "RF"                                         --dataset "separation_data_imputed"                                         --paper "Machine Learning for Polymer Design to Enhance Pervaporation-Based Organic Recovery"                                         --clustering_method "structure_cluster"

------------------------------------------------------------

Successfully completed.

Resource usage summary:

    CPU time :                                   1130.42 sec.
    Max Memory :                                 4 GB
    Average Memory :                             2.57 GB
    Total Requested Memory :                     32.00 GB
    Delta Memory :                               28.00 GB
    Max Swap :                                   -
    Max Processes :                              12
    Max Threads :                                15
    Run time :                                   350 sec.
    Turnaround time :                            866 sec.

The output (if any) is above this job summary.



PS:

Read file </share/ddomlab/sdehgha2/working_space/GP_collab/results/HPC_history/hpc_20260928/Machine Learning for Polymer Design to Enhance Pervaporation-Based Organic Recovery/RF_separation_data_imputed_CPU.err> for stderr output of this job.

Data filtering and preprocessing took 0.32 seconds.
Running seed: 42
Filename: (ECFP3_count_512-COUNT)_RF_hypOFF_Standard_Standard

------------------------------------------------------------
Sender: LSF System <lsfadmin@c019n04>
Subject: Job 322269: <tree_selected_20260928_7> in cluster <Hazel> Done

Job <tree_selected_20260928_7> was submitted from host <login01.hpc.ncsu.edu> by user <sdehgha2> in cluster <Hazel> at Mon Sep 28 18:22:48 2026
Job was executed on host(s) <6*c019n04>, in queue <single_chassis>, as user <sdehgha2> in cluster <Hazel> at Mon Sep 28 19:07:22 2026
</home/sdehgha2> was used as the home directory.
</share/ddomlab/sdehgha2/working_space/GP_collab/code_python/training/hpc_submit_training_GP> was used as the working directory.
Started at Mon Sep 28 19:07:22 2026
Terminated at Mon Sep 28 19:29:33 2026
Results reported at Mon Sep 28 19:29:33 2026

Your job looked like:

------------------------------------------------------------
# LSBATCH: User input
#BSUB -n 6
#BSUB -W 5:00
#BSUB -R span[hosts=1]
#BSUB -R "rusage[mem=32GB]"
#BSUB -J "tree_selected_20260928_7"
#BSUB -o "/share/ddomlab/sdehgha2/working_space/GP_collab/results/HPC_history/hpc_20260928/Machine Learning for Polymer Design to Enhance Pervaporation-Based Organic Recovery/RF_separation_data_imputed_CPU.out"
#BSUB -e "/share/ddomlab/sdehgha2/working_space/GP_collab/results/HPC_history/hpc_20260928/Machine Learning for Polymer Design to Enhance Pervaporation-Based Organic Recovery/RF_separation_data_imputed_CPU.err"

source ~/.bashrc
conda activate /usr/local/usrapps/ddomlab/sdehgha2/env12

python ../train_structure_numerical.py --regressor_type "RF"                                         --dataset "separation_data_imputed"                                         --paper "Machine Learning for Polymer Design to Enhance Pervaporation-Based Organic Recovery"                                         --clustering_method "continuous_cluster"

------------------------------------------------------------

Successfully completed.

Resource usage summary:

    CPU time :                                   6281.00 sec.
    Max Memory :                                 4 GB
    Average Memory :                             3.43 GB
    Total Requested Memory :                     32.00 GB
    Delta Memory :                               28.00 GB
    Max Swap :                                   -
    Max Processes :                              12
    Max Threads :                                24
    Run time :                                   1332 sec.
    Turnaround time :                            4005 sec.

The output (if any) is above this job summary.



PS:

Read file </share/ddomlab/sdehgha2/working_space/GP_collab/results/HPC_history/hpc_20260928/Machine Learning for Polymer Design to Enhance Pervaporation-Based Organic Recovery/RF_separation_data_imputed_CPU.err> for stderr output of this job.

