Data filtering and preprocessing took 0.31 seconds.
Running seed: 42
Filename: (ECFP3_count_512-COUNT)_XGBR_hypOFF_Standard_Standard

------------------------------------------------------------
Sender: LSF System <lsfadmin@c010n02>
Subject: Job 322219: <tree_selected_20260928_2> in cluster <Hazel> Done

Job <tree_selected_20260928_2> was submitted from host <login01.hpc.ncsu.edu> by user <sdehgha2> in cluster <Hazel> at Mon Sep 28 17:50:36 2026
Job was executed on host(s) <6*c010n02>, in queue <single_chassis>, as user <sdehgha2> in cluster <Hazel> at Mon Sep 28 17:50:39 2026
</home/sdehgha2> was used as the home directory.
</share/ddomlab/sdehgha2/working_space/GP_collab/code_python/training/hpc_submit_training_GP> was used as the working directory.
Started at Mon Sep 28 17:50:39 2026
Terminated at Mon Sep 28 17:51:59 2026
Results reported at Mon Sep 28 17:51:59 2026

Your job looked like:

------------------------------------------------------------
# LSBATCH: User input
#BSUB -n 6
#BSUB -W 5:00
#BSUB -R span[hosts=1]
#BSUB -R "rusage[mem=32GB]"
#BSUB -J "tree_selected_20260928_2"
#BSUB -o "/share/ddomlab/sdehgha2/working_space/GP_collab/results/HPC_history/hpc_20260928/Machine Learning for Polymer Design to Enhance Pervaporation-Based Organic Recovery/XGBR_flux_data_imputed_CPU.out"
#BSUB -e "/share/ddomlab/sdehgha2/working_space/GP_collab/results/HPC_history/hpc_20260928/Machine Learning for Polymer Design to Enhance Pervaporation-Based Organic Recovery/XGBR_flux_data_imputed_CPU.err"

source ~/.bashrc
conda activate /usr/local/usrapps/ddomlab/sdehgha2/env12

python ../train_structure_numerical.py --regressor_type "XGBR"                                         --dataset "flux_data_imputed"                                         --paper "Machine Learning for Polymer Design to Enhance Pervaporation-Based Organic Recovery"                                         --clustering_method "structure_cluster"

------------------------------------------------------------

Successfully completed.

Resource usage summary:

    CPU time :                                   190.41 sec.
    Max Memory :                                 4 GB
    Average Memory :                             1.20 GB
    Total Requested Memory :                     32.00 GB
    Delta Memory :                               28.00 GB
    Max Swap :                                   -
    Max Processes :                              12
    Max Threads :                                15
    Run time :                                   80 sec.
    Turnaround time :                            83 sec.

The output (if any) is above this job summary.



PS:

Read file </share/ddomlab/sdehgha2/working_space/GP_collab/results/HPC_history/hpc_20260928/Machine Learning for Polymer Design to Enhance Pervaporation-Based Organic Recovery/XGBR_flux_data_imputed_CPU.err> for stderr output of this job.

Data filtering and preprocessing took 0.29 seconds.
Running seed: 42
Filename: (ECFP3_count_512-COUNT)_XGBR_hypOFF_Standard_Standard

------------------------------------------------------------
Sender: LSF System <lsfadmin@c019n04>
Subject: Job 322267: <tree_selected_20260928_5> in cluster <Hazel> Done

Job <tree_selected_20260928_5> was submitted from host <login01.hpc.ncsu.edu> by user <sdehgha2> in cluster <Hazel> at Mon Sep 28 18:22:47 2026
Job was executed on host(s) <6*c019n04>, in queue <single_chassis>, as user <sdehgha2> in cluster <Hazel> at Mon Sep 28 18:56:20 2026
</home/sdehgha2> was used as the home directory.
</share/ddomlab/sdehgha2/working_space/GP_collab/code_python/training/hpc_submit_training_GP> was used as the working directory.
Started at Mon Sep 28 18:56:20 2026
Terminated at Mon Sep 28 18:59:32 2026
Results reported at Mon Sep 28 18:59:32 2026

Your job looked like:

------------------------------------------------------------
# LSBATCH: User input
#BSUB -n 6
#BSUB -W 5:00
#BSUB -R span[hosts=1]
#BSUB -R "rusage[mem=32GB]"
#BSUB -J "tree_selected_20260928_5"
#BSUB -o "/share/ddomlab/sdehgha2/working_space/GP_collab/results/HPC_history/hpc_20260928/Machine Learning for Polymer Design to Enhance Pervaporation-Based Organic Recovery/XGBR_flux_data_imputed_CPU.out"
#BSUB -e "/share/ddomlab/sdehgha2/working_space/GP_collab/results/HPC_history/hpc_20260928/Machine Learning for Polymer Design to Enhance Pervaporation-Based Organic Recovery/XGBR_flux_data_imputed_CPU.err"

source ~/.bashrc
conda activate /usr/local/usrapps/ddomlab/sdehgha2/env12

python ../train_structure_numerical.py --regressor_type "XGBR"                                         --dataset "flux_data_imputed"                                         --paper "Machine Learning for Polymer Design to Enhance Pervaporation-Based Organic Recovery"                                         --clustering_method "continuous_cluster"

------------------------------------------------------------

Successfully completed.

Resource usage summary:

    CPU time :                                   861.27 sec.
    Max Memory :                                 4 GB
    Average Memory :                             2.33 GB
    Total Requested Memory :                     32.00 GB
    Delta Memory :                               28.00 GB
    Max Swap :                                   -
    Max Processes :                              12
    Max Threads :                                15
    Run time :                                   192 sec.
    Turnaround time :                            2205 sec.

The output (if any) is above this job summary.



PS:

Read file </share/ddomlab/sdehgha2/working_space/GP_collab/results/HPC_history/hpc_20260928/Machine Learning for Polymer Design to Enhance Pervaporation-Based Organic Recovery/XGBR_flux_data_imputed_CPU.err> for stderr output of this job.

