Running seed: 6
No hyperparameter optimization
Running seed: 6
No hyperparameter optimization
Running seed: 13
No hyperparameter optimization
Running seed: 13
No hyperparameter optimization
Running seed: 42
No hyperparameter optimization
Running seed: 42
No hyperparameter optimization
Average scores:	 rmse: 0.54±0.02	 r2: 0.66±0.02
Filename: (ECFP3_count_512-COUNT)_(GPytorchMAP_TanimotoMatern32-RBF_sum)_hypOFF_Standard_Standard

------------------------------------------------------------
Sender: LSF System <lsfadmin@c062n02>
Subject: Job 958544: <structure_numerical_20260114> in cluster <Hazel> Done

Job <structure_numerical_20260114> was submitted from host <c030n02> by user <sdehgha2> in cluster <Hazel> at Wed Jan 14 10:21:45 2026
Job was executed on host(s) <6*c062n02>, in queue <short>, as user <sdehgha2> in cluster <Hazel> at Wed Jan 14 10:21:46 2026
</tmp/.lsbtmp404534> was used as the home directory.
</share/ddomlab/sdehgha2/working-space/main/_colab_GP/GP_collab/code_python/training/hpc_submit_training_GP> was used as the working directory.
Started at Wed Jan 14 10:21:46 2026
Terminated at Wed Jan 14 12:05:13 2026
Results reported at Wed Jan 14 12:05:13 2026

Your job looked like:

------------------------------------------------------------
# LSBATCH: User input



#BSUB -n 6
#BSUB -W 2:00
#BSUB -R span[hosts=1]
#BSUB -R "rusage[mem=32GB]"
#BSUB -J "structure_numerical_20260114"
#BSUB -o "/share/ddomlab/sdehgha2/working-space/main/_colab_GP/GP_collab/results/HPC_history/hpc_20260114/Machine Learning for Polymer Design to Enhance Pervaporation-Based Organic Recovery/GPytorchMAP_TanimotoMatern32_RBF_sum.out"
#BSUB -e "/share/ddomlab/sdehgha2/working-space/main/_colab_GP/GP_collab/results/HPC_history/hpc_20260114/Machine Learning for Polymer Design to Enhance Pervaporation-Based Organic Recovery/GPytorchMAP_TanimotoMatern32_RBF_sum.err"

source ~/.bashrc
conda activate /usr/local/usrapps/ddomlab/sdehgha2/torch_cpu
python ../train_structure_numerical.py --K_fp TanimotoMatern32                                         --K_count RBF                                         --Kernel_mixing_method sum                                         --paper "Machine Learning for Polymer Design to Enhance Pervaporation-Based Organic Recovery"                                         --dataset "separation_data_imputed" 

------------------------------------------------------------

Successfully completed.

Resource usage summary:

    CPU time :                                   30431.00 sec.
    Max Memory :                                 39 GB
    Average Memory :                             23.97 GB
    Total Requested Memory :                     32.00 GB
    Delta Memory :                               -7.00 GB
    Max Swap :                                   -
    Max Processes :                              70
    Max Threads :                                73
    Run time :                                   6216 sec.
    Turnaround time :                            6208 sec.

The output (if any) is above this job summary.



PS:

Read file </share/ddomlab/sdehgha2/working-space/main/_colab_GP/GP_collab/results/HPC_history/hpc_20260114/Machine Learning for Polymer Design to Enhance Pervaporation-Based Organic Recovery/GPytorchMAP_TanimotoMatern32_RBF_sum.err> for stderr output of this job.

Average scores:	 rmse: 0.39±0.02	 r2: 0.72±0.03
Filename: (ECFP3_count_512-COUNT)_(GPytorchMAP_TanimotoMatern32-RBF_sum)_hypOFF_Standard_Standard

------------------------------------------------------------
Sender: LSF System <lsfadmin@c026n01>
Subject: Job 958609: <structure_numerical_20260114> in cluster <Hazel> Done

Job <structure_numerical_20260114> was submitted from host <n0361> by user <sdehgha2> in cluster <Hazel> at Wed Jan 14 10:23:58 2026
Job was executed on host(s) <6*c026n01>, in queue <short>, as user <sdehgha2> in cluster <Hazel> at Wed Jan 14 10:23:58 2026
</tmp/.lsbtmp404534> was used as the home directory.
</share/ddomlab/sdehgha2/working-space/main/_colab_GP/GP_collab/code_python/training/hpc_submit_training_GP> was used as the working directory.
Started at Wed Jan 14 10:23:58 2026
Terminated at Wed Jan 14 12:21:26 2026
Results reported at Wed Jan 14 12:21:26 2026

Your job looked like:

------------------------------------------------------------
# LSBATCH: User input



#BSUB -n 6
#BSUB -W 2:00
#BSUB -R span[hosts=1]
#BSUB -R "rusage[mem=32GB]"
#BSUB -J "structure_numerical_20260114"
#BSUB -o "/share/ddomlab/sdehgha2/working-space/main/_colab_GP/GP_collab/results/HPC_history/hpc_20260114/Machine Learning for Polymer Design to Enhance Pervaporation-Based Organic Recovery/GPytorchMAP_TanimotoMatern32_RBF_sum.out"
#BSUB -e "/share/ddomlab/sdehgha2/working-space/main/_colab_GP/GP_collab/results/HPC_history/hpc_20260114/Machine Learning for Polymer Design to Enhance Pervaporation-Based Organic Recovery/GPytorchMAP_TanimotoMatern32_RBF_sum.err"

source ~/.bashrc
conda activate /usr/local/usrapps/ddomlab/sdehgha2/torch_cpu
python ../train_structure_numerical.py --K_fp TanimotoMatern32                                         --K_count RBF                                         --Kernel_mixing_method sum                                         --paper "Machine Learning for Polymer Design to Enhance Pervaporation-Based Organic Recovery"                                         --dataset "flux_data_imputed" 

------------------------------------------------------------

Successfully completed.

Resource usage summary:

    CPU time :                                   34550.08 sec.
    Max Memory :                                 36 GB
    Average Memory :                             21.65 GB
    Total Requested Memory :                     32.00 GB
    Delta Memory :                               -4.00 GB
    Max Swap :                                   -
    Max Processes :                              38
    Max Threads :                                41
    Run time :                                   7075 sec.
    Turnaround time :                            7048 sec.

The output (if any) is above this job summary.



PS:

Read file </share/ddomlab/sdehgha2/working-space/main/_colab_GP/GP_collab/results/HPC_history/hpc_20260114/Machine Learning for Polymer Design to Enhance Pervaporation-Based Organic Recovery/GPytorchMAP_TanimotoMatern32_RBF_sum.err> for stderr output of this job.

Running seed: 6
No hyperparameter optimization
Running seed: 13
No hyperparameter optimization
Running seed: 42
No hyperparameter optimization
Average scores:	 rmse: 0.39±0.02	 r2: 0.72±0.03
Filename: (ECFP3_count_512-COUNT)_(GPytorchMAP_TanimotoMatern32-RBF_sum)_hypOFF_Standard_Standard

------------------------------------------------------------
Sender: LSF System <lsfadmin@c202n14>
Subject: Job 965042: <structure_numerical_20260114> in cluster <Hazel> Done

Job <structure_numerical_20260114> was submitted from host <c203n08> by user <sdehgha2> in cluster <Hazel> at Wed Jan 14 14:55:23 2026
Job was executed on host(s) <6*c202n14>, in queue <single_chassis>, as user <sdehgha2> in cluster <Hazel> at Wed Jan 14 14:55:26 2026
</tmp/.lsbtmp404534> was used as the home directory.
</share/ddomlab/sdehgha2/working-space/main/_colab_GP/GP_collab/code_python/training/hpc_submit_training_GP> was used as the working directory.
Started at Wed Jan 14 14:55:26 2026
Terminated at Wed Jan 14 17:58:02 2026
Results reported at Wed Jan 14 17:58:02 2026

Your job looked like:

------------------------------------------------------------
# LSBATCH: User input



#BSUB -n 6
#BSUB -W 10:00
#BSUB -R span[hosts=1]
#BSUB -R "rusage[mem=32GB]"
#BSUB -J "structure_numerical_20260114"
#BSUB -o "/share/ddomlab/sdehgha2/working-space/main/_colab_GP/GP_collab/results/HPC_history/hpc_20260114/Machine Learning for Polymer Design to Enhance Pervaporation-Based Organic Recovery/GPytorchMAP_TanimotoMatern32_RBF_sum.out"
#BSUB -e "/share/ddomlab/sdehgha2/working-space/main/_colab_GP/GP_collab/results/HPC_history/hpc_20260114/Machine Learning for Polymer Design to Enhance Pervaporation-Based Organic Recovery/GPytorchMAP_TanimotoMatern32_RBF_sum.err"

source ~/.bashrc
conda activate /usr/local/usrapps/ddomlab/sdehgha2/torch_cpu
python ../train_structure_numerical.py --K_fp TanimotoMatern32                                         --K_count RBF                                         --Kernel_mixing_method sum                                         --paper "Machine Learning for Polymer Design to Enhance Pervaporation-Based Organic Recovery"                                         --dataset "flux_data_imputed" 

------------------------------------------------------------

Successfully completed.

Resource usage summary:

    CPU time :                                   51909.05 sec.
    Max Memory :                                 34 GB
    Average Memory :                             21.35 GB
    Total Requested Memory :                     32.00 GB
    Delta Memory :                               -2.00 GB
    Max Swap :                                   -
    Max Processes :                              30
    Max Threads :                                33
    Run time :                                   10972 sec.
    Turnaround time :                            10959 sec.

The output (if any) is above this job summary.



PS:

Read file </share/ddomlab/sdehgha2/working-space/main/_colab_GP/GP_collab/results/HPC_history/hpc_20260114/Machine Learning for Polymer Design to Enhance Pervaporation-Based Organic Recovery/GPytorchMAP_TanimotoMatern32_RBF_sum.err> for stderr output of this job.

