Running seed: 6
No hyperparameter optimization
Running seed: 6
No hyperparameter optimization
Running seed: 13
No hyperparameter optimization
Running seed: 13
No hyperparameter optimization
Running seed: 42
No hyperparameter optimization
Running seed: 42
No hyperparameter optimization

------------------------------------------------------------
Sender: LSF System <lsfadmin@c033n02>
Subject: Job 958543: <structure_numerical_20260114> in cluster <Hazel> Exited

Job <structure_numerical_20260114> was submitted from host <c030n02> by user <sdehgha2> in cluster <Hazel> at Wed Jan 14 10:21:45 2026
Job was executed on host(s) <6*c033n02>, in queue <short>, as user <sdehgha2> in cluster <Hazel> at Wed Jan 14 10:21:45 2026
</tmp/.lsbtmp404534> was used as the home directory.
</share/ddomlab/sdehgha2/working-space/main/_colab_GP/GP_collab/code_python/training/hpc_submit_training_GP> was used as the working directory.
Started at Wed Jan 14 10:21:45 2026
Terminated at Wed Jan 14 12:21:48 2026
Results reported at Wed Jan 14 12:21:48 2026

Your job looked like:

------------------------------------------------------------
# LSBATCH: User input



#BSUB -n 6
#BSUB -W 2:00
#BSUB -R span[hosts=1]
#BSUB -R "rusage[mem=32GB]"
#BSUB -J "structure_numerical_20260114"
#BSUB -o "/share/ddomlab/sdehgha2/working-space/main/_colab_GP/GP_collab/results/HPC_history/hpc_20260114/Machine Learning for Polymer Design to Enhance Pervaporation-Based Organic Recovery/GPytorchMAP_TanimotoRBF_Matern52_sum.out"
#BSUB -e "/share/ddomlab/sdehgha2/working-space/main/_colab_GP/GP_collab/results/HPC_history/hpc_20260114/Machine Learning for Polymer Design to Enhance Pervaporation-Based Organic Recovery/GPytorchMAP_TanimotoRBF_Matern52_sum.err"

source ~/.bashrc
conda activate /usr/local/usrapps/ddomlab/sdehgha2/torch_cpu
python ../train_structure_numerical.py --K_fp TanimotoRBF                                         --K_count Matern52                                         --Kernel_mixing_method sum                                         --paper "Machine Learning for Polymer Design to Enhance Pervaporation-Based Organic Recovery"                                         --dataset "separation_data_imputed" 

------------------------------------------------------------

TERM_RUNLIMIT: job killed after reaching LSF run time limit.
Exited with exit code 140.

Resource usage summary:

    CPU time :                                   34851.00 sec.
    Max Memory :                                 38 GB
    Average Memory :                             23.19 GB
    Total Requested Memory :                     32.00 GB
    Delta Memory :                               -6.00 GB
    Max Swap :                                   -
    Max Processes :                              38
    Max Threads :                                41
    Run time :                                   7206 sec.
    Turnaround time :                            7203 sec.

The output (if any) is above this job summary.



PS:

Read file </share/ddomlab/sdehgha2/working-space/main/_colab_GP/GP_collab/results/HPC_history/hpc_20260114/Machine Learning for Polymer Design to Enhance Pervaporation-Based Organic Recovery/GPytorchMAP_TanimotoRBF_Matern52_sum.err> for stderr output of this job.


------------------------------------------------------------
Sender: LSF System <lsfadmin@c036n01>
Subject: Job 958608: <structure_numerical_20260114> in cluster <Hazel> Exited

Job <structure_numerical_20260114> was submitted from host <n0361> by user <sdehgha2> in cluster <Hazel> at Wed Jan 14 10:23:57 2026
Job was executed on host(s) <6*c036n01>, in queue <short>, as user <sdehgha2> in cluster <Hazel> at Wed Jan 14 10:23:58 2026
</tmp/.lsbtmp404534> was used as the home directory.
</share/ddomlab/sdehgha2/working-space/main/_colab_GP/GP_collab/code_python/training/hpc_submit_training_GP> was used as the working directory.
Started at Wed Jan 14 10:23:58 2026
Terminated at Wed Jan 14 12:24:20 2026
Results reported at Wed Jan 14 12:24:20 2026

Your job looked like:

------------------------------------------------------------
# LSBATCH: User input



#BSUB -n 6
#BSUB -W 2:00
#BSUB -R span[hosts=1]
#BSUB -R "rusage[mem=32GB]"
#BSUB -J "structure_numerical_20260114"
#BSUB -o "/share/ddomlab/sdehgha2/working-space/main/_colab_GP/GP_collab/results/HPC_history/hpc_20260114/Machine Learning for Polymer Design to Enhance Pervaporation-Based Organic Recovery/GPytorchMAP_TanimotoRBF_Matern52_sum.out"
#BSUB -e "/share/ddomlab/sdehgha2/working-space/main/_colab_GP/GP_collab/results/HPC_history/hpc_20260114/Machine Learning for Polymer Design to Enhance Pervaporation-Based Organic Recovery/GPytorchMAP_TanimotoRBF_Matern52_sum.err"

source ~/.bashrc
conda activate /usr/local/usrapps/ddomlab/sdehgha2/torch_cpu
python ../train_structure_numerical.py --K_fp TanimotoRBF                                         --K_count Matern52                                         --Kernel_mixing_method sum                                         --paper "Machine Learning for Polymer Design to Enhance Pervaporation-Based Organic Recovery"                                         --dataset "flux_data_imputed" 

------------------------------------------------------------

TERM_RUNLIMIT: job killed after reaching LSF run time limit.
Exited with exit code 140.

Resource usage summary:

    CPU time :                                   35454.00 sec.
    Max Memory :                                 34 GB
    Average Memory :                             21.13 GB
    Total Requested Memory :                     32.00 GB
    Delta Memory :                               -2.00 GB
    Max Swap :                                   -
    Max Processes :                              38
    Max Threads :                                41
    Run time :                                   7223 sec.
    Turnaround time :                            7223 sec.

The output (if any) is above this job summary.



PS:

Read file </share/ddomlab/sdehgha2/working-space/main/_colab_GP/GP_collab/results/HPC_history/hpc_20260114/Machine Learning for Polymer Design to Enhance Pervaporation-Based Organic Recovery/GPytorchMAP_TanimotoRBF_Matern52_sum.err> for stderr output of this job.

