Running seed: 6
No hyperparameter optimization
Running seed: 6
No hyperparameter optimization
Running seed: 13
No hyperparameter optimization
Running seed: 13
No hyperparameter optimization
Running seed: 42
No hyperparameter optimization
Running seed: 42
No hyperparameter optimization
Average scores:	 rmse: 0.34±0.03	 r2: 0.87±0.02
Filename: (ECFP3_count_512-COUNT)_(GPytorchMAP_TanimotoRBF-RBF_product)_hypOFF_Standard_Standard

------------------------------------------------------------
Sender: LSF System <lsfadmin@n0353>
Subject: Job 958562: <structure_numerical_20260114> in cluster <Hazel> Done

Job <structure_numerical_20260114> was submitted from host <c030n02> by user <sdehgha2> in cluster <Hazel> at Wed Jan 14 10:21:56 2026
Job was executed on host(s) <6*n0353>, in queue <short>, as user <sdehgha2> in cluster <Hazel> at Wed Jan 14 10:22:02 2026
</tmp/.lsbtmp404534> was used as the home directory.
</share/ddomlab/sdehgha2/working-space/main/_colab_GP/GP_collab/code_python/training/hpc_submit_training_GP> was used as the working directory.
Started at Wed Jan 14 10:22:02 2026
Terminated at Wed Jan 14 11:35:21 2026
Results reported at Wed Jan 14 11:35:21 2026

Your job looked like:

------------------------------------------------------------
# LSBATCH: User input



#BSUB -n 6
#BSUB -W 2:00
#BSUB -R span[hosts=1]
#BSUB -R "rusage[mem=32GB]"
#BSUB -J "structure_numerical_20260114"
#BSUB -o "/share/ddomlab/sdehgha2/working-space/main/_colab_GP/GP_collab/results/HPC_history/hpc_20260114/Machine Learning for Polymer Design to Enhance Pervaporation-Based Organic Recovery/GPytorchMAP_TanimotoRBF_RBF_product.out"
#BSUB -e "/share/ddomlab/sdehgha2/working-space/main/_colab_GP/GP_collab/results/HPC_history/hpc_20260114/Machine Learning for Polymer Design to Enhance Pervaporation-Based Organic Recovery/GPytorchMAP_TanimotoRBF_RBF_product.err"

source ~/.bashrc
conda activate /usr/local/usrapps/ddomlab/sdehgha2/torch_cpu
python ../train_structure_numerical.py --K_fp TanimotoRBF                                         --K_count RBF                                         --Kernel_mixing_method product                                         --paper "Machine Learning for Polymer Design to Enhance Pervaporation-Based Organic Recovery"                                         --dataset "separation_data_imputed" 

------------------------------------------------------------

Successfully completed.

Resource usage summary:

    CPU time :                                   21403.17 sec.
    Max Memory :                                 39 GB
    Average Memory :                             24.63 GB
    Total Requested Memory :                     32.00 GB
    Delta Memory :                               -7.00 GB
    Max Swap :                                   -
    Max Processes :                              70
    Max Threads :                                73
    Run time :                                   4414 sec.
    Turnaround time :                            4405 sec.

The output (if any) is above this job summary.



PS:

Read file </share/ddomlab/sdehgha2/working-space/main/_colab_GP/GP_collab/results/HPC_history/hpc_20260114/Machine Learning for Polymer Design to Enhance Pervaporation-Based Organic Recovery/GPytorchMAP_TanimotoRBF_RBF_product.err> for stderr output of this job.

Average scores:	 rmse: 0.27±0.02	 r2: 0.86±0.02
Filename: (ECFP3_count_512-COUNT)_(GPytorchMAP_TanimotoRBF-RBF_product)_hypOFF_Standard_Standard

------------------------------------------------------------
Sender: LSF System <lsfadmin@n0377>
Subject: Job 958628: <structure_numerical_20260114> in cluster <Hazel> Done

Job <structure_numerical_20260114> was submitted from host <n0361> by user <sdehgha2> in cluster <Hazel> at Wed Jan 14 10:24:12 2026
Job was executed on host(s) <6*n0377>, in queue <short>, as user <sdehgha2> in cluster <Hazel> at Wed Jan 14 10:24:19 2026
</tmp/.lsbtmp404534> was used as the home directory.
</share/ddomlab/sdehgha2/working-space/main/_colab_GP/GP_collab/code_python/training/hpc_submit_training_GP> was used as the working directory.
Started at Wed Jan 14 10:24:19 2026
Terminated at Wed Jan 14 11:47:31 2026
Results reported at Wed Jan 14 11:47:31 2026

Your job looked like:

------------------------------------------------------------
# LSBATCH: User input



#BSUB -n 6
#BSUB -W 2:00
#BSUB -R span[hosts=1]
#BSUB -R "rusage[mem=32GB]"
#BSUB -J "structure_numerical_20260114"
#BSUB -o "/share/ddomlab/sdehgha2/working-space/main/_colab_GP/GP_collab/results/HPC_history/hpc_20260114/Machine Learning for Polymer Design to Enhance Pervaporation-Based Organic Recovery/GPytorchMAP_TanimotoRBF_RBF_product.out"
#BSUB -e "/share/ddomlab/sdehgha2/working-space/main/_colab_GP/GP_collab/results/HPC_history/hpc_20260114/Machine Learning for Polymer Design to Enhance Pervaporation-Based Organic Recovery/GPytorchMAP_TanimotoRBF_RBF_product.err"

source ~/.bashrc
conda activate /usr/local/usrapps/ddomlab/sdehgha2/torch_cpu
python ../train_structure_numerical.py --K_fp TanimotoRBF                                         --K_count RBF                                         --Kernel_mixing_method product                                         --paper "Machine Learning for Polymer Design to Enhance Pervaporation-Based Organic Recovery"                                         --dataset "flux_data_imputed" 

------------------------------------------------------------

Successfully completed.

Resource usage summary:

    CPU time :                                   23478.00 sec.
    Max Memory :                                 36 GB
    Average Memory :                             21.87 GB
    Total Requested Memory :                     32.00 GB
    Delta Memory :                               -4.00 GB
    Max Swap :                                   -
    Max Processes :                              70
    Max Threads :                                73
    Run time :                                   5015 sec.
    Turnaround time :                            4999 sec.

The output (if any) is above this job summary.



PS:

Read file </share/ddomlab/sdehgha2/working-space/main/_colab_GP/GP_collab/results/HPC_history/hpc_20260114/Machine Learning for Polymer Design to Enhance Pervaporation-Based Organic Recovery/GPytorchMAP_TanimotoRBF_RBF_product.err> for stderr output of this job.

Running seed: 6
No hyperparameter optimization
Running seed: 13
No hyperparameter optimization
Running seed: 42
No hyperparameter optimization
Average scores:	 rmse: 0.27±0.02	 r2: 0.86±0.02
Filename: (ECFP3_count_512-COUNT)_(GPytorchMAP_TanimotoRBF-RBF_product)_hypOFF_Standard_Standard

------------------------------------------------------------
Sender: LSF System <lsfadmin@c005n03>
Subject: Job 965061: <structure_numerical_20260114> in cluster <Hazel> Done

Job <structure_numerical_20260114> was submitted from host <c203n08> by user <sdehgha2> in cluster <Hazel> at Wed Jan 14 14:55:30 2026
Job was executed on host(s) <6*c005n03>, in queue <single_chassis>, as user <sdehgha2> in cluster <Hazel> at Wed Jan 14 15:32:51 2026
</tmp/.lsbtmp404534> was used as the home directory.
</share/ddomlab/sdehgha2/working-space/main/_colab_GP/GP_collab/code_python/training/hpc_submit_training_GP> was used as the working directory.
Started at Wed Jan 14 15:32:51 2026
Terminated at Wed Jan 14 17:34:42 2026
Results reported at Wed Jan 14 17:34:42 2026

Your job looked like:

------------------------------------------------------------
# LSBATCH: User input



#BSUB -n 6
#BSUB -W 10:00
#BSUB -R span[hosts=1]
#BSUB -R "rusage[mem=32GB]"
#BSUB -J "structure_numerical_20260114"
#BSUB -o "/share/ddomlab/sdehgha2/working-space/main/_colab_GP/GP_collab/results/HPC_history/hpc_20260114/Machine Learning for Polymer Design to Enhance Pervaporation-Based Organic Recovery/GPytorchMAP_TanimotoRBF_RBF_product.out"
#BSUB -e "/share/ddomlab/sdehgha2/working-space/main/_colab_GP/GP_collab/results/HPC_history/hpc_20260114/Machine Learning for Polymer Design to Enhance Pervaporation-Based Organic Recovery/GPytorchMAP_TanimotoRBF_RBF_product.err"

source ~/.bashrc
conda activate /usr/local/usrapps/ddomlab/sdehgha2/torch_cpu
python ../train_structure_numerical.py --K_fp TanimotoRBF                                         --K_count RBF                                         --Kernel_mixing_method product                                         --paper "Machine Learning for Polymer Design to Enhance Pervaporation-Based Organic Recovery"                                         --dataset "flux_data_imputed" 

------------------------------------------------------------

Successfully completed.

Resource usage summary:

    CPU time :                                   35426.01 sec.
    Max Memory :                                 35 GB
    Average Memory :                             22.02 GB
    Total Requested Memory :                     32.00 GB
    Delta Memory :                               -3.00 GB
    Max Swap :                                   10 GB
    Max Processes :                              38
    Max Threads :                                41
    Run time :                                   7311 sec.
    Turnaround time :                            9552 sec.

The output (if any) is above this job summary.



PS:

Read file </share/ddomlab/sdehgha2/working-space/main/_colab_GP/GP_collab/results/HPC_history/hpc_20260114/Machine Learning for Polymer Design to Enhance Pervaporation-Based Organic Recovery/GPytorchMAP_TanimotoRBF_RBF_product.err> for stderr output of this job.

