Running seed: 6
No hyperparameter optimization
Running seed: 13
No hyperparameter optimization
Running seed: 6
No hyperparameter optimization
Running seed: 42
No hyperparameter optimization
Running seed: 13
No hyperparameter optimization
Average scores:	 rmse: 0.34±0.03	 r2: 0.86±0.02
Filename: (ECFP3_count_512-COUNT)_(GPytorchMAP_Matern52-Matern52_product)_hypOFF_Standard_Standard

------------------------------------------------------------
Sender: LSF System <lsfadmin@n0365>
Subject: Job 958582: <structure_numerical_20260114> in cluster <Hazel> Done

Job <structure_numerical_20260114> was submitted from host <c030n02> by user <sdehgha2> in cluster <Hazel> at Wed Jan 14 10:22:08 2026
Job was executed on host(s) <6*n0365>, in queue <short>, as user <sdehgha2> in cluster <Hazel> at Wed Jan 14 10:22:50 2026
</tmp/.lsbtmp404534> was used as the home directory.
</share/ddomlab/sdehgha2/working-space/main/_colab_GP/GP_collab/code_python/training/hpc_submit_training_GP> was used as the working directory.
Started at Wed Jan 14 10:22:50 2026
Terminated at Wed Jan 14 10:47:33 2026
Results reported at Wed Jan 14 10:47:33 2026

Your job looked like:

------------------------------------------------------------
# LSBATCH: User input



#BSUB -n 6
#BSUB -W 2:00
#BSUB -R span[hosts=1]
#BSUB -R "rusage[mem=32GB]"
#BSUB -J "structure_numerical_20260114"
#BSUB -o "/share/ddomlab/sdehgha2/working-space/main/_colab_GP/GP_collab/results/HPC_history/hpc_20260114/Machine Learning for Polymer Design to Enhance Pervaporation-Based Organic Recovery/GPytorchMAP_Matern52_Matern52_product.out"
#BSUB -e "/share/ddomlab/sdehgha2/working-space/main/_colab_GP/GP_collab/results/HPC_history/hpc_20260114/Machine Learning for Polymer Design to Enhance Pervaporation-Based Organic Recovery/GPytorchMAP_Matern52_Matern52_product.err"

source ~/.bashrc
conda activate /usr/local/usrapps/ddomlab/sdehgha2/torch_cpu
python ../train_structure_numerical.py --K_fp Matern52                                         --K_count Matern52                                         --Kernel_mixing_method product                                         --paper "Machine Learning for Polymer Design to Enhance Pervaporation-Based Organic Recovery"                                         --dataset "separation_data_imputed" 

------------------------------------------------------------

Successfully completed.

Resource usage summary:

    CPU time :                                   6881.00 sec.
    Max Memory :                                 17 GB
    Average Memory :                             9.79 GB
    Total Requested Memory :                     32.00 GB
    Delta Memory :                               15.00 GB
    Max Swap :                                   -
    Max Processes :                              70
    Max Threads :                                73
    Run time :                                   1510 sec.
    Turnaround time :                            1525 sec.

The output (if any) is above this job summary.



PS:

Read file </share/ddomlab/sdehgha2/working-space/main/_colab_GP/GP_collab/results/HPC_history/hpc_20260114/Machine Learning for Polymer Design to Enhance Pervaporation-Based Organic Recovery/GPytorchMAP_Matern52_Matern52_product.err> for stderr output of this job.

Running seed: 42
No hyperparameter optimization
Average scores:	 rmse: 0.27±0.02	 r2: 0.87±0.02
Filename: (ECFP3_count_512-COUNT)_(GPytorchMAP_Matern52-Matern52_product)_hypOFF_Standard_Standard

------------------------------------------------------------
Sender: LSF System <lsfadmin@c023n03>
Subject: Job 958648: <structure_numerical_20260114> in cluster <Hazel> Done

Job <structure_numerical_20260114> was submitted from host <n0361> by user <sdehgha2> in cluster <Hazel> at Wed Jan 14 10:24:24 2026
Job was executed on host(s) <6*c023n03>, in queue <short>, as user <sdehgha2> in cluster <Hazel> at Wed Jan 14 10:33:33 2026
</tmp/.lsbtmp404534> was used as the home directory.
</share/ddomlab/sdehgha2/working-space/main/_colab_GP/GP_collab/code_python/training/hpc_submit_training_GP> was used as the working directory.
Started at Wed Jan 14 10:33:33 2026
Terminated at Wed Jan 14 11:13:06 2026
Results reported at Wed Jan 14 11:13:06 2026

Your job looked like:

------------------------------------------------------------
# LSBATCH: User input



#BSUB -n 6
#BSUB -W 2:00
#BSUB -R span[hosts=1]
#BSUB -R "rusage[mem=32GB]"
#BSUB -J "structure_numerical_20260114"
#BSUB -o "/share/ddomlab/sdehgha2/working-space/main/_colab_GP/GP_collab/results/HPC_history/hpc_20260114/Machine Learning for Polymer Design to Enhance Pervaporation-Based Organic Recovery/GPytorchMAP_Matern52_Matern52_product.out"
#BSUB -e "/share/ddomlab/sdehgha2/working-space/main/_colab_GP/GP_collab/results/HPC_history/hpc_20260114/Machine Learning for Polymer Design to Enhance Pervaporation-Based Organic Recovery/GPytorchMAP_Matern52_Matern52_product.err"

source ~/.bashrc
conda activate /usr/local/usrapps/ddomlab/sdehgha2/torch_cpu
python ../train_structure_numerical.py --K_fp Matern52                                         --K_count Matern52                                         --Kernel_mixing_method product                                         --paper "Machine Learning for Polymer Design to Enhance Pervaporation-Based Organic Recovery"                                         --dataset "flux_data_imputed" 

------------------------------------------------------------

Successfully completed.

Resource usage summary:

    CPU time :                                   11459.00 sec.
    Max Memory :                                 8 GB
    Average Memory :                             6.25 GB
    Total Requested Memory :                     32.00 GB
    Delta Memory :                               24.00 GB
    Max Swap :                                   -
    Max Processes :                              38
    Max Threads :                                41
    Run time :                                   2393 sec.
    Turnaround time :                            2922 sec.

The output (if any) is above this job summary.



PS:

Read file </share/ddomlab/sdehgha2/working-space/main/_colab_GP/GP_collab/results/HPC_history/hpc_20260114/Machine Learning for Polymer Design to Enhance Pervaporation-Based Organic Recovery/GPytorchMAP_Matern52_Matern52_product.err> for stderr output of this job.

