Running seed: 6
No hyperparameter optimization
Running seed: 6
No hyperparameter optimization
Running seed: 13
No hyperparameter optimization
Running seed: 13
No hyperparameter optimization
Running seed: 42
No hyperparameter optimization
Running seed: 42
No hyperparameter optimization
Average scores:	 rmse: 0.39±0.02	 r2: 0.72±0.03
Filename: (ECFP3_count_512-COUNT)_(GPytorchMAP_RBF-RBF_sum)_hypOFF_Standard_Standard

------------------------------------------------------------
Sender: LSF System <lsfadmin@n0369>
Subject: Job 958618: <structure_numerical_20260114> in cluster <Hazel> Done

Job <structure_numerical_20260114> was submitted from host <n0361> by user <sdehgha2> in cluster <Hazel> at Wed Jan 14 10:24:05 2026
Job was executed on host(s) <6*n0369>, in queue <short>, as user <sdehgha2> in cluster <Hazel> at Wed Jan 14 10:24:15 2026
</tmp/.lsbtmp404534> was used as the home directory.
</share/ddomlab/sdehgha2/working-space/main/_colab_GP/GP_collab/code_python/training/hpc_submit_training_GP> was used as the working directory.
Started at Wed Jan 14 10:24:15 2026
Terminated at Wed Jan 14 10:41:51 2026
Results reported at Wed Jan 14 10:41:51 2026

Your job looked like:

------------------------------------------------------------
# LSBATCH: User input



#BSUB -n 6
#BSUB -W 2:00
#BSUB -R span[hosts=1]
#BSUB -R "rusage[mem=32GB]"
#BSUB -J "structure_numerical_20260114"
#BSUB -o "/share/ddomlab/sdehgha2/working-space/main/_colab_GP/GP_collab/results/HPC_history/hpc_20260114/Machine Learning for Polymer Design to Enhance Pervaporation-Based Organic Recovery/GPytorchMAP_RBF_RBF_sum.out"
#BSUB -e "/share/ddomlab/sdehgha2/working-space/main/_colab_GP/GP_collab/results/HPC_history/hpc_20260114/Machine Learning for Polymer Design to Enhance Pervaporation-Based Organic Recovery/GPytorchMAP_RBF_RBF_sum.err"

source ~/.bashrc
conda activate /usr/local/usrapps/ddomlab/sdehgha2/torch_cpu
python ../train_structure_numerical.py --K_fp RBF                                         --K_count RBF                                         --Kernel_mixing_method sum                                         --paper "Machine Learning for Polymer Design to Enhance Pervaporation-Based Organic Recovery"                                         --dataset "flux_data_imputed" 

------------------------------------------------------------

Successfully completed.

Resource usage summary:

    CPU time :                                   4734.00 sec.
    Max Memory :                                 9 GB
    Average Memory :                             6.24 GB
    Total Requested Memory :                     32.00 GB
    Delta Memory :                               23.00 GB
    Max Swap :                                   -
    Max Processes :                              70
    Max Threads :                                73
    Run time :                                   1060 sec.
    Turnaround time :                            1066 sec.

The output (if any) is above this job summary.



PS:

Read file </share/ddomlab/sdehgha2/working-space/main/_colab_GP/GP_collab/results/HPC_history/hpc_20260114/Machine Learning for Polymer Design to Enhance Pervaporation-Based Organic Recovery/GPytorchMAP_RBF_RBF_sum.err> for stderr output of this job.

Average scores:	 rmse: 0.54±0.02	 r2: 0.66±0.02
Filename: (ECFP3_count_512-COUNT)_(GPytorchMAP_RBF-RBF_sum)_hypOFF_Standard_Standard

------------------------------------------------------------
Sender: LSF System <lsfadmin@c003n04>
Subject: Job 958553: <structure_numerical_20260114> in cluster <Hazel> Done

Job <structure_numerical_20260114> was submitted from host <c030n02> by user <sdehgha2> in cluster <Hazel> at Wed Jan 14 10:21:51 2026
Job was executed on host(s) <6*c003n04>, in queue <short>, as user <sdehgha2> in cluster <Hazel> at Wed Jan 14 10:21:52 2026
</tmp/.lsbtmp404534> was used as the home directory.
</share/ddomlab/sdehgha2/working-space/main/_colab_GP/GP_collab/code_python/training/hpc_submit_training_GP> was used as the working directory.
Started at Wed Jan 14 10:21:52 2026
Terminated at Wed Jan 14 10:43:07 2026
Results reported at Wed Jan 14 10:43:07 2026

Your job looked like:

------------------------------------------------------------
# LSBATCH: User input



#BSUB -n 6
#BSUB -W 2:00
#BSUB -R span[hosts=1]
#BSUB -R "rusage[mem=32GB]"
#BSUB -J "structure_numerical_20260114"
#BSUB -o "/share/ddomlab/sdehgha2/working-space/main/_colab_GP/GP_collab/results/HPC_history/hpc_20260114/Machine Learning for Polymer Design to Enhance Pervaporation-Based Organic Recovery/GPytorchMAP_RBF_RBF_sum.out"
#BSUB -e "/share/ddomlab/sdehgha2/working-space/main/_colab_GP/GP_collab/results/HPC_history/hpc_20260114/Machine Learning for Polymer Design to Enhance Pervaporation-Based Organic Recovery/GPytorchMAP_RBF_RBF_sum.err"

source ~/.bashrc
conda activate /usr/local/usrapps/ddomlab/sdehgha2/torch_cpu
python ../train_structure_numerical.py --K_fp RBF                                         --K_count RBF                                         --Kernel_mixing_method sum                                         --paper "Machine Learning for Polymer Design to Enhance Pervaporation-Based Organic Recovery"                                         --dataset "separation_data_imputed" 

------------------------------------------------------------

Successfully completed.

Resource usage summary:

    CPU time :                                   5984.39 sec.
    Max Memory :                                 8 GB
    Average Memory :                             5.95 GB
    Total Requested Memory :                     32.00 GB
    Delta Memory :                               24.00 GB
    Max Swap :                                   -
    Max Processes :                              38
    Max Threads :                                41
    Run time :                                   1282 sec.
    Turnaround time :                            1276 sec.

The output (if any) is above this job summary.



PS:

Read file </share/ddomlab/sdehgha2/working-space/main/_colab_GP/GP_collab/results/HPC_history/hpc_20260114/Machine Learning for Polymer Design to Enhance Pervaporation-Based Organic Recovery/GPytorchMAP_RBF_RBF_sum.err> for stderr output of this job.

