Data filtering and preprocessing took 0.04 seconds.
Running seed: 6
Running seed: 13
Running seed: 42
Running seed: 69
Running seed: 100
Average scores:	 rmse: 76.72±10.08	 r2: 0.76±0.05
Filename: (ECFP3_count_512-COUNT)_(GPytorchMAP_TanimotoMatern32-Matern32_(count:+)x(fp:+))_hypOFF_Standard_Standard_unique_fp_permutation_GPU
Data filtering and preprocessing took 0.02 seconds.
Running seed: 6
Running seed: 13
Running seed: 42
Running seed: 69
Running seed: 100
Average scores:	 rmse: 9.73±1.09	 r2: 0.64±0.11
Filename: (ECFP3_count_512-COUNT)_(GPytorchMAP_TanimotoMatern32-Matern32_(count:+)x(fp:+))_hypOFF_Standard_Standard_unique_fp_permutation_GPU
Data filtering and preprocessing took 0.02 seconds.
Running seed: 6
Running seed: 13
Running seed: 42
Running seed: 69
Running seed: 100
Average scores:	 rmse: 9.91±1.09	 r2: 0.73±0.07
Filename: (ECFP3_count_512-COUNT)_(GPytorchMAP_TanimotoMatern32-Matern32_(count:+)x(fp:+))_hypOFF_Standard_Standard_unique_fp_permutation_GPU
Data filtering and preprocessing took 0.02 seconds.
Running seed: 6
Running seed: 13
Running seed: 42
Running seed: 69
Running seed: 100
Average scores:	 rmse: 8.4±1.04	 r2: 0.56±0.09
Filename: (ECFP3_count_512-COUNT)_(GPytorchMAP_TanimotoMatern32-Matern32_(count:+)x(fp:+))_hypOFF_Standard_Standard_unique_fp_permutation_GPU
Data filtering and preprocessing took 0.02 seconds.
Running seed: 6
Running seed: 13
Running seed: 42
Running seed: 69
Running seed: 100
Average scores:	 rmse: 10.31±1.27	 r2: 0.72±0.07
Filename: (ECFP3_count_512-COUNT)_(GPytorchMAP_TanimotoMatern32-Matern32_(count:+)x(fp:+))_hypOFF_Standard_Standard_unique_fp_permutation_GPU
Data filtering and preprocessing took 0.02 seconds.
Running seed: 6
Running seed: 13
Running seed: 42
Running seed: 69
Running seed: 100
Average scores:	 rmse: 8.4±1.04	 r2: 0.56±0.09
Filename: (ECFP3_count_512-COUNT)_(GPytorchMAP_TanimotoMatern32-Matern32_(count:+)x(fp:+))_hypOFF_Standard_Standard_unique_fp_permutation_GPU

------------------------------------------------------------
Sender: LSF System <lsfadmin@gpu16>
Subject: Job 327468: <gpmap_missing_20261001_1> in cluster <Hazel> Done

Job <gpmap_missing_20261001_1> was submitted from host <login01.hpc.ncsu.edu> by user <sdehgha2> in cluster <Hazel> at Thu Oct  1 00:09:14 2026
Job was executed on host(s) <gpu16>, in queue <gpu>, as user <sdehgha2> in cluster <Hazel> at Thu Oct  1 11:45:21 2026
</home/sdehgha2> was used as the home directory.
</share/ddomlab/sdehgha2/working_space/GP_collab/code_python/training/hpc_submit_training_GP> was used as the working directory.
Started at Thu Oct  1 11:45:21 2026
Terminated at Thu Oct  1 13:41:17 2026
Results reported at Thu Oct  1 13:41:17 2026

Your job looked like:

------------------------------------------------------------
# LSBATCH: User input
#BSUB -n 1
#BSUB -W 30:20
#BSUB -q gpu
#BSUB -gpu "num=1:mode=shared:mps=no"
#BSUB -R "rusage[mem=32GB]"
#BSUB -R "select[a10 || a30 || a100 || l40 || h100]"
#BSUB -J "gpmap_missing_20261001_1"
#BSUB -o "/share/ddomlab/sdehgha2/working_space/GP_collab/results/HPC_history/hpc_20261001/Understanding and Designing a High-Performance Ultrafiltration Membrane Using Machine Learning/GPytorchMAP_cleaned_dataset_Ultrafiltration Membrane_imputed_TanimotoMatern32_Matern32_(count:+)x(fp:+)_GPU.out"
#BSUB -e "/share/ddomlab/sdehgha2/working_space/GP_collab/results/HPC_history/hpc_20261001/Understanding and Designing a High-Performance Ultrafiltration Membrane Using Machine Learning/GPytorchMAP_cleaned_dataset_Ultrafiltration Membrane_imputed_TanimotoMatern32_Matern32_(count:+)x(fp:+)_GPU.err"

source ~/.bashrc
module load cuda/12.1
module load gcc/9.3.0
conda activate /usr/local/usrapps/ddomlab/sdehgha2/env12

python ../train_structure_numerical_v2.py --K_fp "TanimotoMatern32"                                         --K_count "Matern32"                                         --Kernel_mixing_method "(count:+)x(fp:+)"                                         --paper "Understanding and Designing a High-Performance Ultrafiltration Membrane Using Machine Learning"                                         --dataset "cleaned_dataset_Ultrafiltration Membrane_imputed"                                         --regressor_type "GPytorchMAP"

------------------------------------------------------------

Successfully completed.

Resource usage summary:

    CPU time :                                   6912.90 sec.
    Max Memory :                                 1 GB
    Average Memory :                             1.00 GB
    Total Requested Memory :                     32.00 GB
    Delta Memory :                               31.00 GB
    Max Swap :                                   -
    Max Processes :                              4
    Max Threads :                                9
    Run time :                                   6956 sec.
    Turnaround time :                            48723 sec.

The output (if any) is above this job summary.



PS:

Read file </share/ddomlab/sdehgha2/working_space/GP_collab/results/HPC_history/hpc_20261001/Understanding and Designing a High-Performance Ultrafiltration Membrane Using Machine Learning/GPytorchMAP_cleaned_dataset_Ultrafiltration Membrane_imputed_TanimotoMatern32_Matern32_(count:+)x(fp:+)_GPU.err> for stderr output of this job.

