Running seed: 6

------------------------------------------------------------
Sender: LSF System <lsfadmin@gpu14>
Subject: Job 301742: <structure_numerical_20260525> in cluster <Hazel> Exited

Job <structure_numerical_20260525> was submitted from host <gpu13> by user <sdehgha2> in cluster <Hazel> at Mon May 25 14:33:42 2026
Job was executed on host(s) <gpu14>, in queue <gpu>, as user <sdehgha2> in cluster <Hazel> at Mon May 25 14:45:41 2026
</home/sdehgha2> was used as the home directory.
</share/ddomlab/sdehgha2/working_space/GP_collab/code_python/training/hpc_submit_training_GP> was used as the working directory.
Started at Mon May 25 14:45:41 2026
Terminated at Mon May 25 14:46:47 2026
Results reported at Mon May 25 14:46:47 2026

Your job looked like:

------------------------------------------------------------
# LSBATCH: User input

#BSUB -n 1
#BSUB -W 30
#BSUB -q gpu
#BSUB -gpu "num=1:mode=shared:mps=no"
#BSUB -R "rusage[mem=16GB]"
#BSUB -J "structure_numerical_20260525"
#BSUB -o "/share/ddomlab/sdehgha2/working_space/GP_collab/results/HPC_history/hpc_20260525/Beyond molecular structure_ critically assessing machine learning for designing organic photovoltaic materials and devices/GPytorchMAP_TanimotoRBF_RBF_averageProduct_GPU.out"
#BSUB -e "/share/ddomlab/sdehgha2/working_space/GP_collab/results/HPC_history/hpc_20260525/Beyond molecular structure_ critically assessing machine learning for designing organic photovoltaic materials and devices/GPytorchMAP_TanimotoRBF_RBF_averageProduct_GPU.err"

source ~/.bashrc
module load cuda/12.1
module load gcc/9.3.0
conda activate /usr/local/usrapps/ddomlab/sdehgha2/env12

python ../train_structure_numerical.py --K_fp TanimotoRBF                                         --K_count RBF                                         --Kernel_mixing_method averageProduct                                         --dataset "Beyond molecular structure_seifrid_imputed"                                         --paper "Beyond molecular structure_ critically assessing machine learning for designing organic photovoltaic materials and devices" 


------------------------------------------------------------

Exited with exit code 1.

Resource usage summary:

    CPU time :                                   24.73 sec.
    Max Memory :                                 1 GB
    Average Memory :                             0.60 GB
    Total Requested Memory :                     16.00 GB
    Delta Memory :                               15.00 GB
    Max Swap :                                   -
    Max Processes :                              4
    Max Threads :                                8
    Run time :                                   72 sec.
    Turnaround time :                            785 sec.

The output (if any) is above this job summary.



PS:

Read file </share/ddomlab/sdehgha2/working_space/GP_collab/results/HPC_history/hpc_20260525/Beyond molecular structure_ critically assessing machine learning for designing organic photovoltaic materials and devices/GPytorchMAP_TanimotoRBF_RBF_averageProduct_GPU.err> for stderr output of this job.

