
------------------------------------------------------------
Sender: LSF System <lsfadmin@gpu16>
Subject: Job 137934: <structure_numerical_20260826_GpyroHMC_CPU> in cluster <Hazel> Exited

Job <structure_numerical_20260826_GpyroHMC_CPU> was submitted from host <login01.hpc.ncsu.edu> by user <sdehgha2> in cluster <Hazel> at Wed Aug 26 21:46:00 2026
Job was executed on host(s) <4*gpu16>, in queue <gpu>, as user <sdehgha2> in cluster <Hazel> at Wed Aug 26 21:47:01 2026
</home/sdehgha2> was used as the home directory.
</share/ddomlab/sdehgha2/working_space/GP_collab/code_python/training/hpc_submit_training_GP> was used as the working directory.
Started at Wed Aug 26 21:47:01 2026
Terminated at Wed Aug 26 21:47:39 2026
Results reported at Wed Aug 26 21:47:39 2026

Your job looked like:

------------------------------------------------------------
# LSBATCH: User input


#BSUB -n 4
#BSUB -W 40:50
#BSUB -q gpu
#BSUB -gpu "num=1:mode=shared:mps=no"
#BSUB -R "rusage[mem=32GB]"
#BSUB -J "structure_numerical_20260826_GpyroHMC_CPU"
#BSUB -o "/share/ddomlab/sdehgha2/working_space/GP_collab/results/HPC_history/hpc_20260826/Machine Learning for Polymer Design to Enhance Pervaporation-Based Organic Recovery/GpyroHMC_TanimotoRBF_Matern52_sum_CPU.out"
#BSUB -e "/share/ddomlab/sdehgha2/working_space/GP_collab/results/HPC_history/hpc_20260826/Machine Learning for Polymer Design to Enhance Pervaporation-Based Organic Recovery/GpyroHMC_TanimotoRBF_Matern52_sum_CPU.err"

source ~/.bashrc
conda activate /usr/local/usrapps/ddomlab/sdehgha2/env12

python ../train_structure_numerical.py  --K_fp TanimotoRBF                                         --K_count Matern52                                         --Kernel_mixing_method "sum"                                         --paper "Machine Learning for Polymer Design to Enhance Pervaporation-Based Organic Recovery"                                         --dataset "flux_data_imputed"                                         --regressor_type "GpyroHMC" 


------------------------------------------------------------

TERM_OWNER: job killed by owner.
Exited with exit code 130.

Resource usage summary:

    CPU time :                                   13.11 sec.
    Max Memory :                                 -
    Average Memory :                             -
    Total Requested Memory :                     32.00 GB
    Delta Memory :                               -
    Max Swap :                                   -
    Max Processes :                              5
    Max Threads :                                6
    Run time :                                   63 sec.
    Turnaround time :                            99 sec.

The output (if any) is above this job summary.



PS:

Read file </share/ddomlab/sdehgha2/working_space/GP_collab/results/HPC_history/hpc_20260826/Machine Learning for Polymer Design to Enhance Pervaporation-Based Organic Recovery/GpyroHMC_TanimotoRBF_Matern52_sum_CPU.err> for stderr output of this job.

