
------------------------------------------------------------
Sender: LSF System <lsfadmin@gpu15>
Subject: Job 105916: <structure_numerical_20260826_GpyroHMC> in cluster <Hazel> Exited

Job <structure_numerical_20260826_GpyroHMC> was submitted from host <login01.hpc.ncsu.edu> by user <sdehgha2> in cluster <Hazel> at Wed Aug 26 00:02:10 2026
Job was executed on host(s) <gpu15>, in queue <gpu>, as user <sdehgha2> in cluster <Hazel> at Wed Aug 26 04:17:35 2026
</home/sdehgha2> was used as the home directory.
</share/ddomlab/sdehgha2/working_space/GP_collab/code_python/training/hpc_submit_training_GP> was used as the working directory.
Started at Wed Aug 26 04:17:35 2026
Terminated at Wed Aug 26 04:17:36 2026
Results reported at Wed Aug 26 04:17:36 2026
Cannot open your job file: /home/sdehgha2/.lsbatch/1787716930.105916
Exited.


The output (if any) is above this job summary.



PS:

Read file </share/ddomlab/sdehgha2/working_space/GP_collab/results/HPC_history/hpc_20260826/Machine Learning for Polymer Design to Enhance Pervaporation-Based Organic Recovery/GpyroHMC_Tanimoto_Matern52_averageProduct_GPU.err> for stderr output of this job.


------------------------------------------------------------
Sender: LSF System <lsfadmin@gpu15>
Subject: Job 105937: <structure_numerical_20260826_GpyroHMC> in cluster <Hazel> Exited

Job <structure_numerical_20260826_GpyroHMC> was submitted from host <login01.hpc.ncsu.edu> by user <sdehgha2> in cluster <Hazel> at Wed Aug 26 00:02:17 2026
Job was executed on host(s) <gpu15>, in queue <gpu>, as user <sdehgha2> in cluster <Hazel> at Wed Aug 26 04:25:48 2026
</home/sdehgha2> was used as the home directory.
</share/ddomlab/sdehgha2/working_space/GP_collab/code_python/training/hpc_submit_training_GP> was used as the working directory.
Started at Wed Aug 26 04:25:48 2026
Terminated at Wed Aug 26 04:25:49 2026
Results reported at Wed Aug 26 04:25:49 2026
Cannot open your job file: /home/sdehgha2/.lsbatch/1787716937.105937
Exited.


The output (if any) is above this job summary.



PS:

Read file </share/ddomlab/sdehgha2/working_space/GP_collab/results/HPC_history/hpc_20260826/Machine Learning for Polymer Design to Enhance Pervaporation-Based Organic Recovery/GpyroHMC_Tanimoto_Matern52_averageProduct_GPU.err> for stderr output of this job.

