Running seed: 6

------------------------------------------------------------
Sender: LSF System <lsfadmin@c048n02>
Subject: Job 201685: <structure_numerical_20260515> in cluster <Hazel> Exited

Job <structure_numerical_20260515> was submitted from host <c046n02> by user <sdehgha2> in cluster <Hazel> at Fri May 15 10:49:43 2026
Job was executed on host(s) <6*c048n02>, in queue <debug>, as user <sdehgha2> in cluster <Hazel> at Fri May 15 10:51:01 2026
</home/sdehgha2> was used as the home directory.
</share/ddomlab/sdehgha2/working_space/GP_collab/code_python/training/hpc_submit_training_GP> was used as the working directory.
Started at Fri May 15 10:51:01 2026
Terminated at Fri May 15 10:51:28 2026
Results reported at Fri May 15 10:51:28 2026

Your job looked like:

------------------------------------------------------------
# LSBATCH: User input

#BSUB -n 6
#BSUB -W 30
#BSUB -R span[hosts=1]
#BSUB -R "rusage[mem=32GB]"
#BSUB -J "structure_numerical_20260515"
#BSUB -o "/share/ddomlab/sdehgha2/working_space/GP_collab/results/HPC_history/hpc_20260515/Robust Learning from Literature Data_Model Generalizability and Uncertainty for Predicting Conjugated Polymer Solution Conformation/GPytorchMAP_Tanimoto_Matern32_sum.out"
#BSUB -e "/share/ddomlab/sdehgha2/working_space/GP_collab/results/HPC_history/hpc_20260515/Robust Learning from Literature Data_Model Generalizability and Uncertainty for Predicting Conjugated Polymer Solution Conformation/GPytorchMAP_Tanimoto_Matern32_sum.err"

source ~/.bashrc
conda activate /usr/local/usrapps/ddomlab/sdehgha2/env12
python ../train_structure_numerical.py --K_fp Tanimoto                                         --K_count Matern32                                         --Kernel_mixing_method sum                                         --dataset "Rg data with clusters aging imputed"                                         --paper "Robust Learning from Literature Data_Model Generalizability and Uncertainty for Predicting Conjugated Polymer Solution Conformation" 


------------------------------------------------------------

Exited with exit code 1.

Resource usage summary:

    CPU time :                                   15.66 sec.
    Max Memory :                                 -
    Average Memory :                             -
    Total Requested Memory :                     32.00 GB
    Delta Memory :                               -
    Max Swap :                                   -
    Max Processes :                              4
    Max Threads :                                5
    Run time :                                   43 sec.
    Turnaround time :                            105 sec.

The output (if any) is above this job summary.



PS:

Read file </share/ddomlab/sdehgha2/working_space/GP_collab/results/HPC_history/hpc_20260515/Robust Learning from Literature Data_Model Generalizability and Uncertainty for Predicting Conjugated Polymer Solution Conformation/GPytorchMAP_Tanimoto_Matern32_sum.err> for stderr output of this job.

