Running seed: 6
Running seed: 13
Running seed: 42
Average scores:	 rmse: 0.21±0.06	 r2: 0.87±0.06
Filename: (ECFP3_count_512-COUNT)_(GPytorchMAP_Matern32-Matern32_averageProduct)_hypOFF_Standard_Standard

------------------------------------------------------------
Sender: LSF System <lsfadmin@c044n01>
Subject: Job 201733: <structure_numerical_20260515> in cluster <Hazel> Done

Job <structure_numerical_20260515> was submitted from host <c046n02> by user <sdehgha2> in cluster <Hazel> at Fri May 15 10:50:08 2026
Job was executed on host(s) <6*c044n01>, in queue <debug>, as user <sdehgha2> in cluster <Hazel> at Fri May 15 11:03:25 2026
</home/sdehgha2> was used as the home directory.
</share/ddomlab/sdehgha2/working_space/GP_collab/code_python/training/hpc_submit_training_GP> was used as the working directory.
Started at Fri May 15 11:03:25 2026
Terminated at Fri May 15 11:06:02 2026
Results reported at Fri May 15 11:06:02 2026

Your job looked like:

------------------------------------------------------------
# LSBATCH: User input

#BSUB -n 6
#BSUB -W 30
#BSUB -R span[hosts=1]
#BSUB -R "rusage[mem=32GB]"
#BSUB -J "structure_numerical_20260515"
#BSUB -o "/share/ddomlab/sdehgha2/working_space/GP_collab/results/HPC_history/hpc_20260515/Robust Learning from Literature Data_Model Generalizability and Uncertainty for Predicting Conjugated Polymer Solution Conformation/GPytorchMAP_Matern32_Matern32_averageProduct.out"
#BSUB -e "/share/ddomlab/sdehgha2/working_space/GP_collab/results/HPC_history/hpc_20260515/Robust Learning from Literature Data_Model Generalizability and Uncertainty for Predicting Conjugated Polymer Solution Conformation/GPytorchMAP_Matern32_Matern32_averageProduct.err"

source ~/.bashrc
conda activate /usr/local/usrapps/ddomlab/sdehgha2/env12
python ../train_structure_numerical.py --K_fp Matern32                                         --K_count Matern32                                         --Kernel_mixing_method averageProduct                                         --dataset "Rg data with clusters aging imputed"                                         --paper "Robust Learning from Literature Data_Model Generalizability and Uncertainty for Predicting Conjugated Polymer Solution Conformation" 


------------------------------------------------------------

Successfully completed.

Resource usage summary:

    CPU time :                                   461.55 sec.
    Max Memory :                                 1 GB
    Average Memory :                             0.88 GB
    Total Requested Memory :                     32.00 GB
    Delta Memory :                               31.00 GB
    Max Swap :                                   -
    Max Processes :                              4
    Max Threads :                                14
    Run time :                                   174 sec.
    Turnaround time :                            954 sec.

The output (if any) is above this job summary.



PS:

Read file </share/ddomlab/sdehgha2/working_space/GP_collab/results/HPC_history/hpc_20260515/Robust Learning from Literature Data_Model Generalizability and Uncertainty for Predicting Conjugated Polymer Solution Conformation/GPytorchMAP_Matern32_Matern32_averageProduct.err> for stderr output of this job.

