Running seed: 6

------------------------------------------------------------
Sender: LSF System <lsfadmin@c006n04>
Subject: Job 359356: <structure_numerical_20260531> in cluster <Hazel> Exited

Job <structure_numerical_20260531> was submitted from host <c016n01> by user <sdehgha2> in cluster <Hazel> at Sun May 31 18:37:01 2026
Job was executed on host(s) <6*c006n04>, in queue <single_chassis>, as user <sdehgha2> in cluster <Hazel> at Sun May 31 19:32:23 2026
</home/sdehgha2> was used as the home directory.
</share/ddomlab/sdehgha2/working_space/GP_collab/code_python/training/hpc_submit_training_GP> was used as the working directory.
Started at Sun May 31 19:32:23 2026
Terminated at Sun May 31 19:32:39 2026
Results reported at Sun May 31 19:32:39 2026

Your job looked like:

------------------------------------------------------------
# LSBATCH: User input

#BSUB -n 6
#BSUB -W 5:40
#BSUB -R span[hosts=1]
#BSUB -R "rusage[mem=32GB]"
#BSUB -J "structure_numerical_20260531"
#BSUB -o "/share/ddomlab/sdehgha2/working_space/GP_collab/results/HPC_history/hpc_20260531/Understanding and Designing a High-Performance Ultrafiltration Membrane Using Machine Learning/GpyroHMC_TanimotoMatern32_Matern32_averageProduct.out"
#BSUB -e "/share/ddomlab/sdehgha2/working_space/GP_collab/results/HPC_history/hpc_20260531/Understanding and Designing a High-Performance Ultrafiltration Membrane Using Machine Learning/GpyroHMC_TanimotoMatern32_Matern32_averageProduct.err"

source ~/.bashrc
conda activate /usr/local/usrapps/ddomlab/sdehgha2/env12
python ../train_structure_numerical.py --K_fp TanimotoMatern32                                         --K_count Matern32                                         --Kernel_mixing_method averageProduct                                         --dataset "cleaned_dataset_Ultrafiltration Membrane"                                         --paper "Understanding and Designing a High-Performance Ultrafiltration Membrane Using Machine Learning"                                         --regressor_type "GpyroHMC" 



------------------------------------------------------------

Exited with exit code 1.

Resource usage summary:

    CPU time :                                   8.41 sec.
    Max Memory :                                 -
    Average Memory :                             -
    Total Requested Memory :                     32.00 GB
    Delta Memory :                               -
    Max Swap :                                   -
    Max Processes :                              4
    Max Threads :                                5
    Run time :                                   17 sec.
    Turnaround time :                            3338 sec.

The output (if any) is above this job summary.



PS:

Read file </share/ddomlab/sdehgha2/working_space/GP_collab/results/HPC_history/hpc_20260531/Understanding and Designing a High-Performance Ultrafiltration Membrane Using Machine Learning/GpyroHMC_TanimotoMatern32_Matern32_averageProduct.err> for stderr output of this job.

