Data filtering and preprocessing took 0.30 seconds.
Running seed: 6

------------------------------------------------------------
Sender: LSF System <lsfadmin@gpu26>
Subject: Job 30029: <structure_numerical_20260821_GpyroHMC> in cluster <Hazel> Exited

Job <structure_numerical_20260821_GpyroHMC> was submitted from host <login01.hpc.ncsu.edu> by user <sdehgha2> in cluster <Hazel> at Fri Aug 21 02:57:49 2026
Job was executed on host(s) <gpu26>, in queue <gpu>, as user <sdehgha2> in cluster <Hazel> at Fri Aug 21 05:18:25 2026
</home/sdehgha2> was used as the home directory.
</share/ddomlab/sdehgha2/working_space/GP_collab/code_python/training/hpc_submit_training_GP> was used as the working directory.
Started at Fri Aug 21 05:18:25 2026
Terminated at Fri Aug 21 05:18:49 2026
Results reported at Fri Aug 21 05:18:49 2026

Your job looked like:

------------------------------------------------------------
# LSBATCH: User input


#BSUB -n 1
#BSUB -W 10:20
#BSUB -q gpu
#BSUB -gpu "num=1:mode=shared:mps=no"
#BSUB -R "rusage[mem=8GB]"
#BSUB -R "select[a10 || a30 || a100 || l40 || h100]"
#BSUB -J "structure_numerical_20260821_GpyroHMC"
#BSUB -o "/share/ddomlab/sdehgha2/working_space/GP_collab/results/HPC_history/hpc_20260821/Machine Learning for Polymer Design to Enhance Pervaporation-Based Organic Recovery/GpyroHMC_TanimotoMatern32_Matern32_(count:+)x(fp:+)_GPU.out"
#BSUB -e "/share/ddomlab/sdehgha2/working_space/GP_collab/results/HPC_history/hpc_20260821/Machine Learning for Polymer Design to Enhance Pervaporation-Based Organic Recovery/GpyroHMC_TanimotoMatern32_Matern32_(count:+)x(fp:+)_GPU.err"

source ~/.bashrc
module load cuda/12.1
module load gcc/9.3.0
conda activate /usr/local/usrapps/ddomlab/sdehgha2/env12

python ../train_structure_numerical.py  --K_fp TanimotoMatern32                                         --K_count Matern32                                         --Kernel_mixing_method "(count:+)x(fp:+)"                                         --paper "Machine Learning for Polymer Design to Enhance Pervaporation-Based Organic Recovery"                                         --dataset "flux_data_imputed"                                         --regressor_type "GpyroHMC" 


------------------------------------------------------------

Exited with exit code 1.

Resource usage summary:

    CPU time :                                   15.11 sec.
    Max Memory :                                 -
    Average Memory :                             -
    Total Requested Memory :                     8.00 GB
    Delta Memory :                               -
    Max Swap :                                   -
    Max Processes :                              3
    Max Threads :                                5
    Run time :                                   24 sec.
    Turnaround time :                            8460 sec.

The output (if any) is above this job summary.



PS:

Read file </share/ddomlab/sdehgha2/working_space/GP_collab/results/HPC_history/hpc_20260821/Machine Learning for Polymer Design to Enhance Pervaporation-Based Organic Recovery/GpyroHMC_TanimotoMatern32_Matern32_(count:+)x(fp:+)_GPU.err> for stderr output of this job.

Data filtering and preprocessing took 0.27 seconds.
Running seed: 6

------------------------------------------------------------
Sender: LSF System <lsfadmin@gpu26>
Subject: Job 30050: <structure_numerical_20260821_GpyroHMC> in cluster <Hazel> Exited

Job <structure_numerical_20260821_GpyroHMC> was submitted from host <login01.hpc.ncsu.edu> by user <sdehgha2> in cluster <Hazel> at Fri Aug 21 02:57:56 2026
Job was executed on host(s) <gpu26>, in queue <gpu>, as user <sdehgha2> in cluster <Hazel> at Fri Aug 21 05:21:25 2026
</home/sdehgha2> was used as the home directory.
</share/ddomlab/sdehgha2/working_space/GP_collab/code_python/training/hpc_submit_training_GP> was used as the working directory.
Started at Fri Aug 21 05:21:25 2026
Terminated at Fri Aug 21 05:21:57 2026
Results reported at Fri Aug 21 05:21:57 2026

Your job looked like:

------------------------------------------------------------
# LSBATCH: User input


#BSUB -n 1
#BSUB -W 10:20
#BSUB -q gpu
#BSUB -gpu "num=1:mode=shared:mps=no"
#BSUB -R "rusage[mem=8GB]"
#BSUB -R "select[a10 || a30 || a100 || l40 || h100]"
#BSUB -J "structure_numerical_20260821_GpyroHMC"
#BSUB -o "/share/ddomlab/sdehgha2/working_space/GP_collab/results/HPC_history/hpc_20260821/Machine Learning for Polymer Design to Enhance Pervaporation-Based Organic Recovery/GpyroHMC_TanimotoMatern32_Matern32_(count:+)x(fp:+)_GPU.out"
#BSUB -e "/share/ddomlab/sdehgha2/working_space/GP_collab/results/HPC_history/hpc_20260821/Machine Learning for Polymer Design to Enhance Pervaporation-Based Organic Recovery/GpyroHMC_TanimotoMatern32_Matern32_(count:+)x(fp:+)_GPU.err"

source ~/.bashrc
module load cuda/12.1
module load gcc/9.3.0
conda activate /usr/local/usrapps/ddomlab/sdehgha2/env12

python ../train_structure_numerical.py  --K_fp TanimotoMatern32                                         --K_count Matern32                                         --Kernel_mixing_method "(count:+)x(fp:+)"                                         --paper "Machine Learning for Polymer Design to Enhance Pervaporation-Based Organic Recovery"                                         --dataset "separation_data_imputed"                                         --regressor_type "GpyroHMC" 


------------------------------------------------------------

Exited with exit code 1.

Resource usage summary:

    CPU time :                                   17.30 sec.
    Max Memory :                                 -
    Average Memory :                             -
    Total Requested Memory :                     8.00 GB
    Delta Memory :                               -
    Max Swap :                                   -
    Max Processes :                              3
    Max Threads :                                5
    Run time :                                   30 sec.
    Turnaround time :                            8641 sec.

The output (if any) is above this job summary.



PS:

Read file </share/ddomlab/sdehgha2/working_space/GP_collab/results/HPC_history/hpc_20260821/Machine Learning for Polymer Design to Enhance Pervaporation-Based Organic Recovery/GpyroHMC_TanimotoMatern32_Matern32_(count:+)x(fp:+)_GPU.err> for stderr output of this job.

