
------------------------------------------------------------
Sender: LSF System <lsfadmin@gpu26>
Subject: Job 30066: <structure_numerical_20260821_GpyroHMC> in cluster <Hazel> Exited

Job <structure_numerical_20260821_GpyroHMC> was submitted from host <login01.hpc.ncsu.edu> by user <sdehgha2> in cluster <Hazel> at Fri Aug 21 02:58:02 2026
Job was executed on host(s) <gpu26>, in queue <gpu>, as user <sdehgha2> in cluster <Hazel> at Fri Aug 21 05:59:58 2026
</home/sdehgha2> was used as the home directory.
</share/ddomlab/sdehgha2/working_space/GP_collab/code_python/training/hpc_submit_training_GP> was used as the working directory.
Started at Fri Aug 21 05:59:58 2026
Terminated at Fri Aug 21 05:59:58 2026
Results reported at Fri Aug 21 05:59:58 2026
Cannot open your job file: /home/sdehgha2/.lsbatch/1787295482.30066
Exited.


The output (if any) is above this job summary.



PS:

Read file </share/ddomlab/sdehgha2/working_space/GP_collab/results/HPC_history/hpc_20260821/Machine Learning for Polymer Design to Enhance Pervaporation-Based Organic Recovery/GpyroHMC_Tanimoto_Matern52_(count:x)+(fp:x)_GPU.err> for stderr output of this job.


------------------------------------------------------------
Sender: LSF System <lsfadmin@gpu26>
Subject: Job 30087: <structure_numerical_20260821_GpyroHMC> in cluster <Hazel> Exited

Job <structure_numerical_20260821_GpyroHMC> was submitted from host <login01.hpc.ncsu.edu> by user <sdehgha2> in cluster <Hazel> at Fri Aug 21 02:58:09 2026
Job was executed on host(s) <gpu26>, in queue <gpu>, as user <sdehgha2> in cluster <Hazel> at Fri Aug 21 06:03:26 2026
</home/sdehgha2> was used as the home directory.
</share/ddomlab/sdehgha2/working_space/GP_collab/code_python/training/hpc_submit_training_GP> was used as the working directory.
Started at Fri Aug 21 06:03:26 2026
Terminated at Fri Aug 21 06:03:26 2026
Results reported at Fri Aug 21 06:03:26 2026
Cannot open your job file: /home/sdehgha2/.lsbatch/1787295489.30087
Exited.


The output (if any) is above this job summary.



PS:

Read file </share/ddomlab/sdehgha2/working_space/GP_collab/results/HPC_history/hpc_20260821/Machine Learning for Polymer Design to Enhance Pervaporation-Based Organic Recovery/GpyroHMC_Tanimoto_Matern52_(count:x)+(fp:x)_GPU.err> for stderr output of this job.

