
------------------------------------------------------------
Sender: LSF System <lsfadmin@gpu26>
Subject: Job 30068: <structure_numerical_20260821_GpyroHMC> in cluster <Hazel> Exited

Job <structure_numerical_20260821_GpyroHMC> was submitted from host <login01.hpc.ncsu.edu> by user <sdehgha2> in cluster <Hazel> at Fri Aug 21 02:58:03 2026
Job was executed on host(s) <gpu26>, in queue <gpu>, as user <sdehgha2> in cluster <Hazel> at Fri Aug 21 06:00:27 2026
</home/sdehgha2> was used as the home directory.
</share/ddomlab/sdehgha2/working_space/GP_collab/code_python/training/hpc_submit_training_GP> was used as the working directory.
Started at Fri Aug 21 06:00:27 2026
Terminated at Fri Aug 21 06:00:28 2026
Results reported at Fri Aug 21 06:00:28 2026
Cannot open your job file: /home/sdehgha2/.lsbatch/1787295483.30068
Exited.


The output (if any) is above this job summary.



PS:

Read file </share/ddomlab/sdehgha2/working_space/GP_collab/results/HPC_history/hpc_20260821/Machine Learning for Polymer Design to Enhance Pervaporation-Based Organic Recovery/GpyroHMC_TanimotoRBF_Matern32_(count:x)+(fp:x)_GPU.err> for stderr output of this job.


------------------------------------------------------------
Sender: LSF System <lsfadmin@gpu26>
Subject: Job 30089: <structure_numerical_20260821_GpyroHMC> in cluster <Hazel> Exited

Job <structure_numerical_20260821_GpyroHMC> was submitted from host <login01.hpc.ncsu.edu> by user <sdehgha2> in cluster <Hazel> at Fri Aug 21 02:58:10 2026
Job was executed on host(s) <gpu26>, in queue <gpu>, as user <sdehgha2> in cluster <Hazel> at Fri Aug 21 06:03:57 2026
</home/sdehgha2> was used as the home directory.
</share/ddomlab/sdehgha2/working_space/GP_collab/code_python/training/hpc_submit_training_GP> was used as the working directory.
Started at Fri Aug 21 06:03:57 2026
Terminated at Fri Aug 21 06:03:57 2026
Results reported at Fri Aug 21 06:03:57 2026
Cannot open your job file: /home/sdehgha2/.lsbatch/1787295490.30089
Exited.


The output (if any) is above this job summary.



PS:

Read file </share/ddomlab/sdehgha2/working_space/GP_collab/results/HPC_history/hpc_20260821/Machine Learning for Polymer Design to Enhance Pervaporation-Based Organic Recovery/GpyroHMC_TanimotoRBF_Matern32_(count:x)+(fp:x)_GPU.err> for stderr output of this job.

