Running seed: 6
No hyperparameter optimization
Running seed: 13
No hyperparameter optimization
Running seed: 42
No hyperparameter optimization
Average scores:	 rmse: 0.28±0.03	 r2: 0.85±0.02
Filename: (ECFP3_count_512-COUNT)_RF_hypOFF_Standard_Standard
Running seed: 6
No hyperparameter optimization
Running seed: 13
No hyperparameter optimization
Running seed: 42
No hyperparameter optimization
Average scores:	 rmse: 0.26±0.03	 r2: 0.88±0.02
Filename: (ECFP3_count_512-COUNT)_XGBR_hypOFF_Standard_Standard
Running seed: 6
No hyperparameter optimization
Running seed: 13
No hyperparameter optimization
Running seed: 42
No hyperparameter optimization
Average scores:	 rmse: 0.43±0.03	 r2: 0.66±0.03
Filename: (ECFP3_count_512-COUNT)_NGB_hypOFF_Standard_Standard
[12:07:49] WARNING: /croot/xgboost-split_1712794674171/work/src/learner.cc:767: 
Parameters: { "verbose" } are not used.

[12:07:50] WARNING: /croot/xgboost-split_1712794674171/work/src/learner.cc:767: 
Parameters: { "verbose" } are not used.

[12:07:50] WARNING: /croot/xgboost-split_1712794674171/work/src/learner.cc:767: 
Parameters: { "verbose" } are not used.

[12:07:50] WARNING: /croot/xgboost-split_1712794674171/work/src/learner.cc:767: 
Parameters: { "verbose" } are not used.

[12:07:50] WARNING: /croot/xgboost-split_1712794674171/work/src/learner.cc:767: 
Parameters: { "verbose" } are not used.

[12:08:04] WARNING: /croot/xgboost-split_1712794674171/work/src/learner.cc:767: 
Parameters: { "verbose" } are not used.

[12:08:04] WARNING: /croot/xgboost-split_1712794674171/work/src/learner.cc:767: 
Parameters: { "verbose" } are not used.

[12:08:04] WARNING: /croot/xgboost-split_1712794674171/work/src/learner.cc:767: 
Parameters: { "verbose" } are not used.

[12:08:04] WARNING: /croot/xgboost-split_1712794674171/work/src/learner.cc:767: 
Parameters: { "verbose" } are not used.

[12:08:04] WARNING: /croot/xgboost-split_1712794674171/work/src/learner.cc:767: 
Parameters: { "verbose" } are not used.

[12:08:17] WARNING: /croot/xgboost-split_1712794674171/work/src/learner.cc:767: 
Parameters: { "verbose" } are not used.

[12:08:17] WARNING: /croot/xgboost-split_1712794674171/work/src/learner.cc:767: 
Parameters: { "verbose" } are not used.

[12:08:17] WARNING: /croot/xgboost-split_1712794674171/work/src/learner.cc:767: 
Parameters: { "verbose" } are not used.

[12:08:17] WARNING: /croot/xgboost-split_1712794674171/work/src/learner.cc:767: 
Parameters: { "verbose" } are not used.

[12:08:17] WARNING: /croot/xgboost-split_1712794674171/work/src/learner.cc:767: 
Parameters: { "verbose" } are not used.


------------------------------------------------------------
Sender: LSF System <lsfadmin@c051n01>
Subject: Job 9589: <structure_numerical_20260119> in cluster <Hazel> Done

Job <structure_numerical_20260119> was submitted from host <c051n01> by user <sdehgha2> in cluster <Hazel> at Mon Jan 19 11:49:03 2026
Job was executed on host(s) <6*c051n01>, in queue <short>, as user <sdehgha2> in cluster <Hazel> at Mon Jan 19 11:49:03 2026
</tmp/.lsbtmp404534> was used as the home directory.
</share/ddomlab/sdehgha2/working-space/main/_colab_GP/GP_collab/code_python/training/hpc_submit_training_GP> was used as the working directory.
Started at Mon Jan 19 11:49:03 2026
Terminated at Mon Jan 19 12:10:14 2026
Results reported at Mon Jan 19 12:10:14 2026

Your job looked like:

------------------------------------------------------------
# LSBATCH: User input

#BSUB -n 6
#BSUB -W 2:00
#BSUB -R span[hosts=1]
#BSUB -R "rusage[mem=32GB]"
#BSUB -J "structure_numerical_20260119"
#BSUB -o "/share/ddomlab/sdehgha2/working-space/main/_colab_GP/GP_collab/results/HPC_history/hpc_20260119/Machine Learning for Polymer Design to Enhance Pervaporation-Based Organic Recovery/structure_numericalRF-XGB-NGB_20260119.out"
#BSUB -e "/share/ddomlab/sdehgha2/working-space/main/_colab_GP/GP_collab/results/HPC_history/hpc_20260119/Machine Learning for Polymer Design to Enhance Pervaporation-Based Organic Recovery/structure_numericalRF-XGB-NGB_20260119.err"

source ~/.bashrc
conda activate /usr/local/usrapps/ddomlab/sdehgha2/torch_cpu
python ../train_structure_numerical.py --dataset "flux_data_imputed"                                         --paper "Machine Learning for Polymer Design to Enhance Pervaporation-Based Organic Recovery"                                          


------------------------------------------------------------

Successfully completed.

Resource usage summary:

    CPU time :                                   5954.56 sec.
    Max Memory :                                 8 GB
    Average Memory :                             2.93 GB
    Total Requested Memory :                     32.00 GB
    Delta Memory :                               24.00 GB
    Max Swap :                                   -
    Max Processes :                              38
    Max Threads :                                41
    Run time :                                   1270 sec.
    Turnaround time :                            1271 sec.

The output (if any) is above this job summary.



PS:

Read file </share/ddomlab/sdehgha2/working-space/main/_colab_GP/GP_collab/results/HPC_history/hpc_20260119/Machine Learning for Polymer Design to Enhance Pervaporation-Based Organic Recovery/structure_numericalRF-XGB-NGB_20260119.err> for stderr output of this job.

Running seed: 6
No hyperparameter optimization
Running seed: 13
No hyperparameter optimization
Running seed: 42
No hyperparameter optimization
Average scores:	 rmse: 0.31±0.02	 r2: 0.89±0.01
Filename: (ECFP3_count_512-COUNT)_RF_hypOFF_Standard_Standard
Running seed: 6
No hyperparameter optimization
Running seed: 13
No hyperparameter optimization
Running seed: 42
No hyperparameter optimization
Average scores:	 rmse: 0.3±0.02	 r2: 0.89±0.01
Filename: (ECFP3_count_512-COUNT)_XGBR_hypOFF_Standard_Standard
Running seed: 6
No hyperparameter optimization
Running seed: 13
No hyperparameter optimization
Running seed: 42
No hyperparameter optimization
Average scores:	 rmse: 0.51±0.02	 r2: 0.69±0.02
Filename: (ECFP3_count_512-COUNT)_NGB_hypOFF_Standard_Standard
[13:26:48] WARNING: /croot/xgboost-split_1712794674171/work/src/learner.cc:767: 
Parameters: { "verbose" } are not used.

[13:26:48] WARNING: /croot/xgboost-split_1712794674171/work/src/learner.cc:767: 
Parameters: { "verbose" } are not used.

[13:26:48] WARNING: /croot/xgboost-split_1712794674171/work/src/learner.cc:767: 
Parameters: { "verbose" } are not used.

[13:26:29] WARNING: /croot/xgboost-split_1712794674171/work/src/learner.cc:767: 
Parameters: { "verbose" } are not used.

[13:26:29] WARNING: /croot/xgboost-split_1712794674171/work/src/learner.cc:767: 
Parameters: { "verbose" } are not used.

[13:26:29] WARNING: /croot/xgboost-split_1712794674171/work/src/learner.cc:767: 
Parameters: { "verbose" } are not used.

[13:26:29] WARNING: /croot/xgboost-split_1712794674171/work/src/learner.cc:767: 
Parameters: { "verbose" } are not used.

[13:26:29] WARNING: /croot/xgboost-split_1712794674171/work/src/learner.cc:767: 
Parameters: { "verbose" } are not used.

[13:26:35] WARNING: /croot/xgboost-split_1712794674171/work/src/learner.cc:767: 
Parameters: { "verbose" } are not used.

[13:26:42] WARNING: /croot/xgboost-split_1712794674171/work/src/learner.cc:767: 
Parameters: { "verbose" } are not used.

[13:26:42] WARNING: /croot/xgboost-split_1712794674171/work/src/learner.cc:767: 
Parameters: { "verbose" } are not used.

[13:26:42] WARNING: /croot/xgboost-split_1712794674171/work/src/learner.cc:767: 
Parameters: { "verbose" } are not used.

[13:26:42] WARNING: /croot/xgboost-split_1712794674171/work/src/learner.cc:767: 
Parameters: { "verbose" } are not used.

[13:26:48] WARNING: /croot/xgboost-split_1712794674171/work/src/learner.cc:767: 
Parameters: { "verbose" } are not used.

[13:26:48] WARNING: /croot/xgboost-split_1712794674171/work/src/learner.cc:767: 
Parameters: { "verbose" } are not used.


------------------------------------------------------------
Sender: LSF System <lsfadmin@c051n01>
Subject: Job 9725: <structure_numerical_20260119> in cluster <Hazel> Done

Job <structure_numerical_20260119> was submitted from host <c051n01> by user <sdehgha2> in cluster <Hazel> at Mon Jan 19 13:12:18 2026
Job was executed on host(s) <6*c051n01>, in queue <short>, as user <sdehgha2> in cluster <Hazel> at Mon Jan 19 13:12:18 2026
</tmp/.lsbtmp404534> was used as the home directory.
</share/ddomlab/sdehgha2/working-space/main/_colab_GP/GP_collab/code_python/training/hpc_submit_training_GP> was used as the working directory.
Started at Mon Jan 19 13:12:18 2026
Terminated at Mon Jan 19 13:28:33 2026
Results reported at Mon Jan 19 13:28:33 2026

Your job looked like:

------------------------------------------------------------
# LSBATCH: User input

#BSUB -n 6
#BSUB -W 2:00
#BSUB -R span[hosts=1]
#BSUB -R "rusage[mem=32GB]"
#BSUB -J "structure_numerical_20260119"
#BSUB -o "/share/ddomlab/sdehgha2/working-space/main/_colab_GP/GP_collab/results/HPC_history/hpc_20260119/Machine Learning for Polymer Design to Enhance Pervaporation-Based Organic Recovery/structure_numericalRF-XGB-NGB_20260119.out"
#BSUB -e "/share/ddomlab/sdehgha2/working-space/main/_colab_GP/GP_collab/results/HPC_history/hpc_20260119/Machine Learning for Polymer Design to Enhance Pervaporation-Based Organic Recovery/structure_numericalRF-XGB-NGB_20260119.err"

source ~/.bashrc
conda activate /usr/local/usrapps/ddomlab/sdehgha2/torch_cpu
python ../train_structure_numerical.py --dataset "separation_data_imputed"                                         --paper "Machine Learning for Polymer Design to Enhance Pervaporation-Based Organic Recovery"                                          


------------------------------------------------------------

Successfully completed.

Resource usage summary:

    CPU time :                                   4525.29 sec.
    Max Memory :                                 5 GB
    Average Memory :                             3.24 GB
    Total Requested Memory :                     32.00 GB
    Delta Memory :                               27.00 GB
    Max Swap :                                   -
    Max Processes :                              38
    Max Threads :                                41
    Run time :                                   975 sec.
    Turnaround time :                            975 sec.

The output (if any) is above this job summary.



PS:

Read file </share/ddomlab/sdehgha2/working-space/main/_colab_GP/GP_collab/results/HPC_history/hpc_20260119/Machine Learning for Polymer Design to Enhance Pervaporation-Based Organic Recovery/structure_numericalRF-XGB-NGB_20260119.err> for stderr output of this job.

