Data filtering and preprocessing took 0.27 seconds.
Running seed: 6
Running seed: 13
Running seed: 42
Running seed: 69
Running seed: 100
Average scores:	 rmse: 0.62±0.03	 r2: 0.29±0.05
Filename: (ECFP3_count_512-COUNT)_(GPytorchMAP_TanimotoMatern32-Matern32_sum)_hypOFF_Standard_Standard_random_count_permutation_GPU

------------------------------------------------------------
Sender: LSF System <lsfadmin@gpu26>
Subject: Job 300699: <gpmap_all_20260921_1> in cluster <Hazel> Done

Job <gpmap_all_20260921_1> was submitted from host <login03.hpc.ncsu.edu> by user <sdehgha2> in cluster <Hazel> at Mon Sep 21 10:23:01 2026
Job was executed on host(s) <gpu26>, in queue <gpu>, as user <sdehgha2> in cluster <Hazel> at Mon Sep 21 10:23:01 2026
</home/sdehgha2> was used as the home directory.
</share/ddomlab/sdehgha2/working_space/GP_collab/code_python/training/hpc_submit_training_GP> was used as the working directory.
Started at Mon Sep 21 10:23:01 2026
Terminated at Mon Sep 21 10:33:44 2026
Results reported at Mon Sep 21 10:33:44 2026

Your job looked like:

------------------------------------------------------------
# LSBATCH: User input
#BSUB -n 1
#BSUB -W 35:20
#BSUB -q gpu
#BSUB -gpu "num=1:mode=shared:mps=no"
#BSUB -R "rusage[mem=32GB]"
#BSUB -R "select[a10 || a30 || a100 || l40 || h100]"
#BSUB -J "gpmap_all_20260921_1"
#BSUB -o "/share/ddomlab/sdehgha2/working_space/GP_collab/results/HPC_history/hpc_20260921/Machine Learning for Polymer Design to Enhance Pervaporation-Based Organic Recovery/GPytorchMAP_flux_data_imputed_TanimotoMatern32_Matern32_sum_GPU.out"
#BSUB -e "/share/ddomlab/sdehgha2/working_space/GP_collab/results/HPC_history/hpc_20260921/Machine Learning for Polymer Design to Enhance Pervaporation-Based Organic Recovery/GPytorchMAP_flux_data_imputed_TanimotoMatern32_Matern32_sum_GPU.err"

source ~/.bashrc
module load cuda/12.1
module load gcc/9.3.0
conda activate /usr/local/usrapps/ddomlab/sdehgha2/env12

python ../train_structure_numerical.py --K_fp "TanimotoMatern32"                                         --K_count "Matern32"                                         --Kernel_mixing_method "sum"                                         --paper "Machine Learning for Polymer Design to Enhance Pervaporation-Based Organic Recovery"                                         --dataset "flux_data_imputed"                                         --regressor_type "GPytorchMAP"

------------------------------------------------------------

Successfully completed.

Resource usage summary:

    CPU time :                                   574.85 sec.
    Max Memory :                                 1 GB
    Average Memory :                             1.00 GB
    Total Requested Memory :                     32.00 GB
    Delta Memory :                               31.00 GB
    Max Swap :                                   -
    Max Processes :                              4
    Max Threads :                                9
    Run time :                                   600 sec.
    Turnaround time :                            643 sec.

The output (if any) is above this job summary.



PS:

Read file </share/ddomlab/sdehgha2/working_space/GP_collab/results/HPC_history/hpc_20260921/Machine Learning for Polymer Design to Enhance Pervaporation-Based Organic Recovery/GPytorchMAP_flux_data_imputed_TanimotoMatern32_Matern32_sum_GPU.err> for stderr output of this job.

