Data filtering and preprocessing took 0.37 seconds.
Running seed: 6
Data filtering and preprocessing took 0.36 seconds.
Running seed: 6

------------------------------------------------------------
Sender: LSF System <lsfadmin@c067n04>
Subject: Job 964965: <structure_numerical_20260803> in cluster <Hazel> Exited

Job <structure_numerical_20260803> was submitted from host <c067n03> by user <sdehgha2> in cluster <Hazel> at Mon Aug  3 12:28:49 2026
Job was executed on host(s) <6*c067n04>, in queue <debug>, as user <sdehgha2> in cluster <Hazel> at Mon Aug  3 12:28:51 2026
</home/sdehgha2> was used as the home directory.
</share/ddomlab/sdehgha2/working_space/GP_collab/code_python/training/hpc_submit_training_GP> was used as the working directory.
Started at Mon Aug  3 12:28:51 2026
Terminated at Mon Aug  3 12:38:55 2026
Results reported at Mon Aug  3 12:38:55 2026

Your job looked like:

------------------------------------------------------------
# LSBATCH: User input

#BSUB -n 6
#BSUB -W 10
#BSUB -R span[hosts=1]
#BSUB -R "rusage[mem=32GB]"
#BSUB -J "structure_numerical_20260803"
#BSUB -o "/share/ddomlab/sdehgha2/working_space/GP_collab/results/HPC_history/hpc_20260803/Machine Learning for Polymer Design to Enhance Pervaporation-Based Organic Recovery/RF___.out"
#BSUB -e "/share/ddomlab/sdehgha2/working_space/GP_collab/results/HPC_history/hpc_20260803/Machine Learning for Polymer Design to Enhance Pervaporation-Based Organic Recovery/RF___.err"

source ~/.bashrc
conda activate /usr/local/usrapps/ddomlab/sdehgha2/env12
python ../train_structure_numerical.py --regressor_type RF                                         --dataset "flux_data_imputed"                                         --paper "Machine Learning for Polymer Design to Enhance Pervaporation-Based Organic Recovery"



------------------------------------------------------------

TERM_RUNLIMIT: job killed after reaching LSF run time limit.
Exited with exit code 140.

Resource usage summary:

    CPU time :                                   2418.00 sec.
    Max Memory :                                 4 GB
    Average Memory :                             2.26 GB
    Total Requested Memory :                     32.00 GB
    Delta Memory :                               28.00 GB
    Max Swap :                                   -
    Max Processes :                              12
    Max Threads :                                24
    Run time :                                   625 sec.
    Turnaround time :                            606 sec.

The output (if any) is above this job summary.



PS:

Read file </share/ddomlab/sdehgha2/working_space/GP_collab/results/HPC_history/hpc_20260803/Machine Learning for Polymer Design to Enhance Pervaporation-Based Organic Recovery/RF___.err> for stderr output of this job.


------------------------------------------------------------
Sender: LSF System <lsfadmin@c057n01>
Subject: Job 964971: <structure_numerical_20260803> in cluster <Hazel> Exited

Job <structure_numerical_20260803> was submitted from host <c067n03> by user <sdehgha2> in cluster <Hazel> at Mon Aug  3 12:31:37 2026
Job was executed on host(s) <6*c057n01>, in queue <debug>, as user <sdehgha2> in cluster <Hazel> at Mon Aug  3 12:31:39 2026
</home/sdehgha2> was used as the home directory.
</share/ddomlab/sdehgha2/working_space/GP_collab/code_python/training/hpc_submit_training_GP> was used as the working directory.
Started at Mon Aug  3 12:31:39 2026
Terminated at Mon Aug  3 12:41:54 2026
Results reported at Mon Aug  3 12:41:54 2026

Your job looked like:

------------------------------------------------------------
# LSBATCH: User input

#BSUB -n 6
#BSUB -W 10
#BSUB -R span[hosts=1]
#BSUB -R "rusage[mem=32GB]"
#BSUB -J "structure_numerical_20260803"
#BSUB -o "/share/ddomlab/sdehgha2/working_space/GP_collab/results/HPC_history/hpc_20260803/Machine Learning for Polymer Design to Enhance Pervaporation-Based Organic Recovery/RF___.out"
#BSUB -e "/share/ddomlab/sdehgha2/working_space/GP_collab/results/HPC_history/hpc_20260803/Machine Learning for Polymer Design to Enhance Pervaporation-Based Organic Recovery/RF___.err"

source ~/.bashrc
conda activate /usr/local/usrapps/ddomlab/sdehgha2/env12
python ../train_structure_numerical.py --regressor_type RF                                         --dataset "separation_data_imputed"                                         --paper "Machine Learning for Polymer Design to Enhance Pervaporation-Based Organic Recovery"



------------------------------------------------------------

TERM_RUNLIMIT: job killed after reaching LSF run time limit.
Exited with exit code 140.

Resource usage summary:

    CPU time :                                   2565.00 sec.
    Max Memory :                                 4 GB
    Average Memory :                             3.09 GB
    Total Requested Memory :                     32.00 GB
    Delta Memory :                               28.00 GB
    Max Swap :                                   -
    Max Processes :                              12
    Max Threads :                                15
    Run time :                                   630 sec.
    Turnaround time :                            617 sec.

The output (if any) is above this job summary.



PS:

Read file </share/ddomlab/sdehgha2/working_space/GP_collab/results/HPC_history/hpc_20260803/Machine Learning for Polymer Design to Enhance Pervaporation-Based Organic Recovery/RF___.err> for stderr output of this job.

Data filtering and preprocessing took 0.29 seconds.
Running seed: 6
Data filtering and preprocessing took 0.25 seconds.
Running seed: 6
Running seed: 13
Running seed: 42
Average scores:	 rmse: 0.31±0.01	 r2: 0.89±0.01
Filename: (ECFP3_count_512-COUNT)_RF_hypOFF_Standard_Standard

------------------------------------------------------------
Sender: LSF System <lsfadmin@n0387>
Subject: Job 965154: <structure_numerical_20260803> in cluster <Hazel> Done

Job <structure_numerical_20260803> was submitted from host <n0363> by user <sdehgha2> in cluster <Hazel> at Mon Aug  3 13:37:14 2026
Job was executed on host(s) <6*n0387>, in queue <short>, as user <sdehgha2> in cluster <Hazel> at Mon Aug  3 13:37:14 2026
</home/sdehgha2> was used as the home directory.
</share/ddomlab/sdehgha2/working_space/GP_collab/code_python/training/hpc_submit_training_GP> was used as the working directory.
Started at Mon Aug  3 13:37:14 2026
Terminated at Mon Aug  3 13:44:36 2026
Results reported at Mon Aug  3 13:44:36 2026

Your job looked like:

------------------------------------------------------------
# LSBATCH: User input

#BSUB -n 6
#BSUB -W 50
#BSUB -R span[hosts=1]
#BSUB -R "rusage[mem=32GB]"
#BSUB -J "structure_numerical_20260803"
#BSUB -o "/share/ddomlab/sdehgha2/working_space/GP_collab/results/HPC_history/hpc_20260803/Machine Learning for Polymer Design to Enhance Pervaporation-Based Organic Recovery/RF___.out"
#BSUB -e "/share/ddomlab/sdehgha2/working_space/GP_collab/results/HPC_history/hpc_20260803/Machine Learning for Polymer Design to Enhance Pervaporation-Based Organic Recovery/RF___.err"

source ~/.bashrc
conda activate /usr/local/usrapps/ddomlab/sdehgha2/env12
python ../train_structure_numerical.py --regressor_type RF                                         --dataset "separation_data_imputed"                                         --paper "Machine Learning for Polymer Design to Enhance Pervaporation-Based Organic Recovery"



------------------------------------------------------------

Successfully completed.

Resource usage summary:

    CPU time :                                   1866.00 sec.
    Max Memory :                                 4 GB
    Average Memory :                             2.60 GB
    Total Requested Memory :                     32.00 GB
    Delta Memory :                               28.00 GB
    Max Swap :                                   -
    Max Processes :                              12
    Max Threads :                                42
    Run time :                                   457 sec.
    Turnaround time :                            442 sec.

The output (if any) is above this job summary.



PS:

Read file </share/ddomlab/sdehgha2/working_space/GP_collab/results/HPC_history/hpc_20260803/Machine Learning for Polymer Design to Enhance Pervaporation-Based Organic Recovery/RF___.err> for stderr output of this job.

Running seed: 13
Running seed: 42
Average scores:	 rmse: 0.28±0.03	 r2: 0.85±0.02
Filename: (ECFP3_count_512-COUNT)_RF_hypOFF_Standard_Standard

------------------------------------------------------------
Sender: LSF System <lsfadmin@c058n01>
Subject: Job 965163: <structure_numerical_20260803> in cluster <Hazel> Done

Job <structure_numerical_20260803> was submitted from host <c058n01> by user <sdehgha2> in cluster <Hazel> at Mon Aug  3 13:38:33 2026
Job was executed on host(s) <6*c058n01>, in queue <short>, as user <sdehgha2> in cluster <Hazel> at Mon Aug  3 13:38:33 2026
</home/sdehgha2> was used as the home directory.
</share/ddomlab/sdehgha2/working_space/GP_collab/code_python/training/hpc_submit_training_GP> was used as the working directory.
Started at Mon Aug  3 13:38:33 2026
Terminated at Mon Aug  3 13:52:09 2026
Results reported at Mon Aug  3 13:52:09 2026

Your job looked like:

------------------------------------------------------------
# LSBATCH: User input

#BSUB -n 6
#BSUB -W 1:30
#BSUB -R span[hosts=1]
#BSUB -R "rusage[mem=32GB]"
#BSUB -J "structure_numerical_20260803"
#BSUB -o "/share/ddomlab/sdehgha2/working_space/GP_collab/results/HPC_history/hpc_20260803/Machine Learning for Polymer Design to Enhance Pervaporation-Based Organic Recovery/RF___.out"
#BSUB -e "/share/ddomlab/sdehgha2/working_space/GP_collab/results/HPC_history/hpc_20260803/Machine Learning for Polymer Design to Enhance Pervaporation-Based Organic Recovery/RF___.err"

source ~/.bashrc
conda activate /usr/local/usrapps/ddomlab/sdehgha2/env12
python ../train_structure_numerical.py --regressor_type RF                                         --dataset "flux_data_imputed"                                         --paper "Machine Learning for Polymer Design to Enhance Pervaporation-Based Organic Recovery"



------------------------------------------------------------

Successfully completed.

Resource usage summary:

    CPU time :                                   3656.00 sec.
    Max Memory :                                 4 GB
    Average Memory :                             2.81 GB
    Total Requested Memory :                     32.00 GB
    Delta Memory :                               28.00 GB
    Max Swap :                                   -
    Max Processes :                              12
    Max Threads :                                24
    Run time :                                   816 sec.
    Turnaround time :                            816 sec.

The output (if any) is above this job summary.



PS:

Read file </share/ddomlab/sdehgha2/working_space/GP_collab/results/HPC_history/hpc_20260803/Machine Learning for Polymer Design to Enhance Pervaporation-Based Organic Recovery/RF___.err> for stderr output of this job.

