MGK regressor, only scaling numerical features
Running seed: 6
Running seed: 13
Running seed: 42
Average scores:	 rmse: 125.71±63.69	 r2: 0.2±0.88
Filename: (MG-COUNT)_(MGK_Graph-Matern52_(count:+)x(graph:+))_hypOFF_Standard_Standard_GPU
MGK regressor, only scaling numerical features
Running seed: 6
Running seed: 13
Running seed: 42
Average scores:	 rmse: 10.32±2.74	 r2: 0.56±0.26
Filename: (MG-COUNT)_(MGK_Graph-Matern52_(count:+)x(graph:+))_hypOFF_Standard_Standard_GPU
MGK regressor, only scaling numerical features
Running seed: 6
Running seed: 13
Running seed: 42
Average scores:	 rmse: 12.11±2.29	 r2: 0.58±0.16
Filename: (MG-COUNT)_(MGK_Graph-Matern52_(count:+)x(graph:+))_hypOFF_Standard_Standard_GPU
MGK regressor, only scaling numerical features
Running seed: 6
Running seed: 13
Running seed: 42
Average scores:	 rmse: 18.17±10.98	 r2: -1.84±4.15
Filename: (MG-COUNT)_(MGK_Graph-Matern52_(count:+)x(graph:+))_hypOFF_Standard_Standard_GPU
