MGK regressor, only scaling numerical features
Running seed: 6
Running seed: 13
Running seed: 42
Average scores:	 rmse: 83.95±9.17	 r2: 0.71±0.09
Filename: (MG-COUNT)_(MGK_Graph-RBF_(count:+)x(graph:x))_hypOFF_Standard_Standard_GPU
MGK regressor, only scaling numerical features
Running seed: 6
Running seed: 13
Running seed: 42
Average scores:	 rmse: 8.32±0.87	 r2: 0.73±0.09
Filename: (MG-COUNT)_(MGK_Graph-RBF_(count:+)x(graph:x))_hypOFF_Standard_Standard_GPU
MGK regressor, only scaling numerical features
Running seed: 6
Running seed: 13
Running seed: 42
Average scores:	 rmse: 10.29±1.4	 r2: 0.7±0.09
Filename: (MG-COUNT)_(MGK_Graph-RBF_(count:+)x(graph:x))_hypOFF_Standard_Standard_GPU
MGK regressor, only scaling numerical features
Running seed: 6
Running seed: 13
Running seed: 42
Average scores:	 rmse: 9.27±1.12	 r2: 0.47±0.1
Filename: (MG-COUNT)_(MGK_Graph-RBF_(count:+)x(graph:x))_hypOFF_Standard_Standard_GPU
MGK regressor, only scaling numerical features
Running seed: 6
Running seed: 13
Running seed: 42
Average scores:	 rmse: 11.29±1.69	 r2: 0.65±0.12
Filename: (MG-COUNT)_(MGK_Graph-RBF_(count:+)x(graph:x))_hypOFF_Standard_Standard_GPU
MGK regressor, only scaling numerical features
Running seed: 6
Running seed: 13
Running seed: 42
Average scores:	 rmse: 9.29±1.13	 r2: 0.46±0.1
Filename: (MG-COUNT)_(MGK_Graph-RBF_(count:+)x(graph:x))_hypOFF_Standard_Standard_GPU

------------------------------------------------------------
Sender: LSF System <lsfadmin@gpu26>
Subject: Job 285656: <mgk_all_20260914_41> in cluster <Hazel> Done

Job <mgk_all_20260914_41> was submitted from host <login03.hpc.ncsu.edu> by user <sdehgha2> in cluster <Hazel> at Mon Sep 14 17:38:19 2026
Job was executed on host(s) <gpu26>, in queue <gpu>, as user <sdehgha2> in cluster <Hazel> at Mon Sep 14 21:22:08 2026
</home/sdehgha2> was used as the home directory.
</share/ddomlab/sdehgha2/working_space/GP_collab/code_python/training/hpc_submit_training_GP> was used as the working directory.
Started at Mon Sep 14 21:22:08 2026
Terminated at Mon Sep 14 21:55:17 2026
Results reported at Mon Sep 14 21:55:17 2026

Your job looked like:

------------------------------------------------------------
# LSBATCH: User input
#BSUB -n 1
#BSUB -W 20:20
#BSUB -q gpu
#BSUB -gpu "num=1:mode=shared:mps=no"
#BSUB -R "rusage[mem=32GB]"
#BSUB -R "select[a10 || a30 || a100 || l40 || h100]"
#BSUB -J "mgk_all_20260914_41"
#BSUB -o "/share/ddomlab/sdehgha2/working_space/GP_collab/results/HPC_history/hpc_20260914/Understanding and Designing a High-Performance Ultrafiltration Membrane Using Machine Learning/MGK_cleaned_dataset_Ultrafiltration_Membrane_imputed_(count:+)x(graph:x)_per_feature_RBF_GPU.out"
#BSUB -e "/share/ddomlab/sdehgha2/working_space/GP_collab/results/HPC_history/hpc_20260914/Understanding and Designing a High-Performance Ultrafiltration Membrane Using Machine Learning/MGK_cleaned_dataset_Ultrafiltration_Membrane_imputed_(count:+)x(graph:x)_per_feature_RBF_GPU.err"

source ~/.bashrc
module load cuda/12.1
module load gcc/9.3.0
conda activate /usr/local/usrapps/ddomlab/sdehgha2/env12

python ../train_structure_numerical.py  --K_fp "Graph"                                         --K_count "RBF"                                         --Kernel_mixing_method "(count:+)x(graph:x)"                                         --paper "Understanding and Designing a High-Performance Ultrafiltration Membrane Using Machine Learning"                                         --dataset "cleaned_dataset_Ultrafiltration Membrane_imputed"                                         --kernel_feature_mode "per_feature"                                         --regressor_type "MGK"

------------------------------------------------------------

Successfully completed.

Resource usage summary:

    CPU time :                                   2006.43 sec.
    Max Memory :                                 1 GB
    Average Memory :                             0.97 GB
    Total Requested Memory :                     32.00 GB
    Delta Memory :                               31.00 GB
    Max Swap :                                   -
    Max Processes :                              14
    Max Threads :                                20
    Run time :                                   1990 sec.
    Turnaround time :                            15418 sec.

The output (if any) is above this job summary.



PS:

Read file </share/ddomlab/sdehgha2/working_space/GP_collab/results/HPC_history/hpc_20260914/Understanding and Designing a High-Performance Ultrafiltration Membrane Using Machine Learning/MGK_cleaned_dataset_Ultrafiltration_Membrane_imputed_(count:+)x(graph:x)_per_feature_RBF_GPU.err> for stderr output of this job.

