[Parallel(n_jobs=8)]: Using backend LokyBackend with 8 concurrent workers.
[Parallel(n_jobs=8)]: Done  34 tasks      | elapsed:   16.2s
[Parallel(n_jobs=8)]: Done 318 out of 318 | elapsed:   16.2s finished
[Parallel(n_jobs=4)]: Using backend LokyBackend with 4 concurrent workers.
[Parallel(n_jobs=4)]: Done  11 out of  11 | elapsed:    1.1s finished
/usr/local/usrapps/ddomlab/sdehgha2/env12/lib/python3.12/site-packages/graphdot/model/gaussian_process/base.py:116: UserWarning: Kernel matrix singular, falling back to pseudoinverse
  warnings.warn(
/usr/local/usrapps/ddomlab/sdehgha2/env12/lib/python3.12/site-packages/graphdot/model/gaussian_process/base.py:116: UserWarning: Kernel matrix singular, falling back to pseudoinverse
  warnings.warn(
/usr/local/usrapps/ddomlab/sdehgha2/env12/lib/python3.12/site-packages/graphdot/model/gaussian_process/base.py:116: UserWarning: Kernel matrix singular, falling back to pseudoinverse
  warnings.warn(
/usr/local/usrapps/ddomlab/sdehgha2/env12/lib/python3.12/site-packages/graphdot/model/gaussian_process/base.py:116: UserWarning: Kernel matrix singular, falling back to pseudoinverse
  warnings.warn(
/usr/local/usrapps/ddomlab/sdehgha2/env12/lib/python3.12/site-packages/scipy/stats/_distn_infrastructure.py:2159: RuntimeWarning: divide by zero encountered in divide
  x = np.asarray((x - loc)/scale, dtype=dtyp)
/gpfs_common/share03/ddomlab/sdehgha2/working_space/GP_collab/code_python/training/utils_uncertainty_calibration.py:88: RuntimeWarning: divide by zero encountered in divide
  standardized_error  = np.abs((y_pred - y_true) / y_std)
/usr/local/usrapps/ddomlab/sdehgha2/env12/lib/python3.12/site-packages/graphdot/model/gaussian_process/base.py:116: UserWarning: Kernel matrix singular, falling back to pseudoinverse
  warnings.warn(
/usr/local/usrapps/ddomlab/sdehgha2/env12/lib/python3.12/site-packages/graphdot/model/gaussian_process/base.py:116: UserWarning: Kernel matrix singular, falling back to pseudoinverse
  warnings.warn(
/usr/local/usrapps/ddomlab/sdehgha2/env12/lib/python3.12/site-packages/graphdot/model/gaussian_process/base.py:116: UserWarning: Kernel matrix singular, falling back to pseudoinverse
  warnings.warn(
/usr/local/usrapps/ddomlab/sdehgha2/env12/lib/python3.12/site-packages/graphdot/model/gaussian_process/base.py:116: UserWarning: Kernel matrix singular, falling back to pseudoinverse
  warnings.warn(
/usr/local/usrapps/ddomlab/sdehgha2/env12/lib/python3.12/site-packages/graphdot/model/gaussian_process/base.py:116: UserWarning: Kernel matrix singular, falling back to pseudoinverse
  warnings.warn(
/usr/local/usrapps/ddomlab/sdehgha2/env12/lib/python3.12/site-packages/graphdot/model/gaussian_process/base.py:116: UserWarning: Kernel matrix singular, falling back to pseudoinverse
  warnings.warn(
/usr/local/usrapps/ddomlab/sdehgha2/env12/lib/python3.12/site-packages/scipy/stats/_distn_infrastructure.py:2159: RuntimeWarning: divide by zero encountered in divide
  x = np.asarray((x - loc)/scale, dtype=dtyp)
/gpfs_common/share03/ddomlab/sdehgha2/working_space/GP_collab/code_python/training/utils_uncertainty_calibration.py:88: RuntimeWarning: divide by zero encountered in divide
  standardized_error  = np.abs((y_pred - y_true) / y_std)
/usr/local/usrapps/ddomlab/sdehgha2/env12/lib/python3.12/site-packages/graphdot/model/gaussian_process/base.py:116: UserWarning: Kernel matrix singular, falling back to pseudoinverse
  warnings.warn(
/usr/local/usrapps/ddomlab/sdehgha2/env12/lib/python3.12/site-packages/graphdot/model/gaussian_process/base.py:116: UserWarning: Kernel matrix singular, falling back to pseudoinverse
  warnings.warn(
/usr/local/usrapps/ddomlab/sdehgha2/env12/lib/python3.12/site-packages/scipy/stats/_distn_infrastructure.py:2159: RuntimeWarning: divide by zero encountered in divide
  x = np.asarray((x - loc)/scale, dtype=dtyp)
/gpfs_common/share03/ddomlab/sdehgha2/working_space/GP_collab/code_python/training/utils_uncertainty_calibration.py:88: RuntimeWarning: divide by zero encountered in divide
  standardized_error  = np.abs((y_pred - y_true) / y_std)
/usr/local/usrapps/ddomlab/sdehgha2/env12/lib/python3.12/site-packages/graphdot/model/gaussian_process/base.py:116: UserWarning: Kernel matrix singular, falling back to pseudoinverse
  warnings.warn(
/usr/local/usrapps/ddomlab/sdehgha2/env12/lib/python3.12/site-packages/graphdot/model/gaussian_process/base.py:116: UserWarning: Kernel matrix singular, falling back to pseudoinverse
  warnings.warn(
/usr/local/usrapps/ddomlab/sdehgha2/env12/lib/python3.12/site-packages/scipy/stats/_distn_infrastructure.py:2159: RuntimeWarning: divide by zero encountered in divide
  x = np.asarray((x - loc)/scale, dtype=dtyp)
/gpfs_common/share03/ddomlab/sdehgha2/working_space/GP_collab/code_python/training/utils_uncertainty_calibration.py:88: RuntimeWarning: divide by zero encountered in divide
  standardized_error  = np.abs((y_pred - y_true) / y_std)
/usr/local/usrapps/ddomlab/sdehgha2/env12/lib/python3.12/site-packages/graphdot/model/gaussian_process/base.py:116: UserWarning: Kernel matrix singular, falling back to pseudoinverse
  warnings.warn(
/usr/local/usrapps/ddomlab/sdehgha2/env12/lib/python3.12/site-packages/graphdot/model/gaussian_process/base.py:116: UserWarning: Kernel matrix singular, falling back to pseudoinverse
  warnings.warn(
/usr/local/usrapps/ddomlab/sdehgha2/env12/lib/python3.12/site-packages/scipy/stats/_distn_infrastructure.py:2159: RuntimeWarning: divide by zero encountered in divide
  x = np.asarray((x - loc)/scale, dtype=dtyp)
/gpfs_common/share03/ddomlab/sdehgha2/working_space/GP_collab/code_python/training/utils_uncertainty_calibration.py:88: RuntimeWarning: divide by zero encountered in divide
  standardized_error  = np.abs((y_pred - y_true) / y_std)
/usr/local/usrapps/ddomlab/sdehgha2/env12/lib/python3.12/site-packages/graphdot/model/gaussian_process/base.py:116: UserWarning: Kernel matrix singular, falling back to pseudoinverse
  warnings.warn(
/usr/local/usrapps/ddomlab/sdehgha2/env12/lib/python3.12/site-packages/graphdot/model/gaussian_process/base.py:116: UserWarning: Kernel matrix singular, falling back to pseudoinverse
  warnings.warn(
/usr/local/usrapps/ddomlab/sdehgha2/env12/lib/python3.12/site-packages/scipy/stats/_distn_infrastructure.py:2159: RuntimeWarning: divide by zero encountered in divide
  x = np.asarray((x - loc)/scale, dtype=dtyp)
/gpfs_common/share03/ddomlab/sdehgha2/working_space/GP_collab/code_python/training/utils_uncertainty_calibration.py:88: RuntimeWarning: divide by zero encountered in divide
  standardized_error  = np.abs((y_pred - y_true) / y_std)
/usr/local/usrapps/ddomlab/sdehgha2/env12/lib/python3.12/site-packages/graphdot/model/gaussian_process/base.py:116: UserWarning: Kernel matrix singular, falling back to pseudoinverse
  warnings.warn(
/usr/local/usrapps/ddomlab/sdehgha2/env12/lib/python3.12/site-packages/graphdot/model/gaussian_process/base.py:116: UserWarning: Kernel matrix singular, falling back to pseudoinverse
  warnings.warn(
/usr/local/usrapps/ddomlab/sdehgha2/env12/lib/python3.12/site-packages/scipy/stats/_distn_infrastructure.py:2159: RuntimeWarning: divide by zero encountered in divide
  x = np.asarray((x - loc)/scale, dtype=dtyp)
/gpfs_common/share03/ddomlab/sdehgha2/working_space/GP_collab/code_python/training/utils_uncertainty_calibration.py:88: RuntimeWarning: divide by zero encountered in divide
  standardized_error  = np.abs((y_pred - y_true) / y_std)
/usr/local/usrapps/ddomlab/sdehgha2/env12/lib/python3.12/site-packages/graphdot/model/gaussian_process/base.py:116: UserWarning: Kernel matrix singular, falling back to pseudoinverse
  warnings.warn(
/usr/local/usrapps/ddomlab/sdehgha2/env12/lib/python3.12/site-packages/graphdot/model/gaussian_process/base.py:116: UserWarning: Kernel matrix singular, falling back to pseudoinverse
  warnings.warn(
/usr/local/usrapps/ddomlab/sdehgha2/env12/lib/python3.12/site-packages/graphdot/model/gaussian_process/base.py:116: UserWarning: Kernel matrix singular, falling back to pseudoinverse
  warnings.warn(
/usr/local/usrapps/ddomlab/sdehgha2/env12/lib/python3.12/site-packages/graphdot/model/gaussian_process/base.py:116: UserWarning: Kernel matrix singular, falling back to pseudoinverse
  warnings.warn(
/usr/local/usrapps/ddomlab/sdehgha2/env12/lib/python3.12/site-packages/graphdot/model/gaussian_process/base.py:116: UserWarning: Kernel matrix singular, falling back to pseudoinverse
  warnings.warn(
/usr/local/usrapps/ddomlab/sdehgha2/env12/lib/python3.12/site-packages/graphdot/model/gaussian_process/base.py:116: UserWarning: Kernel matrix singular, falling back to pseudoinverse
  warnings.warn(
/usr/local/usrapps/ddomlab/sdehgha2/env12/lib/python3.12/site-packages/scipy/stats/_distn_infrastructure.py:2159: RuntimeWarning: divide by zero encountered in divide
  x = np.asarray((x - loc)/scale, dtype=dtyp)
/gpfs_common/share03/ddomlab/sdehgha2/working_space/GP_collab/code_python/training/utils_uncertainty_calibration.py:88: RuntimeWarning: divide by zero encountered in divide
  standardized_error  = np.abs((y_pred - y_true) / y_std)
/usr/local/usrapps/ddomlab/sdehgha2/env12/lib/python3.12/site-packages/graphdot/model/gaussian_process/base.py:116: UserWarning: Kernel matrix singular, falling back to pseudoinverse
  warnings.warn(
/usr/local/usrapps/ddomlab/sdehgha2/env12/lib/python3.12/site-packages/graphdot/model/gaussian_process/base.py:116: UserWarning: Kernel matrix singular, falling back to pseudoinverse
  warnings.warn(
/usr/local/usrapps/ddomlab/sdehgha2/env12/lib/python3.12/site-packages/graphdot/model/gaussian_process/base.py:116: UserWarning: Kernel matrix singular, falling back to pseudoinverse
  warnings.warn(
/usr/local/usrapps/ddomlab/sdehgha2/env12/lib/python3.12/site-packages/graphdot/model/gaussian_process/base.py:116: UserWarning: Kernel matrix singular, falling back to pseudoinverse
  warnings.warn(
/usr/local/usrapps/ddomlab/sdehgha2/env12/lib/python3.12/site-packages/scipy/stats/_distn_infrastructure.py:2159: RuntimeWarning: divide by zero encountered in divide
  x = np.asarray((x - loc)/scale, dtype=dtyp)
/gpfs_common/share03/ddomlab/sdehgha2/working_space/GP_collab/code_python/training/utils_uncertainty_calibration.py:88: RuntimeWarning: divide by zero encountered in divide
  standardized_error  = np.abs((y_pred - y_true) / y_std)
[Parallel(n_jobs=8)]: Using backend LokyBackend with 8 concurrent workers.
[Parallel(n_jobs=8)]: Done  34 tasks      | elapsed:   16.6s
[Parallel(n_jobs=8)]: Done 318 out of 318 | elapsed:   16.6s finished
[Parallel(n_jobs=4)]: Using backend LokyBackend with 4 concurrent workers.
[Parallel(n_jobs=4)]: Done  11 out of  11 | elapsed:    1.1s finished
/usr/local/usrapps/ddomlab/sdehgha2/env12/lib/python3.12/site-packages/graphdot/model/gaussian_process/base.py:116: UserWarning: Kernel matrix singular, falling back to pseudoinverse
  warnings.warn(
/usr/local/usrapps/ddomlab/sdehgha2/env12/lib/python3.12/site-packages/graphdot/model/gaussian_process/base.py:116: UserWarning: Kernel matrix singular, falling back to pseudoinverse
  warnings.warn(
/usr/local/usrapps/ddomlab/sdehgha2/env12/lib/python3.12/site-packages/scipy/stats/_distn_infrastructure.py:2159: RuntimeWarning: divide by zero encountered in divide
  x = np.asarray((x - loc)/scale, dtype=dtyp)
/gpfs_common/share03/ddomlab/sdehgha2/working_space/GP_collab/code_python/training/utils_uncertainty_calibration.py:88: RuntimeWarning: divide by zero encountered in divide
  standardized_error  = np.abs((y_pred - y_true) / y_std)
/usr/local/usrapps/ddomlab/sdehgha2/env12/lib/python3.12/site-packages/graphdot/model/gaussian_process/base.py:116: UserWarning: Kernel matrix singular, falling back to pseudoinverse
  warnings.warn(
/usr/local/usrapps/ddomlab/sdehgha2/env12/lib/python3.12/site-packages/graphdot/model/gaussian_process/base.py:116: UserWarning: Kernel matrix singular, falling back to pseudoinverse
  warnings.warn(
/usr/local/usrapps/ddomlab/sdehgha2/env12/lib/python3.12/site-packages/graphdot/model/gaussian_process/base.py:116: UserWarning: Kernel matrix singular, falling back to pseudoinverse
  warnings.warn(
/usr/local/usrapps/ddomlab/sdehgha2/env12/lib/python3.12/site-packages/graphdot/model/gaussian_process/base.py:116: UserWarning: Kernel matrix singular, falling back to pseudoinverse
  warnings.warn(
/usr/local/usrapps/ddomlab/sdehgha2/env12/lib/python3.12/site-packages/scipy/stats/_distn_infrastructure.py:2159: RuntimeWarning: divide by zero encountered in divide
  x = np.asarray((x - loc)/scale, dtype=dtyp)
/gpfs_common/share03/ddomlab/sdehgha2/working_space/GP_collab/code_python/training/utils_uncertainty_calibration.py:88: RuntimeWarning: divide by zero encountered in divide
  standardized_error  = np.abs((y_pred - y_true) / y_std)
/usr/local/usrapps/ddomlab/sdehgha2/env12/lib/python3.12/site-packages/graphdot/model/gaussian_process/base.py:116: UserWarning: Kernel matrix singular, falling back to pseudoinverse
  warnings.warn(
/usr/local/usrapps/ddomlab/sdehgha2/env12/lib/python3.12/site-packages/graphdot/model/gaussian_process/base.py:116: UserWarning: Kernel matrix singular, falling back to pseudoinverse
  warnings.warn(
/usr/local/usrapps/ddomlab/sdehgha2/env12/lib/python3.12/site-packages/graphdot/model/gaussian_process/base.py:116: UserWarning: Kernel matrix singular, falling back to pseudoinverse
  warnings.warn(
/usr/local/usrapps/ddomlab/sdehgha2/env12/lib/python3.12/site-packages/graphdot/model/gaussian_process/base.py:116: UserWarning: Kernel matrix singular, falling back to pseudoinverse
  warnings.warn(
/usr/local/usrapps/ddomlab/sdehgha2/env12/lib/python3.12/site-packages/graphdot/model/gaussian_process/base.py:116: UserWarning: Kernel matrix singular, falling back to pseudoinverse
  warnings.warn(
/usr/local/usrapps/ddomlab/sdehgha2/env12/lib/python3.12/site-packages/graphdot/model/gaussian_process/base.py:116: UserWarning: Kernel matrix singular, falling back to pseudoinverse
  warnings.warn(
/usr/local/usrapps/ddomlab/sdehgha2/env12/lib/python3.12/site-packages/scipy/stats/_distn_infrastructure.py:2159: RuntimeWarning: divide by zero encountered in divide
  x = np.asarray((x - loc)/scale, dtype=dtyp)
/gpfs_common/share03/ddomlab/sdehgha2/working_space/GP_collab/code_python/training/utils_uncertainty_calibration.py:88: RuntimeWarning: divide by zero encountered in divide
  standardized_error  = np.abs((y_pred - y_true) / y_std)
/usr/local/usrapps/ddomlab/sdehgha2/env12/lib/python3.12/site-packages/graphdot/model/gaussian_process/base.py:116: UserWarning: Kernel matrix singular, falling back to pseudoinverse
  warnings.warn(
/usr/local/usrapps/ddomlab/sdehgha2/env12/lib/python3.12/site-packages/graphdot/model/gaussian_process/base.py:116: UserWarning: Kernel matrix singular, falling back to pseudoinverse
  warnings.warn(
/usr/local/usrapps/ddomlab/sdehgha2/env12/lib/python3.12/site-packages/graphdot/model/gaussian_process/base.py:116: UserWarning: Kernel matrix singular, falling back to pseudoinverse
  warnings.warn(
/usr/local/usrapps/ddomlab/sdehgha2/env12/lib/python3.12/site-packages/graphdot/model/gaussian_process/base.py:116: UserWarning: Kernel matrix singular, falling back to pseudoinverse
  warnings.warn(
/usr/local/usrapps/ddomlab/sdehgha2/env12/lib/python3.12/site-packages/graphdot/model/gaussian_process/base.py:116: UserWarning: Kernel matrix singular, falling back to pseudoinverse
  warnings.warn(
/usr/local/usrapps/ddomlab/sdehgha2/env12/lib/python3.12/site-packages/graphdot/model/gaussian_process/base.py:116: UserWarning: Kernel matrix singular, falling back to pseudoinverse
  warnings.warn(
/usr/local/usrapps/ddomlab/sdehgha2/env12/lib/python3.12/site-packages/scipy/stats/_distn_infrastructure.py:2159: RuntimeWarning: divide by zero encountered in divide
  x = np.asarray((x - loc)/scale, dtype=dtyp)
/gpfs_common/share03/ddomlab/sdehgha2/working_space/GP_collab/code_python/training/utils_uncertainty_calibration.py:88: RuntimeWarning: divide by zero encountered in divide
  standardized_error  = np.abs((y_pred - y_true) / y_std)
/usr/local/usrapps/ddomlab/sdehgha2/env12/lib/python3.12/site-packages/graphdot/model/gaussian_process/base.py:116: UserWarning: Kernel matrix singular, falling back to pseudoinverse
  warnings.warn(
/usr/local/usrapps/ddomlab/sdehgha2/env12/lib/python3.12/site-packages/graphdot/model/gaussian_process/base.py:116: UserWarning: Kernel matrix singular, falling back to pseudoinverse
  warnings.warn(
/usr/local/usrapps/ddomlab/sdehgha2/env12/lib/python3.12/site-packages/graphdot/model/gaussian_process/base.py:116: UserWarning: Kernel matrix singular, falling back to pseudoinverse
  warnings.warn(
/usr/local/usrapps/ddomlab/sdehgha2/env12/lib/python3.12/site-packages/graphdot/model/gaussian_process/base.py:116: UserWarning: Kernel matrix singular, falling back to pseudoinverse
  warnings.warn(
/usr/local/usrapps/ddomlab/sdehgha2/env12/lib/python3.12/site-packages/scipy/stats/_distn_infrastructure.py:2159: RuntimeWarning: divide by zero encountered in divide
  x = np.asarray((x - loc)/scale, dtype=dtyp)
/gpfs_common/share03/ddomlab/sdehgha2/working_space/GP_collab/code_python/training/utils_uncertainty_calibration.py:88: RuntimeWarning: divide by zero encountered in divide
  standardized_error  = np.abs((y_pred - y_true) / y_std)
/usr/local/usrapps/ddomlab/sdehgha2/env12/lib/python3.12/site-packages/graphdot/model/gaussian_process/base.py:116: UserWarning: Kernel matrix singular, falling back to pseudoinverse
  warnings.warn(
/usr/local/usrapps/ddomlab/sdehgha2/env12/lib/python3.12/site-packages/graphdot/model/gaussian_process/base.py:116: UserWarning: Kernel matrix singular, falling back to pseudoinverse
  warnings.warn(
/usr/local/usrapps/ddomlab/sdehgha2/env12/lib/python3.12/site-packages/graphdot/model/gaussian_process/base.py:116: UserWarning: Kernel matrix singular, falling back to pseudoinverse
  warnings.warn(
/usr/local/usrapps/ddomlab/sdehgha2/env12/lib/python3.12/site-packages/graphdot/model/gaussian_process/base.py:116: UserWarning: Kernel matrix singular, falling back to pseudoinverse
  warnings.warn(
/usr/local/usrapps/ddomlab/sdehgha2/env12/lib/python3.12/site-packages/scipy/stats/_distn_infrastructure.py:2159: RuntimeWarning: divide by zero encountered in divide
  x = np.asarray((x - loc)/scale, dtype=dtyp)
/gpfs_common/share03/ddomlab/sdehgha2/working_space/GP_collab/code_python/training/utils_uncertainty_calibration.py:88: RuntimeWarning: divide by zero encountered in divide
  standardized_error  = np.abs((y_pred - y_true) / y_std)
/usr/local/usrapps/ddomlab/sdehgha2/env12/lib/python3.12/site-packages/graphdot/model/gaussian_process/base.py:116: UserWarning: Kernel matrix singular, falling back to pseudoinverse
  warnings.warn(
/usr/local/usrapps/ddomlab/sdehgha2/env12/lib/python3.12/site-packages/graphdot/model/gaussian_process/base.py:116: UserWarning: Kernel matrix singular, falling back to pseudoinverse
  warnings.warn(
/usr/local/usrapps/ddomlab/sdehgha2/env12/lib/python3.12/site-packages/graphdot/model/gaussian_process/base.py:116: UserWarning: Kernel matrix singular, falling back to pseudoinverse
  warnings.warn(
/usr/local/usrapps/ddomlab/sdehgha2/env12/lib/python3.12/site-packages/graphdot/model/gaussian_process/base.py:116: UserWarning: Kernel matrix singular, falling back to pseudoinverse
  warnings.warn(
/usr/local/usrapps/ddomlab/sdehgha2/env12/lib/python3.12/site-packages/scipy/stats/_distn_infrastructure.py:2159: RuntimeWarning: divide by zero encountered in divide
  x = np.asarray((x - loc)/scale, dtype=dtyp)
/gpfs_common/share03/ddomlab/sdehgha2/working_space/GP_collab/code_python/training/utils_uncertainty_calibration.py:88: RuntimeWarning: divide by zero encountered in divide
  standardized_error  = np.abs((y_pred - y_true) / y_std)
[Parallel(n_jobs=8)]: Using backend LokyBackend with 8 concurrent workers.
[Parallel(n_jobs=8)]: Done  34 tasks      | elapsed:   12.8s
[Parallel(n_jobs=8)]: Done 318 out of 318 | elapsed:   12.9s finished
[Parallel(n_jobs=4)]: Using backend LokyBackend with 4 concurrent workers.
[Parallel(n_jobs=4)]: Done  11 out of  11 | elapsed:    0.9s finished
/usr/local/usrapps/ddomlab/sdehgha2/env12/lib/python3.12/site-packages/graphdot/model/gaussian_process/base.py:116: UserWarning: Kernel matrix singular, falling back to pseudoinverse
  warnings.warn(
/usr/local/usrapps/ddomlab/sdehgha2/env12/lib/python3.12/site-packages/graphdot/model/gaussian_process/base.py:116: UserWarning: Kernel matrix singular, falling back to pseudoinverse
  warnings.warn(
/usr/local/usrapps/ddomlab/sdehgha2/env12/lib/python3.12/site-packages/scipy/stats/_distn_infrastructure.py:2159: RuntimeWarning: divide by zero encountered in divide
  x = np.asarray((x - loc)/scale, dtype=dtyp)
/gpfs_common/share03/ddomlab/sdehgha2/working_space/GP_collab/code_python/training/utils_uncertainty_calibration.py:88: RuntimeWarning: divide by zero encountered in divide
  standardized_error  = np.abs((y_pred - y_true) / y_std)
/usr/local/usrapps/ddomlab/sdehgha2/env12/lib/python3.12/site-packages/graphdot/model/gaussian_process/base.py:116: UserWarning: Kernel matrix singular, falling back to pseudoinverse
  warnings.warn(
/usr/local/usrapps/ddomlab/sdehgha2/env12/lib/python3.12/site-packages/graphdot/model/gaussian_process/base.py:116: UserWarning: Kernel matrix singular, falling back to pseudoinverse
  warnings.warn(
/usr/local/usrapps/ddomlab/sdehgha2/env12/lib/python3.12/site-packages/graphdot/model/gaussian_process/base.py:116: UserWarning: Kernel matrix singular, falling back to pseudoinverse
  warnings.warn(
/usr/local/usrapps/ddomlab/sdehgha2/env12/lib/python3.12/site-packages/graphdot/model/gaussian_process/base.py:116: UserWarning: Kernel matrix singular, falling back to pseudoinverse
  warnings.warn(
/usr/local/usrapps/ddomlab/sdehgha2/env12/lib/python3.12/site-packages/scipy/stats/_distn_infrastructure.py:2159: RuntimeWarning: divide by zero encountered in divide
  x = np.asarray((x - loc)/scale, dtype=dtyp)
/gpfs_common/share03/ddomlab/sdehgha2/working_space/GP_collab/code_python/training/utils_uncertainty_calibration.py:88: RuntimeWarning: divide by zero encountered in divide
  standardized_error  = np.abs((y_pred - y_true) / y_std)
/usr/local/usrapps/ddomlab/sdehgha2/env12/lib/python3.12/site-packages/graphdot/model/gaussian_process/base.py:116: UserWarning: Kernel matrix singular, falling back to pseudoinverse
  warnings.warn(
/usr/local/usrapps/ddomlab/sdehgha2/env12/lib/python3.12/site-packages/graphdot/model/gaussian_process/base.py:116: UserWarning: Kernel matrix singular, falling back to pseudoinverse
  warnings.warn(
/usr/local/usrapps/ddomlab/sdehgha2/env12/lib/python3.12/site-packages/graphdot/model/gaussian_process/base.py:116: UserWarning: Kernel matrix singular, falling back to pseudoinverse
  warnings.warn(
/usr/local/usrapps/ddomlab/sdehgha2/env12/lib/python3.12/site-packages/graphdot/model/gaussian_process/base.py:116: UserWarning: Kernel matrix singular, falling back to pseudoinverse
  warnings.warn(
/usr/local/usrapps/ddomlab/sdehgha2/env12/lib/python3.12/site-packages/scipy/stats/_distn_infrastructure.py:2159: RuntimeWarning: divide by zero encountered in divide
  x = np.asarray((x - loc)/scale, dtype=dtyp)
/gpfs_common/share03/ddomlab/sdehgha2/working_space/GP_collab/code_python/training/utils_uncertainty_calibration.py:88: RuntimeWarning: divide by zero encountered in divide
  standardized_error  = np.abs((y_pred - y_true) / y_std)
/usr/local/usrapps/ddomlab/sdehgha2/env12/lib/python3.12/site-packages/graphdot/model/gaussian_process/base.py:116: UserWarning: Kernel matrix singular, falling back to pseudoinverse
  warnings.warn(
/usr/local/usrapps/ddomlab/sdehgha2/env12/lib/python3.12/site-packages/graphdot/model/gaussian_process/base.py:116: UserWarning: Kernel matrix singular, falling back to pseudoinverse
  warnings.warn(
/usr/local/usrapps/ddomlab/sdehgha2/env12/lib/python3.12/site-packages/scipy/stats/_distn_infrastructure.py:2159: RuntimeWarning: divide by zero encountered in divide
  x = np.asarray((x - loc)/scale, dtype=dtyp)
/gpfs_common/share03/ddomlab/sdehgha2/working_space/GP_collab/code_python/training/utils_uncertainty_calibration.py:88: RuntimeWarning: divide by zero encountered in divide
  standardized_error  = np.abs((y_pred - y_true) / y_std)
/usr/local/usrapps/ddomlab/sdehgha2/env12/lib/python3.12/site-packages/graphdot/model/gaussian_process/base.py:116: UserWarning: Kernel matrix singular, falling back to pseudoinverse
  warnings.warn(
/usr/local/usrapps/ddomlab/sdehgha2/env12/lib/python3.12/site-packages/graphdot/model/gaussian_process/base.py:116: UserWarning: Kernel matrix singular, falling back to pseudoinverse
  warnings.warn(
/usr/local/usrapps/ddomlab/sdehgha2/env12/lib/python3.12/site-packages/graphdot/model/gaussian_process/base.py:116: UserWarning: Kernel matrix singular, falling back to pseudoinverse
  warnings.warn(
/usr/local/usrapps/ddomlab/sdehgha2/env12/lib/python3.12/site-packages/graphdot/model/gaussian_process/base.py:116: UserWarning: Kernel matrix singular, falling back to pseudoinverse
  warnings.warn(
/usr/local/usrapps/ddomlab/sdehgha2/env12/lib/python3.12/site-packages/scipy/stats/_distn_infrastructure.py:2159: RuntimeWarning: divide by zero encountered in divide
  x = np.asarray((x - loc)/scale, dtype=dtyp)
/gpfs_common/share03/ddomlab/sdehgha2/working_space/GP_collab/code_python/training/utils_uncertainty_calibration.py:88: RuntimeWarning: divide by zero encountered in divide
  standardized_error  = np.abs((y_pred - y_true) / y_std)
/usr/local/usrapps/ddomlab/sdehgha2/env12/lib/python3.12/site-packages/graphdot/model/gaussian_process/base.py:116: UserWarning: Kernel matrix singular, falling back to pseudoinverse
  warnings.warn(
/usr/local/usrapps/ddomlab/sdehgha2/env12/lib/python3.12/site-packages/graphdot/model/gaussian_process/base.py:116: UserWarning: Kernel matrix singular, falling back to pseudoinverse
  warnings.warn(
/usr/local/usrapps/ddomlab/sdehgha2/env12/lib/python3.12/site-packages/scipy/stats/_distn_infrastructure.py:2159: RuntimeWarning: divide by zero encountered in divide
  x = np.asarray((x - loc)/scale, dtype=dtyp)
/gpfs_common/share03/ddomlab/sdehgha2/working_space/GP_collab/code_python/training/utils_uncertainty_calibration.py:88: RuntimeWarning: divide by zero encountered in divide
  standardized_error  = np.abs((y_pred - y_true) / y_std)
/usr/local/usrapps/ddomlab/sdehgha2/env12/lib/python3.12/site-packages/graphdot/model/gaussian_process/base.py:116: UserWarning: Kernel matrix singular, falling back to pseudoinverse
  warnings.warn(
/usr/local/usrapps/ddomlab/sdehgha2/env12/lib/python3.12/site-packages/graphdot/model/gaussian_process/base.py:116: UserWarning: Kernel matrix singular, falling back to pseudoinverse
  warnings.warn(
/usr/local/usrapps/ddomlab/sdehgha2/env12/lib/python3.12/site-packages/scipy/stats/_distn_infrastructure.py:2159: RuntimeWarning: divide by zero encountered in divide
  x = np.asarray((x - loc)/scale, dtype=dtyp)
/gpfs_common/share03/ddomlab/sdehgha2/working_space/GP_collab/code_python/training/utils_uncertainty_calibration.py:88: RuntimeWarning: divide by zero encountered in divide
  standardized_error  = np.abs((y_pred - y_true) / y_std)
/usr/local/usrapps/ddomlab/sdehgha2/env12/lib/python3.12/site-packages/graphdot/model/gaussian_process/base.py:116: UserWarning: Kernel matrix singular, falling back to pseudoinverse
  warnings.warn(
/usr/local/usrapps/ddomlab/sdehgha2/env12/lib/python3.12/site-packages/graphdot/model/gaussian_process/base.py:116: UserWarning: Kernel matrix singular, falling back to pseudoinverse
  warnings.warn(
/usr/local/usrapps/ddomlab/sdehgha2/env12/lib/python3.12/site-packages/scipy/stats/_distn_infrastructure.py:2159: RuntimeWarning: divide by zero encountered in divide
  x = np.asarray((x - loc)/scale, dtype=dtyp)
/gpfs_common/share03/ddomlab/sdehgha2/working_space/GP_collab/code_python/training/utils_uncertainty_calibration.py:88: RuntimeWarning: divide by zero encountered in divide
  standardized_error  = np.abs((y_pred - y_true) / y_std)
/usr/local/usrapps/ddomlab/sdehgha2/env12/lib/python3.12/site-packages/graphdot/model/gaussian_process/base.py:116: UserWarning: Kernel matrix singular, falling back to pseudoinverse
  warnings.warn(
/usr/local/usrapps/ddomlab/sdehgha2/env12/lib/python3.12/site-packages/graphdot/model/gaussian_process/base.py:116: UserWarning: Kernel matrix singular, falling back to pseudoinverse
  warnings.warn(
/usr/local/usrapps/ddomlab/sdehgha2/env12/lib/python3.12/site-packages/scipy/stats/_distn_infrastructure.py:2159: RuntimeWarning: divide by zero encountered in divide
  x = np.asarray((x - loc)/scale, dtype=dtyp)
/gpfs_common/share03/ddomlab/sdehgha2/working_space/GP_collab/code_python/training/utils_uncertainty_calibration.py:88: RuntimeWarning: divide by zero encountered in divide
  standardized_error  = np.abs((y_pred - y_true) / y_std)
/usr/local/usrapps/ddomlab/sdehgha2/env12/lib/python3.12/site-packages/graphdot/model/gaussian_process/base.py:116: UserWarning: Kernel matrix singular, falling back to pseudoinverse
  warnings.warn(
/usr/local/usrapps/ddomlab/sdehgha2/env12/lib/python3.12/site-packages/graphdot/model/gaussian_process/base.py:116: UserWarning: Kernel matrix singular, falling back to pseudoinverse
  warnings.warn(
/usr/local/usrapps/ddomlab/sdehgha2/env12/lib/python3.12/site-packages/scipy/stats/_distn_infrastructure.py:2159: RuntimeWarning: divide by zero encountered in divide
  x = np.asarray((x - loc)/scale, dtype=dtyp)
/gpfs_common/share03/ddomlab/sdehgha2/working_space/GP_collab/code_python/training/utils_uncertainty_calibration.py:88: RuntimeWarning: divide by zero encountered in divide
  standardized_error  = np.abs((y_pred - y_true) / y_std)
/usr/local/usrapps/ddomlab/sdehgha2/env12/lib/python3.12/site-packages/graphdot/model/gaussian_process/base.py:116: UserWarning: Kernel matrix singular, falling back to pseudoinverse
  warnings.warn(
/usr/local/usrapps/ddomlab/sdehgha2/env12/lib/python3.12/site-packages/graphdot/model/gaussian_process/base.py:116: UserWarning: Kernel matrix singular, falling back to pseudoinverse
  warnings.warn(
/usr/local/usrapps/ddomlab/sdehgha2/env12/lib/python3.12/site-packages/scipy/stats/_distn_infrastructure.py:2159: RuntimeWarning: divide by zero encountered in divide
  x = np.asarray((x - loc)/scale, dtype=dtyp)
/gpfs_common/share03/ddomlab/sdehgha2/working_space/GP_collab/code_python/training/utils_uncertainty_calibration.py:88: RuntimeWarning: divide by zero encountered in divide
  standardized_error  = np.abs((y_pred - y_true) / y_std)
/usr/local/usrapps/ddomlab/sdehgha2/env12/lib/python3.12/site-packages/graphdot/model/gaussian_process/base.py:116: UserWarning: Kernel matrix singular, falling back to pseudoinverse
  warnings.warn(
/usr/local/usrapps/ddomlab/sdehgha2/env12/lib/python3.12/site-packages/graphdot/model/gaussian_process/base.py:116: UserWarning: Kernel matrix singular, falling back to pseudoinverse
  warnings.warn(
[Parallel(n_jobs=8)]: Using backend LokyBackend with 8 concurrent workers.
[Parallel(n_jobs=8)]: Done  34 tasks      | elapsed:   14.7s
[Parallel(n_jobs=8)]: Done 318 out of 318 | elapsed:   14.8s finished
[Parallel(n_jobs=4)]: Using backend LokyBackend with 4 concurrent workers.
[Parallel(n_jobs=4)]: Done  11 out of  11 | elapsed:    1.4s finished
/usr/local/usrapps/ddomlab/sdehgha2/env12/lib/python3.12/site-packages/graphdot/model/gaussian_process/base.py:116: UserWarning: Kernel matrix singular, falling back to pseudoinverse
  warnings.warn(
/usr/local/usrapps/ddomlab/sdehgha2/env12/lib/python3.12/site-packages/graphdot/model/gaussian_process/base.py:116: UserWarning: Kernel matrix singular, falling back to pseudoinverse
  warnings.warn(
/usr/local/usrapps/ddomlab/sdehgha2/env12/lib/python3.12/site-packages/scipy/stats/_distn_infrastructure.py:2159: RuntimeWarning: divide by zero encountered in divide
  x = np.asarray((x - loc)/scale, dtype=dtyp)
/gpfs_common/share03/ddomlab/sdehgha2/working_space/GP_collab/code_python/training/utils_uncertainty_calibration.py:88: RuntimeWarning: divide by zero encountered in divide
  standardized_error  = np.abs((y_pred - y_true) / y_std)
/usr/local/usrapps/ddomlab/sdehgha2/env12/lib/python3.12/site-packages/graphdot/model/gaussian_process/base.py:116: UserWarning: Kernel matrix singular, falling back to pseudoinverse
  warnings.warn(
/usr/local/usrapps/ddomlab/sdehgha2/env12/lib/python3.12/site-packages/graphdot/model/gaussian_process/base.py:116: UserWarning: Kernel matrix singular, falling back to pseudoinverse
  warnings.warn(
/usr/local/usrapps/ddomlab/sdehgha2/env12/lib/python3.12/site-packages/scipy/stats/_distn_infrastructure.py:2159: RuntimeWarning: divide by zero encountered in divide
  x = np.asarray((x - loc)/scale, dtype=dtyp)
/gpfs_common/share03/ddomlab/sdehgha2/working_space/GP_collab/code_python/training/utils_uncertainty_calibration.py:88: RuntimeWarning: divide by zero encountered in divide
  standardized_error  = np.abs((y_pred - y_true) / y_std)
/usr/local/usrapps/ddomlab/sdehgha2/env12/lib/python3.12/site-packages/graphdot/model/gaussian_process/base.py:116: UserWarning: Kernel matrix singular, falling back to pseudoinverse
  warnings.warn(
/usr/local/usrapps/ddomlab/sdehgha2/env12/lib/python3.12/site-packages/graphdot/model/gaussian_process/base.py:116: UserWarning: Kernel matrix singular, falling back to pseudoinverse
  warnings.warn(
/usr/local/usrapps/ddomlab/sdehgha2/env12/lib/python3.12/site-packages/scipy/stats/_distn_infrastructure.py:2159: RuntimeWarning: divide by zero encountered in divide
  x = np.asarray((x - loc)/scale, dtype=dtyp)
/gpfs_common/share03/ddomlab/sdehgha2/working_space/GP_collab/code_python/training/utils_uncertainty_calibration.py:88: RuntimeWarning: divide by zero encountered in divide
  standardized_error  = np.abs((y_pred - y_true) / y_std)
/usr/local/usrapps/ddomlab/sdehgha2/env12/lib/python3.12/site-packages/graphdot/model/gaussian_process/base.py:116: UserWarning: Kernel matrix singular, falling back to pseudoinverse
  warnings.warn(
/usr/local/usrapps/ddomlab/sdehgha2/env12/lib/python3.12/site-packages/graphdot/model/gaussian_process/base.py:116: UserWarning: Kernel matrix singular, falling back to pseudoinverse
  warnings.warn(
/usr/local/usrapps/ddomlab/sdehgha2/env12/lib/python3.12/site-packages/scipy/stats/_distn_infrastructure.py:2159: RuntimeWarning: divide by zero encountered in divide
  x = np.asarray((x - loc)/scale, dtype=dtyp)
/gpfs_common/share03/ddomlab/sdehgha2/working_space/GP_collab/code_python/training/utils_uncertainty_calibration.py:88: RuntimeWarning: divide by zero encountered in divide
  standardized_error  = np.abs((y_pred - y_true) / y_std)
/usr/local/usrapps/ddomlab/sdehgha2/env12/lib/python3.12/site-packages/graphdot/model/gaussian_process/base.py:116: UserWarning: Kernel matrix singular, falling back to pseudoinverse
  warnings.warn(
/usr/local/usrapps/ddomlab/sdehgha2/env12/lib/python3.12/site-packages/graphdot/model/gaussian_process/base.py:116: UserWarning: Kernel matrix singular, falling back to pseudoinverse
  warnings.warn(
/usr/local/usrapps/ddomlab/sdehgha2/env12/lib/python3.12/site-packages/scipy/stats/_distn_infrastructure.py:2159: RuntimeWarning: divide by zero encountered in divide
  x = np.asarray((x - loc)/scale, dtype=dtyp)
/gpfs_common/share03/ddomlab/sdehgha2/working_space/GP_collab/code_python/training/utils_uncertainty_calibration.py:88: RuntimeWarning: divide by zero encountered in divide
  standardized_error  = np.abs((y_pred - y_true) / y_std)
/usr/local/usrapps/ddomlab/sdehgha2/env12/lib/python3.12/site-packages/graphdot/model/gaussian_process/base.py:116: UserWarning: Kernel matrix singular, falling back to pseudoinverse
  warnings.warn(
/usr/local/usrapps/ddomlab/sdehgha2/env12/lib/python3.12/site-packages/graphdot/model/gaussian_process/base.py:116: UserWarning: Kernel matrix singular, falling back to pseudoinverse
  warnings.warn(
/usr/local/usrapps/ddomlab/sdehgha2/env12/lib/python3.12/site-packages/scipy/stats/_distn_infrastructure.py:2159: RuntimeWarning: divide by zero encountered in divide
  x = np.asarray((x - loc)/scale, dtype=dtyp)
/gpfs_common/share03/ddomlab/sdehgha2/working_space/GP_collab/code_python/training/utils_uncertainty_calibration.py:88: RuntimeWarning: divide by zero encountered in divide
  standardized_error  = np.abs((y_pred - y_true) / y_std)
/usr/local/usrapps/ddomlab/sdehgha2/env12/lib/python3.12/site-packages/graphdot/model/gaussian_process/base.py:116: UserWarning: Kernel matrix singular, falling back to pseudoinverse
  warnings.warn(
/usr/local/usrapps/ddomlab/sdehgha2/env12/lib/python3.12/site-packages/graphdot/model/gaussian_process/base.py:116: UserWarning: Kernel matrix singular, falling back to pseudoinverse
  warnings.warn(
/usr/local/usrapps/ddomlab/sdehgha2/env12/lib/python3.12/site-packages/scipy/stats/_distn_infrastructure.py:2159: RuntimeWarning: divide by zero encountered in divide
  x = np.asarray((x - loc)/scale, dtype=dtyp)
/gpfs_common/share03/ddomlab/sdehgha2/working_space/GP_collab/code_python/training/utils_uncertainty_calibration.py:88: RuntimeWarning: divide by zero encountered in divide
  standardized_error  = np.abs((y_pred - y_true) / y_std)
/usr/local/usrapps/ddomlab/sdehgha2/env12/lib/python3.12/site-packages/graphdot/model/gaussian_process/base.py:116: UserWarning: Kernel matrix singular, falling back to pseudoinverse
  warnings.warn(
/usr/local/usrapps/ddomlab/sdehgha2/env12/lib/python3.12/site-packages/graphdot/model/gaussian_process/base.py:116: UserWarning: Kernel matrix singular, falling back to pseudoinverse
  warnings.warn(
/usr/local/usrapps/ddomlab/sdehgha2/env12/lib/python3.12/site-packages/scipy/stats/_distn_infrastructure.py:2159: RuntimeWarning: divide by zero encountered in divide
  x = np.asarray((x - loc)/scale, dtype=dtyp)
/gpfs_common/share03/ddomlab/sdehgha2/working_space/GP_collab/code_python/training/utils_uncertainty_calibration.py:88: RuntimeWarning: divide by zero encountered in divide
  standardized_error  = np.abs((y_pred - y_true) / y_std)
/usr/local/usrapps/ddomlab/sdehgha2/env12/lib/python3.12/site-packages/graphdot/model/gaussian_process/base.py:116: UserWarning: Kernel matrix singular, falling back to pseudoinverse
  warnings.warn(
/usr/local/usrapps/ddomlab/sdehgha2/env12/lib/python3.12/site-packages/graphdot/model/gaussian_process/base.py:116: UserWarning: Kernel matrix singular, falling back to pseudoinverse
  warnings.warn(
/usr/local/usrapps/ddomlab/sdehgha2/env12/lib/python3.12/site-packages/scipy/stats/_distn_infrastructure.py:2159: RuntimeWarning: divide by zero encountered in divide
  x = np.asarray((x - loc)/scale, dtype=dtyp)
/gpfs_common/share03/ddomlab/sdehgha2/working_space/GP_collab/code_python/training/utils_uncertainty_calibration.py:88: RuntimeWarning: divide by zero encountered in divide
  standardized_error  = np.abs((y_pred - y_true) / y_std)
/usr/local/usrapps/ddomlab/sdehgha2/env12/lib/python3.12/site-packages/graphdot/model/gaussian_process/base.py:116: UserWarning: Kernel matrix singular, falling back to pseudoinverse
  warnings.warn(
/usr/local/usrapps/ddomlab/sdehgha2/env12/lib/python3.12/site-packages/graphdot/model/gaussian_process/base.py:116: UserWarning: Kernel matrix singular, falling back to pseudoinverse
  warnings.warn(
/usr/local/usrapps/ddomlab/sdehgha2/env12/lib/python3.12/site-packages/graphdot/model/gaussian_process/base.py:116: UserWarning: Kernel matrix singular, falling back to pseudoinverse
  warnings.warn(
/usr/local/usrapps/ddomlab/sdehgha2/env12/lib/python3.12/site-packages/graphdot/model/gaussian_process/base.py:116: UserWarning: Kernel matrix singular, falling back to pseudoinverse
  warnings.warn(
/usr/local/usrapps/ddomlab/sdehgha2/env12/lib/python3.12/site-packages/scipy/stats/_distn_infrastructure.py:2159: RuntimeWarning: divide by zero encountered in divide
  x = np.asarray((x - loc)/scale, dtype=dtyp)
/gpfs_common/share03/ddomlab/sdehgha2/working_space/GP_collab/code_python/training/utils_uncertainty_calibration.py:88: RuntimeWarning: divide by zero encountered in divide
  standardized_error  = np.abs((y_pred - y_true) / y_std)
/usr/local/usrapps/ddomlab/sdehgha2/env12/lib/python3.12/site-packages/graphdot/model/gaussian_process/base.py:116: UserWarning: Kernel matrix singular, falling back to pseudoinverse
  warnings.warn(
/usr/local/usrapps/ddomlab/sdehgha2/env12/lib/python3.12/site-packages/graphdot/model/gaussian_process/base.py:116: UserWarning: Kernel matrix singular, falling back to pseudoinverse
  warnings.warn(
/usr/local/usrapps/ddomlab/sdehgha2/env12/lib/python3.12/site-packages/scipy/stats/_distn_infrastructure.py:2159: RuntimeWarning: divide by zero encountered in divide
  x = np.asarray((x - loc)/scale, dtype=dtyp)
/gpfs_common/share03/ddomlab/sdehgha2/working_space/GP_collab/code_python/training/utils_uncertainty_calibration.py:88: RuntimeWarning: divide by zero encountered in divide
  standardized_error  = np.abs((y_pred - y_true) / y_std)
/usr/local/usrapps/ddomlab/sdehgha2/env12/lib/python3.12/site-packages/graphdot/model/gaussian_process/base.py:116: UserWarning: Kernel matrix singular, falling back to pseudoinverse
  warnings.warn(
/usr/local/usrapps/ddomlab/sdehgha2/env12/lib/python3.12/site-packages/graphdot/model/gaussian_process/base.py:116: UserWarning: Kernel matrix singular, falling back to pseudoinverse
  warnings.warn(
/usr/local/usrapps/ddomlab/sdehgha2/env12/lib/python3.12/site-packages/scipy/stats/_distn_infrastructure.py:2159: RuntimeWarning: divide by zero encountered in divide
  x = np.asarray((x - loc)/scale, dtype=dtyp)
/gpfs_common/share03/ddomlab/sdehgha2/working_space/GP_collab/code_python/training/utils_uncertainty_calibration.py:88: RuntimeWarning: divide by zero encountered in divide
  standardized_error  = np.abs((y_pred - y_true) / y_std)
/usr/local/usrapps/ddomlab/sdehgha2/env12/lib/python3.12/site-packages/graphdot/model/gaussian_process/base.py:116: UserWarning: Kernel matrix singular, falling back to pseudoinverse
  warnings.warn(
/usr/local/usrapps/ddomlab/sdehgha2/env12/lib/python3.12/site-packages/graphdot/model/gaussian_process/base.py:116: UserWarning: Kernel matrix singular, falling back to pseudoinverse
  warnings.warn(
/usr/local/usrapps/ddomlab/sdehgha2/env12/lib/python3.12/site-packages/scipy/stats/_distn_infrastructure.py:2159: RuntimeWarning: divide by zero encountered in divide
  x = np.asarray((x - loc)/scale, dtype=dtyp)
/gpfs_common/share03/ddomlab/sdehgha2/working_space/GP_collab/code_python/training/utils_uncertainty_calibration.py:88: RuntimeWarning: divide by zero encountered in divide
  standardized_error  = np.abs((y_pred - y_true) / y_std)
/usr/local/usrapps/ddomlab/sdehgha2/env12/lib/python3.12/site-packages/graphdot/model/gaussian_process/base.py:116: UserWarning: Kernel matrix singular, falling back to pseudoinverse
  warnings.warn(
/usr/local/usrapps/ddomlab/sdehgha2/env12/lib/python3.12/site-packages/graphdot/model/gaussian_process/base.py:116: UserWarning: Kernel matrix singular, falling back to pseudoinverse
  warnings.warn(
[Parallel(n_jobs=8)]: Using backend LokyBackend with 8 concurrent workers.
[Parallel(n_jobs=8)]: Done  34 tasks      | elapsed:   12.1s
[Parallel(n_jobs=8)]: Done 318 out of 318 | elapsed:   12.2s finished
[Parallel(n_jobs=4)]: Using backend LokyBackend with 4 concurrent workers.
[Parallel(n_jobs=4)]: Done  11 out of  11 | elapsed:    0.9s finished
/usr/local/usrapps/ddomlab/sdehgha2/env12/lib/python3.12/site-packages/graphdot/model/gaussian_process/base.py:116: UserWarning: Kernel matrix singular, falling back to pseudoinverse
  warnings.warn(
/usr/local/usrapps/ddomlab/sdehgha2/env12/lib/python3.12/site-packages/graphdot/model/gaussian_process/base.py:116: UserWarning: Kernel matrix singular, falling back to pseudoinverse
  warnings.warn(
/usr/local/usrapps/ddomlab/sdehgha2/env12/lib/python3.12/site-packages/scipy/stats/_distn_infrastructure.py:2159: RuntimeWarning: divide by zero encountered in divide
  x = np.asarray((x - loc)/scale, dtype=dtyp)
/gpfs_common/share03/ddomlab/sdehgha2/working_space/GP_collab/code_python/training/utils_uncertainty_calibration.py:88: RuntimeWarning: divide by zero encountered in divide
  standardized_error  = np.abs((y_pred - y_true) / y_std)
/usr/local/usrapps/ddomlab/sdehgha2/env12/lib/python3.12/site-packages/graphdot/model/gaussian_process/base.py:116: UserWarning: Kernel matrix singular, falling back to pseudoinverse
  warnings.warn(
/usr/local/usrapps/ddomlab/sdehgha2/env12/lib/python3.12/site-packages/graphdot/model/gaussian_process/base.py:116: UserWarning: Kernel matrix singular, falling back to pseudoinverse
  warnings.warn(
/usr/local/usrapps/ddomlab/sdehgha2/env12/lib/python3.12/site-packages/scipy/stats/_distn_infrastructure.py:2159: RuntimeWarning: divide by zero encountered in divide
  x = np.asarray((x - loc)/scale, dtype=dtyp)
/gpfs_common/share03/ddomlab/sdehgha2/working_space/GP_collab/code_python/training/utils_uncertainty_calibration.py:88: RuntimeWarning: divide by zero encountered in divide
  standardized_error  = np.abs((y_pred - y_true) / y_std)
/usr/local/usrapps/ddomlab/sdehgha2/env12/lib/python3.12/site-packages/graphdot/model/gaussian_process/base.py:116: UserWarning: Kernel matrix singular, falling back to pseudoinverse
  warnings.warn(
/usr/local/usrapps/ddomlab/sdehgha2/env12/lib/python3.12/site-packages/graphdot/model/gaussian_process/base.py:116: UserWarning: Kernel matrix singular, falling back to pseudoinverse
  warnings.warn(
/usr/local/usrapps/ddomlab/sdehgha2/env12/lib/python3.12/site-packages/scipy/stats/_distn_infrastructure.py:2159: RuntimeWarning: divide by zero encountered in divide
  x = np.asarray((x - loc)/scale, dtype=dtyp)
/gpfs_common/share03/ddomlab/sdehgha2/working_space/GP_collab/code_python/training/utils_uncertainty_calibration.py:88: RuntimeWarning: divide by zero encountered in divide
  standardized_error  = np.abs((y_pred - y_true) / y_std)
/usr/local/usrapps/ddomlab/sdehgha2/env12/lib/python3.12/site-packages/graphdot/model/gaussian_process/base.py:116: UserWarning: Kernel matrix singular, falling back to pseudoinverse
  warnings.warn(
/usr/local/usrapps/ddomlab/sdehgha2/env12/lib/python3.12/site-packages/graphdot/model/gaussian_process/base.py:116: UserWarning: Kernel matrix singular, falling back to pseudoinverse
  warnings.warn(
/usr/local/usrapps/ddomlab/sdehgha2/env12/lib/python3.12/site-packages/scipy/stats/_distn_infrastructure.py:2159: RuntimeWarning: divide by zero encountered in divide
  x = np.asarray((x - loc)/scale, dtype=dtyp)
/gpfs_common/share03/ddomlab/sdehgha2/working_space/GP_collab/code_python/training/utils_uncertainty_calibration.py:88: RuntimeWarning: divide by zero encountered in divide
  standardized_error  = np.abs((y_pred - y_true) / y_std)
/usr/local/usrapps/ddomlab/sdehgha2/env12/lib/python3.12/site-packages/graphdot/model/gaussian_process/base.py:116: UserWarning: Kernel matrix singular, falling back to pseudoinverse
  warnings.warn(
/usr/local/usrapps/ddomlab/sdehgha2/env12/lib/python3.12/site-packages/graphdot/model/gaussian_process/base.py:116: UserWarning: Kernel matrix singular, falling back to pseudoinverse
  warnings.warn(
/usr/local/usrapps/ddomlab/sdehgha2/env12/lib/python3.12/site-packages/graphdot/model/gaussian_process/base.py:116: UserWarning: Kernel matrix singular, falling back to pseudoinverse
  warnings.warn(
/usr/local/usrapps/ddomlab/sdehgha2/env12/lib/python3.12/site-packages/graphdot/model/gaussian_process/base.py:116: UserWarning: Kernel matrix singular, falling back to pseudoinverse
  warnings.warn(
/usr/local/usrapps/ddomlab/sdehgha2/env12/lib/python3.12/site-packages/scipy/stats/_distn_infrastructure.py:2159: RuntimeWarning: divide by zero encountered in divide
  x = np.asarray((x - loc)/scale, dtype=dtyp)
/gpfs_common/share03/ddomlab/sdehgha2/working_space/GP_collab/code_python/training/utils_uncertainty_calibration.py:88: RuntimeWarning: divide by zero encountered in divide
  standardized_error  = np.abs((y_pred - y_true) / y_std)
/usr/local/usrapps/ddomlab/sdehgha2/env12/lib/python3.12/site-packages/graphdot/model/gaussian_process/base.py:116: UserWarning: Kernel matrix singular, falling back to pseudoinverse
  warnings.warn(
/usr/local/usrapps/ddomlab/sdehgha2/env12/lib/python3.12/site-packages/graphdot/model/gaussian_process/base.py:116: UserWarning: Kernel matrix singular, falling back to pseudoinverse
  warnings.warn(
/usr/local/usrapps/ddomlab/sdehgha2/env12/lib/python3.12/site-packages/scipy/stats/_distn_infrastructure.py:2159: RuntimeWarning: divide by zero encountered in divide
  x = np.asarray((x - loc)/scale, dtype=dtyp)
/gpfs_common/share03/ddomlab/sdehgha2/working_space/GP_collab/code_python/training/utils_uncertainty_calibration.py:88: RuntimeWarning: divide by zero encountered in divide
  standardized_error  = np.abs((y_pred - y_true) / y_std)
/usr/local/usrapps/ddomlab/sdehgha2/env12/lib/python3.12/site-packages/graphdot/model/gaussian_process/base.py:116: UserWarning: Kernel matrix singular, falling back to pseudoinverse
  warnings.warn(
/usr/local/usrapps/ddomlab/sdehgha2/env12/lib/python3.12/site-packages/graphdot/model/gaussian_process/base.py:116: UserWarning: Kernel matrix singular, falling back to pseudoinverse
  warnings.warn(
/usr/local/usrapps/ddomlab/sdehgha2/env12/lib/python3.12/site-packages/scipy/stats/_distn_infrastructure.py:2159: RuntimeWarning: divide by zero encountered in divide
  x = np.asarray((x - loc)/scale, dtype=dtyp)
/gpfs_common/share03/ddomlab/sdehgha2/working_space/GP_collab/code_python/training/utils_uncertainty_calibration.py:88: RuntimeWarning: divide by zero encountered in divide
  standardized_error  = np.abs((y_pred - y_true) / y_std)
/usr/local/usrapps/ddomlab/sdehgha2/env12/lib/python3.12/site-packages/graphdot/model/gaussian_process/base.py:116: UserWarning: Kernel matrix singular, falling back to pseudoinverse
  warnings.warn(
/usr/local/usrapps/ddomlab/sdehgha2/env12/lib/python3.12/site-packages/graphdot/model/gaussian_process/base.py:116: UserWarning: Kernel matrix singular, falling back to pseudoinverse
  warnings.warn(
/usr/local/usrapps/ddomlab/sdehgha2/env12/lib/python3.12/site-packages/graphdot/model/gaussian_process/base.py:116: UserWarning: Kernel matrix singular, falling back to pseudoinverse
  warnings.warn(
/usr/local/usrapps/ddomlab/sdehgha2/env12/lib/python3.12/site-packages/graphdot/model/gaussian_process/base.py:116: UserWarning: Kernel matrix singular, falling back to pseudoinverse
  warnings.warn(
/usr/local/usrapps/ddomlab/sdehgha2/env12/lib/python3.12/site-packages/graphdot/model/gaussian_process/base.py:116: UserWarning: Kernel matrix singular, falling back to pseudoinverse
  warnings.warn(
/usr/local/usrapps/ddomlab/sdehgha2/env12/lib/python3.12/site-packages/graphdot/model/gaussian_process/base.py:116: UserWarning: Kernel matrix singular, falling back to pseudoinverse
  warnings.warn(
/usr/local/usrapps/ddomlab/sdehgha2/env12/lib/python3.12/site-packages/graphdot/model/gaussian_process/base.py:116: UserWarning: Kernel matrix singular, falling back to pseudoinverse
  warnings.warn(
