MGK regressor, only scaling numerical features
Running seed: 6
Running seed: 13
Running seed: 42
Average scores:	 rmse: 123.36±53.19	 r2: 0.21±0.88
Filename: (MG-COUNT)_(MGK_Graph-RBF_(count:+)x(graph:+))_hypOFF_Standard_Standard_GPU
MGK regressor, only scaling numerical features
Running seed: 6
Running seed: 13
Running seed: 42
Average scores:	 rmse: 13.28±8.44	 r2: -0.04±1.99
Filename: (MG-COUNT)_(MGK_Graph-RBF_(count:+)x(graph:+))_hypOFF_Standard_Standard_GPU
MGK regressor, only scaling numerical features
Running seed: 6
Running seed: 13
Running seed: 42
Average scores:	 rmse: 17.98±17.37	 r2: -0.72±4.08
Filename: (MG-COUNT)_(MGK_Graph-RBF_(count:+)x(graph:+))_hypOFF_Standard_Standard_GPU
MGK regressor, only scaling numerical features
Running seed: 6
Running seed: 13
Running seed: 42
Average scores:	 rmse: 18.31±13.22	 r2: -1.8±4.54
Filename: (MG-COUNT)_(MGK_Graph-RBF_(count:+)x(graph:+))_hypOFF_Standard_Standard_GPU
MGK regressor, only scaling numerical features
Running seed: 6
Running seed: 13
Running seed: 42
Average scores:	 rmse: 16.81±8.92	 r2: 0.06±1.01
Filename: (MG-COUNT)_(MGK_Graph-RBF_(count:+)x(graph:+))_hypOFF_Standard_Standard_GPU
