Data filtering and preprocessing took 0.03 seconds.
Running seed: 6
Running seed: 13
Running seed: 42
Average scores:	 rmse: 80.58±12.41	 r2: 0.73±0.07
Filename: (ECFP3_count_512-COUNT)_(GpyroHMC_Matern32-RBF_averageProduct)_hypOFF_Standard_Standard_GPU
Data filtering and preprocessing took 0.02 seconds.
Running seed: 6
Running seed: 13
Running seed: 42
Average scores:	 rmse: 8.68±1.39	 r2: 0.71±0.1
Filename: (ECFP3_count_512-COUNT)_(GpyroHMC_Matern32-RBF_averageProduct)_hypOFF_Standard_Standard_GPU
Data filtering and preprocessing took 0.02 seconds.
Running seed: 6
Running seed: 13
Running seed: 42
Average scores:	 rmse: 10.18±1.1	 r2: 0.71±0.07
Filename: (ECFP3_count_512-COUNT)_(GpyroHMC_Matern32-RBF_averageProduct)_hypOFF_Standard_Standard_GPU
Data filtering and preprocessing took 0.02 seconds.
Running seed: 6
Running seed: 13
Running seed: 42
Average scores:	 rmse: 9.1±1.25	 r2: 0.49±0.1
Filename: (ECFP3_count_512-COUNT)_(GpyroHMC_Matern32-RBF_averageProduct)_hypOFF_Standard_Standard_GPU
Data filtering and preprocessing took 0.02 seconds.
Running seed: 6
Running seed: 13
Running seed: 42
Average scores:	 rmse: 10.59±1.45	 r2: 0.7±0.08
Filename: (ECFP3_count_512-COUNT)_(GpyroHMC_Matern32-RBF_averageProduct)_hypOFF_Standard_Standard_GPU
Data filtering and preprocessing took 0.02 seconds.
Running seed: 6
Running seed: 13
Running seed: 42
Average scores:	 rmse: 9.1±1.25	 r2: 0.49±0.1
Filename: (ECFP3_count_512-COUNT)_(GpyroHMC_Matern32-RBF_averageProduct)_hypOFF_Standard_Standard_GPU

------------------------------------------------------------
Sender: LSF System <lsfadmin@gpu15>
Subject: Job 36967: <structure_numerical_20260824_GpyroHMC> in cluster <Hazel> Done

Job <structure_numerical_20260824_GpyroHMC> was submitted from host <login01.hpc.ncsu.edu> by user <sdehgha2> in cluster <Hazel> at Mon Aug 24 02:04:17 2026
Job was executed on host(s) <gpu15>, in queue <gpu>, as user <sdehgha2> in cluster <Hazel> at Mon Aug 24 07:26:21 2026
</home/sdehgha2> was used as the home directory.
</share/ddomlab/sdehgha2/working_space/GP_collab/code_python/training/hpc_submit_training_GP> was used as the working directory.
Started at Mon Aug 24 07:26:21 2026
Terminated at Mon Aug 24 13:42:51 2026
Results reported at Mon Aug 24 13:42:51 2026

Your job looked like:

------------------------------------------------------------
# LSBATCH: User input


#BSUB -n 1
#BSUB -W 30:30
#BSUB -q gpu
#BSUB -gpu "num=1:mode=shared:mps=no"
#BSUB -R "rusage[mem=8GB]"
#BSUB -R "select[a10 || a30 || a100 || l40 || h100]"
#BSUB -J "structure_numerical_20260824_GpyroHMC"
#BSUB -o "/share/ddomlab/sdehgha2/working_space/GP_collab/results/HPC_history/hpc_20260824/Understanding and Designing a High-Performance Ultrafiltration Membrane Using Machine Learning/GpyroHMC_Matern32_RBF_averageProduct_GPU.out"
#BSUB -e "/share/ddomlab/sdehgha2/working_space/GP_collab/results/HPC_history/hpc_20260824/Understanding and Designing a High-Performance Ultrafiltration Membrane Using Machine Learning/GpyroHMC_Matern32_RBF_averageProduct_GPU.err"

source ~/.bashrc
module load cuda/12.1
module load gcc/9.3.0
conda activate /usr/local/usrapps/ddomlab/sdehgha2/env12

python ../train_structure_numerical.py  --K_fp Matern32                                         --K_count RBF                                         --Kernel_mixing_method "averageProduct"                                         --paper "Understanding and Designing a High-Performance Ultrafiltration Membrane Using Machine Learning"                                         --dataset "cleaned_dataset_Ultrafiltration Membrane_imputed"                                         --regressor_type "GpyroHMC" 


------------------------------------------------------------

Successfully completed.

Resource usage summary:

    CPU time :                                   22491.90 sec.
    Max Memory :                                 14 GB
    Average Memory :                             7.17 GB
    Total Requested Memory :                     8.00 GB
    Delta Memory :                               -6.00 GB
    Max Swap :                                   -
    Max Processes :                              5
    Max Threads :                                10
    Run time :                                   22615 sec.
    Turnaround time :                            41914 sec.

The output (if any) is above this job summary.



PS:

Read file </share/ddomlab/sdehgha2/working_space/GP_collab/results/HPC_history/hpc_20260824/Understanding and Designing a High-Performance Ultrafiltration Membrane Using Machine Learning/GpyroHMC_Matern32_RBF_averageProduct_GPU.err> for stderr output of this job.

