Data filtering and preprocessing took 0.04 seconds.
Running seed: 6

------------------------------------------------------------
Sender: LSF System <lsfadmin@gpu16>
Subject: Job 36981: <structure_numerical_20260824_GpyroHMC> in cluster <Hazel> Exited

Job <structure_numerical_20260824_GpyroHMC> was submitted from host <login01.hpc.ncsu.edu> by user <sdehgha2> in cluster <Hazel> at Mon Aug 24 02:04:22 2026
Job was executed on host(s) <gpu16>, in queue <gpu>, as user <sdehgha2> in cluster <Hazel> at Mon Aug 24 11:14:24 2026
</home/sdehgha2> was used as the home directory.
</share/ddomlab/sdehgha2/working_space/GP_collab/code_python/training/hpc_submit_training_GP> was used as the working directory.
Started at Mon Aug 24 11:14:24 2026
Terminated at Mon Aug 24 11:15:06 2026
Results reported at Mon Aug 24 11:15:06 2026

Your job looked like:

------------------------------------------------------------
# LSBATCH: User input


#BSUB -n 1
#BSUB -W 30:30
#BSUB -q gpu
#BSUB -gpu "num=1:mode=shared:mps=no"
#BSUB -R "rusage[mem=8GB]"
#BSUB -R "select[a10 || a30 || a100 || l40 || h100]"
#BSUB -J "structure_numerical_20260824_GpyroHMC"
#BSUB -o "/share/ddomlab/sdehgha2/working_space/GP_collab/results/HPC_history/hpc_20260824/Understanding and Designing a High-Performance Ultrafiltration Membrane Using Machine Learning/GpyroHMC_TanimotoMatern32_Matern52_(count:+)x(fp:x)_GPU.out"
#BSUB -e "/share/ddomlab/sdehgha2/working_space/GP_collab/results/HPC_history/hpc_20260824/Understanding and Designing a High-Performance Ultrafiltration Membrane Using Machine Learning/GpyroHMC_TanimotoMatern32_Matern52_(count:+)x(fp:x)_GPU.err"

source ~/.bashrc
module load cuda/12.1
module load gcc/9.3.0
conda activate /usr/local/usrapps/ddomlab/sdehgha2/env12

python ../train_structure_numerical.py  --K_fp TanimotoMatern32                                         --K_count Matern52                                         --Kernel_mixing_method "(count:+)x(fp:x)"                                         --paper "Understanding and Designing a High-Performance Ultrafiltration Membrane Using Machine Learning"                                         --dataset "cleaned_dataset_Ultrafiltration Membrane_imputed"                                         --regressor_type "GpyroHMC" 


------------------------------------------------------------

Exited with exit code 1.

Resource usage summary:

    CPU time :                                   17.90 sec.
    Max Memory :                                 -
    Average Memory :                             -
    Total Requested Memory :                     8.00 GB
    Delta Memory :                               -
    Max Swap :                                   -
    Max Processes :                              5
    Max Threads :                                6
    Run time :                                   42 sec.
    Turnaround time :                            33044 sec.

The output (if any) is above this job summary.



PS:

Read file </share/ddomlab/sdehgha2/working_space/GP_collab/results/HPC_history/hpc_20260824/Understanding and Designing a High-Performance Ultrafiltration Membrane Using Machine Learning/GpyroHMC_TanimotoMatern32_Matern52_(count:+)x(fp:x)_GPU.err> for stderr output of this job.

