Data filtering and preprocessing took 0.03 seconds.
Running seed: 6
Running seed: 13
Running seed: 42
Average scores:	 rmse: 80.28±12.15	 r2: 0.74±0.07
Filename: (ECFP3_count_512-COUNT)_(GpyroHMC_Matern32-Matern52_(count:+)x(fp:x))_hypOFF_Standard_Standard_GPU
Data filtering and preprocessing took 0.02 seconds.
Running seed: 6
Running seed: 13
Running seed: 42
Average scores:	 rmse: 8.3±1.27	 r2: 0.73±0.1
Filename: (ECFP3_count_512-COUNT)_(GpyroHMC_Matern32-Matern52_(count:+)x(fp:x))_hypOFF_Standard_Standard_GPU
Data filtering and preprocessing took 0.02 seconds.
Running seed: 6
Running seed: 13
Running seed: 42
Average scores:	 rmse: 10.06±1.1	 r2: 0.72±0.07
Filename: (ECFP3_count_512-COUNT)_(GpyroHMC_Matern32-Matern52_(count:+)x(fp:x))_hypOFF_Standard_Standard_GPU
Data filtering and preprocessing took 0.02 seconds.
Running seed: 6
Running seed: 13
Running seed: 42
Average scores:	 rmse: 9.0±1.25	 r2: 0.5±0.1
Filename: (ECFP3_count_512-COUNT)_(GpyroHMC_Matern32-Matern52_(count:+)x(fp:x))_hypOFF_Standard_Standard_GPU
Data filtering and preprocessing took 0.02 seconds.
Running seed: 6
Running seed: 13
Running seed: 42
Average scores:	 rmse: 10.51±1.4	 r2: 0.7±0.08
Filename: (ECFP3_count_512-COUNT)_(GpyroHMC_Matern32-Matern52_(count:+)x(fp:x))_hypOFF_Standard_Standard_GPU
Data filtering and preprocessing took 0.02 seconds.
Running seed: 6
Running seed: 13
Running seed: 42
Average scores:	 rmse: 9.0±1.25	 r2: 0.5±0.1
Filename: (ECFP3_count_512-COUNT)_(GpyroHMC_Matern32-Matern52_(count:+)x(fp:x))_hypOFF_Standard_Standard_GPU

------------------------------------------------------------
Sender: LSF System <lsfadmin@gpu16>
Subject: Job 36987: <structure_numerical_20260824_GpyroHMC> in cluster <Hazel> Done

Job <structure_numerical_20260824_GpyroHMC> was submitted from host <login01.hpc.ncsu.edu> by user <sdehgha2> in cluster <Hazel> at Mon Aug 24 02:04:24 2026
Job was executed on host(s) <gpu16>, in queue <gpu>, as user <sdehgha2> in cluster <Hazel> at Mon Aug 24 11:16:33 2026
</home/sdehgha2> was used as the home directory.
</share/ddomlab/sdehgha2/working_space/GP_collab/code_python/training/hpc_submit_training_GP> was used as the working directory.
Started at Mon Aug 24 11:16:33 2026
Terminated at Mon Aug 24 14:32:50 2026
Results reported at Mon Aug 24 14:32:50 2026

Your job looked like:

------------------------------------------------------------
# LSBATCH: User input


#BSUB -n 1
#BSUB -W 30:30
#BSUB -q gpu
#BSUB -gpu "num=1:mode=shared:mps=no"
#BSUB -R "rusage[mem=8GB]"
#BSUB -R "select[a10 || a30 || a100 || l40 || h100]"
#BSUB -J "structure_numerical_20260824_GpyroHMC"
#BSUB -o "/share/ddomlab/sdehgha2/working_space/GP_collab/results/HPC_history/hpc_20260824/Understanding and Designing a High-Performance Ultrafiltration Membrane Using Machine Learning/GpyroHMC_Matern32_Matern52_(count:+)x(fp:x)_GPU.out"
#BSUB -e "/share/ddomlab/sdehgha2/working_space/GP_collab/results/HPC_history/hpc_20260824/Understanding and Designing a High-Performance Ultrafiltration Membrane Using Machine Learning/GpyroHMC_Matern32_Matern52_(count:+)x(fp:x)_GPU.err"

source ~/.bashrc
module load cuda/12.1
module load gcc/9.3.0
conda activate /usr/local/usrapps/ddomlab/sdehgha2/env12

python ../train_structure_numerical.py  --K_fp Matern32                                         --K_count Matern52                                         --Kernel_mixing_method "(count:+)x(fp:x)"                                         --paper "Understanding and Designing a High-Performance Ultrafiltration Membrane Using Machine Learning"                                         --dataset "cleaned_dataset_Ultrafiltration Membrane_imputed"                                         --regressor_type "GpyroHMC" 


------------------------------------------------------------

Successfully completed.

Resource usage summary:

    CPU time :                                   11705.45 sec.
    Max Memory :                                 15 GB
    Average Memory :                             7.24 GB
    Total Requested Memory :                     8.00 GB
    Delta Memory :                               -7.00 GB
    Max Swap :                                   -
    Max Processes :                              5
    Max Threads :                                10
    Run time :                                   11775 sec.
    Turnaround time :                            44906 sec.

The output (if any) is above this job summary.



PS:

Read file </share/ddomlab/sdehgha2/working_space/GP_collab/results/HPC_history/hpc_20260824/Understanding and Designing a High-Performance Ultrafiltration Membrane Using Machine Learning/GpyroHMC_Matern32_Matern52_(count:+)x(fp:x)_GPU.err> for stderr output of this job.

