Data filtering and preprocessing took 0.03 seconds.
Running seed: 6
Running seed: 13
Running seed: 42
Average scores:	 rmse: 70.3±10.71	 r2: 0.8±0.05
Filename: (ECFP3_count_512-COUNT)_(GpyroHMC_TanimotoMatern32-Matern32_(count:x)+(fp:x))_hypOFF_Standard_Standard_GPU
Data filtering and preprocessing took 0.03 seconds.
Running seed: 6
Running seed: 13
Running seed: 42
Average scores:	 rmse: 8.87±1.42	 r2: 0.69±0.13
Filename: (ECFP3_count_512-COUNT)_(GpyroHMC_TanimotoMatern32-Matern32_(count:x)+(fp:x))_hypOFF_Standard_Standard_GPU
Data filtering and preprocessing took 0.02 seconds.
Running seed: 6
Running seed: 13
Running seed: 42
Average scores:	 rmse: 10.45±1.48	 r2: 0.69±0.08
Filename: (ECFP3_count_512-COUNT)_(GpyroHMC_TanimotoMatern32-Matern32_(count:x)+(fp:x))_hypOFF_Standard_Standard_GPU
Data filtering and preprocessing took 0.02 seconds.
Running seed: 6
Running seed: 13
Running seed: 42
Average scores:	 rmse: 10.12±1.29	 r2: 0.37±0.09
Filename: (ECFP3_count_512-COUNT)_(GpyroHMC_TanimotoMatern32-Matern32_(count:x)+(fp:x))_hypOFF_Standard_Standard_GPU
Data filtering and preprocessing took 0.02 seconds.
Running seed: 6
Running seed: 13
Running seed: 42
Average scores:	 rmse: 9.58±1.55	 r2: 0.75±0.08
Filename: (ECFP3_count_512-COUNT)_(GpyroHMC_TanimotoMatern32-Matern32_(count:x)+(fp:x))_hypOFF_Standard_Standard_GPU
Data filtering and preprocessing took 0.02 seconds.
Running seed: 6
Running seed: 13
Running seed: 42
Average scores:	 rmse: 10.12±1.29	 r2: 0.37±0.09
Filename: (ECFP3_count_512-COUNT)_(GpyroHMC_TanimotoMatern32-Matern32_(count:x)+(fp:x))_hypOFF_Standard_Standard_GPU

------------------------------------------------------------
Sender: LSF System <lsfadmin@gpu15>
Subject: Job 37022: <structure_numerical_20260824_GpyroHMC> in cluster <Hazel> Done

Job <structure_numerical_20260824_GpyroHMC> was submitted from host <login01.hpc.ncsu.edu> by user <sdehgha2> in cluster <Hazel> at Mon Aug 24 02:04:36 2026
Job was executed on host(s) <gpu15>, in queue <gpu>, as user <sdehgha2> in cluster <Hazel> at Mon Aug 24 17:36:06 2026
</home/sdehgha2> was used as the home directory.
</share/ddomlab/sdehgha2/working_space/GP_collab/code_python/training/hpc_submit_training_GP> was used as the working directory.
Started at Mon Aug 24 17:36:06 2026
Terminated at Mon Aug 24 20:53:57 2026
Results reported at Mon Aug 24 20:53:57 2026

Your job looked like:

------------------------------------------------------------
# LSBATCH: User input


#BSUB -n 1
#BSUB -W 30:30
#BSUB -q gpu
#BSUB -gpu "num=1:mode=shared:mps=no"
#BSUB -R "rusage[mem=8GB]"
#BSUB -R "select[a10 || a30 || a100 || l40 || h100]"
#BSUB -J "structure_numerical_20260824_GpyroHMC"
#BSUB -o "/share/ddomlab/sdehgha2/working_space/GP_collab/results/HPC_history/hpc_20260824/Understanding and Designing a High-Performance Ultrafiltration Membrane Using Machine Learning/GpyroHMC_TanimotoMatern32_Matern32_(count:x)+(fp:x)_GPU.out"
#BSUB -e "/share/ddomlab/sdehgha2/working_space/GP_collab/results/HPC_history/hpc_20260824/Understanding and Designing a High-Performance Ultrafiltration Membrane Using Machine Learning/GpyroHMC_TanimotoMatern32_Matern32_(count:x)+(fp:x)_GPU.err"

source ~/.bashrc
module load cuda/12.1
module load gcc/9.3.0
conda activate /usr/local/usrapps/ddomlab/sdehgha2/env12

python ../train_structure_numerical.py  --K_fp TanimotoMatern32                                         --K_count Matern32                                         --Kernel_mixing_method "(count:x)+(fp:x)"                                         --paper "Understanding and Designing a High-Performance Ultrafiltration Membrane Using Machine Learning"                                         --dataset "cleaned_dataset_Ultrafiltration Membrane_imputed"                                         --regressor_type "GpyroHMC" 


------------------------------------------------------------

Successfully completed.

Resource usage summary:

    CPU time :                                   11796.20 sec.
    Max Memory :                                 14 GB
    Average Memory :                             8.10 GB
    Total Requested Memory :                     8.00 GB
    Delta Memory :                               -6.00 GB
    Max Swap :                                   -
    Max Processes :                              5
    Max Threads :                                10
    Run time :                                   11894 sec.
    Turnaround time :                            67761 sec.

The output (if any) is above this job summary.



PS:

Read file </share/ddomlab/sdehgha2/working_space/GP_collab/results/HPC_history/hpc_20260824/Understanding and Designing a High-Performance Ultrafiltration Membrane Using Machine Learning/GpyroHMC_TanimotoMatern32_Matern32_(count:x)+(fp:x)_GPU.err> for stderr output of this job.

