Data filtering and preprocessing took 0.04 seconds.
Running seed: 6
Running seed: 13
Running seed: 42
Average scores:	 rmse: 79.18±11.91	 r2: 0.74±0.07
Filename: (ECFP3_count_512-COUNT)_(GpyroHMC_Tanimoto-Matern52_(count:+)x(fp:+))_hypOFF_Standard_Standard_GPU
Data filtering and preprocessing took 0.02 seconds.
Running seed: 6
Running seed: 13
Running seed: 42
Average scores:	 rmse: 7.94±1.13	 r2: 0.75±0.09
Filename: (ECFP3_count_512-COUNT)_(GpyroHMC_Tanimoto-Matern52_(count:+)x(fp:+))_hypOFF_Standard_Standard_GPU
Data filtering and preprocessing took 0.02 seconds.
Running seed: 6
Running seed: 13
Running seed: 42
Average scores:	 rmse: 10.15±1.05	 r2: 0.71±0.07
Filename: (ECFP3_count_512-COUNT)_(GpyroHMC_Tanimoto-Matern52_(count:+)x(fp:+))_hypOFF_Standard_Standard_GPU
Data filtering and preprocessing took 0.02 seconds.
Running seed: 6
Running seed: 13
Running seed: 42
Average scores:	 rmse: 8.71±1.21	 r2: 0.53±0.1
Filename: (ECFP3_count_512-COUNT)_(GpyroHMC_Tanimoto-Matern52_(count:+)x(fp:+))_hypOFF_Standard_Standard_GPU
Data filtering and preprocessing took 0.02 seconds.
Running seed: 6
Running seed: 13
Running seed: 42
Average scores:	 rmse: 10.47±1.43	 r2: 0.71±0.08
Filename: (ECFP3_count_512-COUNT)_(GpyroHMC_Tanimoto-Matern52_(count:+)x(fp:+))_hypOFF_Standard_Standard_GPU
Data filtering and preprocessing took 0.02 seconds.
Running seed: 6
Running seed: 13
Running seed: 42
Average scores:	 rmse: 8.71±1.21	 r2: 0.53±0.1
Filename: (ECFP3_count_512-COUNT)_(GpyroHMC_Tanimoto-Matern52_(count:+)x(fp:+))_hypOFF_Standard_Standard_GPU

------------------------------------------------------------
Sender: LSF System <lsfadmin@gpu15>
Subject: Job 36996: <structure_numerical_20260824_GpyroHMC> in cluster <Hazel> Done

Job <structure_numerical_20260824_GpyroHMC> was submitted from host <login01.hpc.ncsu.edu> by user <sdehgha2> in cluster <Hazel> at Mon Aug 24 02:04:27 2026
Job was executed on host(s) <gpu15>, in queue <gpu>, as user <sdehgha2> in cluster <Hazel> at Mon Aug 24 11:32:36 2026
</home/sdehgha2> was used as the home directory.
</share/ddomlab/sdehgha2/working_space/GP_collab/code_python/training/hpc_submit_training_GP> was used as the working directory.
Started at Mon Aug 24 11:32:36 2026
Terminated at Mon Aug 24 16:07:44 2026
Results reported at Mon Aug 24 16:07:44 2026

Your job looked like:

------------------------------------------------------------
# LSBATCH: User input


#BSUB -n 1
#BSUB -W 30:30
#BSUB -q gpu
#BSUB -gpu "num=1:mode=shared:mps=no"
#BSUB -R "rusage[mem=8GB]"
#BSUB -R "select[a10 || a30 || a100 || l40 || h100]"
#BSUB -J "structure_numerical_20260824_GpyroHMC"
#BSUB -o "/share/ddomlab/sdehgha2/working_space/GP_collab/results/HPC_history/hpc_20260824/Understanding and Designing a High-Performance Ultrafiltration Membrane Using Machine Learning/GpyroHMC_Tanimoto_Matern52_(count:+)x(fp:+)_GPU.out"
#BSUB -e "/share/ddomlab/sdehgha2/working_space/GP_collab/results/HPC_history/hpc_20260824/Understanding and Designing a High-Performance Ultrafiltration Membrane Using Machine Learning/GpyroHMC_Tanimoto_Matern52_(count:+)x(fp:+)_GPU.err"

source ~/.bashrc
module load cuda/12.1
module load gcc/9.3.0
conda activate /usr/local/usrapps/ddomlab/sdehgha2/env12

python ../train_structure_numerical.py  --K_fp Tanimoto                                         --K_count Matern52                                         --Kernel_mixing_method "(count:+)x(fp:+)"                                         --paper "Understanding and Designing a High-Performance Ultrafiltration Membrane Using Machine Learning"                                         --dataset "cleaned_dataset_Ultrafiltration Membrane_imputed"                                         --regressor_type "GpyroHMC" 


------------------------------------------------------------

Successfully completed.

Resource usage summary:

    CPU time :                                   16435.59 sec.
    Max Memory :                                 14 GB
    Average Memory :                             7.21 GB
    Total Requested Memory :                     8.00 GB
    Delta Memory :                               -6.00 GB
    Max Swap :                                   -
    Max Processes :                              5
    Max Threads :                                10
    Run time :                                   16524 sec.
    Turnaround time :                            50597 sec.

The output (if any) is above this job summary.



PS:

Read file </share/ddomlab/sdehgha2/working_space/GP_collab/results/HPC_history/hpc_20260824/Understanding and Designing a High-Performance Ultrafiltration Membrane Using Machine Learning/GpyroHMC_Tanimoto_Matern52_(count:+)x(fp:+)_GPU.err> for stderr output of this job.

