Running seed: 6
Running seed: 6
Running seed: 6
Running seed: 13
Running seed: 42
Average scores:	 rmse: 0.2±0.05	 r2: 0.88±0.06
Filename: (ECFP3_count_512-COUNT)_RF_hypOFF_Standard_Standard
Running seed: 13
Running seed: 42
Average scores:	 rmse: 0.19±0.07	 r2: 0.88±0.09
Filename: (ECFP3_count_512-COUNT)_XGBR_hypOFF_Standard_Standard

------------------------------------------------------------
Sender: LSF System <lsfadmin@c046n02>
Subject: Job 291264: <structure_numerical_20260522> in cluster <Hazel> Done

Job <structure_numerical_20260522> was submitted from host <c045n03> by user <sdehgha2> in cluster <Hazel> at Fri May 22 15:10:09 2026
Job was executed on host(s) <6*c046n02>, in queue <debug>, as user <sdehgha2> in cluster <Hazel> at Fri May 22 15:10:11 2026
</home/sdehgha2> was used as the home directory.
</share/ddomlab/sdehgha2/working_space/GP_collab/code_python/training/hpc_submit_training_GP> was used as the working directory.
Started at Fri May 22 15:10:11 2026
Terminated at Fri May 22 15:11:03 2026
Results reported at Fri May 22 15:11:03 2026

Your job looked like:

------------------------------------------------------------
# LSBATCH: User input

#BSUB -n 6
#BSUB -W 6
#BSUB -R span[hosts=1]
#BSUB -R "rusage[mem=32GB]"
#BSUB -J "structure_numerical_20260522"
#BSUB -o "/share/ddomlab/sdehgha2/working_space/GP_collab/results/HPC_history/hpc_20260522/Robust Learning from Literature Data_Model Generalizability and Uncertainty for Predicting Conjugated Polymer Solution Conformation/GPytorchMAP___.out"
#BSUB -e "/share/ddomlab/sdehgha2/working_space/GP_collab/results/HPC_history/hpc_20260522/Robust Learning from Literature Data_Model Generalizability and Uncertainty for Predicting Conjugated Polymer Solution Conformation/GPytorchMAP___.err"

source ~/.bashrc
conda activate /usr/local/usrapps/ddomlab/sdehgha2/env12
python ../train_structure_numerical.py --regressor_type RF                                         --dataset "Rg data with clusters aging imputed"                                         --paper "Robust Learning from Literature Data_Model Generalizability and Uncertainty for Predicting Conjugated Polymer Solution Conformation"



------------------------------------------------------------

Successfully completed.

Resource usage summary:

    CPU time :                                   77.00 sec.
    Max Memory :                                 3 GB
    Average Memory :                             0.75 GB
    Total Requested Memory :                     32.00 GB
    Delta Memory :                               29.00 GB
    Max Swap :                                   -
    Max Processes :                              12
    Max Threads :                                15
    Run time :                                   51 sec.
    Turnaround time :                            54 sec.

The output (if any) is above this job summary.



PS:

Read file </share/ddomlab/sdehgha2/working_space/GP_collab/results/HPC_history/hpc_20260522/Robust Learning from Literature Data_Model Generalizability and Uncertainty for Predicting Conjugated Polymer Solution Conformation/GPytorchMAP___.err> for stderr output of this job.


------------------------------------------------------------
Sender: LSF System <lsfadmin@c043n04>
Subject: Job 291263: <structure_numerical_20260522> in cluster <Hazel> Done

Job <structure_numerical_20260522> was submitted from host <c045n03> by user <sdehgha2> in cluster <Hazel> at Fri May 22 15:10:08 2026
Job was executed on host(s) <6*c043n04>, in queue <debug>, as user <sdehgha2> in cluster <Hazel> at Fri May 22 15:10:11 2026
</home/sdehgha2> was used as the home directory.
</share/ddomlab/sdehgha2/working_space/GP_collab/code_python/training/hpc_submit_training_GP> was used as the working directory.
Started at Fri May 22 15:10:11 2026
Terminated at Fri May 22 15:11:03 2026
Results reported at Fri May 22 15:11:03 2026

Your job looked like:

------------------------------------------------------------
# LSBATCH: User input

#BSUB -n 6
#BSUB -W 6
#BSUB -R span[hosts=1]
#BSUB -R "rusage[mem=32GB]"
#BSUB -J "structure_numerical_20260522"
#BSUB -o "/share/ddomlab/sdehgha2/working_space/GP_collab/results/HPC_history/hpc_20260522/Robust Learning from Literature Data_Model Generalizability and Uncertainty for Predicting Conjugated Polymer Solution Conformation/GPytorchMAP___.out"
#BSUB -e "/share/ddomlab/sdehgha2/working_space/GP_collab/results/HPC_history/hpc_20260522/Robust Learning from Literature Data_Model Generalizability and Uncertainty for Predicting Conjugated Polymer Solution Conformation/GPytorchMAP___.err"

source ~/.bashrc
conda activate /usr/local/usrapps/ddomlab/sdehgha2/env12
python ../train_structure_numerical.py --regressor_type XGBR                                         --dataset "Rg data with clusters aging imputed"                                         --paper "Robust Learning from Literature Data_Model Generalizability and Uncertainty for Predicting Conjugated Polymer Solution Conformation"



------------------------------------------------------------

Successfully completed.

Resource usage summary:

    CPU time :                                   60.00 sec.
    Max Memory :                                 3 GB
    Average Memory :                             0.75 GB
    Total Requested Memory :                     32.00 GB
    Delta Memory :                               29.00 GB
    Max Swap :                                   -
    Max Processes :                              12
    Max Threads :                                15
    Run time :                                   64 sec.
    Turnaround time :                            55 sec.

The output (if any) is above this job summary.



PS:

Read file </share/ddomlab/sdehgha2/working_space/GP_collab/results/HPC_history/hpc_20260522/Robust Learning from Literature Data_Model Generalizability and Uncertainty for Predicting Conjugated Polymer Solution Conformation/GPytorchMAP___.err> for stderr output of this job.

Running seed: 13
Running seed: 42
Average scores:	 rmse: 0.2±0.03	 r2: 0.89±0.03
Filename: (ECFP3_count_512-COUNT)_NGB_hypOFF_Standard_Standard

------------------------------------------------------------
Sender: LSF System <lsfadmin@c044n02>
Subject: Job 291265: <structure_numerical_20260522> in cluster <Hazel> Done

Job <structure_numerical_20260522> was submitted from host <c045n03> by user <sdehgha2> in cluster <Hazel> at Fri May 22 15:10:09 2026
Job was executed on host(s) <6*c044n02>, in queue <debug>, as user <sdehgha2> in cluster <Hazel> at Fri May 22 15:10:11 2026
</home/sdehgha2> was used as the home directory.
</share/ddomlab/sdehgha2/working_space/GP_collab/code_python/training/hpc_submit_training_GP> was used as the working directory.
Started at Fri May 22 15:10:11 2026
Terminated at Fri May 22 15:11:29 2026
Results reported at Fri May 22 15:11:29 2026

Your job looked like:

------------------------------------------------------------
# LSBATCH: User input

#BSUB -n 6
#BSUB -W 6
#BSUB -R span[hosts=1]
#BSUB -R "rusage[mem=32GB]"
#BSUB -J "structure_numerical_20260522"
#BSUB -o "/share/ddomlab/sdehgha2/working_space/GP_collab/results/HPC_history/hpc_20260522/Robust Learning from Literature Data_Model Generalizability and Uncertainty for Predicting Conjugated Polymer Solution Conformation/GPytorchMAP___.out"
#BSUB -e "/share/ddomlab/sdehgha2/working_space/GP_collab/results/HPC_history/hpc_20260522/Robust Learning from Literature Data_Model Generalizability and Uncertainty for Predicting Conjugated Polymer Solution Conformation/GPytorchMAP___.err"

source ~/.bashrc
conda activate /usr/local/usrapps/ddomlab/sdehgha2/env12
python ../train_structure_numerical.py --regressor_type NGB                                         --dataset "Rg data with clusters aging imputed"                                         --paper "Robust Learning from Literature Data_Model Generalizability and Uncertainty for Predicting Conjugated Polymer Solution Conformation"



------------------------------------------------------------

Successfully completed.

Resource usage summary:

    CPU time :                                   162.42 sec.
    Max Memory :                                 3 GB
    Average Memory :                             1.20 GB
    Total Requested Memory :                     32.00 GB
    Delta Memory :                               29.00 GB
    Max Swap :                                   -
    Max Processes :                              12
    Max Threads :                                15
    Run time :                                   86 sec.
    Turnaround time :                            80 sec.

The output (if any) is above this job summary.



PS:

Read file </share/ddomlab/sdehgha2/working_space/GP_collab/results/HPC_history/hpc_20260522/Robust Learning from Literature Data_Model Generalizability and Uncertainty for Predicting Conjugated Polymer Solution Conformation/GPytorchMAP___.err> for stderr output of this job.

