Running seed: 6
Running seed: 13
Running seed: 42
Average scores:	 rmse: 2.24±0.14	 r2: 0.47±0.07
Filename: (ECFP3_count_512-COUNT)_(GPytorchMAP_Matern32-Matern32_sum)_hypOFF_Standard_Standard

------------------------------------------------------------
Sender: LSF System <lsfadmin@c038n02>
Subject: Job 257761: <structure_numerical_20260520> in cluster <Hazel> Done

Job <structure_numerical_20260520> was submitted from host <c052n01> by user <sdehgha2> in cluster <Hazel> at Wed May 20 14:57:28 2026
Job was executed on host(s) <6*c038n02>, in queue <short>, as user <sdehgha2> in cluster <Hazel> at Wed May 20 14:57:31 2026
</home/sdehgha2> was used as the home directory.
</share/ddomlab/sdehgha2/working_space/GP_collab/code_python/training/hpc_submit_training_GP> was used as the working directory.
Started at Wed May 20 14:57:31 2026
Terminated at Wed May 20 15:05:50 2026
Results reported at Wed May 20 15:05:50 2026

Your job looked like:

------------------------------------------------------------
# LSBATCH: User input

#BSUB -n 6
#BSUB -W 40
#BSUB -R span[hosts=1]
#BSUB -R "rusage[mem=32GB]"
#BSUB -J "structure_numerical_20260520"
#BSUB -o "/share/ddomlab/sdehgha2/working_space/GP_collab/results/HPC_history/hpc_20260520/Beyond molecular structure_ critically assessing machine learning for designing organic photovoltaic materials and devices/GPytorchMAP_Matern32_Matern32_sum.out"
#BSUB -e "/share/ddomlab/sdehgha2/working_space/GP_collab/results/HPC_history/hpc_20260520/Beyond molecular structure_ critically assessing machine learning for designing organic photovoltaic materials and devices/GPytorchMAP_Matern32_Matern32_sum.err"

source ~/.bashrc
conda activate /usr/local/usrapps/ddomlab/sdehgha2/env12
python ../train_structure_numerical.py --K_fp Matern32                                         --K_count Matern32                                         --Kernel_mixing_method sum                                         --dataset "Beyond molecular structure_seifrid_imputed"                                         --paper "Beyond molecular structure_ critically assessing machine learning for designing organic photovoltaic materials and devices" 


------------------------------------------------------------

Successfully completed.

Resource usage summary:

    CPU time :                                   2265.67 sec.
    Max Memory :                                 1 GB
    Average Memory :                             0.95 GB
    Total Requested Memory :                     32.00 GB
    Delta Memory :                               31.00 GB
    Max Swap :                                   -
    Max Processes :                              4
    Max Threads :                                14
    Run time :                                   527 sec.
    Turnaround time :                            502 sec.

The output (if any) is above this job summary.



PS:

Read file </share/ddomlab/sdehgha2/working_space/GP_collab/results/HPC_history/hpc_20260520/Beyond molecular structure_ critically assessing machine learning for designing organic photovoltaic materials and devices/GPytorchMAP_Matern32_Matern32_sum.err> for stderr output of this job.

