Running seed: 6
Running seed: 13
Running seed: 42
Average scores:	 rmse: 2.19±0.14	 r2: 0.49±0.05
Filename: (ECFP3_count_512-COUNT)_(GPytorchMAP_TanimotoMatern32-RBF_sum)_hypOFF_Standard_Standard

------------------------------------------------------------
Sender: LSF System <lsfadmin@c043n03>
Subject: Job 257748: <structure_numerical_20260520> in cluster <Hazel> Done

Job <structure_numerical_20260520> was submitted from host <c052n01> by user <sdehgha2> in cluster <Hazel> at Wed May 20 14:57:21 2026
Job was executed on host(s) <6*c043n03>, in queue <short>, as user <sdehgha2> in cluster <Hazel> at Wed May 20 14:57:25 2026
</home/sdehgha2> was used as the home directory.
</share/ddomlab/sdehgha2/working_space/GP_collab/code_python/training/hpc_submit_training_GP> was used as the working directory.
Started at Wed May 20 14:57:25 2026
Terminated at Wed May 20 15:12:59 2026
Results reported at Wed May 20 15:12:59 2026

Your job looked like:

------------------------------------------------------------
# LSBATCH: User input

#BSUB -n 6
#BSUB -W 40
#BSUB -R span[hosts=1]
#BSUB -R "rusage[mem=32GB]"
#BSUB -J "structure_numerical_20260520"
#BSUB -o "/share/ddomlab/sdehgha2/working_space/GP_collab/results/HPC_history/hpc_20260520/Beyond molecular structure_ critically assessing machine learning for designing organic photovoltaic materials and devices/GPytorchMAP_TanimotoMatern32_RBF_sum.out"
#BSUB -e "/share/ddomlab/sdehgha2/working_space/GP_collab/results/HPC_history/hpc_20260520/Beyond molecular structure_ critically assessing machine learning for designing organic photovoltaic materials and devices/GPytorchMAP_TanimotoMatern32_RBF_sum.err"

source ~/.bashrc
conda activate /usr/local/usrapps/ddomlab/sdehgha2/env12
python ../train_structure_numerical.py --K_fp TanimotoMatern32                                         --K_count RBF                                         --Kernel_mixing_method sum                                         --dataset "Beyond molecular structure_seifrid_imputed"                                         --paper "Beyond molecular structure_ critically assessing machine learning for designing organic photovoltaic materials and devices" 


------------------------------------------------------------

Successfully completed.

Resource usage summary:

    CPU time :                                   4452.07 sec.
    Max Memory :                                 3 GB
    Average Memory :                             2.09 GB
    Total Requested Memory :                     32.00 GB
    Delta Memory :                               29.00 GB
    Max Swap :                                   -
    Max Processes :                              4
    Max Threads :                                14
    Run time :                                   952 sec.
    Turnaround time :                            938 sec.

The output (if any) is above this job summary.



PS:

Read file </share/ddomlab/sdehgha2/working_space/GP_collab/results/HPC_history/hpc_20260520/Beyond molecular structure_ critically assessing machine learning for designing organic photovoltaic materials and devices/GPytorchMAP_TanimotoMatern32_RBF_sum.err> for stderr output of this job.

