Running seed: 6
Running seed: 13
Running seed: 42
Average scores:	 rmse: 2.05±0.12	 r2: 0.55±0.05
Filename: (ECFP3_count_512-COUNT)_(GpyroHMC_TanimotoMatern32-Matern32_averageProduct)_hypOFF_Standard_Standard_GPU

------------------------------------------------------------
Sender: LSF System <lsfadmin@c018n01>
Subject: Job 349758: <structure_numerical_20260529> in cluster <Hazel> Done

Job <structure_numerical_20260529> was submitted from host <c018n01> by user <sdehgha2> in cluster <Hazel> at Fri May 29 23:13:47 2026
Job was executed on host(s) <6*c018n01>, in queue <single_chassis>, as user <sdehgha2> in cluster <Hazel> at Fri May 29 23:14:46 2026
</home/sdehgha2> was used as the home directory.
</share/ddomlab/sdehgha2/working_space/GP_collab/code_python/training/hpc_submit_training_GP> was used as the working directory.
Started at Fri May 29 23:14:46 2026
Terminated at Sun May 31 01:08:23 2026
Results reported at Sun May 31 01:08:23 2026

Your job looked like:

------------------------------------------------------------
# LSBATCH: User input

#BSUB -n 6
#BSUB -W 40:40
#BSUB -R span[hosts=1]
#BSUB -R "rusage[mem=32GB]"
#BSUB -J "structure_numerical_20260529"
#BSUB -o "/share/ddomlab/sdehgha2/working_space/GP_collab/results/HPC_history/hpc_20260529/Beyond molecular structure_ critically assessing machine learning for designing organic photovoltaic materials and devices/GpyroHMC_TanimotoMatern32_Matern32_averageProduct.out"
#BSUB -e "/share/ddomlab/sdehgha2/working_space/GP_collab/results/HPC_history/hpc_20260529/Beyond molecular structure_ critically assessing machine learning for designing organic photovoltaic materials and devices/GpyroHMC_TanimotoMatern32_Matern32_averageProduct.err"

source ~/.bashrc
conda activate /usr/local/usrapps/ddomlab/sdehgha2/env12
python ../train_structure_numerical.py --K_fp TanimotoMatern32                                         --K_count Matern32                                         --Kernel_mixing_method averageProduct                                         --dataset "Beyond molecular structure_seifrid_imputed"                                         --paper "Beyond molecular structure_ critically assessing machine learning for designing organic photovoltaic materials and devices"                                         --regressor_type "GpyroHMC" 



------------------------------------------------------------

Successfully completed.

Resource usage summary:

    CPU time :                                   92874.95 sec.
    Max Memory :                                 2 GB
    Average Memory :                             1.25 GB
    Total Requested Memory :                     32.00 GB
    Delta Memory :                               30.00 GB
    Max Swap :                                   -
    Max Processes :                              4
    Max Threads :                                6
    Run time :                                   93243 sec.
    Turnaround time :                            93276 sec.

The output (if any) is above this job summary.



PS:

Read file </share/ddomlab/sdehgha2/working_space/GP_collab/results/HPC_history/hpc_20260529/Beyond molecular structure_ critically assessing machine learning for designing organic photovoltaic materials and devices/GpyroHMC_TanimotoMatern32_Matern32_averageProduct.err> for stderr output of this job.

